12-11 10:07:36.306  7834  7834 W WindowManager: 	at android.view.ViewRootImpl.dispatchDetachedFromWindow(ViewRootImpl.java:3290)
12-11 10:07:36.306  7834  7834 W WindowManager: 	at android.view.ViewRootImpl.doDie(ViewRootImpl.java:5923)
12-11 10:07:36.306  7834  7834 W WindowManager: 	at android.view.ViewRootImpl.die(ViewRootImpl.java:5900)
12-11 10:07:36.306  7834  7834 W WindowManager: 	at android.view.WindowManagerGlobal.removeViewLocked(WindowManagerGlobal.java:443)
12-11 10:07:36.306  7834  7834 W WindowManager: 	at android.view.WindowManagerGlobal.removeView(WindowManagerGlobal.java:381)
12-11 10:07:36.306  7834  7834 W WindowManager: 	at android.view.WindowManagerImpl.removeViewImmediate(WindowManagerImpl.java:126)
12-11 10:07:36.306  7834  7834 W WindowManager: 	at android.widget.Toast$TN.handleHide(Toast.java:519)
12-11 10:07:36.306  7834  7834 W WindowManager: 	at android.widget.Toast$TN$2.handleMessage(Toast.java:359)
12-11 10:07:36.306  7834  7834 W WindowManager: 	at android.os.Handler.dispatchMessage(Handler.java:102)
12-11 10:07:36.306  7834  7834 W WindowManager: 	at android.os.Looper.loop(Looper.java:154)
12-11 10:07:36.306  7834  7834 W WindowManager: 	at com.android.server.SystemServer.run(SystemServer.java:388)
12-11 10:07:36.306  7834  7834 W WindowManager: 	at com.android.server.SystemServer.main(SystemServer.java:242)
12-11 10:07:36.306  7834  7834 W WindowManager: 	at java.lang.reflect.Method.invoke(Native Method)
12-11 10:07:36.306  7834  7834 W WindowManager: 	at com.android.internal.os.ZygoteInit$MethodAndArgsCaller.run(ZygoteInit.java:891)
12-11 10:07:36.306  7834  7834 W WindowManager: 	at com.android.internal.os.ZygoteInit.main(ZygoteInit.java:781)
12-11 10:07:36.306  7834  7834 W WindowManager: 	at de.robv.android.xposed.XposedBridge.main(XposedBridge.java:107)
12-11 10:07:36.385  7834  8691 E ActivityThread: Failed to find provider info for github.tornaco.xposedmoduletest.components_replacement_provider
12-11 10:07:36.387  7834  8695 E ActivityThread: Failed to find provider info for github.tornaco.xposedmoduletest.rf_kill_package_provider
12-11 10:07:36.418  7834  8664 E ActivityThread: Failed to find provider info for github.tornaco.xposedmoduletest.config_setting_provider
12-11 10:07:36.423  7834  8683 E ActivityThread: Failed to find provider info for github.tornaco.xposedmoduletest.lock_kill_package_provider
12-11 10:07:36.431  7834  8682 E ActivityThread: Failed to find provider info for github.tornaco.xposedmoduletest.boot_package_provider
12-11 10:07:36.437  7834  8684 E ActivityThread: Failed to find provider info for github.tornaco.xposedmoduletest.auto_start_package_provider
12-11 10:07:36.438  7834  8666 E ActivityThread: Failed to find provider info for github.tornaco.xposedmoduletest.app_guard_package_provider
12-11 10:07:36.609  7834  8665 E ActivityThread: Failed to find provider info for github.tornaco.xposedmoduletest.components_replacement_provider
12-11 10:07:36.611  7834  8685 E ActivityThread: Failed to find provider info for github.tornaco.xposedmoduletest.rf_kill_package_provider
12-11 10:07:36.641  7834  8691 E ActivityThread: Failed to find provider info for github.tornaco.xposedmoduletest.config_setting_provider
12-11 10:07:36.648  7834  8695 E ActivityThread: Failed to find provider info for github.tornaco.xposedmoduletest.lock_kill_package_provider
12-11 10:07:36.655  7834  8683 E ActivityThread: Failed to find provider info for github.tornaco.xposedmoduletest.boot_package_provider
12-11 10:07:36.660  7834  8682 E ActivityThread: Failed to find provider info for github.tornaco.xposedmoduletest.auto_start_package_provider
12-11 10:07:36.661  7834  8664 E ActivityThread: Failed to find provider info for github.tornaco.xposedmoduletest.app_guard_package_provider
12-11 10:07:36.834  7834  8666 E ActivityThread: Failed to find provider info for github.tornaco.xposedmoduletest.components_replacement_provider
12-11 10:07:36.834  7834  8684 E ActivityThread: Failed to find provider info for github.tornaco.xposedmoduletest.rf_kill_package_provider
12-11 10:07:36.864  7834  8665 E ActivityThread: Failed to find provider info for github.tornaco.xposedmoduletest.config_setting_provider
12-11 10:07:36.871  7834  8685 E ActivityThread: Failed to find provider info for github.tornaco.xposedmoduletest.lock_kill_package_provider
12-11 10:07:36.878  7834  8695 E ActivityThread: Failed to find provider info for github.tornaco.xposedmoduletest.boot_package_provider
12-11 10:07:36.883  7834  8683 E ActivityThread: Failed to find provider info for github.tornaco.xposedmoduletest.auto_start_package_provider
12-11 10:07:36.884  7834  8691 E ActivityThread: Failed to find provider info for github.tornaco.xposedmoduletest.app_guard_package_provider
12-11 10:07:37.058  7834  8682 E ActivityThread: Failed to find provider info for github.tornaco.xposedmoduletest.rf_kill_package_provider
12-11 10:07:37.059  7834  8664 E ActivityThread: Failed to find provider info for github.tornaco.xposedmoduletest.components_replacement_provider
12-11 10:07:37.089  7834  8666 E ActivityThread: Failed to find provider info for github.tornaco.xposedmoduletest.config_setting_provider
12-11 10:07:37.095  7834  8684 E ActivityThread: Failed to find provider info for github.tornaco.xposedmoduletest.lock_kill_package_provider
12-11 10:07:37.102  7834  8685 E ActivityThread: Failed to find provider info for github.tornaco.xposedmoduletest.boot_package_provider
12-11 10:07:37.107  7834  8695 E ActivityThread: Failed to find provider info for github.tornaco.xposedmoduletest.auto_start_package_provider
12-11 10:07:37.108  7834  8665 E ActivityThread: Failed to find provider info for github.tornaco.xposedmoduletest.app_guard_package_provider
12-11 10:07:37.286  7834  8691 E ActivityThread: Failed to find provider info for github.tornaco.xposedmoduletest.components_replacement_provider
12-11 10:07:37.286  7834  8683 E ActivityThread: Failed to find provider info for github.tornaco.xposedmoduletest.rf_kill_package_provider
12-11 10:07:37.312  7834  8664 E ActivityThread: Failed to find provider info for github.tornaco.xposedmoduletest.config_setting_provider
12-11 10:07:37.319  7834  8682 E ActivityThread: Failed to find provider info for github.tornaco.xposedmoduletest.lock_kill_package_provider
12-11 10:07:37.326  7834  8684 E ActivityThread: Failed to find provider info for github.tornaco.xposedmoduletest.boot_package_provider
12-11 10:07:37.331  7834  8685 E ActivityThread: Failed to find provider info for github.tornaco.xposedmoduletest.auto_start_package_provider
12-11 10:07:37.331  7834  8666 E ActivityThread: Failed to find provider info for github.tornaco.xposedmoduletest.app_guard_package_provider
12-11 10:07:37.509  7834  8695 E ActivityThread: Failed to find provider info for github.tornaco.xposedmoduletest.rf_kill_package_provider
12-11 10:07:37.510  7834  8665 E ActivityThread: Failed to find provider info for github.tornaco.xposedmoduletest.components_replacement_provider
12-11 10:07:37.536  7834  8691 E ActivityThread: Failed to find provider info for github.tornaco.xposedmoduletest.config_setting_provider
12-11 10:07:37.542  7834  8683 E ActivityThread: Failed to find provider info for github.tornaco.xposedmoduletest.lock_kill_package_provider
12-11 10:07:37.550  7834  8682 E ActivityThread: Failed to find provider info for github.tornaco.xposedmoduletest.boot_package_provider
12-11 10:07:37.554  7834  8684 E ActivityThread: Failed to find provider info for github.tornaco.xposedmoduletest.auto_start_package_provider
12-11 10:07:37.556  7834  8664 E ActivityThread: Failed to find provider info for github.tornaco.xposedmoduletest.app_guard_package_provider
12-11 10:07:37.734  7834  8685 E ActivityThread: Failed to find provider info for github.tornaco.xposedmoduletest.rf_kill_package_provider
12-11 10:07:37.735  7834  8666 E ActivityThread: Failed to find provider info for github.tornaco.xposedmoduletest.components_replacement_provider
12-11 10:07:37.759  7834  8665 E ActivityThread: Failed to find provider info for github.tornaco.xposedmoduletest.config_setting_provider
12-11 10:07:37.765  7834  8695 E ActivityThread: Failed to find provider info for github.tornaco.xposedmoduletest.lock_kill_package_provider
12-11 10:07:37.773  7834  8683 E ActivityThread: Failed to find provider info for github.tornaco.xposedmoduletest.boot_package_provider
12-11 10:07:37.777  7834  8682 E ActivityThread: Failed to find provider info for github.tornaco.xposedmoduletest.auto_start_package_provider
12-11 10:07:37.779  7834  8691 E ActivityThread: Failed to find provider info for github.tornaco.xposedmoduletest.app_guard_package_provider
12-11 10:07:37.960  7834  8664 E ActivityThread: Failed to find provider info for github.tornaco.xposedmoduletest.components_replacement_provider
12-11 10:07:37.961  7834  8684 E ActivityThread: Failed to find provider info for github.tornaco.xposedmoduletest.rf_kill_package_provider
12-11 10:07:37.982  7834  8666 E ActivityThread: Failed to find provider info for github.tornaco.xposedmoduletest.config_setting_provider
12-11 10:07:37.988  7834  8685 E ActivityThread: Failed to find provider info for github.tornaco.xposedmoduletest.lock_kill_package_provider
12-11 10:07:37.996  7834  8695 E ActivityThread: Failed to find provider info for github.tornaco.xposedmoduletest.boot_package_provider
12-11 10:07:37.999  7834  8683 E ActivityThread: Failed to find provider info for github.tornaco.xposedmoduletest.auto_start_package_provider
12-11 10:07:38.002  7834  8665 E ActivityThread: Failed to find provider info for github.tornaco.xposedmoduletest.app_guard_package_provider
12-11 10:07:38.185  7834  8691 E ActivityThread: Failed to find provider info for github.tornaco.xposedmoduletest.components_replacement_provider
12-11 10:07:38.186  7834  8682 E ActivityThread: Failed to find provider info for github.tornaco.xposedmoduletest.rf_kill_package_provider
12-11 10:07:38.206  7834  8664 E ActivityThread: Failed to find provider info for github.tornaco.xposedmoduletest.config_setting_provider
12-11 10:07:38.210  7834  8684 E ActivityThread: Failed to find provider info for github.tornaco.xposedmoduletest.lock_kill_package_provider
12-11 10:07:38.219  7834  8685 E ActivityThread: Failed to find provider info for github.tornaco.xposedmoduletest.boot_package_provider
12-11 10:07:38.222  7834  8695 E ActivityThread: Failed to find provider info for github.tornaco.xposedmoduletest.auto_start_package_provider
12-11 10:07:38.224  7834  8666 E ActivityThread: Failed to find provider info for github.tornaco.xposedmoduletest.app_guard_package_provider
12-11 10:07:38.411  7834  8683 E ActivityThread: Failed to find provider info for github.tornaco.xposedmoduletest.rf_kill_package_provider
12-11 10:07:38.412  7834  8665 E ActivityThread: Failed to find provider info for github.tornaco.xposedmoduletest.components_replacement_provider
12-11 10:07:38.430  7834  8691 E ActivityThread: Failed to find provider info for github.tornaco.xposedmoduletest.config_setting_provider
12-11 10:07:38.434  7834  8682 E ActivityThread: Failed to find provider info for github.tornaco.xposedmoduletest.lock_kill_package_provider
12-11 10:07:38.443  7834  8684 E ActivityThread: Failed to find provider info for github.tornaco.xposedmoduletest.boot_package_provider
12-11 10:07:38.445  7834  8685 E ActivityThread: Failed to find provider info for github.tornaco.xposedmoduletest.auto_start_package_provider
12-11 10:07:38.448  7834  8664 E ActivityThread: Failed to find provider info for github.tornaco.xposedmoduletest.app_guard_package_provider
12-11 10:07:38.636  7834  8695 E ActivityThread: Failed to find provider info for github.tornaco.xposedmoduletest.rf_kill_package_provider
12-11 10:07:38.636  7834  8666 E ActivityThread: Failed to find provider info for github.tornaco.xposedmoduletest.components_replacement_provider
12-11 10:07:38.655  7834  8665 E ActivityThread: Failed to find provider info for github.tornaco.xposedmoduletest.config_setting_provider
12-11 10:07:38.660  7834  8683 E ActivityThread: Failed to find provider info for github.tornaco.xposedmoduletest.lock_kill_package_provider
12-11 10:07:38.667  7834  8682 E ActivityThread: Failed to find provider info for github.tornaco.xposedmoduletest.boot_package_provider
12-11 10:07:38.669  7834  8684 E ActivityThread: Failed to find provider info for github.tornaco.xposedmoduletest.auto_start_package_provider
12-11 10:07:38.671  7834  8691 E ActivityThread: Failed to find provider info for github.tornaco.xposedmoduletest.app_guard_package_provider
12-11 10:07:38.861  7834  8685 E ActivityThread: Failed to find provider info for github.tornaco.xposedmoduletest.rf_kill_package_provider
12-11 10:07:38.861  7834  8664 E ActivityThread: Failed to find provider info for github.tornaco.xposedmoduletest.components_replacement_provider
12-11 10:07:38.878  7834  8666 E ActivityThread: Failed to find provider info for github.tornaco.xposedmoduletest.config_setting_provider
12-11 10:07:38.885  7834  8695 E ActivityThread: Failed to find provider info for github.tornaco.xposedmoduletest.lock_kill_package_provider
12-11 10:07:38.891  7834  8683 E ActivityThread: Failed to find provider info for github.tornaco.xposedmoduletest.boot_package_provider
12-11 10:07:38.892  7834  8682 E ActivityThread: Failed to find provider info for github.tornaco.xposedmoduletest.auto_start_package_provider
12-11 10:07:38.894  7834  8665 E ActivityThread: Failed to find provider info for github.tornaco.xposedmoduletest.app_guard_package_provider
12-11 10:07:39.084  7834  8691 E ActivityThread: Failed to find provider info for github.tornaco.xposedmoduletest.components_replacement_provider
12-11 10:07:39.085  7834  8684 E ActivityThread: Failed to find provider info for github.tornaco.xposedmoduletest.rf_kill_package_provider
12-11 10:07:39.102  7834  8664 E ActivityThread: Failed to find provider info for github.tornaco.xposedmoduletest.config_setting_provider
12-11 10:07:39.109  7834  8685 E ActivityThread: Failed to find provider info for github.tornaco.xposedmoduletest.lock_kill_package_provider
12-11 10:07:39.114  7834  8695 E ActivityThread: Failed to find provider info for github.tornaco.xposedmoduletest.boot_package_provider
12-11 10:07:39.114  7834  8683 E ActivityThread: Failed to find provider info for github.tornaco.xposedmoduletest.auto_start_package_provider
12-11 10:07:39.117  7834  8666 E ActivityThread: Failed to find provider info for github.tornaco.xposedmoduletest.app_guard_package_provider
12-11 10:07:39.309  7834  8682 E ActivityThread: Failed to find provider info for github.tornaco.xposedmoduletest.rf_kill_package_provider
12-11 10:07:39.311  7834  8665 E ActivityThread: Failed to find provider info for github.tornaco.xposedmoduletest.components_replacement_provider
12-11 10:07:39.326  7834  8691 E ActivityThread: Failed to find provider info for github.tornaco.xposedmoduletest.config_setting_provider
12-11 10:07:39.336  7834  8684 E ActivityThread: Failed to find provider info for github.tornaco.xposedmoduletest.lock_kill_package_provider
12-11 10:07:39.338  7834  8685 E ActivityThread: Failed to find provider info for github.tornaco.xposedmoduletest.boot_package_provider
12-11 10:07:39.339  7834  8695 E ActivityThread: Failed to find provider info for github.tornaco.xposedmoduletest.auto_start_package_provider
12-11 10:07:39.340  7834  8664 E ActivityThread: Failed to find provider info for github.tornaco.xposedmoduletest.app_guard_package_provider
12-11 10:07:39.534  7834  8683 E ActivityThread: Failed to find provider info for github.tornaco.xposedmoduletest.rf_kill_package_provider
12-11 10:07:39.537  7834  8666 E ActivityThread: Failed to find provider info for github.tornaco.xposedmoduletest.components_replacement_provider
12-11 10:07:39.550  7834  8665 E ActivityThread: Failed to find provider info for github.tornaco.xposedmoduletest.config_setting_provider
12-11 10:07:39.561  7834  8682 E ActivityThread: Failed to find provider info for github.tornaco.xposedmoduletest.boot_package_provider
12-11 10:07:39.562  7834  8685 E ActivityThread: Failed to find provider info for github.tornaco.xposedmoduletest.lock_kill_package_provider
12-11 10:07:39.563  7834  8684 E ActivityThread: Failed to find provider info for github.tornaco.xposedmoduletest.auto_start_package_provider
12-11 10:07:39.564  7834  8691 E ActivityThread: Failed to find provider info for github.tornaco.xposedmoduletest.app_guard_package_provider
12-11 10:07:39.732  7834  7902 I SystemServiceManager: Starting phase 1000
12-11 10:07:39.744  7834  7956 D LuxLevels: bright hysteresis constant= 0.1, threshold=77.0, lux=70.0
12-11 10:07:39.744  7834  7956 D LuxLevels: dark hysteresis constant= 0.2, threshold=56.0, lux=70.0
12-11 10:07:39.755  7834  8075 E LiveDisplay: Color temperature out of range: 0
12-11 10:07:39.758  7834  8695 E ActivityThread: Failed to find provider info for github.tornaco.xposedmoduletest.rf_kill_package_provider
12-11 10:07:39.761  7834  8664 E ActivityThread: Failed to find provider info for github.tornaco.xposedmoduletest.components_replacement_provider
12-11 10:07:39.772  7834  8666 E ActivityThread: Failed to find provider info for github.tornaco.xposedmoduletest.config_setting_provider
12-11 10:07:39.783  7834  7902 I ActivityManager: Start proc 9112:android.ext.services/u0a11 for on-hold
12-11 10:07:39.786  7834  7902 D ActivityManager: Finishing user boot 0
12-11 10:07:39.788  7834  7902 D CryptdConnector: SND -> {5 cryptfs prepare_user_storage ! 0 0 2}
12-11 10:07:39.789   238   243 D vold    : e4crypt_prepare_user_storage for volume null, user 0, serial 0, flags 2
12-11 10:07:39.789   238   243 D vold    : Preparing: /data/system_ce/0
12-11 10:07:39.790   238   243 D vold    : Preparing: /data/misc_ce/0
12-11 10:07:39.790   238   243 D vold    : Preparing: /data/media/0
12-11 10:07:39.790   238   243 D vold    : Preparing: /data/data
12-11 10:07:39.790  7834  8041 D CryptdConnector: RCV <- {200 5 Command succeeded}
12-11 10:07:39.791  7834  7902 V UserManagerService: Found /data/user/0 with serial number 0
12-11 10:07:39.791  7834  7902 V UserManagerService: Found /data/system_ce/0 with serial number 0
12-11 10:07:39.791  7834  7902 V PackageManager: reconcileAppsData for null u0 0x2
12-11 10:07:40.210  7834  7902 V PackageManager: reconcileAppsData finished 160 packages
12-11 10:07:40.223  7834  8682 I ActivityManager: Start proc 9365:github.tornaco.xposedmoduletest/u0a132 for content provider github.tornaco.xposedmoduletest/.provider.LockKillPackageProvider
12-11 10:07:40.237  7834  8054 D ConnectivityService: Got NetworkFactory Messenger for WIFI
12-11 10:07:40.238  7834  8054 D ConnectivityService: Got NetworkFactory Messenger for WIFI_UT
12-11 10:07:40.240  7834  7874 D BluetoothManagerService: User 0 unlocked
12-11 10:07:40.240  7834  7901 D BluetoothManagerService: MESSAGE_USER_UNLOCKED
12-11 10:07:40.240  7834  7874 D MountService: onUnlockUser 0
12-11 10:07:40.240  7834  7874 D VoldConnector: SND -> {6 volume user_started 0}
12-11 10:07:40.241   238   242 D vold    : Linking /storage/emulated/0 to /mnt/user/0/primary
12-11 10:07:40.241  7834  8040 D VoldConnector: RCV <- {200 6 Command succeeded}
12-11 10:07:40.244  7834  8039 D MountService: Volume emulated broadcasting mounted to UserHandle{0}
12-11 10:07:40.275  7834  7874 V BackupManagerService: No ancestral data
12-11 10:07:40.403  7834  7874 V BackupManagerService: Starting with transport com.google.android.gms/.backup.BackupTransportService
12-11 10:07:40.403  7834  7874 V BackupManagerService: Found transports: 1
12-11 10:07:40.421  7834  9380 V KeyValueBackupJob: Scheduling k/v pass in 248 minutes
12-11 10:07:40.427  7834  7874 I BackupManagerService: Backup enabled => true
12-11 10:07:40.444  7834  7834 V BackupManagerService: Connected to transport ComponentInfo{android/com.android.internal.backup.LocalTransportService}
12-11 10:07:40.445  7834  7834 V BackupManagerService: Registering transport android/com.android.internal.backup.LocalTransportService::android/com.android.internal.backup.LocalTransport = android.app.backup.BackupTransport$TransportImpl@3ee8510
12-11 10:07:40.527  7834  9380 I BackupManagerService: Found stale backup journal, scheduling
12-11 10:07:40.691  7834  7874 W AppWidgetServiceImpl: No android.appwidget.provider meta-data for AppWidget provider 'ProviderId{user:0, app:10095, cmp:ComponentInfo{com.sankuai.meituan/com.dianping.base.push.pushservice.PhoneStatusReceiver}}'
12-11 10:07:40.692  7834  7874 W AppWidgetServiceImpl: No android.appwidget.provider meta-data for AppWidget provider 'ProviderId{user:0, app:10096, cmp:ComponentInfo{com.sankuai.meituan.takeoutnew/com.dianping.base.push.pushservice.PhoneStatusReceiver}}'
12-11 10:07:40.768  7834  7874 W VoiceInteractionManagerService: no available voice interaction services found for user 0
12-11 10:07:40.768  7834  7874 W VoiceInteractionManagerService: no available voice recognition services found for user 0
12-11 10:07:40.769  7834  7874 I BrokerableCMSystemService: Connecting to implementation
12-11 10:07:40.770  7834  7874 W ContextImpl: Calling a method in the system process without a qualified user: android.app.ContextImpl.bindService:1421 org.cyanogenmod.platform.internal.BrokerableCMSystemService.tryConnecting:199 org.cyanogenmod.platform.internal.WeatherManagerServiceBroker.onUnlockUser:97 com.android.server.SystemServiceManager.unlockUser:183 com.android.server.am.ActivityManagerService$MainHandler.handleMessage:2077 
12-11 10:07:40.787  7834  7874 E BrokerableCMSystemService: Failed to bind to implementation ComponentInfo{org.cyanogenmod.weatherservice/org.cyanogenmod.weatherservice.WeatherManagerService}
12-11 10:07:40.788  7834  7874 I ActivityManager: Loading recents for user 0 into memory.
12-11 10:07:40.818  7834  7874 I ActivityManager: Start proc 9706:org.omnirom.omniswitch/u0a21 for added application org.omnirom.omniswitch
12-11 10:07:40.829  7834  7874 I ActivityManager: Start proc 9711:org.cyanogenmod.audiofx/u0a3 for added application org.cyanogenmod.audiofx
12-11 10:07:40.831  7834  7874 D ActivityManager: Sending BOOT_COMPLETE user #0
12-11 10:07:41.083  7834  7874 I ActivityManager: Start proc 9732:android.process.media/u0a9 for broadcast com.android.providers.downloads/.DownloadReceiver
12-11 10:07:41.277  7834  7849 I ActivityManager: Start proc 9757:com.android.smspush/u0a64 for service com.android.smspush/.WapPushManager
12-11 10:07:41.459  7834  8063 I ActivityManager: Start proc 9775:com.android.keychain/1000 for service com.android.keychain/.KeyChainService
12-11 10:07:41.464  7834  7834 I NotificationService: cancelToast pkg=android callback=android.widget.Toast$TN@87aa933
12-11 10:07:41.464  7834  7834 W NotificationService: Toast already cancelled. pkg=android callback=android.widget.Toast$TN@87aa933
12-11 10:07:41.574  7834  8676 I ActivityManager: START u0 {act=android.intent.action.MAIN cat=[android.intent.category.HOME] flg=0x10000100 cmp=ch.deletescape.lawnchair/.Launcher} from uid 0 on display 0
12-11 10:07:41.601  7834  9753 I ActivityManager: Start proc 9797:ch.deletescape.lawnchair/u0a117 for activity ch.deletescape.lawnchair/.Launcher
12-11 10:07:41.604  7834  7874 I VrManagerService: VR mode is allowed
12-11 10:07:41.725  7834  7834 I NotificationService: cancelToast pkg=android callback=android.widget.Toast$TN@f51bd9e
12-11 10:07:41.726  7834  7834 W WindowManager: Attempted to remove non-existing token: android.os.Binder@58afa97
12-11 10:07:41.813  7834  8677 I Telecom : PhoneAccountRegistrar: [ComponentInfo{com.android.phone/com.android.services.telephony.TelephonyConnectionService}, [e0184adedf913b076626646d3f52c3b49c39ad6d], UserHandle{0}(icon: Icon(typ=BITMAP size=48x60) -> Icon(typ=BITMAP size=48x60))]: TSI.rPA@AA4
12-11 10:07:41.815  7834  8677 I Telecom : : Sending phone-account registered intent as user: TSI.rPA@AA4
12-11 10:07:41.885  7834  7849 I Telecom : PhoneAccountRegistrar: getUserSelVoicePhoneAccount, voice subId = -1: TSI.gUSOPA@ABA
12-11 10:07:41.885  7834  7849 I Telecom : PhoneAccountRegistrar: getUserSelVoicePhoneAccount, emergency account : TSI.gUSOPA@ABA
12-11 10:07:41.900  7834  9752 I Telecom : PhoneAccountRegistrar: [ComponentInfo{com.android.phone/com.android.services.telephony.TelephonyConnectionService}, [e0184adedf913b076626646d3f52c3b49c39ad6d], UserHandle{0}(icon: Icon(typ=BITMAP size=48x60) -> Icon(typ=BITMAP size=48x60))]: TSI.rPA@ABE
12-11 10:07:41.902  7834  9752 I Telecom : : Sending phone-account registered intent as user: TSI.rPA@ABE
12-11 10:07:41.938  7834  7874 I ActivityManager: Start proc 9936:com.iflytek.inputmethod.assist/u0a119 for broadcast com.iflytek.inputmethod.smartisan/com.iflytek.inputmethod.multiprocess.AssistReceiver
12-11 10:07:42.227  7834  7874 W ActivityManager: Activity pause timeout for ActivityRecord{c8e401c u0 ch.deletescape.lawnchair/.Launcher t98}
12-11 10:07:42.231  7834  8048 D ConnectivityService: registerNetworkAgent NetworkAgentInfo{ ni{[type: WIFI[], state: CONNECTING/CONNECTING, reason: (unspecified), extra: "Tablet-RD-2.4G", failover: false, available: true, roaming: false, metered: false]}  network{100}  nethandle{429513165534}  lp{{LinkAddresses: []  Routes: [] DnsAddresses: [] Domains: null MTU: 0}}  nc{[ Transports: WIFI Capabilities: NOT_METERED&INTERNET&NOT_RESTRICTED&TRUSTED&NOT_VPN LinkUpBandwidth>=1048576Kbps LinkDnBandwidth>=1048576Kbps]}  Score{20}  everValidated{false}  lastValidated{false}  created{false} lingering{false} explicitlySelected{false} acceptUnvalidated{false} everCaptivePortalDetected{false} lastCaptivePortalDetected{false} }
12-11 10:07:42.231  7834  8054 D ConnectivityService: NetworkAgentInfo [WIFI () - 100] EVENT_NETWORK_INFO_CHANGED, going from null to CONNECTING
12-11 10:07:42.259  7834  9748 I Telecom : PhoneAccountRegistrar: [ComponentInfo{com.android.phone/com.android.services.telephony.TelephonyConnectionService}, [e0184adedf913b076626646d3f52c3b49c39ad6d], UserHandle{0}(icon: Icon(typ=BITMAP size=48x60) -> Icon(typ=BITMAP size=48x60))]: TSI.rPA@ABI
12-11 10:07:42.261  7834  9748 I Telecom : : Sending phone-account registered intent as user: TSI.rPA@ABI
12-11 10:07:42.551  7834  7834 I NotificationService: cancelToast pkg=android callback=android.widget.Toast$TN@860162d
12-11 10:07:42.552  7834  7834 W WindowManager: Attempted to remove non-existing token: android.os.Binder@333bda1
12-11 10:07:42.559  7834  8989 I Telecom : PhoneAccountRegistrar: getUserSelVoicePhoneAccount, voice subId = -1: TSI.gUSOPA@ABQ
12-11 10:07:42.560  7834  8989 I Telecom : PhoneAccountRegistrar: getUserSelVoicePhoneAccount, emergency account : TSI.gUSOPA@ABQ
12-11 10:07:42.625  7834  8988 I Telecom : PhoneAccountRegistrar: [ComponentInfo{com.android.phone/com.android.services.telephony.TelephonyConnectionService}, [e0184adedf913b076626646d3f52c3b49c39ad6d], UserHandle{0}(icon: Icon(typ=BITMAP size=48x60) -> Icon(typ=BITMAP size=48x60))]: TSI.rPA@ABU
12-11 10:07:42.636  7834  8988 I Telecom : : Sending phone-account registered intent as user: TSI.rPA@ABU
12-11 10:07:42.738  7834  8129 I ActivityManager: Start proc 10084:org.cyanogenmod.cmparts/1000 for broadcast org.cyanogenmod.cmparts/.BootReceiver
12-11 10:07:42.743  7834  8989 W ActivityManager: Unable to start service Intent { act=com.android.launcher3.WINDOW_OVERLAY dat=app://ch.deletescape.lawnchair:10117?v=5 pkg=com.google.android.googlequicksearchbox } U=0: not found
12-11 10:07:42.830  7834  8677 W ActivityManager: Unable to start service Intent { act=com.android.launcher3.WINDOW_OVERLAY dat=app://ch.deletescape.lawnchair:10117?v=5 pkg=com.google.android.googlequicksearchbox } U=0: not found
12-11 10:07:42.855  7834  8054 D ConnectivityService: NetworkAgentInfo [WIFI () - 100] EVENT_NETWORK_INFO_CHANGED, going from CONNECTING to CONNECTED
12-11 10:07:42.857  7834  8054 D ConnectivityService: Adding iface wlan0 to network 100
12-11 10:07:42.900  7834  8054 D ConnectivityService: Setting DNS servers for network 100 to [/192.168.1.1]
12-11 10:07:42.984  7834  7849 I Telecom : PhoneAccountRegistrar: [ComponentInfo{com.android.phone/com.android.services.telephony.TelephonyConnectionService}, [e0184adedf913b076626646d3f52c3b49c39ad6d], UserHandle{0}(icon: Icon(typ=BITMAP size=48x60) -> Icon(typ=BITMAP size=48x60))]: TSI.rPA@ABY
12-11 10:07:42.987  7834  7849 I Telecom : : Sending phone-account registered intent as user: TSI.rPA@ABY
12-11 10:07:43.100  7834  9747 I Telecom : PhoneAccountRegistrar: getUserSelVoicePhoneAccount, voice subId = -1: TSI.gUSOPA@ABg
12-11 10:07:43.100  7834  9747 I Telecom : PhoneAccountRegistrar: getUserSelVoicePhoneAccount, emergency account : TSI.gUSOPA@ABg
12-11 10:07:43.150  7834  9747 I Telecom : PhoneAccountRegistrar: [ComponentInfo{com.android.phone/com.android.services.telephony.TelephonyConnectionService}, [e0184adedf913b076626646d3f52c3b49c39ad6d], UserHandle{0}(icon: Icon(typ=BITMAP size=48x60) -> Icon(typ=BITMAP size=48x60))]: TSI.rPA@ABk
12-11 10:07:43.155  7834  9747 I Telecom : : Sending phone-account registered intent as user: TSI.rPA@ABk
12-11 10:07:43.189  7834  8054 D ConnectivityService: Switching to new default network: NetworkAgentInfo{ ni{[type: WIFI[], state: CONNECTED/CONNECTED, reason: (unspecified), extra: "Tablet-RD-2.4G", failover: false, available: true, roaming: false, metered: false]}  network{100}  nethandle{429513165534}  lp{{InterfaceName: wlan0 LinkAddresses: [192.168.1.153/24,]  Routes: [fe80::/64 -> :: wlan0,192.168.1.0/24 -> 0.0.0.0 wlan0,0.0.0.0/0 -> 192.168.1.1 wlan0,] DnsAddresses: [192.168.1.1,] Domains: lan MTU: 0 TcpBufferSizes: 524288,2097152,4194304,262144,524288,1048576}}  nc{[ Transports: WIFI Capabilities: NOT_METERED&INTERNET&NOT_RESTRICTED&TRUSTED&NOT_VPN&FOREGROUND LinkUpBandwidth>=1048576Kbps LinkDnBandwidth>=1048576Kbps SignalStrength: -27]}  Score{20}  everValidated{false}  lastValidated{false}  created{true} lingering{false} explicitlySelected{false} acceptUnvalidated{false} everCaptivePortalDetected{false} lastCaptivePortalDetected{false} }
12-11 10:07:43.204  7834  9753 I Telecom : PhoneAccountRegistrar: getUserSelVoicePhoneAccount, voice subId = -1: TSI.gUSOPA@ABs
12-11 10:07:43.204  7834  9753 I Telecom : PhoneAccountRegistrar: getUserSelVoicePhoneAccount, emergency account : TSI.gUSOPA@ABs
12-11 10:07:43.247  7834  8129 I Telecom : PhoneAccountRegistrar: [ComponentInfo{com.android.phone/com.android.services.telephony.TelephonyConnectionService}, [e0184adedf913b076626646d3f52c3b49c39ad6d], UserHandle{0}(icon: Icon(typ=BITMAP size=48x60) -> Icon(typ=BITMAP size=48x60))]: TSI.rPA@ABw
12-11 10:07:43.249  7834  8129 I Telecom : : Sending phone-account registered intent as user: TSI.rPA@ABw
12-11 10:07:43.291  7834  8054 D ConnectivityService: Sending CONNECTED broadcast for type 1 NetworkAgentInfo [WIFI () - 100] isDefaultNetwork=true
12-11 10:07:43.488  7834  9747 I ActivityManager: Start proc 10155:com.android.carrierconfig/u0a5 for service com.android.carrierconfig/.DefaultCarrierConfigService
12-11 10:07:43.585  7834  8989 I ActivityManager: Process com.android.inputmethod.latin (pid 8090) has died
12-11 10:07:43.585  7834  8989 D ActivityManager: cleanUpApplicationRecord -- 8090
12-11 10:07:43.585  7834  8989 W ActivityManager: Scheduling restart of crashed service com.android.inputmethod.latin/.LatinIME in 1000ms
12-11 10:07:43.586  7834  7834 W InputMethodManagerService: Session failed to close due to remote exception
12-11 10:07:43.586  7834  7834 W InputMethodManagerService: android.os.DeadObjectException
12-11 10:07:43.586  7834  7834 W InputMethodManagerService: 	at android.os.BinderProxy.transactNative(Native Method)
12-11 10:07:43.586  7834  7834 W InputMethodManagerService: 	at android.os.BinderProxy.transact(Binder.java:615)
12-11 10:07:43.586  7834  7834 W InputMethodManagerService: 	at com.android.internal.view.IInputMethodSession$Stub$Proxy.finishSession(IInputMethodSession.java:305)
12-11 10:07:43.586  7834  7834 W InputMethodManagerService: 	at com.android.server.InputMethodManagerService.finishSessionLocked(InputMethodManagerService.java:1667)
12-11 10:07:43.586  7834  7834 W InputMethodManagerService: 	at com.android.server.InputMethodManagerService.clearClientSessionLocked(InputMethodManagerService.java:1658)
12-11 10:07:43.586  7834  7834 W InputMethodManagerService: 	at com.android.server.InputMethodManagerService.clearCurMethodLocked(InputMethodManagerService.java:1684)
12-11 10:07:43.586  7834  7834 W InputMethodManagerService: 	at com.android.server.InputMethodManagerService.onServiceDisconnected(InputMethodManagerService.java:1703)
12-11 10:07:43.586  7834  7834 W InputMethodManagerService: 	at android.app.LoadedApk$ServiceDispatcher.doDeath(LoadedApk.java:1469)
12-11 10:07:43.586  7834  7834 W InputMethodManagerService: 	at android.app.LoadedApk$ServiceDispatcher$RunConnection.run(LoadedApk.java:1483)
12-11 10:07:43.586  7834  7834 W InputMethodManagerService: 	at android.os.Handler.handleCallback(Handler.java:751)
12-11 10:07:43.586  7834  7834 W InputMethodManagerService: 	at android.os.Handler.dispatchMessage(Handler.java:95)
12-11 10:07:43.586  7834  7834 W InputMethodManagerService: 	at android.os.Looper.loop(Looper.java:154)
12-11 10:07:43.586  7834  7834 W InputMethodManagerService: 	at com.android.server.SystemServer.run(SystemServer.java:388)
12-11 10:07:43.586  7834  7834 W InputMethodManagerService: 	at com.android.server.SystemServer.main(SystemServer.java:242)
12-11 10:07:43.586  7834  7834 W InputMethodManagerService: 	at java.lang.reflect.Method.invoke(Native Method)
12-11 10:07:43.586  7834  7834 W InputMethodManagerService: 	at com.android.internal.os.ZygoteInit$MethodAndArgsCaller.run(ZygoteInit.java:891)
12-11 10:07:43.586  7834  7834 W InputMethodManagerService: 	at com.android.internal.os.ZygoteInit.main(ZygoteInit.java:781)
12-11 10:07:43.586  7834  7834 W InputMethodManagerService: 	at de.robv.android.xposed.XposedBridge.main(XposedBridge.java:107)
12-11 10:07:43.622  7834  7874 I ActivityManager: Start proc 10172:com.android.managedprovisioning/u0a18 for broadcast com.android.managedprovisioning/.BootReminder
12-11 10:07:43.850  7834  8054 D ConnectivityService: Setting DNS servers for network 100 to [/fda5:c6ed:5a02::1, /192.168.1.1]
12-11 10:07:43.858  7834  7834 I Telecom : PhoneAccountRegistrar: SimCallManager queried, returning: null: TSI.gSCMFU@AB0
12-11 10:07:43.871  7834  7834 I Telecom : PhoneAccountRegistrar: SimCallManager queried, returning: null: TSI.gSCMFU@AB4
12-11 10:07:43.911  7834  9752 I ActivityManager: Start proc 10190:com.android.messaging/u0a69 for broadcast com.android.messaging/.receiver.BootAndPackageReplacedReceiver
12-11 10:07:44.175  7834  9753 W ActivityManager: Slow operation: 60ms so far, now at startProcess: returned from zygote!
12-11 10:07:44.175  7834  9753 W ActivityManager: Slow operation: 60ms so far, now at startProcess: done updating battery stats
12-11 10:07:44.175  7834  9753 W ActivityManager: Slow operation: 60ms so far, now at startProcess: building log message
12-11 10:07:44.176  7834  9753 I ActivityManager: Start proc 10241:android.process.acore/u0a2 for content provider com.android.providers.contacts/.ContactsProvider2
12-11 10:07:44.176  7834  9753 W ActivityManager: Slow operation: 60ms so far, now at startProcess: starting to update pids map
12-11 10:07:44.176  7834  9753 W ActivityManager: Slow operation: 60ms so far, now at startProcess: done updating pids map
12-11 10:07:44.176  7834  9753 W ActivityManager: Slow operation: 60ms so far, now at startProcess: done starting proc!
12-11 10:07:44.207  7834  8129 I ActivityManager: Start proc 10254:com.android.providers.calendar/u0a4 for broadcast com.android.providers.calendar/.CalendarReceiver
12-11 10:07:44.366  7834  9752 E AlarmManager: RTC Alarm: 2 null com.android.providers.calendar com.android.providers.calendar.intent.CalendarProvider2
12-11 10:07:44.531  7834  7874 I ActivityManager: Start proc 10280:com.cyanogenmod.trebuchet/u0a33 for broadcast com.cyanogenmod.trebuchet/com.android.launcher3.StartupReceiver
12-11 10:07:44.841  7834  7874 I ActivityManager: Start proc 10299:com.android.inputmethod.latin/u0a70 for service com.android.inputmethod.latin/.LatinIME
12-11 10:07:44.851  7834  7834 D ConditionProviders.SCP: onReceive android.intent.action.TIME_SET
12-11 10:07:44.852  7834  7834 D ConditionProviders.SCP: notifyCondition condition://android/schedule?days=6.7&start=23.30&end=10.0&exitAtAlarm=false STATE_FALSE reason=!meetsSchedule
12-11 10:07:44.865  7834  7834 D ConditionProviders.SCP: notifyCondition condition://android/schedule?days=1.2.3.4.5&start=22.0&end=7.0&exitAtAlarm=false STATE_FALSE reason=!meetsSchedule
12-11 10:07:44.866  7834  7834 D ConditionProviders.SCP: Scheduling evaluate for Mon Dec 11 22:00:00 GMT+00:00 2017 (1513029600000), in +11h52m15s149ms, now=Mon Dec 11 10:07:44 GMT+00:00 2017 (1512986864851)
12-11 10:07:44.866  7834  7834 E AlarmManager: RTC Alarm: 0 null android ScheduleConditionProvider.EVALUATE
12-11 10:07:44.887  7834  7834 W ContextImpl: Calling a method in the system process without a qualified user: android.app.ContextImpl.startService:1357 android.content.ContextWrapper.startService:613 android.content.ContextWrapper.startService:613 com.dsi.ant.server.AntService.startService:129 com.dsi.ant.server.startup.BootCompletedReceiver.onReceive:41 
12-11 10:07:44.958  7834  7874 I ActivityManager: Start proc 10313:com.qualcomm.qcrilmsgtunnel/1001 for broadcast com.qualcomm.qcrilmsgtunnel/.QcrilMsgTunnelAutoboot
12-11 10:07:44.971  7834  8060 E AlarmManager: RTC Alarm: 0 null android EventConditionProvider.EVALUATE
12-11 10:07:45.649  7834  7874 I ActivityManager: Start proc 10372:com.qualcomm.timeservice/1000 for broadcast com.qualcomm.timeservice/.TimeServiceBroadcastReceiver
12-11 10:07:46.203  7834  7834 W WindowManager: Attempted to remove non-existing token: android.os.Binder@20bb10a
12-11 10:07:46.218  7834  7834 W WindowManager: Failed looking up window
12-11 10:07:46.218  7834  7834 W WindowManager: java.lang.IllegalArgumentException: Requested window android.view.ViewRootImpl$W@31640f3 does not exist
12-11 10:07:46.218  7834  7834 W WindowManager: 	at com.android.server.wm.WindowManagerService.windowForClientLocked(WindowManagerService.java:9523)
12-11 10:07:46.218  7834  7834 W WindowManager: 	at com.android.server.wm.WindowManagerService.windowForClientLocked(WindowManagerService.java:9514)
12-11 10:07:46.218  7834  7834 W WindowManager: 	at com.android.server.wm.WindowManagerService.removeWindow(WindowManagerService.java:2425)
12-11 10:07:46.218  7834  7834 W WindowManager: 	at com.android.server.wm.Session.remove(Session.java:202)
12-11 10:07:46.218  7834  7834 W WindowManager: 	at android.view.ViewRootImpl.dispatchDetachedFromWindow(ViewRootImpl.java:3290)
12-11 10:07:46.218  7834  7834 W WindowManager: 	at android.view.ViewRootImpl.doDie(ViewRootImpl.java:5923)
12-11 10:07:46.218  7834  7834 W WindowManager: 	at android.view.ViewRootImpl.die(ViewRootImpl.java:5900)
12-11 10:07:46.218  7834  7834 W WindowManager: 	at android.view.WindowManagerGlobal.removeViewLocked(WindowManagerGlobal.java:443)
12-11 10:07:46.218  7834  7834 W WindowManager: 	at android.view.WindowManagerGlobal.removeView(WindowManagerGlobal.java:381)
12-11 10:07:46.218  7834  7834 W WindowManager: 	at android.view.WindowManagerImpl.removeViewImmediate(WindowManagerImpl.java:126)
12-11 10:07:46.218  7834  7834 W WindowManager: 	at android.widget.Toast$TN.handleHide(Toast.java:519)
12-11 10:07:46.218  7834  7834 W WindowManager: 	at android.widget.Toast$TN$2.handleMessage(Toast.java:359)
12-11 10:07:46.218  7834  7834 W WindowManager: 	at android.os.Handler.dispatchMessage(Handler.java:102)
12-11 10:07:46.218  7834  7834 W WindowManager: 	at android.os.Looper.loop(Looper.java:154)
12-11 10:07:46.218  7834  7834 W WindowManager: 	at com.android.server.SystemServer.run(SystemServer.java:388)
12-11 10:07:46.218  7834  7834 W WindowManager: 	at com.android.server.SystemServer.main(SystemServer.java:242)
12-11 10:07:46.218  7834  7834 W WindowManager: 	at java.lang.reflect.Method.invoke(Native Method)
12-11 10:07:46.218  7834  7834 W WindowManager: 	at com.android.internal.os.ZygoteInit$MethodAndArgsCaller.run(ZygoteInit.java:891)
12-11 10:07:46.218  7834  7834 W WindowManager: 	at com.android.internal.os.ZygoteInit.main(ZygoteInit.java:781)
12-11 10:07:46.218  7834  7834 W WindowManager: 	at de.robv.android.xposed.XposedBridge.main(XposedBridge.java:107)
12-11 10:07:48.104  7834  9747 I Telecom : PhoneAccountRegistrar: [ComponentInfo{com.android.phone/com.android.services.telephony.TelephonyConnectionService}, [e0184adedf913b076626646d3f52c3b49c39ad6d], UserHandle{0}(icon: Icon(typ=BITMAP size=48x60) -> Icon(typ=BITMAP size=48x60))]: TSI.rPA@ACg
12-11 10:07:48.107  7834  9747 I Telecom : : Sending phone-account registered intent as user: TSI.rPA@ACg
12-11 10:07:48.115  7834  8129 I Telecom : PhoneAccountRegistrar: getUserSelVoicePhoneAccount, voice subId = -1: TSI.gUSOPA@ACo
12-11 10:07:48.115  7834  8129 I Telecom : PhoneAccountRegistrar: getUserSelVoicePhoneAccount, emergency account : TSI.gUSOPA@ACo
12-11 10:07:48.128  7834  8677 I Telecom : PhoneAccountRegistrar: [ComponentInfo{com.android.phone/com.android.services.telephony.TelephonyConnectionService}, [e0184adedf913b076626646d3f52c3b49c39ad6d], UserHandle{0}(icon: Icon(typ=BITMAP size=48x60) -> Icon(typ=BITMAP size=48x60))]: TSI.rPA@ACs
12-11 10:07:48.129  7834  8677 I Telecom : : Sending phone-account registered intent as user: TSI.rPA@ACs
12-11 10:07:48.719  7834  8054 D ConnectivityService: NetworkAgentInfo [WIFI () - 100] validation passed
12-11 10:07:51.374  7834  7873 E RemotePrintSpooler: Error pruning approved print services.
12-11 10:07:51.374  7834  7873 E RemotePrintSpooler: java.util.concurrent.TimeoutException: Cannot get spooler!
12-11 10:07:51.374  7834  7873 E RemotePrintSpooler: 	at com.android.server.print.RemotePrintSpooler.bindLocked(RemotePrintSpooler.java:633)
12-11 10:07:51.374  7834  7873 E RemotePrintSpooler: 	at com.android.server.print.RemotePrintSpooler.getRemoteInstanceLazy(RemotePrintSpooler.java:602)
12-11 10:07:51.374  7834  7873 E RemotePrintSpooler: 	at com.android.server.print.RemotePrintSpooler.pruneApprovedPrintServices(RemotePrintSpooler.java:515)
12-11 10:07:51.374  7834  7873 E RemotePrintSpooler: 	at com.android.server.print.UserState.prunePrintServices(UserState.java:998)
12-11 10:07:51.374  7834  7873 E RemotePrintSpooler: 	at com.android.server.print.UserState.<init>(UserState.java:160)
12-11 10:07:51.374  7834  7873 E RemotePrintSpooler: 	at com.android.server.print.PrintManagerService$PrintManagerImpl.getOrCreateUserStateLocked(PrintManagerService.java:822)
12-11 10:07:51.374  7834  7873 E RemotePrintSpooler: 	at com.android.server.print.PrintManagerService$PrintManagerImpl.-wrap0(PrintManagerService.java)
12-11 10:07:51.374  7834  7873 E RemotePrintSpooler: 	at com.android.server.print.PrintManagerService$PrintManagerImpl$3.run(PrintManagerService.java:843)
12-11 10:07:51.374  7834  7873 E RemotePrintSpooler: 	at android.os.Handler.handleCallback(Handler.java:751)
12-11 10:07:51.374  7834  7873 E RemotePrintSpooler: 	at android.os.Handler.dispatchMessage(Handler.java:95)
12-11 10:07:51.374  7834  7873 E RemotePrintSpooler: 	at android.os.Looper.loop(Looper.java:154)
12-11 10:07:51.374  7834  7873 E RemotePrintSpooler: 	at android.os.HandlerThread.run(HandlerThread.java:61)
12-11 10:07:54.248  7834  9747 I Telecom : PhoneAccountRegistrar: [ComponentInfo{com.android.phone/com.android.services.telephony.TelephonyConnectionService}, [e0184adedf913b076626646d3f52c3b49c39ad6d], UserHandle{0}(icon: Icon(typ=BITMAP size=48x60) -> Icon(typ=BITMAP size=48x60))]: TSI.rPA@AC4
12-11 10:07:54.250  7834  9747 I Telecom : : Sending phone-account registered intent as user: TSI.rPA@AC4
12-11 10:07:54.267  7834  8129 I Telecom : PhoneAccountRegistrar: getUserSelVoicePhoneAccount, voice subId = -1: TSI.gUSOPA@ADA
12-11 10:07:54.267  7834  8129 I Telecom : PhoneAccountRegistrar: getUserSelVoicePhoneAccount, emergency account : TSI.gUSOPA@ADA
12-11 10:07:54.283  7834  9747 I Telecom : PhoneAccountRegistrar: [ComponentInfo{com.android.phone/com.android.services.telephony.TelephonyConnectionService}, [e0184adedf913b076626646d3f52c3b49c39ad6d], UserHandle{0}(icon: Icon(typ=BITMAP size=48x60) -> Icon(typ=BITMAP size=48x60))]: TSI.rPA@ADE
12-11 10:07:54.285  7834  9747 I Telecom : : Sending phone-account registered intent as user: TSI.rPA@ADE
12-11 10:07:56.992  7834  7874 I ActivityManager: Waited long enough for: ServiceRecord{dd93d38 u0 com.android.providers.media/.MediaScannerService}
12-11 10:07:57.215  7834  7874 I ActivityManager: Waited long enough for: ServiceRecord{e3dd526 u0 com.iflytek.inputmethod.smartisan/com.iflytek.inputmethod.service.assist.external.impl.AssistService}
12-11 10:08:00.072  7834  7874 I ActivityManager: Waited long enough for: ServiceRecord{7e90dd7 u0 com.qualcomm.qcrilmsgtunnel/.QcrilMsgTunnelService}
12-11 10:08:01.432  7834  7873 E RemotePrintSpooler: Error removing obsolete print jobs .
12-11 10:08:01.432  7834  7873 E RemotePrintSpooler: java.util.concurrent.TimeoutException: Cannot get spooler!
12-11 10:08:01.432  7834  7873 E RemotePrintSpooler: 	at com.android.server.print.RemotePrintSpooler.bindLocked(RemotePrintSpooler.java:633)
12-11 10:08:01.432  7834  7873 E RemotePrintSpooler: 	at com.android.server.print.RemotePrintSpooler.getRemoteInstanceLazy(RemotePrintSpooler.java:602)
12-11 10:08:01.432  7834  7873 E RemotePrintSpooler: 	at com.android.server.print.RemotePrintSpooler.removeObsoletePrintJobs(RemotePrintSpooler.java:537)
12-11 10:08:01.432  7834  7873 E RemotePrintSpooler: 	at com.android.server.print.UserState.removeObsoletePrintJobs(UserState.java:202)
12-11 10:08:01.432  7834  7873 E RemotePrintSpooler: 	at com.android.server.print.PrintManagerService$PrintManagerImpl$3.run(PrintManagerService.java:849)
12-11 10:08:01.432  7834  7873 E RemotePrintSpooler: 	at android.os.Handler.handleCallback(Handler.java:751)
12-11 10:08:01.432  7834  7873 E RemotePrintSpooler: 	at android.os.Handler.dispatchMessage(Handler.java:95)
12-11 10:08:01.432  7834  7873 E RemotePrintSpooler: 	at android.os.Looper.loop(Looper.java:154)
12-11 10:08:01.432  7834  7873 E RemotePrintSpooler: 	at android.os.HandlerThread.run(HandlerThread.java:61)
12-11 10:08:08.782  7620  7939 E NetlinkEvent: NetlinkEvent::FindParam(): Parameter 'TIME_NS' not found
12-11 10:08:08.782  7620  7939 E NetlinkEvent: NetlinkEvent::FindParam(): Parameter 'UID' not found
12-11 10:08:11.315  7620  7939 E NetlinkEvent: NetlinkEvent::FindParam(): Parameter 'TIME_NS' not found
12-11 10:08:11.315  7620  7939 E NetlinkEvent: NetlinkEvent::FindParam(): Parameter 'UID' not found
12-11 10:08:37.823  7620  7939 E NetlinkEvent: NetlinkEvent::FindParam(): Parameter 'TIME_NS' not found
12-11 10:08:37.823  7620  7939 E NetlinkEvent: NetlinkEvent::FindParam(): Parameter 'UID' not found
12-11 10:08:54.328  7620  7939 E NetlinkEvent: NetlinkEvent::FindParam(): Parameter 'TIME_NS' not found
12-11 10:08:54.328  7620  7939 E NetlinkEvent: NetlinkEvent::FindParam(): Parameter 'UID' not found
12-11 10:09:30.463  7620  7939 E NetlinkEvent: NetlinkEvent::FindParam(): Parameter 'TIME_NS' not found
12-11 10:09:30.463  7620  7939 E NetlinkEvent: NetlinkEvent::FindParam(): Parameter 'UID' not found
12-11 10:09:37.331  7620  7939 E NetlinkEvent: NetlinkEvent::FindParam(): Parameter 'TIME_NS' not found
12-11 10:09:37.332  7620  7939 E NetlinkEvent: NetlinkEvent::FindParam(): Parameter 'UID' not found
12-11 10:10:19.383  7620  7939 E NetlinkEvent: NetlinkEvent::FindParam(): Parameter 'TIME_NS' not found
12-11 10:10:19.384  7620  7939 E NetlinkEvent: NetlinkEvent::FindParam(): Parameter 'UID' not found
12-11 10:10:24.851  7620  7939 E NetlinkEvent: NetlinkEvent::FindParam(): Parameter 'TIME_NS' not found
12-11 10:10:24.851  7620  7939 E NetlinkEvent: NetlinkEvent::FindParam(): Parameter 'UID' not found
12-11 10:11:28.623  7620  7939 E NetlinkEvent: NetlinkEvent::FindParam(): Parameter 'TIME_NS' not found
12-11 10:11:28.623  7620  7939 E NetlinkEvent: NetlinkEvent::FindParam(): Parameter 'UID' not found
12-11 10:11:37.345  7620  7939 E NetlinkEvent: NetlinkEvent::FindParam(): Parameter 'TIME_NS' not found
12-11 10:11:37.345  7620  7939 E NetlinkEvent: NetlinkEvent::FindParam(): Parameter 'UID' not found
12-11 10:12:17.543  7620  7939 E NetlinkEvent: NetlinkEvent::FindParam(): Parameter 'TIME_NS' not found
12-11 10:12:17.543  7620  7939 E NetlinkEvent: NetlinkEvent::FindParam(): Parameter 'UID' not found
12-11 10:12:31.414  7620  7939 E NetlinkEvent: NetlinkEvent::FindParam(): Parameter 'TIME_NS' not found
12-11 10:12:31.415  7620  7939 E NetlinkEvent: NetlinkEvent::FindParam(): Parameter 'UID' not found
12-11 10:13:36.183  7620  7939 E NetlinkEvent: NetlinkEvent::FindParam(): Parameter 'TIME_NS' not found
12-11 10:13:36.183  7620  7939 E NetlinkEvent: NetlinkEvent::FindParam(): Parameter 'UID' not found
12-11 10:13:37.567  7620  7939 E NetlinkEvent: NetlinkEvent::FindParam(): Parameter 'TIME_NS' not found
12-11 10:13:37.568  7620  7939 E NetlinkEvent: NetlinkEvent::FindParam(): Parameter 'UID' not found
12-11 10:13:47.998  7834  7878 E BatteryStatsService: no controller energy info supplied
12-11 10:13:47.998  7834  7878 E BatteryStatsService: no controller energy info supplied
12-11 10:13:48.035  7834  7878 E KernelWakelockReader: neither /proc/wakelocks nor /d/wakeup_sources exists
12-11 10:13:48.037  7834  7878 W BatteryStatsImpl: Couldn't get kernel wake lock stats
12-11 10:13:48.037  7834  7878 E BatteryStatsService: modem info is invalid: ModemActivityInfo{ mTimestamp=0 mSleepTimeMs=0 mIdleTimeMs=0 mTxTimeMs[]=[0, 0, 0, 0, 0] mRxTimeMs=0 mEnergyUsed=0}
