12-11 10:27:21.740 19004 19004 D ICU     : No timezone override file found: /data/misc/zoneinfo/current/icu/icu_tzdata.dat
12-11 10:27:21.774   323   323 E Sensors : sns_acm.c(1661):sensor1_close: invalid client handle
12-11 10:27:21.813 19004 19004 I Radio-JNI: register_android_hardware_Radio DONE
12-11 10:27:21.844 19004 19004 D AndroidRuntime: Calling main entry com.android.commands.am.Am
12-11 10:27:21.850 19004 19004 E JavaBinder: !!! FAILED BINDER TRANSACTION !!!  (parcel size = 532)
12-11 10:27:21.853 19004 19004 I art     : System.exit called, status: 1
12-11 10:27:21.853 19004 19004 I AndroidRuntime: VM exiting with result code 1.
12-11 10:27:21.990 19048 19072 I chatty  : uid=1000(system) hwcVsyncThread expire 2 lines
12-11 10:27:21.991 19048 19072 I qdhwcomposer: vsync_loop: Reading event 0 for dpy 1 from /sys/class/graphics/fb-1/vsync_event
12-11 10:27:21.991 19048 19048 E qdutils : int qdutils::getHDMINode(): Failed to open fb node 3
12-11 10:27:21.991 19048 19048 E qdutils : int qdutils::getHDMINode(): Failed to find HDMI node
12-11 10:27:21.991 19048 19048 D qdhwcomposer: hwc_getDisplayAttributes disp = 0, width = 1080
12-11 10:27:21.991 19048 19048 D qdhwcomposer: hwc_getDisplayAttributes disp = 0, height = 1920
12-11 10:27:21.991 19048 19072 I qdhwcomposer: vsync_loop: Reading event 1 for dpy 1 from /sys/class/graphics/fb-1/show_blank_event
12-11 10:27:21.991 19048 19048 E qdhwcomposer: hwc_getDisplayConfigs display (1) is inactive
12-11 10:27:21.991 19048 19072 I qdhwcomposer: vsync_loop: Reading event 0 for dpy 2 from /sys/class/graphics/fb-1/vsync_event
12-11 10:27:21.991 19048 19072 I qdhwcomposer: vsync_loop: Reading event 1 for dpy 2 from /sys/class/graphics/fb-1/show_blank_event
12-11 10:27:21.998 19048 19048 I SurfaceFlinger: EGL information:
12-11 10:27:21.998 19048 19048 I SurfaceFlinger: vendor    : Android
12-11 10:27:21.998 19048 19048 I SurfaceFlinger: version   : 1.4 Android META-EGL
12-11 10:27:21.998 19048 19048 I SurfaceFlinger: extensions: EGL_KHR_get_all_proc_addresses EGL_ANDROID_presentation_time EGL_KHR_swap_buffers_with_damage EGL_ANDROID_create_native_client_buffer EGL_ANDROID_front_buffer_auto_refresh EGL_KHR_image EGL_KHR_image_base EGL_KHR_lock_surface EGL_KHR_gl_texture_2D_image EGL_KHR_gl_texture_3D_image EGL_KHR_gl_texture_cubemap_image EGL_KHR_gl_renderbuffer_image EGL_KHR_fence_sync EGL_KHR_create_context EGL_EXT_create_context_robustness EGL_ANDROID_image_native_buffer EGL_KHR_wait_sync EGL_ANDROID_recordable EGL_KHR_partial_update 
12-11 10:27:21.998 19048 19048 I SurfaceFlinger: Client API: OpenGL_ES
12-11 10:27:21.998 19048 19048 I SurfaceFlinger: EGLSurface: 8-8-8-8, config=0x5
12-11 10:27:22.000 19048 19048 I SurfaceFlinger: OpenGL ES informations:
12-11 10:27:22.000 19048 19048 I SurfaceFlinger: vendor    : Qualcomm
12-11 10:27:22.000 19048 19048 I SurfaceFlinger: renderer  : Adreno (TM) 330
12-11 10:27:22.000 19048 19048 I SurfaceFlinger: version   : OpenGL ES 3.0 V@140.0 AU@ (GIT@I741a3d36ca)
12-11 10:27:22.000 19048 19048 I SurfaceFlinger: extensions: GL_AMD_compressed_ATC_texture GL_AMD_performance_monitor GL_AMD_program_binary_Z400 GL_EXT_debug_label GL_EXT_debug_marker GL_EXT_discard_framebuffer GL_EXT_robustness GL_EXT_texture_format_BGRA8888 GL_EXT_texture_type_2_10_10_10_REV GL_NV_fence GL_OES_compressed_ETC1_RGB8_texture GL_OES_depth_texture GL_OES_depth24 GL_OES_EGL_image GL_OES_EGL_sync GL_OES_EGL_image_external GL_OES_element_index_uint GL_OES_fbo_render_mipmap GL_OES_fragment_precision_high GL_OES_get_program_binary GL_OES_packed_depth_stencil GL_OES_depth_texture_cube_map GL_OES_rgb8_rgba8 GL_OES_standard_derivatives GL_OES_texture_3D GL_OES_texture_float GL_OES_texture_half_float GL_OES_texture_half_float_linear GL_OES_texture_npot GL_OES_vertex_half_float GL_OES_vertex_type_10_10_10_2 GL_OES_vertex_array_object GL_QCOM_alpha_test GL_QCOM_binning_control GL_QCOM_driver_control GL_QCOM_perfmon_global_mode GL_QCOM_extended_get GL_QCOM_extended_get2 GL_QCOM_tiled_rendering GL_QCOM_writeonly_rendering GL_EXT_sRGB GL_EXT_sRGB_write_con
12-11 10:27:22.000 19048 19048 I SurfaceFlinger: GL_MAX_TEXTURE_SIZE = 4096
12-11 10:27:22.000 19048 19048 I SurfaceFlinger: GL_MAX_VIEWPORT_DIMS = 4096
12-11 10:27:22.008 19048 19048 I SurfaceFlinger: EGL information:
12-11 10:27:22.008 19048 19048 I SurfaceFlinger: vendor    : Android
12-11 10:27:22.008 19048 19048 I SurfaceFlinger: version   : 1.4 Android META-EGL
12-11 10:27:22.008 19048 19048 I SurfaceFlinger: extensions: EGL_KHR_get_all_proc_addresses EGL_ANDROID_presentation_time EGL_KHR_swap_buffers_with_damage EGL_ANDROID_create_native_client_buffer EGL_ANDROID_front_buffer_auto_refresh EGL_KHR_image EGL_KHR_image_base EGL_KHR_lock_surface EGL_KHR_gl_texture_2D_image EGL_KHR_gl_texture_3D_image EGL_KHR_gl_texture_cubemap_image EGL_KHR_gl_renderbuffer_image EGL_KHR_fence_sync EGL_KHR_create_context EGL_EXT_create_context_robustness EGL_ANDROID_image_native_buffer EGL_KHR_wait_sync EGL_ANDROID_recordable EGL_KHR_partial_update 
12-11 10:27:22.008 19048 19048 I SurfaceFlinger: Client API: OpenGL_ES
12-11 10:27:22.008 19048 19048 I SurfaceFlinger: EGLSurface: 8-8-8-8, config=0x5
12-11 10:27:22.013 19048 19048 E qdutils : int qdutils::getHDMINode(): Failed to open fb node 2
12-11 10:27:22.013 19048 19048 E qdutils : int qdutils::getHDMINode(): Failed to open fb node 3
12-11 10:27:22.013 19048 19048 E qdutils : int qdutils::getHDMINode(): Failed to find HDMI node
12-11 10:27:22.249 19048 19048 D SurfaceFlinger: SF. shader cache generated - 26 shaders in 232.433029 ms
12-11 10:27:22.252 19048 19048 D SurfaceFlinger: Set power mode=2, type=0 flinger=0xb68ac000
12-11 10:27:22.252 19048 19048 D qdhwcomposer: hwc_setPowerMode: Setting mode 2 on display: 0
12-11 10:27:22.252 19048 19072 I qdhwcomposer: handle_blank_event: dpy:0 panel power state: 1
12-11 10:27:22.345 19048 19048 D qdhwcomposer: hwc_setPowerMode: Done setting mode 2 on display 0
12-11 10:27:22.349   324 19052 E mm-camera: mct_pipeline_process_set:command=800000b
12-11 10:27:22.349   324 19052 E mm-camera: mct_pipeline_get_stream: no children
12-11 10:27:22.349   324 19052 E mm-camera: mct_pipeline_process_set:1445: Couldn't find stream
12-11 10:27:22.350   324 19077 E mm-camera-sensor: module_sensor_stop_session:671 session 1
12-11 10:27:22.351   301   382 I ThermalEngine: Thermal-Server: removing client on fd 7
12-11 10:27:22.356   324 19080 E mm-camera: gyro_module_stop_session: Enter
12-11 10:27:22.356   324 19080 E mm-camera: gyro_port_deinit: Deinit DSPS
12-11 10:27:22.358   324 19080 E mm-camera: gyro_port_deinit: DSPS deinited
12-11 10:27:22.358   324 19080 E mm-camera: gyro_module_stop_session: Exit successful
12-11 10:27:22.361   324 19081 E mm-camera: c2d_module_stop_session:312, info: stopping session 1 ...
12-11 10:27:22.361   324 19047 E mm-camera: c2d_thread_process_pipe_message:697, C2D_THREAD_MSG_ABORT: c2d_thread exiting..
12-11 10:27:22.361   324 19081 E mm-camera: c2d_module_stop_session:354, info: session 1 stopped.
12-11 10:27:22.363 19048 19048 D qdutils : DEBUG_CALC_FPS: 0
12-11 10:27:22.363 19048 19048 D qdutils : period: 10
12-11 10:27:22.363 19048 19048 D qdutils : ignorethresh_us: 500000
12-11 10:27:22.364   324 19082 E mm-camera: Session id 0x1 stopped
12-11 10:27:22.374   292   292 I ServiceManager: service 'cmlivedisplay' died
12-11 10:27:22.374   292   292 I ServiceManager: service 'bluetooth_manager' died
12-11 10:27:22.374   292   292 I ServiceManager: service 'connectivity_metrics_logger' died
12-11 10:27:22.374   292   292 I ServiceManager: service 'connmetrics' died
12-11 10:27:22.374   292   292 I ServiceManager: service 'netd_listener' died
12-11 10:27:22.374   292   292 I ServiceManager: service 'contexthub_service' died
12-11 10:27:22.374   292   292 I ServiceManager: service 'cmaudio' died
12-11 10:27:22.374   292   292 I ServiceManager: service 'theme' died
12-11 10:27:22.374   292   292 I ServiceManager: service 'vibrator' died
12-11 10:27:22.374   292   292 I ServiceManager: service 'consumer_ir' died
12-11 10:27:22.374   292   292 I ServiceManager: service 'alarm' died
12-11 10:27:22.374   292   292 I ServiceManager: service 'notification' died
12-11 10:27:22.374   292   292 I ServiceManager: service 'devicestoragemonitor' died
12-11 10:27:22.374   292   292 I ServiceManager: service 'location' died
12-11 10:27:22.374   292   292 I ServiceManager: service 'country_detector' died
12-11 10:27:22.374   292   292 I ServiceManager: service 'window' died
12-11 10:27:22.374   292   292 I ServiceManager: service 'input' died
12-11 10:27:22.374   292   292 I ServiceManager: service 'vrmanager' died
12-11 10:27:22.374   292   292 I ServiceManager: service 'pinner' died
12-11 10:27:22.374   292   292 I ServiceManager: service 'search' died
12-11 10:27:22.375   292   292 I ServiceManager: service 'input_method' died
12-11 10:27:22.375   292   292 I ServiceManager: service 'accessibility' died
12-11 10:27:22.375   292   292 I ServiceManager: service 'batterystats' died
12-11 10:27:22.375   292   292 I ServiceManager: service 'appops' died
12-11 10:27:22.375   292   292 I ServiceManager: service 'user.tor_ash' died
12-11 10:27:22.375   292   292 I ServiceManager: service 'user.tor_ag' died
12-11 10:27:22.375   292   292 I ServiceManager: service 'power' died
12-11 10:27:22.375   327   327 I chatty  : uid=1000(system) /system/bin/fingerprintd expire 21 lines
12-11 10:27:22.375   327 14171 I chatty  : uid=1000(system) /system/bin/fingerprintd expire 15 lines
12-11 10:27:22.411   324 19051 E mm-camera-sensor: Got some events
12-11 10:27:22.411   324 19051 E mm-camera-sensor: sensor_thread_func:152 sensor_thread_func:Sensor thread is exiting
12-11 10:27:22.922 19076 19085 E cutils-trace: Error opening trace file: No such file or directory (2)
12-11 10:27:22.935 19076 19085 D libEGL  : loaded /vendor/lib/egl/libEGL_adreno.so
12-11 10:27:22.941 19076 19085 D libEGL  : loaded /vendor/lib/egl/libGLESv1_CM_adreno.so
12-11 10:27:22.963 19076 19085 D libEGL  : loaded /vendor/lib/egl/libGLESv2_adreno.so
12-11 10:27:22.975 19076 19085 I Adreno-EGL: <qeglDrvAPI_eglInitialize:379>: EGL 1.4 QUALCOMM build: Nondeterministic_AU_msm8974_LA.BF.1.1.3_RB1__release_AU (I741a3d36ca)
12-11 10:27:22.975 19076 19085 I Adreno-EGL: OpenGL ES Shader Compiler Version: E031.29.00.00
12-11 10:27:22.975 19076 19085 I Adreno-EGL: Build Date: 04/04/16 Mon
12-11 10:27:22.975 19076 19085 I Adreno-EGL: Local Branch: mybranch19053788
12-11 10:27:22.975 19076 19085 I Adreno-EGL: Remote Branch: quic/LA.BF.1.1.3_rb1.12
12-11 10:27:22.975 19076 19085 I Adreno-EGL: Local Patches: NONE
12-11 10:27:22.975 19076 19085 I Adreno-EGL: Reconstruct Branch: NOTHING
12-11 10:27:26.340 19099 19099 I Netd    : Netd 1.0 starting
12-11 10:27:26.340 19099 19099 D TetherController: Setting IP forward enable = 0
12-11 10:27:26.350 19099 19099 I QtiConnectivityAdapter: Failed to open libconnctrl, some features may not be present.
12-11 10:27:26.350 19099 19099 E         : Failed to open libdatactrl, some features may not be present.
12-11 10:27:26.350 19099 19099 E         : Failed to open libcsm_data, some features may not be present.
12-11 10:27:26.436 19097 19097 I         : sMaxFastTracks = 8
12-11 10:27:26.437 19097 19097 I audioserver: ServiceManager: 0xb61906c0
12-11 10:27:26.438 19097 19097 W BatteryNotifier: batterystats service unavailable!
12-11 10:27:26.438 19097 19097 I AudioFlinger: Using default 3000 mSec as standby time.
12-11 10:27:26.439 19097 19097 I AudioPolicyService: AudioPolicyService CSTOR in new mode
12-11 10:27:26.441 19097 19097 W APM::Devices: DeviceVector::add device 80000040 already in
12-11 10:27:26.441 19097 19097 I APM::ConfigParsingUtils: loadAudioPolicyConfig() loaded /system/etc/audio_policy.conf
12-11 10:27:26.444 19097 19097 D audio_hw_primary: adev_open: enter
12-11 10:27:26.487 19097 19097 D msm8974_platform: platform_init: snd_card_name: msm8974-taiko-mtp-snd-card
12-11 10:27:26.516 19098 19098 I chatty  : uid=1013(media) /system/bin/mediaserver expire 208 lines
12-11 10:27:26.532 19098 19114 I chatty  : uid=1013(media) /system/bin/mediaserver expire 2 lines
12-11 10:27:26.534 19098 19113 I chatty  : uid=1013(media) /system/bin/mediaserver expire 49 lines
12-11 10:27:26.536   324 19115 E mm-camera-sensor: module_sensor_start_session:605 session 1
12-11 10:27:26.539   324 19118 E mm-camera: isp_tintless_open: E: b4b46ed1
12-11 10:27:26.547   324 19118 E mm-camera: isp_tintless_get_version: lib returned version 3.61 err=0
12-11 10:27:26.549   324 19115 E mm-camera-sensor: sensor_set_position:1310 Position ID: 0
12-11 10:27:26.549   324 19115 E mm-camera-sensor: sensor_set_mode:1341 Sensor Mode ID: 1
12-11 10:27:26.549   324 19115 E mm-camera-sensor: eeprom_load_library:674 eeprom_load_library lib_name libmmcamera_onsemi_eeprom.so
12-11 10:27:26.551   324 19115 E mm-camera-sensor: eeprom_load_library:695 e_ctrl->eeprom_lib.func_tbl =0xb6e2b004
12-11 10:27:26.555   324 19119 E mm-camera-CORE: af_single_if_link: Link success! 
12-11 10:27:26.556   324 19119 E mm-camera: gyro_module_start_session: Enter
12-11 10:27:26.556   324 19119 E mm-camera: gyro_port_init: Init DSPS
12-11 10:27:26.556   324 19121 E mm-camera: Session id 0x1 started
12-11 10:27:26.557   324 19119 E mm-camera: gyro_port_init: DSPS inited
12-11 10:27:26.564   324 19119 E mm-camera: gyro_module_start_session: Exit successful
12-11 10:27:26.564   324 19119 E mm-camera: gyro_module_get_port: Exit successful
12-11 10:27:26.596 19097 19097 E audio_route: Control 'SLIMBUS_0_RX Port Mixer INT_BT_SCO_TX' doesn't exist - skipping
12-11 10:27:26.596 19097 19097 E audio_route: unknown enum value string 8000 for ctl Internal BTSCO SampleRate
12-11 10:27:26.596 19097 19097 E audio_route: Control 'INTERNAL_BT_SCO_RX Audio Mixer Multimedia6' doesn't exist - skipping
12-11 10:27:26.596 19097 19097 E audio_route: Control 'MultiMedia4 Mixer MI2S_TX' doesn't exist - skipping
12-11 10:27:26.599 19097 19097 E audio_route: Control 'RX4 DSM MUX' doesn't exist - skipping
12-11 10:27:26.600 19097 19097 E audio_route: Control 'RX6 DSM MUX' doesn't exist - skipping
12-11 10:27:26.600 19097 19097 E audio_route: unknown enum value string 16000 for ctl Internal BTSCO SampleRate
12-11 10:27:26.600 19097 19097 E audio_route: unknown enum value string 16000 for ctl Internal BTSCO SampleRate
12-11 10:27:26.601 19097 19097 E audio_route: unknown enum value string 16000 for ctl Internal BTSCO SampleRate
12-11 10:27:26.602 19097 19097 E audio_route: unknown enum value string 16000 for ctl Internal BTSCO SampleRate
12-11 10:27:26.604 19097 19097 E audio_route: unknown enum value string 16000 for ctl Internal BTSCO SampleRate
12-11 10:27:26.604 19097 19097 E audio_route: unknown enum value string 16000 for ctl Internal BTSCO SampleRate
12-11 10:27:26.604 19097 19097 E audio_route: unknown enum value string 16000 for ctl Internal BTSCO SampleRate
12-11 10:27:26.604 19097 19097 E audio_route: unknown enum value string 16000 for ctl Internal BTSCO SampleRate
12-11 10:27:26.604 19097 19097 E audio_route: unknown enum value string 16000 for ctl Internal BTSCO SampleRate
12-11 10:27:26.605 19097 19097 E audio_route: unknown enum value string 16000 for ctl Internal BTSCO SampleRate
12-11 10:27:26.605 19097 19097 E audio_route: unknown enum value string 16000 for ctl Internal BTSCO SampleRate
12-11 10:27:26.605 19097 19097 E audio_route: unknown enum value string 16000 for ctl Internal BTSCO SampleRate
12-11 10:27:26.606 19097 19097 E audio_route: unknown enum value string 16000 for ctl Internal BTSCO SampleRate
12-11 10:27:26.606 19097 19097 E audio_route: unknown enum value string 16000 for ctl Internal BTSCO SampleRate
12-11 10:27:26.610 19097 19097 E audio_route: Control 'RX4 DSM MUX' doesn't exist - skipping
12-11 10:27:26.611   324 19120 E mm-camera: c2d_module_start_session:227, info: starting session 1
12-11 10:27:26.612 19097 19097 E audio_route: Control 'RX6 DSM MUX' doesn't exist - skipping
12-11 10:27:26.614   324 19132 E mm-camera: c2d_thread_func:41: c2d_thread entering the polling loop...
12-11 10:27:26.614   324 19120 E mm-camera: c2d_module_start_session:274, info: c2d_thread created.
12-11 10:27:26.615   324 19120 E mm-camera: c2d_module_start_session:296, info: session 1 started.
12-11 10:27:26.619 19097 19097 D msm8974_platform: platform_init: Opened sound card:0
12-11 10:27:26.622 19097 19097 D ACDB-LOADER: ACDB -> Load file: /etc/acdbdata/MTP/MTP_Bluetooth_cal.acdb
12-11 10:27:26.622 19097 19097 D ACDB-LOADER: ACDB -> Load file: /etc/acdbdata/MTP/MTP_General_cal.acdb
12-11 10:27:26.622 19097 19097 D ACDB-LOADER: ACDB -> Load file: /etc/acdbdata/MTP/MTP_Global_cal.acdb
12-11 10:27:26.622 19097 19097 D ACDB-LOADER: ACDB -> Load file: /etc/acdbdata/MTP/MTP_Handset_cal.acdb
12-11 10:27:26.622 19097 19097 D ACDB-LOADER: ACDB -> Load file: /etc/acdbdata/MTP/MTP_Hdmi_cal.acdb
12-11 10:27:26.622 19097 19097 D ACDB-LOADER: ACDB -> Load file: /etc/acdbdata/MTP/MTP_Headset_cal.acdb
12-11 10:27:26.622 19097 19097 D ACDB-LOADER: ACDB -> Load file: /etc/acdbdata/MTP/MTP_Speaker_cal.acdb
12-11 10:27:26.622 19097 19097 D ACDB-LOADER: ACDB -> ACDB_CMD_INITIALIZE_V2
12-11 10:27:26.622 19097 19097 D         : [ACDB Command]->SW Minor/Major/Revision version mismatch warning /etc/acdbdata/MTP/MTP_Bluetooth_cal.acdb
12-11 10:27:26.622 19097 19097 D         : [ACDB Command]->ACDB Sw Major = 3, ACDB Sw Minor = 0, ACDB Sw Revision = 0
12-11 10:27:26.622 19097 19097 D         : [ACDB Command]->ACDB File Major = 3, ACDB File Minor = 0, ACDB File Revision = 2
12-11 10:27:26.622 19097 19097 D         : [ACDB Command]->SW Minor/Major/Revision version mismatch warning /etc/acdbdata/MTP/MTP_General_cal.acdb
12-11 10:27:26.622 19097 19097 D         : [ACDB Command]->ACDB Sw Major = 3, ACDB Sw Minor = 0, ACDB Sw Revision = 0
12-11 10:27:26.622 19097 19097 D         : [ACDB Command]->ACDB File Major = 3, ACDB File Minor = 0, ACDB File Revision = 2
12-11 10:27:26.622 19097 19097 D         : [ACDB Command]->SW Minor/Major/Revision version mismatch warning /etc/acdbdata/MTP/MTP_Global_cal.acdb
12-11 10:27:26.622 19097 19097 D         : [ACDB Command]->ACDB Sw Major = 3, ACDB Sw Minor = 0, ACDB Sw Revision = 0
12-11 10:27:26.622 19097 19097 D         : [ACDB Command]->ACDB File Major = 3, ACDB File Minor = 0, ACDB File Revision = 2
12-11 10:27:26.623 19097 19097 D         : [ACDB Command]->SW Minor/Major/Revision version mismatch warning /etc/acdbdata/MTP/MTP_Handset_cal.acdb
12-11 10:27:26.623 19097 19097 D         : [ACDB Command]->ACDB Sw Major = 3, ACDB Sw Minor = 0, ACDB Sw Revision = 0
12-11 10:27:26.623 19097 19097 D         : [ACDB Command]->ACDB File Major = 3, ACDB File Minor = 0, ACDB File Revision = 2
12-11 10:27:26.623 19097 19097 D         : [ACDB Command]->SW Minor/Major/Revision version mismatch warning /etc/acdbdata/MTP/MTP_Hdmi_cal.acdb
12-11 10:27:26.623 19097 19097 D         : [ACDB Command]->ACDB Sw Major = 3, ACDB Sw Minor = 0, ACDB Sw Revision = 0
12-11 10:27:26.623 19097 19097 D         : [ACDB Command]->ACDB File Major = 3, ACDB File Minor = 0, ACDB File Revision = 2
12-11 10:27:26.623 19097 19097 D         : [ACDB Command]->SW Minor/Major/Revision version mismatch warning /etc/acdbdata/MTP/MTP_Headset_cal.acdb
12-11 10:27:26.623 19097 19097 D         : [ACDB Command]->ACDB Sw Major = 3, ACDB Sw Minor = 0, ACDB Sw Revision = 0
12-11 10:27:26.623 19097 19097 D         : [ACDB Command]->ACDB File Major = 3, ACDB File Minor = 0, ACDB File Revision = 2
12-11 10:27:26.624 19097 19097 D         : [ACDB Command]->SW Minor/Major/Revision version mismatch warning /etc/acdbdata/MTP/MTP_Speaker_cal.acdb
12-11 10:27:26.624 19097 19097 D         : [ACDB Command]->ACDB Sw Major = 3, ACDB Sw Minor = 0, ACDB Sw Revision = 0
12-11 10:27:26.624 19097 19097 D         : [ACDB Command]->ACDB File Major = 3, ACDB File Minor = 0, ACDB File Revision = 2
12-11 10:27:26.624 19097 19097 D ACDB-LOADER: ACDB -> ACPH INIT
12-11 10:27:26.624 19097 19097 D         : [ACPH]->Online service registered with ACPH
12-11 10:27:26.625 19097 19097 D         : [ACPH]->ACPH init success
12-11 10:27:26.625 19097 19097 D ACDB-LOADER: ACDB -> RTAC INIT
12-11 10:27:26.625 19097 19097 D         : [ACPH]->DSP RTC service registered with ACPH
12-11 10:27:26.625 19097 19097 D ACDB-LOADER: ACDB -> ADIE RTAC INIT
12-11 10:27:26.625 19097 19097 D         : [ACPH]->ADIE RTC service registered with ACPH
12-11 10:27:26.625 19097 19097 D ACDB-LOADER: No existing ION info in ACDB driver
12-11 10:27:26.626 19097 19097 D ACDB-LOADER: ACDB -> ION_IOC_ALLOC
12-11 10:27:26.626 19097 19097 D ACDB-LOADER: ACDB -> ION_IOC_SHARE
12-11 10:27:26.626 19097 19097 D ACDB-LOADER: ACDB -> MMAP ADDR
12-11 10:27:26.626 19097 19097 D ACDB-LOADER: ACDB -> register MEM to ACDB driver: 0xb628e000
12-11 10:27:26.626 19097 19097 D ACDB-LOADER: ACDB -> send_asm_topology
12-11 10:27:26.626 19097 19097 D ACDB-LOADER: ACDB -> ACDB_CMD_GET_AUDPROC_STREAM_TOPOLOGY_ID
12-11 10:27:26.626 19097 19097 D ACDB-LOADER: ACDB -> send_adm_custom_topology
12-11 10:27:26.626 19097 19097 D ACDB-LOADER: ACDB -> ACDB_CMD_GET_AUDIO_COPP_TOPOLOGIES
12-11 10:27:26.626 19097 19097 D ACDB-LOADER: ACDB -> AUDIO_SET_ADM_CUSTOM_TOPOLOGY
12-11 10:27:26.626 19097 19097 D ACDB-LOADER: ACDB -> send_asm_custom_topology
12-11 10:27:26.626 19097 19097 D ACDB-LOADER: ACDB -> ACDB_CMD_GET_AUDIO_POPP_TOPOLOGIES
12-11 10:27:26.626 19097 19097 D ACDB-LOADER: ACDB -> AUDIO_SET_ASM_CUSTOM_TOPOLOGY
12-11 10:27:26.626 19097 19097 D ACDB-LOADER: ACDB -> init done!
12-11 10:27:26.626 19097 19097 E msm8974_platform: find_index: Could not find index for name = SND_DEVICE_IN_AANC_HEADSET_MIC
12-11 10:27:26.626 19097 19097 E platform_info: process_acdb_id: Device SND_DEVICE_IN_AANC_HEADSET_MIC in /system/etc/audio_platform_info.xml not found, no ACDB ID set!
12-11 10:27:26.627 19097 19097 E msm8974_platform: hw_util_open Opening device /dev/snd/hwC0D1000
12-11 10:27:26.627 19097 19097 E msm8974_platform: hw_util_open success
12-11 10:27:26.627 19097 19097 D ACDB-LOADER: ACDB -> ACDB_CMD_GET_ANC_SETTING
12-11 10:27:26.627 19097 19097 D ACDB-LOADER: ACDB -> ACDB_CMD_GET_ANC_SETTING
12-11 10:27:26.627 19097 19097 D ACDB-LOADER: ACDB -> ACDB_CMD_GET_ANC_SETTING
12-11 10:27:26.627 19097 19097 D ACDB-LOADER: ACDB -> ACDB_CMD_GET_ANC_SETTING
12-11 10:27:26.627   324 19115 E mm-camera-sensor: af_actuator_init:415 name = rohm_bu63163
12-11 10:27:26.627   324 19115 E mm-camera-sensor: af_actuator_init:425 af_actuator_ptr->is_ois_supported = 1
12-11 10:27:26.627   324 19115 E mm-camera-sensor: actuator_load_lib:486 name=rohm_bu63163, mode=camera
12-11 10:27:26.628   324 19115 E mm-camera-sensor: actuator_load_lib:508 library libactuator_rohm_bu63163.so successfully loaded, idx=0
12-11 10:27:26.628   324 19115 E mm-camera-sensor: actuator_load_lib:532 library libactuator_rohm_bu63163_camera.so successfully loaded, idx=0
12-11 10:27:26.628   324 19115 E mm-camera-sensor: af_actuator_load_params:314 E
12-11 10:27:26.628   324 19115 E mm-camera-sensor: actuator_load_lib:486 name=rohm_bu63163, mode=camcorder
12-11 10:27:26.629   324 19115 E mm-camera-sensor: actuator_load_lib:532 library libactuator_rohm_bu63163_camcorder.so successfully loaded, idx=1
12-11 10:27:26.629   324 19115 E mm-camera-sensor: actuator_process:871 creat ois_actuator_init thread success
12-11 10:27:26.629 19097 19097 D ACDB-LOADER: ACDB -> ACDB_CMD_GET_ANC_SETTING
12-11 10:27:26.629 19097 19097 D ACDB-LOADER: ACDB -> ACDB_CMD_GET_ANC_SETTING
12-11 10:27:26.629 19097 19097 D ACDB-LOADER: ACDB -> ACDB_CMD_GET_ANC_SETTING
12-11 10:27:26.629 19097 19097 E msm8974_platform:  send_codec_cal cal sent for anc_cal
12-11 10:27:26.629 19097 19097 E ACDB-LOADER: ACDB -> send_codec_cal
12-11 10:27:26.629 19097 19097 D ACDB-LOADER: ACDB -> ACDB_CMD_GET_CODEC_CAL_DATA
12-11 10:27:26.629 19097 19097 E msm8974_platform:  send_codec_cal cal sent for mad_cal
12-11 10:27:26.629 19097 19097 D ACDB-LOADER: send mbhc data
12-11 10:27:26.630 19097 19097 D ACDB-LOADER: ACDB -> MBHC ACDB_PID_GENERAL_CONFIG
12-11 10:27:26.630 19097 19097 D ACDB-LOADER: ACDB -> MBHC ACDB_PID_PLUG_REMOVAL_DETECTION
12-11 10:27:26.630 19097 19097 D ACDB-LOADER: ACDB -> MBHC ACDB_PID_PLUG_TYPE_DETECTION
12-11 10:27:26.630 19097 19097 D ACDB-LOADER: ACDB -> MBHC ACDB_PID_BUTTON_PRESS_DETECTION
12-11 10:27:26.630 19097 19097 D ACDB-LOADER: ACDB -> MBHC ACDB_PID_IMPEDANCE_DETECTION
12-11 10:27:26.630 19097 19097 E msm8974_platform:  send_codec_cal cal sent for mbhc_cal
12-11 10:27:26.631   324 19135 E mm-camera-sensor: ois_actuator_init:371 enter
12-11 10:27:26.631   324 19135 E mm-camera-sensor: ois_actuator_init:380 name = rohm_bu63163, cam_name:0
12-11 10:27:26.631   324 19115 E mm-camera-sensor: module_sensor_start_session:646 failed
12-11 10:27:26.631   324 19115 E mm-camera-sensor: module_sensor_start_session:652 failed
12-11 10:27:26.633 19097 19097 D TFA9890 : [audio_smartpa_enable_clk: 174]To ENABLE_MI2S_CLK
12-11 10:27:26.641 19097 19097 I TFA9890 : init +
12-11 10:27:26.642   324 19138 E mm-camera: mct_pipeline_process_set:command=800000e
12-11 10:27:26.644   301   382 I ThermalEngine: Thermal-Server: Adding thermal event listener on fd 7
12-11 10:27:26.644 19098 19144 I chatty  : uid=1013(media) /system/bin/mediaserver expire 6 lines
12-11 10:27:26.645   324 19138 E mm-camera: mct_pipeline_process_set:command=800000e
12-11 10:27:26.646   324 19138 E mm-camera: mct_pipeline_process_set:command=800000e
12-11 10:27:26.646   324 19138 E mm-camera: mct_pipeline_process_set:command=800000e
12-11 10:27:26.646   324 19138 E mm-camera: mct_pipeline_process_set:command=800000e
12-11 10:27:26.649 19097 19097 D TFA9890 : [coldStartup: 661]Waiting for IC to start up
12-11 10:27:26.650 19097 19097 D TFA9890 : [coldStartup: 687]status: 0x825f, tries: 0
12-11 10:27:26.655 19097 19097 D TFA9890 : [coldStartup: 714]ready: 0x0001, tries: 0, err: 0
12-11 10:27:26.655 19097 19097 D TFA9890 : [dspPatch: 495]Loading patch file /etc/tfa98xx/coldboot.patch
12-11 10:27:26.656 19097 19097 D TFA9890 : [dspPatch: 495]Loading patch file /etc/tfa98xx/TFA9890_N1C3_2_1_1.patch
12-11 10:27:26.662   324 19138 E mm-camera: mct_pipeline_process_set:command=800000e
12-11 10:27:26.665   324 19138 E mm-camera: mct_pipeline_process_set:command=800000b
12-11 10:27:26.665   324 19138 E mm-camera: mct_pipeline_get_stream: no children
12-11 10:27:26.665   324 19138 E mm-camera: mct_pipeline_process_set:1445: Couldn't find stream
12-11 10:27:26.666 19098 19148 I chatty  : uid=1013(media) /system/bin/mediaserver expire 3 lines
12-11 10:27:26.668 19098 19149 I chatty  : uid=1013(media) /system/bin/mediaserver expire 2 lines
12-11 10:27:26.675   324 19147 E mm-camera-sensor: module_sensor_stop_session:671 session 1
12-11 10:27:26.689   324 19154 E mm-camera: gyro_module_stop_session: Enter
12-11 10:27:26.689   324 19154 E mm-camera: gyro_port_deinit: Deinit DSPS
12-11 10:27:26.690   324 19154 E mm-camera: gyro_port_deinit: DSPS deinited
12-11 10:27:26.690   324 19154 E mm-camera: gyro_module_stop_session: Exit successful
12-11 10:27:26.691   324 19155 E mm-camera: c2d_module_stop_session:312, info: stopping session 1 ...
12-11 10:27:26.692   324 19132 E mm-camera: c2d_thread_process_pipe_message:697, C2D_THREAD_MSG_ABORT: c2d_thread exiting..
12-11 10:27:26.692   324 19155 E mm-camera: c2d_module_stop_session:354, info: session 1 stopped.
12-11 10:27:26.693   324 19156 E mm-camera: Session id 0x1 stopped
12-11 10:27:26.773   324 19135 E mm-camera-sensor: ois_actuator_init:389 exit
12-11 10:27:26.831   324 19136 E mm-camera-sensor: Got some events
12-11 10:27:26.831   324 19136 E mm-camera-sensor: sensor_thread_func:152 sensor_thread_func:Sensor thread is exiting
12-11 10:27:26.837   324 19169 E mm-camera-sensor: module_sensor_start_session:605 session 2
12-11 10:27:26.840   324 19171 E mm-camera: isp_tintless_open: E: b4b46ed1
12-11 10:27:26.842   324 19171 E mm-camera: isp_tintless_get_version: lib returned version 3.61 err=0
12-11 10:27:26.842   324 19172 E mm-camera-CORE: af_single_if_link: Link success! 
12-11 10:27:26.843   324 19172 E mm-camera: gyro_module_start_session: Enter
12-11 10:27:26.843   324 19172 E mm-camera: gyro_port_init: Init DSPS
12-11 10:27:26.843   324 19172 E mm-camera: gyro_port_init: DSPS inited
12-11 10:27:26.843   324 19174 E mm-camera: Session id 0x2 started
12-11 10:27:26.844   324 19172 E mm-camera: gyro_module_start_session: Exit successful
12-11 10:27:26.844   324 19172 E mm-camera: gyro_module_get_port: Exit successful
12-11 10:27:26.847   324 19169 E mm-camera-sensor: sensor_set_position:1310 Position ID: 1
12-11 10:27:26.847   324 19169 E mm-camera-sensor: sensor_set_mode:1341 Sensor Mode ID: 1
12-11 10:27:26.847   324 19169 E mm-camera-sensor: eeprom_load_library:674 eeprom_load_library lib_name libmmcamera_ov8865_eeprom.so
12-11 10:27:26.847   324 19169 E mm-camera-sensor: eeprom_load_library:695 e_ctrl->eeprom_lib.func_tbl =0xb6e53004
12-11 10:27:26.877 19097 19097 D TFA9890 : using speaker /etc/tfa98xx/shenqi.speaker
12-11 10:27:26.878 19097 19097 D TFA9890 : [init: 698]DSP already calibrated. Calibration skipped and previous calibration results loaded from MTP.
12-11 10:27:26.894   324 19173 E mm-camera: c2d_module_start_session:227, info: starting session 2
12-11 10:27:26.895   324 19173 E mm-camera: c2d_module_start_session:274, info: c2d_thread created.
12-11 10:27:26.895   324 19184 E mm-camera: c2d_thread_func:41: c2d_thread entering the polling loop...
12-11 10:27:26.897   324 19173 E mm-camera: c2d_module_start_session:296, info: session 2 started.
12-11 10:27:26.923 19097 19097 D TFA9890 : [setConfig: 122]using config /etc/tfa98xx/TFA9890_N1B12_N1C3_v2.config
12-11 10:27:26.941   324 19169 E mm-camera-sensor: module_sensor_start_session:646 failed
12-11 10:27:26.941   324 19169 E mm-camera-sensor: module_sensor_start_session:652 failed
12-11 10:27:26.942   324   324 E mm-camera-sensor: module_sensor_query_mod:3701 led flash is not supported for this sensor.
12-11 10:27:26.943 19097 19097 D TFA9890 : [setPreset: 333]using preset /etc/tfa98xx/shenqi_music.preset
12-11 10:27:26.943   324 19189 E mm-camera-sensor: module_sensor_query_mod:3701 led flash is not supported for this sensor.
12-11 10:27:26.947   324 19189 E mm-camera: mct_pipeline_process_set:command=800000e
12-11 10:27:26.954   324 19189 E mm-camera: mct_pipeline_process_set:command=800000b
12-11 10:27:26.955   324 19189 E mm-camera: mct_pipeline_get_stream: no children
12-11 10:27:26.955   324 19189 E mm-camera: mct_pipeline_process_set:1445: Couldn't find stream
12-11 10:27:26.956   324 19196 E mm-camera-sensor: module_sensor_stop_session:671 session 2
12-11 10:27:26.960 19097 19097 D TFA9890 : [setEQ: 443]using EQ /etc/tfa98xx/shenqi_music.eq
12-11 10:27:26.965 19097 19097 D TFA9890 : [setEQ: 466]Loaded biquad 1
12-11 10:27:26.970 19097 19097 D TFA9890 : [setEQ: 473]Disabled biquad 2
12-11 10:27:26.972   324 19199 E mm-camera: gyro_module_stop_session: Enter
12-11 10:27:26.972   324 19199 E mm-camera: gyro_port_deinit: Deinit DSPS
12-11 10:27:26.972   324 19201 E mm-camera: Session id 0x2 stopped
12-11 10:27:26.973   324 19199 E mm-camera: gyro_port_deinit: DSPS deinited
12-11 10:27:26.973   324 19199 E mm-camera: gyro_module_stop_session: Exit successful
12-11 10:27:26.973   324 19200 E mm-camera: c2d_module_stop_session:312, info: stopping session 2 ...
12-11 10:27:26.973   324 19184 E mm-camera: c2d_thread_process_pipe_message:697, C2D_THREAD_MSG_ABORT: c2d_thread exiting..
12-11 10:27:26.973   324 19200 E mm-camera: c2d_module_stop_session:354, info: session 2 stopped.
12-11 10:27:26.976 19097 19097 D TFA9890 : [setEQ: 473]Disabled biquad 3
12-11 10:27:26.983 19097 19097 D TFA9890 : [setEQ: 473]Disabled biquad 4
12-11 10:27:26.988 19097 19097 D TFA9890 : [setEQ: 473]Disabled biquad 5
12-11 10:27:26.993 19097 19097 D TFA9890 : [setEQ: 473]Disabled biquad 6
12-11 10:27:26.998   324 19188 E mm-camera-sensor: Got some events
12-11 10:27:26.998   324 19188 E mm-camera-sensor: sensor_thread_func:152 sensor_thread_func:Sensor thread is exiting
12-11 10:27:26.999 19097 19097 D TFA9890 : [setEQ: 473]Disabled biquad 7
12-11 10:27:27.005 19097 19097 D TFA9890 : [setEQ: 473]Disabled biquad 8
12-11 10:27:27.010 19097 19097 D TFA9890 : [setEQ: 473]Disabled biquad 9
12-11 10:27:27.016 19097 19097 D TFA9890 : [setEQ: 466]Loaded biquad 10
12-11 10:27:27.016 19097 19097 D TFA9890 : [setEQ: 477]error parsing file, line 11
12-11 10:27:27.019 19097 19097 D TFA9890 : [waitCalibration: 92]waiting for TFA98XX_MTP, tries: 0
12-11 10:27:27.025 19097 19097 D TFA9890 : [init: 714]Calibration value is 6.46 ohm
12-11 10:27:27.028 19097 19097 D TFA9890 : [init: 725]Calibration TFA98XX_NOMINAL_IMPEDANCE:6.50 ohm
12-11 10:27:27.028 19097 19097 D TFA9890 : [init: 726]Calibration TFA98XX_NOMINAL_IMPEDANCE_MIN:5.20 ohm TFA98XX_NOMINAL_IMPEDANCE_MAX:7.80
12-11 10:27:27.065 19096 19096 D XposedStartupMarker: Current time: 1512988047, PID: 19096
12-11 10:27:27.066 19096 19096 I Xposed  : -----------------
12-11 10:27:27.066 19096 19096 I Xposed  : Starting Xposed version 88.2, compiled for SDK 25
12-11 10:27:27.066 19096 19096 I Xposed  : Device: ZUK Z1 (ZUK), Android version 7.1.2 (SDK 25)
12-11 10:27:27.066 19096 19096 I Xposed  : ROM: ham-userdebug 7.1.2 NJH47F 836c073dd6 release-keys
12-11 10:27:27.066 19096 19096 I Xposed  : Build fingerprint: ZUK/ham/Z1:5.1.1/LMY49J/YOG4PAS9IG:user/release-keys
12-11 10:27:27.066 19096 19096 I Xposed  : Platform: armeabi-v7a, 32-bit binary, system server: yes
12-11 10:27:27.066 19096 19096 I Xposed  : SELinux enabled: yes, enforcing: yes
12-11 10:27:27.071 19097 19097 D TFA9890 : [init: 739]current calibration tCoefA: 0.003150
12-11 10:27:27.074 19097 19097 I TFA9890 : init init ok
12-11 10:27:27.074 19097 19097 I TFA9890 : init -
12-11 10:27:27.074 19097 19097 D TFA9890 : [audio_smartpa_enable_clk: 181]To DISABLE_MI2S_CLK
12-11 10:27:27.066 19096 19096 W zygote  : type=1400 audit(0.0:49): avc: denied { read } for name="input" dev="tmpfs" ino=7128 scontext=u:r:zygote:s0 tcontext=u:object_r:input_device:s0 tclass=dir permissive=0
12-11 10:27:27.077 19096 19096 I Xposed  : -----------------
12-11 10:27:27.077 19096 19096 I Xposed  : Added Xposed (/system/framework/XposedBridge.jar) to CLASSPATH
12-11 10:27:27.077 19096 19096 D AndroidRuntime: >>>>>> START de.robv.android.xposed.XposedBridge uid 0 <<<<<<
12-11 10:27:27.077 19097 19097 D audio_hw_primary: select_devices: out_snd_device(2: speaker) in_snd_device(0: )
12-11 10:27:27.077 19097 19097 W msm8974_platform: Codec backend bitwidth 16, samplerate 48000
12-11 10:27:27.077 19097 19097 D hardware_info: hw_info_append_hw_type : device_name = speaker
12-11 10:27:27.077 19097 19097 I msm8974_platform: platform_send_audio_calibration: sending audio calibration for snd_device(2) acdb_id(14)
12-11 10:27:27.077 19097 19097 D ACDB-LOADER: ACDB -> send_audio_cal, acdb_id = 14, path =  0
12-11 10:27:27.077 19097 19097 D ACDB-LOADER: ACDB -> send_adm_topology
12-11 10:27:27.077 19097 19097 D ACDB-LOADER: ACDB -> ACDB_CMD_GET_AUDPROC_COMMON_TOPOLOGY_ID
12-11 10:27:27.078 19097 19097 D ACDB-LOADER: ACDB -> send_asm_topology
12-11 10:27:27.078 19097 19097 D ACDB-LOADER: ACDB -> ACDB_CMD_GET_AUDPROC_STREAM_TOPOLOGY_ID
12-11 10:27:27.078 19097 19097 D ACDB-LOADER: ACDB -> send_audtable
12-11 10:27:27.078 19097 19097 D ACDB-LOADER: ACDB -> ACDB_CMD_GET_AUDPROC_COMMON_TABLE
12-11 10:27:27.078 19097 19097 D ACDB-LOADER: ACDB -> AUDIO_SET_AUDPROC_CAL
12-11 10:27:27.078 19097 19097 D ACDB-LOADER: ACDB -> send_audvoltable
12-11 10:27:27.078 19097 19097 D ACDB-LOADER: ACDB -> ACDB_CMD_GET_AUDPROC_GAIN_DEP_STEP_TABLE
12-11 10:27:27.078 19097 19097 D         : Failed to fetch the lookup information of the device 0000000E 
12-11 10:27:27.078 19097 19097 E ACDB-LOADER: Error: ACDB AudProc vol returned = -19
12-11 10:27:27.078 19097 19097 D ACDB-LOADER: ACDB -> AUDIO_SET_AUDPROC_VOL_CAL
12-11 10:27:27.078 19097 19097 D ACDB-LOADER: ACDB -> send_afe_cal
12-11 10:27:27.078 19097 19097 D ACDB-LOADER: ACDB -> ACDB_CMD_GET_AFE_COMMON_TABLE
12-11 10:27:27.078 19097 19097 D ACDB-LOADER: ACDB -> AUDIO_SET_AFE_CAL
12-11 10:27:27.078 19097 19097 D TFA9890 : [audio_smartpa_enable: 148]audio_smartpa_enable = 1
12-11 10:27:27.078 19097 19097 D TFA9890 : [audio_smartpa_enable_clk: 174]To ENABLE_MI2S_CLK
12-11 10:27:27.066 19214 19214 W zygote  : type=1400 audit(0.0:50): avc: denied { sys_resource } for capability=24 scontext=u:r:untrusted_app:s0:c512,c768 tcontext=u:r:untrusted_app:s0:c512,c768 tclass=capability permissive=0
12-11 10:27:27.066 19215 19215 W zygote  : type=1400 audit(0.0:51): avc: denied { setuid } for capability=7 scontext=u:r:untrusted_app:s0:c512,c768 tcontext=u:r:untrusted_app:s0:c512,c768 tclass=capability permissive=0
12-11 10:27:27.085 19096 19096 D AndroidRuntime: CheckJNI is OFF
12-11 10:27:27.086 19096 19096 E cutils-trace: Error opening trace file: No such file or directory (2)
12-11 10:27:27.086 19096 19096 I art     : option[0]=-Xzygote
12-11 10:27:27.086 19096 19096 I art     : option[1]=-Xstacktracefile:/data/anr/traces.txt
12-11 10:27:27.086 19096 19096 I art     : option[2]=exit
12-11 10:27:27.086 19096 19096 I art     : option[3]=vfprintf
12-11 10:27:27.086 19096 19096 I art     : option[4]=sensitiveThread
12-11 10:27:27.086 19096 19096 I art     : option[5]=-verbose:gc
12-11 10:27:27.086 19096 19096 I art     : option[6]=-Xms8m
12-11 10:27:27.086 19096 19096 I art     : option[7]=-Xmx768m
12-11 10:27:27.086 19096 19096 I art     : option[8]=-XX:HeapGrowthLimit=288m
12-11 10:27:27.086 19096 19096 I art     : option[9]=-XX:HeapMinFree=512k
12-11 10:27:27.086 19096 19096 I art     : option[10]=-XX:HeapMaxFree=8m
12-11 10:27:27.086 19096 19096 I art     : option[11]=-XX:HeapTargetUtilization=0.75
12-11 10:27:27.086 19096 19096 I art     : option[12]=-Xusejit:true
12-11 10:27:27.086 19096 19096 I art     : option[13]=-Xjitsaveprofilinginfo
12-11 10:27:27.086 19096 19096 I art     : option[14]=-agentlib:jdwp=transport=dt_android_adb,suspend=n,server=y
12-11 10:27:27.086 19096 19096 I art     : option[15]=-Xlockprofthreshold:500
12-11 10:27:27.086 19096 19096 I art     : option[16]=-Ximage-compiler-option
12-11 10:27:27.087 19096 19096 I art     : option[17]=--runtime-arg
12-11 10:27:27.087 19096 19096 I art     : option[18]=-Ximage-compiler-option
12-11 10:27:27.087 19096 19096 I art     : option[19]=-Xms64m
12-11 10:27:27.087 19096 19096 I art     : option[20]=-Ximage-compiler-option
12-11 10:27:27.087 19096 19096 I art     : option[21]=--runtime-arg
12-11 10:27:27.087 19096 19096 I art     : option[22]=-Ximage-compiler-option
12-11 10:27:27.087 19096 19096 I art     : option[23]=-Xmx64m
12-11 10:27:27.087 19096 19096 I art     : option[24]=-Ximage-compiler-option
12-11 10:27:27.087 19096 19096 I art     : option[25]=--image-classes=/system/etc/preloaded-classes
12-11 10:27:27.087 19096 19096 I art     : option[26]=-Ximage-compiler-option
12-11 10:27:27.087 19096 19096 I art     : option[27]=--compiled-classes=/system/etc/compiled-classes
12-11 10:27:27.087 19096 19096 I art     : option[28]=-Xcompiler-option
12-11 10:27:27.087 19096 19096 I art     : option[29]=--runtime-arg
12-11 10:27:27.087 19096 19096 I art     : option[30]=-Xcompiler-option
12-11 10:27:27.087 19096 19096 I art     : option[31]=-Xms64m
12-11 10:27:27.087 19096 19096 I art     : option[32]=-Xcompiler-option
12-11 10:27:27.087 19096 19096 I art     : option[33]=--runtime-arg
12-11 10:27:27.087 19097 19097 D TFA9890 : [tfa9890_SpeakerOn: 1019]+
12-11 10:27:27.087 19096 19096 I art     : option[34]=-Xcompiler-option
12-11 10:27:27.087 19096 19096 I art     : option[35]=-Xmx512m
12-11 10:27:27.087 19096 19096 I art     : option[36]=-Ximage-compiler-option
12-11 10:27:27.087 19096 19096 I art     : option[37]=--instruction-set-variant=krait
12-11 10:27:27.088 19096 19096 I art     : option[38]=-Xcompiler-option
12-11 10:27:27.088 19096 19096 I art     : option[39]=--instruction-set-variant=krait
12-11 10:27:27.088 19096 19096 I art     : option[40]=-Ximage-compiler-option
12-11 10:27:27.088 19096 19096 I art     : option[41]=--instruction-set-features=default
12-11 10:27:27.088 19096 19096 I art     : option[42]=-Xcompiler-option
12-11 10:27:27.088 19096 19096 I art     : option[43]=--instruction-set-features=default
12-11 10:27:27.088 19096 19096 I art     : option[44]=-Duser.locale=zh-Hans-CN
12-11 10:27:27.088 19097 19097 I TFA9890 : tfa9890_SpeakerOn sRate = 48000
12-11 10:27:27.088 19096 19096 I art     : option[45]=--cpu-abilist=armeabi-v7a,armeabi
12-11 10:27:27.088 19096 19096 I art     : option[46]=-Xfingerprint:ZUK/ham/Z1:5.1.1/LMY49J/YOG4PAS9IG:user/release-keys
12-11 10:27:27.089 19097 19097 D TFA9890 : [tfa9890_SpeakerOn: 1098]tfa9890_SpeakerOn : 1098 : err = 0x00000000 tries = 1
12-11 10:27:27.091 19097 19097 D TFA9890 : [tfa9890_SpeakerOn: 1103]tfa9890_SpeakerOn: 1103:err = 0x00000000 status val:0xd05f mtp val:0x0003
12-11 10:27:27.093 19097 19097 D TFA9890 : [tfa9890_SpeakerOn: 1124]-
12-11 10:27:27.093 19097 19097 I TFA9890 : tfa9890_EQset mode: 0 -> 0+
12-11 10:27:27.093 19097 19097 I TFA9890 : [tfa9890_EQset] the same mode return.
12-11 10:27:27.093 19097 19097 I TFA9890 : tfa9890_EQset -
12-11 10:27:27.094 19097 19097 D audio_hw_primary: select_devices: done
12-11 10:27:27.095 19097 19097 D hardware_info: hw_info_append_hw_type : device_name = speaker
12-11 10:27:27.095 19097 19097 D TFA9890 : [audio_smartpa_enable: 148]audio_smartpa_enable = 0
12-11 10:27:27.095 19097 19097 D TFA9890 : [tfa9890_SpeakerOff: 1129]+
12-11 10:27:27.116 19096 19096 W zygote  : type=1400 audit(0.0:52): avc: denied { search } for name="/" dev="mmcblk0p12" ino=2 scontext=u:r:zygote:s0 tcontext=u:object_r:oemfs:s0 tclass=dir permissive=0
12-11 10:27:27.137 19097 19097 D TFA9890 : muteAmplifier: 242:err = 0x00000000 status = 0xc05f tries = 19
12-11 10:27:27.138 19097 19097 D TFA9890 : [tfa9890_SpeakerOff: 1152]-
12-11 10:27:27.138 19097 19097 D TFA9890 : [audio_smartpa_enable_clk: 181]To DISABLE_MI2S_CLK
12-11 10:27:27.141 19097 19097 D audio_hw_primary: select_devices: out_snd_device(2: speaker) in_snd_device(0: )
12-11 10:27:27.141 19097 19097 W msm8974_platform: Codec backend bitwidth 16, samplerate 48000
12-11 10:27:27.141 19097 19097 D hardware_info: hw_info_append_hw_type : device_name = speaker
12-11 10:27:27.141 19097 19097 I msm8974_platform: platform_send_audio_calibration: sending audio calibration for snd_device(2) acdb_id(14)
12-11 10:27:27.141 19097 19097 D ACDB-LOADER: ACDB -> send_audio_cal, acdb_id = 14, path =  0
12-11 10:27:27.141 19097 19097 D ACDB-LOADER: ACDB -> send_adm_topology
12-11 10:27:27.142 19097 19097 D ACDB-LOADER: ACDB -> ACDB_CMD_GET_AUDPROC_COMMON_TOPOLOGY_ID
12-11 10:27:27.142 19097 19097 D ACDB-LOADER: ACDB -> send_asm_topology
12-11 10:27:27.142 19097 19097 D ACDB-LOADER: ACDB -> ACDB_CMD_GET_AUDPROC_STREAM_TOPOLOGY_ID
12-11 10:27:27.142 19097 19097 D ACDB-LOADER: ACDB -> send_audtable
12-11 10:27:27.142 19097 19097 D ACDB-LOADER: ACDB -> ACDB_CMD_GET_AUDPROC_COMMON_TABLE
12-11 10:27:27.142 19097 19097 D ACDB-LOADER: ACDB -> AUDIO_SET_AUDPROC_CAL
12-11 10:27:27.142 19097 19097 D ACDB-LOADER: ACDB -> send_audvoltable
12-11 10:27:27.142 19097 19097 D ACDB-LOADER: ACDB -> ACDB_CMD_GET_AUDPROC_GAIN_DEP_STEP_TABLE
12-11 10:27:27.142 19097 19097 D         : Failed to fetch the lookup information of the device 0000000E 
12-11 10:27:27.142 19097 19097 E ACDB-LOADER: Error: ACDB AudProc vol returned = -19
12-11 10:27:27.142 19097 19097 D ACDB-LOADER: ACDB -> AUDIO_SET_AUDPROC_VOL_CAL
12-11 10:27:27.142 19097 19097 D ACDB-LOADER: ACDB -> send_afe_cal
12-11 10:27:27.142 19097 19097 D ACDB-LOADER: ACDB -> ACDB_CMD_GET_AFE_COMMON_TABLE
12-11 10:27:27.142 19097 19097 D ACDB-LOADER: ACDB -> AUDIO_SET_AFE_CAL
12-11 10:27:27.142 19097 19097 D TFA9890 : [audio_smartpa_enable: 148]audio_smartpa_enable = 1
12-11 10:27:27.142 19097 19097 D TFA9890 : [audio_smartpa_enable_clk: 174]To ENABLE_MI2S_CLK
12-11 10:27:27.149 19097 19097 D TFA9890 : [tfa9890_SpeakerOn: 1019]+
12-11 10:27:27.150 19097 19097 I TFA9890 : tfa9890_SpeakerOn sRate = 48000
12-11 10:27:27.153 19097 19097 D TFA9890 : [tfa9890_SpeakerOn: 1098]tfa9890_SpeakerOn : 1098 : err = 0x00000000 tries = 1
12-11 10:27:27.154 19097 19097 D TFA9890 : [tfa9890_SpeakerOn: 1103]tfa9890_SpeakerOn: 1103:err = 0x00000000 status val:0xc25f mtp val:0x0003
12-11 10:27:27.156 19097 19097 D TFA9890 : [tfa9890_SpeakerOn: 1124]-
12-11 10:27:27.156 19097 19097 I TFA9890 : tfa9890_EQset mode: 0 -> 0+
12-11 10:27:27.156 19097 19097 I TFA9890 : [tfa9890_EQset] the same mode return.
12-11 10:27:27.156 19097 19097 I TFA9890 : tfa9890_EQset -
12-11 10:27:27.157 19097 19097 D audio_hw_primary: select_devices: done
12-11 10:27:27.159 19097 19097 D hardware_info: hw_info_append_hw_type : device_name = speaker
12-11 10:27:27.159 19097 19097 D TFA9890 : [audio_smartpa_enable: 148]audio_smartpa_enable = 0
12-11 10:27:27.159 19097 19097 D TFA9890 : [tfa9890_SpeakerOff: 1129]+
12-11 10:27:27.178 19096 19096 D ICU     : No timezone override file found: /data/misc/zoneinfo/current/icu/icu_tzdata.dat
12-11 10:27:27.203 19096 19096 I Xposed  : Detected ART runtime
12-11 10:27:27.204 19097 19097 D TFA9890 : muteAmplifier: 242:err = 0x00000000 status = 0xc05f tries = 23
12-11 10:27:27.205 19097 19097 D TFA9890 : [tfa9890_SpeakerOff: 1152]-
12-11 10:27:27.205 19097 19097 D TFA9890 : [audio_smartpa_enable_clk: 181]To DISABLE_MI2S_CLK
12-11 10:27:27.207 19096 19096 I Xposed  : Found Xposed class 'de/robv/android/xposed/XposedBridge', now initializing
12-11 10:27:27.209 19097 19097 D compress_voip: voice_extn_dedicated_voip_device_prop_check: Using dedicated path for VoIP
12-11 10:27:27.209 19097 19097 D audio_hw_primary: select_devices: out_snd_device(0: ) in_snd_device(77: handset-mic)
12-11 10:27:27.209 19097 19097 D hardware_info: hw_info_append_hw_type : device_name = handset-mic
12-11 10:27:27.209 19097 19097 I msm8974_platform: platform_send_audio_calibration: sending audio calibration for snd_device(77) acdb_id(108)
12-11 10:27:27.209 19097 19097 D ACDB-LOADER: ACDB -> send_audio_cal, acdb_id = 108, path =  1
12-11 10:27:27.209 19097 19097 D ACDB-LOADER: ACDB -> send_adm_topology
12-11 10:27:27.209 19097 19097 D ACDB-LOADER: ACDB -> ACDB_CMD_GET_AUDPROC_COMMON_TOPOLOGY_ID
12-11 10:27:27.209 19097 19097 D ACDB-LOADER: ACDB -> send_asm_topology
12-11 10:27:27.209 19097 19097 D ACDB-LOADER: ACDB -> ACDB_CMD_GET_AUDPROC_STREAM_TOPOLOGY_ID
12-11 10:27:27.209 19097 19097 D ACDB-LOADER: ACDB -> send_audtable
12-11 10:27:27.209 19097 19097 D ACDB-LOADER: ACDB -> ACDB_CMD_GET_AUDPROC_COMMON_TABLE
12-11 10:27:27.209 19097 19097 D ACDB-LOADER: ACDB -> AUDIO_SET_AUDPROC_CAL
12-11 10:27:27.209 19097 19097 D ACDB-LOADER: ACDB -> send_audvoltable
12-11 10:27:27.209 19097 19097 D ACDB-LOADER: ACDB -> ACDB_CMD_GET_AUDPROC_GAIN_DEP_STEP_TABLE
12-11 10:27:27.209 19097 19097 D         : Failed to fetch the lookup information of the device 0000006C 
12-11 10:27:27.209 19097 19097 E ACDB-LOADER: Error: ACDB AudProc vol returned = -19
12-11 10:27:27.209 19097 19097 D ACDB-LOADER: ACDB -> AUDIO_SET_AUDPROC_VOL_CAL
12-11 10:27:27.209 19097 19097 D ACDB-LOADER: ACDB -> AUDIO_SET_AFE_CAL
12-11 10:27:27.213 19097 19097 D audio_hw_primary: select_devices: done
12-11 10:27:27.215 19097 19097 D hardware_info: hw_info_append_hw_type : device_name = handset-mic
12-11 10:27:27.217 19097 19097 D compress_voip: voice_extn_dedicated_voip_device_prop_check: Using dedicated path for VoIP
12-11 10:27:27.217 19097 19097 D audio_hw_primary: select_devices: out_snd_device(0: ) in_snd_device(77: handset-mic)
12-11 10:27:27.217 19097 19097 D hardware_info: hw_info_append_hw_type : device_name = handset-mic
12-11 10:27:27.217 19097 19097 I msm8974_platform: platform_send_audio_calibration: sending audio calibration for snd_device(77) acdb_id(108)
12-11 10:27:27.217 19097 19097 D ACDB-LOADER: ACDB -> send_audio_cal, acdb_id = 108, path =  1
12-11 10:27:27.217 19097 19097 D ACDB-LOADER: ACDB -> send_adm_topology
12-11 10:27:27.217 19097 19097 D ACDB-LOADER: ACDB -> ACDB_CMD_GET_AUDPROC_COMMON_TOPOLOGY_ID
12-11 10:27:27.217 19097 19097 D ACDB-LOADER: ACDB -> send_asm_topology
12-11 10:27:27.217 19097 19097 D ACDB-LOADER: ACDB -> ACDB_CMD_GET_AUDPROC_STREAM_TOPOLOGY_ID
12-11 10:27:27.217 19097 19097 D ACDB-LOADER: ACDB -> send_audtable
12-11 10:27:27.217 19097 19097 D ACDB-LOADER: ACDB -> ACDB_CMD_GET_AUDPROC_COMMON_TABLE
12-11 10:27:27.217 19097 19097 D ACDB-LOADER: ACDB -> AUDIO_SET_AUDPROC_CAL
12-11 10:27:27.217 19097 19097 D ACDB-LOADER: ACDB -> send_audvoltable
12-11 10:27:27.217 19097 19097 D ACDB-LOADER: ACDB -> ACDB_CMD_GET_AUDPROC_GAIN_DEP_STEP_TABLE
12-11 10:27:27.217 19097 19097 D         : Failed to fetch the lookup information of the device 0000006C 
12-11 10:27:27.217 19097 19097 E ACDB-LOADER: Error: ACDB AudProc vol returned = -19
12-11 10:27:27.217 19097 19097 D ACDB-LOADER: ACDB -> AUDIO_SET_AUDPROC_VOL_CAL
12-11 10:27:27.217 19097 19097 D ACDB-LOADER: ACDB -> AUDIO_SET_AFE_CAL
12-11 10:27:27.227 19097 19097 D audio_hw_primary: select_devices: done
12-11 10:27:27.229 19097 19097 D hardware_info: hw_info_append_hw_type : device_name = handset-mic
12-11 10:27:27.232 19097 19097 I AudioFlinger: loadHwModule() Loaded primary audio interface from QCOM Audio HAL (audio) handle 10
12-11 10:27:27.232 19097 19097 I AudioFlinger: openOutput(), module 10 Device 2, SamplingRate 48000, Format 0x000001, Channels 3, flags 6
12-11 10:27:27.232 19097 19097 D audio_hw_primary: adev_open_output_stream: enter: sample_rate(48000) channel_mask(0x3) devices(0x2) flags(0x6)        stream_handle(0xb61cb500)
12-11 10:27:27.232 19097 19097 D audio_hw_primary: adev_open_output_stream: Stream (0xb61cb500) picks up usecase (low-latency-playback)
12-11 10:27:27.232 19097 19097 I AudioFlinger: HAL output buffer size 192 frames, normal sink buffer size 960 frames
