12-12 22:03:42.350 17355 19800 D ActivityManager: cleanUpApplicationRecord -- 21953
12-12 22:03:42.376 17355 19793 I ActivityManager: Killing 20400:com.tencent.mobileqq/u0a11 (adj 906): empty #17
12-12 22:03:42.386 17355 17661 D ActivityManager: cleanUpApplicationRecord -- 20400
12-12 22:03:42.508 17355 19792 I ActivityManager: Start proc 23210:com.resurrection.ota/u0a62 for broadcast com.resurrection.ota/com.commonsware.cwac.wakeful.AlarmReceiver
12-12 22:03:42.660 17355 17371 E AlarmManager: RTC Alarm: 2 null com.resurrection.ota com.resurrection.ota/com.commonsware.cwac.wakeful.AlarmReceiver
12-12 22:03:42.684 17355 18443 I ActivityManager: Start proc 23228:com.topjohnwu.magisk/u0a68 for broadcast com.topjohnwu.magisk/.receivers.BootReceiver
12-12 22:03:42.687 17355 18443 I ActivityManager: Killing 22218:com.google.android.apps.plus/u0a156 (adj 906): empty #17
12-12 22:03:42.709 17355 19787 D ActivityManager: cleanUpApplicationRecord -- 22218
12-12 22:03:42.849 17355 19788 I ActivityManager: Killing 22291:com.google.android.apps.wallpaper/u0a67 (adj 906): empty #17
12-12 22:03:42.865 17355 19792 D ActivityManager: cleanUpApplicationRecord -- 22291
12-12 22:03:42.889 17355 19800 I ActivityManager: Start proc 23247:org.omnirom.omnijaws/u0a19 for broadcast org.omnirom.omnijaws/.SystemReceiver
12-12 22:03:42.993 17355 18444 I ActivityManager: Killing 22371:com.google.android.configupdater/u0a138 (adj 906): empty #17
12-12 22:03:43.000 17355 19787 D ActivityManager: cleanUpApplicationRecord -- 22371
12-12 22:03:43.114 17355 17392 I ActivityManager: Start proc 23266:com.tencent.mm:exdevice/u0a122 for broadcast com.tencent.mm/.booter.MMReceivers$ExdeviceProcessReceiver
12-12 22:03:43.267 23266 23266 E ActivityThread: Failed to find provider info for com.tencent.mm.coolassist.debugprovider
12-12 22:03:43.843 17355 19777 I ActivityManager: Start proc 23312:com.tencent.mm:push/u0a122 for broadcast com.tencent.mm/.booter.MMReceivers$BootReceiver
12-12 22:03:43.845 17355 19777 I ActivityManager: Killing 22403:com.google.android.deskclock/u0a49 (adj 906): empty #17
12-12 22:03:43.858 17355 17662 D ActivityManager: cleanUpApplicationRecord -- 22403
12-12 22:03:44.022 23312 23312 E ActivityThread: Failed to find provider info for com.tencent.mm.coolassist.debugprovider
12-12 22:03:45.455 17355 17594 D ConnectivityService: NetworkAgentInfo [MOBILE (LTE) - 102] validation failed
12-12 22:03:45.947 17355 17662 D PackageManager: Ignoring attempt to set enabled state of disabled component com.google.android.gsf/com.google.android.gsf.update.SystemUpdateActivity
12-12 22:03:45.948 17355 17370 D PackageManager: Ignoring attempt to set enabled state of disabled component com.google.android.gsf/com.google.android.gsf.update.SystemUpdateService$SecretCodeReceiver
12-12 22:03:45.949 17355 19796 D PackageManager: Ignoring attempt to set enabled state of disabled component com.google.android.gsf/com.google.android.gsf.update.SystemUpdateService$Receiver
12-12 22:03:46.314 17355 19797 I ActivityManager: Killing 22449:com.google.android.gm/u0a157 (adj 906): empty #17
12-12 22:03:46.371 17355 17391 I ActivityManager: Start proc 23365:com.android.printspooler/u0a60 for service com.android.printspooler/.model.PrintSpoolerService
12-12 22:03:46.433 17355 17392 I ActivityManager: Start proc 23379:com.android.cellbroadcastreceiver/u0a8 for broadcast com.android.cellbroadcastreceiver/.CellBroadcastReceiver
12-12 22:03:46.439 17355 19777 D ActivityManager: cleanUpApplicationRecord -- 22449
12-12 22:03:46.448 17355 19797 I ActivityManager: Killing 22524:com.google.android.gm.exchange/u0a149 (adj 906): empty #17
12-12 22:03:46.459 17355 17371 D ActivityManager: cleanUpApplicationRecord -- 22524
12-12 22:03:46.605 17355 19777 I ActivityManager: Killing 22162:com.google.android.apps.photos/u0a169 (adj 906): empty #17
12-12 22:03:46.635 17355 19777 I ActivityManager: Start proc 23399:com.android.settings/1000 for broadcast com.android.settings/.sim.SimSelectNotification
12-12 22:03:46.636 17355 19789 D ActivityManager: cleanUpApplicationRecord -- 22162
12-12 22:03:46.801 17355 19777 I ActivityManager: Killing 22547:com.google.android.googlequicksearchbox/u0a144 (adj 906): empty #17
12-12 22:03:46.846 17355 19799 D ActivityManager: cleanUpApplicationRecord -- 22547
12-12 22:03:47.032 17355 17392 I ActivityManager: Waited long enough for: ServiceRecord{91158a0 u0 com.google.android.calendar/.alerts.InitAlarmsService}
12-12 22:03:47.089 17355 19789 I ActivityManager: Start proc 23417:com.tencent.mm/u0a122 for broadcast com.tencent.mm/.booter.MountReceiver
12-12 22:03:47.279 17355 19800 I ActivityManager: Start proc 23434:com.tencent.mm:recovery/u0a122 for service com.tencent.mm/com.tencent.recovery.service.RecoveryReportService
12-12 22:03:47.314 23417 23417 E ActivityThread: Failed to find provider info for com.tencent.mm.coolassist.debugprovider
12-12 22:03:47.569 23434 23434 E ActivityThread: Failed to find provider info for com.tencent.mm.coolassist.debugprovider
12-12 22:03:47.589 17355 19800 E AlarmManager: RTC Alarm: 0 null com.tencent.mm com.tencent.mm/com.tencent.recovery.service.RecoveryReportService
12-12 22:03:47.598 17355 19777 I ActivityManager: Killing 22587:com.android.chrome/u0a151 (adj 906): empty #17
12-12 22:03:47.607 17355 19796 D ActivityManager: cleanUpApplicationRecord -- 22587
12-12 22:03:47.838 17355 17370 E AlarmManager: RTC Alarm: 2 null com.tencent.mm ALARM_ACTION(23417)
12-12 22:03:48.322 17355 18444 I LockSettingsService: Unlocking user 0 with token length 69
12-12 22:03:48.324 17355 18444 W ActivityManager: Expected user 0 in state RUNNING_LOCKED but was in state RUNNING_UNLOCKED
12-12 22:03:48.448 17355 17355 I ActivityManager: Start proc 23508:org.cyanogenmod.profiles/u0a58 for service org.cyanogenmod.profiles/.ProfilesTrustAgent
12-12 22:03:48.627 17355 17594 D ConnectivityService: NetworkAgentInfo [WIFI () - 101] validation failed
12-12 22:03:48.638 17355 18792 W BroadcastQueue: Permission Denial: broadcasting Intent { act=android.intent.action.MEDIA_SCANNER_STARTED dat=file:///storage/emulated/0 flg=0x10 } from com.android.providers.downloads (pid=19704, uid=10009) is not exported from uid 10011 due to receiver com.tencent.mobileqq/.msf.core.NetConnInfoCenter
12-12 22:03:48.639 17355 18792 I ActivityManager: Killing 22603:com.google.android.apps.nexuslauncher/u0a57 (adj 906): empty #17
12-12 22:03:48.684 17355 17392 I ActivityManager: Start proc 23535:android.romstats/u0a61 for broadcast android.romstats/.ReportingServiceManager
12-12 22:03:48.685 17355 19788 D ActivityManager: cleanUpApplicationRecord -- 22603
12-12 22:03:48.945 17355 19792 I ActivityManager: Killing 22690:com.google.android.gms.ui/u0a132 (adj 906): empty #17
12-12 22:03:48.956 17355 17662 D ActivityManager: cleanUpApplicationRecord -- 22690
12-12 22:03:49.212 17355 18444 I ActivityManager: Start proc 23554:com.iflytek.inputmethod.smartisan/u0a119 for service com.iflytek.inputmethod.smartisan/com.iflytek.inputmethod.FlyIME
12-12 22:03:49.212 17355 18444 V InputMethodManagerService: Adding window token: android.os.Binder@d609435
12-12 22:03:49.238 17355 19792 I ActivityManager: Setting hasTopUi=false for pid=17641
12-12 22:03:49.321 17355 17662 I ActivityManager: Start proc 23574:com.taobao.taobao:channel/u0a100 for broadcast com.taobao.taobao/com.taobao.accs.EventReceiver
12-12 22:03:49.340 17355 17662 I ActivityManager: Killing 22636:com.google.android.keep/u0a160 (adj 906): empty #17
12-12 22:03:49.364 17355 19796 D ActivityManager: cleanUpApplicationRecord -- 22636
12-12 22:03:49.656 17355 19799 W ActivityManager: Permission Denial: opening provider com.android.providers.contacts.ContactsProvider2 from ProcessRecord{46c14ed 23554:com.iflytek.inputmethod.smartisan/u0a119} (pid=23554, uid=10119) requires android.permission.READ_CONTACTS or android.permission.WRITE_CONTACTS
12-12 22:03:49.994 17355 19797 I ActivityManager: START u0 {act=android.intent.action.MAIN cat=[android.intent.category.LAUNCHER] flg=0x10200000 cmp=com.tencent.mm/.ui.LauncherUI bnds=[436,1311][645,1615] (has extras)} from uid 10117 on display 0
12-12 22:03:50.012 17355 17355 I NotificationService: cancelToast pkg=android callback=android.widget.Toast$TN@3c5f5d0
12-12 22:03:50.012 17355 17355 W NotificationService: Toast already cancelled. pkg=android callback=android.widget.Toast$TN@3c5f5d0
12-12 22:03:50.379 17355 19788 E AlarmManager: RTC Alarm: 2 null com.tencent.mm ALARM_ACTION(23312)
12-12 22:03:50.406 17355 19793 E AlarmManager: RTC Alarm: 2 null com.tencent.mm ALARM_ACTION(23312)
12-12 22:03:50.461 17355 18444 E AlarmManager: RTC Alarm: 0 null com.tencent.mm com.tencent.mm/.booter.MMReceivers$AlarmReceiver
12-12 22:03:50.464 17355 19788 W ActivityManager: Permission Denial: opening provider com.android.providers.contacts.ContactsProvider2 from ProcessRecord{c7950a9 23312:com.tencent.mm:push/u0a122} (pid=23312, uid=10122) requires android.permission.READ_CONTACTS or android.permission.WRITE_CONTACTS
12-12 22:03:50.553 17355 19796 E AlarmManager: RTC Alarm: 2 null com.tencent.mm ALARM_ACTION(23312)
12-12 22:03:50.641 17355 18443 E AlarmManager: RTC Alarm: 2 null com.tencent.mm ALARM_ACTION(23312)
12-12 22:03:50.758 17355 17370 E AlarmManager: RTC Alarm: 2 null com.tencent.mm ALARM_ACTION(23312)
12-12 22:03:50.760 17355 19788 E AlarmManager: RTC Alarm: 2 null com.tencent.mm ALARM_ACTION(23312)
12-12 22:03:50.766 17355 19800 E AlarmManager: RTC Alarm: 2 null com.tencent.mm ALARM_ACTION(23312)
12-12 22:03:51.800 17355 19777 I ActivityManager: START u0 {cmp=com.tencent.mm/.ui.account.mobile.MobileInputUI (has extras)} from uid 10122 on display 0
12-12 22:03:51.832 17355 17355 I NotificationService: cancelToast pkg=android callback=android.widget.Toast$TN@ecdf290
12-12 22:03:51.839 17355 17355 W WindowManager: Attempted to remove non-existing token: android.os.Binder@5879193
12-12 22:03:52.567 17355 19787 I ActivityManager: Start proc 23691:com.taobao.taobao:dex2oat/u0a100 for service com.taobao.taobao/com.taobao.android.runtime.Dex2OatService
12-12 22:03:53.554 17355 17661 I ActivityManager: Start proc 23750:com.taobao.taobao/u0a100 for service com.taobao.taobao/mtopsdk.xstate.XStateService
12-12 22:03:53.794 17355 19788 I ActivityManager: Killing 21254:com.android.providers.calendar/u0a4 (adj 906): empty #17
12-12 22:03:53.820 17355 19793 D ActivityManager: cleanUpApplicationRecord -- 21254
12-12 22:03:54.290 17355 18444 E AlarmManager: RTC Alarm: 2 null com.taobao.taobao com.taobao.taobao.intent.action.COCKROACH
12-12 22:03:54.348 17355 19800 I ActivityManager: Start proc 23801:com.eg.android.AlipayGphone/u0a246 for service com.eg.android.AlipayGphone/org.rome.android.ipp.binder.IppService
12-12 22:03:54.962 17355 19799 I ActivityManager: Start proc 23879:com.android.messaging/u0a69 for broadcast com.android.messaging/.receiver.DefaultSmsSubscriptionChangeReceiver
12-12 22:03:55.172 17355 18443 I ActivityManager: Process com.taobao.taobao:dex2oat (pid 23691) has died
12-12 22:03:55.172 17355 18443 D ActivityManager: cleanUpApplicationRecord -- 23691
12-12 22:03:55.172 17355 18443 W ActivityManager: Scheduling restart of crashed service com.taobao.taobao/com.taobao.android.runtime.Dex2OatService in 1000ms
12-12 22:03:55.172 17355 17394 I libprocessgroup: Killing pid 23808 in uid 10100 as part of process group 23691
12-12 22:03:55.264 17355 18444 I ActivityManager: Process com.taobao.taobao:channel (pid 23574) has died
12-12 22:03:55.264 17355 18444 D ActivityManager: cleanUpApplicationRecord -- 23574
12-12 22:03:55.264 17355 18444 W ActivityManager: Scheduling restart of crashed service com.taobao.taobao/com.taobao.accs.ChannelService in 1000ms
12-12 22:03:55.288 17355 17394 I libprocessgroup: Killing pid 23830 in uid 10100 as part of process group 23574
12-12 22:03:55.351 17355 17661 I ActivityManager: Start proc 23950:com.google.android.apps.messaging/u0a161 for broadcast com.google.android.apps.messaging/.shared.receiver.DefaultSmsSubscriptionChangeReceiver
12-12 22:03:55.354 17355 17355 W WindowManager: Attempted to remove non-existing token: android.os.Binder@2ff7824
12-12 22:03:55.873 17355 19789 D MmsServiceBroker: getCarrierConfigValues() by com.android.messaging
12-12 22:03:55.954 17355 19787 D MmsServiceBroker: getCarrierConfigValues() by com.android.messaging
12-12 22:03:56.054 17355 17662 D MmsServiceBroker: getCarrierConfigValues() by com.android.messaging
12-12 22:03:56.301 17355 17392 I ActivityManager: Start proc 24044:com.taobao.taobao:channel/u0a100 for service com.taobao.taobao/com.taobao.accs.ChannelService
12-12 22:03:56.410 17355 17370 I ActivityManager: Start proc 24062:com.eg.android.AlipayGphone:push/u0a246 for service com.eg.android.AlipayGphone/com.alipay.pushsdk.push.NotificationService
12-12 22:03:57.233 17355 19792 W ActivityManager: Permission Denial: Accessing service ComponentInfo{com.google.android.gms/com.google.android.gms.gcm.PushMessagingRegistrarProxy} from pid=23950, uid=10161 requires com.google.android.c2dm.permission.RECEIVE
12-12 22:03:57.440 17355 17661 I ActivityManager: Start proc 24149:com.eg.android.AlipayGphone:tools/u0a246 for service com.eg.android.AlipayGphone/com.alipay.mobile.common.logging.process.LogServiceInToolsProcess
12-12 22:03:57.496 17355 17392 I ActivityManager: Waited long enough for: ServiceRecord{6e158df u0 com.qualcomm.qcrilmsgtunnel/.QcrilMsgTunnelService}
12-12 22:03:57.540 17355 19797 I ActivityManager: Killing 22757:com.google.android.onetimeinitializer/u0a136 (adj 906): empty #17
12-12 22:03:57.546 17355 17371 D ActivityManager: cleanUpApplicationRecord -- 22757
12-12 22:03:57.625 17355 17594 D ConnectivityService: NetworkAgentInfo [MOBILE (LTE) - 102] validation failed
12-12 22:03:57.753 17355 19797 E AlarmManager: RTC Alarm: 0 null com.eg.android.AlipayGphone com.eg.android.AlipayGphone.push.action.CHECK
12-12 22:03:57.797 17355 19777 D MmsServiceBroker: getCarrierConfigValues() by com.google.android.apps.messaging
12-12 22:03:57.931 17355 17370 D MmsServiceBroker: getCarrierConfigValues() by com.google.android.apps.messaging
12-12 22:03:57.985 23950 24034 E ActivityThread: Failed to find provider info for com.android.badge
12-12 22:03:58.074 23950 24034 E ActivityThread: Failed to find provider info for com.android.badge
12-12 22:03:58.116 23950 24034 E ActivityThread: Failed to find provider info for com.android.badge
12-12 22:03:58.305 17355 18443 D MmsServiceBroker: getCarrierConfigValues() by com.google.android.apps.messaging
12-12 22:03:58.527 17355 17371 I ActivityManager: Killing 20413:com.google.android.partnersetup/u0a137 (adj 906): empty #17
12-12 22:03:58.538 17355 19792 D ActivityManager: cleanUpApplicationRecord -- 20413
12-12 22:03:58.760 17355 19797 I ActivityManager: START u0 {cmp=com.tencent.mm/.ui.account.mobile.MobileInputUI (has extras)} from uid 10122 on display 0
12-12 22:03:58.779 17355 17355 I NotificationService: cancelToast pkg=android callback=android.widget.Toast$TN@6413bee
12-12 22:03:58.779 17355 17355 W NotificationService: Toast already cancelled. pkg=android callback=android.widget.Toast$TN@6413bee
12-12 22:03:58.881 17355 19799 W InputMethodManagerService: Window already focused, ignoring focus gain of: com.android.internal.view.IInputMethodClient$Stub$Proxy@6a7b8a1 attribute=null, token = android.os.BinderProxy@3e22666
12-12 22:03:58.921 17355 17661 I ActivityManager: Killing 22805:com.google.process.gapps/u0a145 (adj 906): empty #17
12-12 22:03:58.942 17355 19799 D ActivityManager: cleanUpApplicationRecord -- 22805
12-12 22:03:59.469 17355 19797 I ActivityManager: Start proc 24347:com.cyanogenmod.lockclock/u0a63 for broadcast com.cyanogenmod.lockclock/.ClockWidgetProvider
12-12 22:03:59.727 17355 19777 I ActivityManager: Process com.taobao.taobao (pid 23750) has died
12-12 22:03:59.727 17355 19777 D ActivityManager: cleanUpApplicationRecord -- 23750
12-12 22:04:00.392 17355 17661 E AlarmManager: RTC Alarm: 0 null com.eg.android.AlipayGphone com.eg.android.AlipayGphone.push.action.AMNET_ALARMTIMER
12-12 22:04:00.611 17355 17662 E AlarmManager: RTC Alarm: 2 null com.google.android.gms com.google.android.gms.gcm.ACTION_CHECK_QUEUE
12-12 22:04:00.891 17355 19799 I ActivityManager: Start proc 24441:com.google.android.apps.maps/u0a164 for broadcast com.google.android.apps.maps/com.google.android.apps.gmm.ugc.ataplace.AtAPlaceService
12-12 22:04:01.289 17355 19799 I ActivityManager: Process com.taobao.taobao:channel (pid 24044) has died
12-12 22:04:01.289 17355 19799 D ActivityManager: cleanUpApplicationRecord -- 24044
12-12 22:04:01.289 17355 19799 W ActivityManager: Scheduling restart of crashed service com.taobao.taobao/com.taobao.accs.ChannelService in 1000ms
12-12 22:04:01.904 17355 19787 E AlarmManager: RTC Alarm: 2 null com.google.android.gms com.google.android.gms.gcm.ACTION_CHECK_QUEUE
12-12 22:04:01.994 17355 19797 I ActivityManager: Start proc 24555:com.android.providers.calendar/u0a4 for content provider com.android.providers.calendar/.CalendarProvider2
12-12 22:04:02.222 17355 18444 E AlarmManager: RTC Alarm: 2 null com.android.providers.calendar com.android.providers.calendar.intent.CalendarProvider2
12-12 22:04:02.286 17355 17355 W WindowManager: Attempted to remove non-existing token: android.os.Binder@935c569
12-12 22:04:02.298 17355 17392 I ActivityManager: Start proc 24609:com.taobao.taobao:channel/u0a100 for service com.taobao.taobao/com.taobao.accs.ChannelService
12-12 22:04:02.655 17355 17594 D ConnectivityService: NetworkAgentInfo [WIFI () - 101] validation failed
12-12 22:04:02.812 17355 19789 E AlarmManager: RTC Alarm: 2 null com.google.android.gms com.google.android.gms.gcm.ACTION_CHECK_QUEUE
12-12 22:04:03.672 17355 18444 I ActivityManager: Process com.taobao.taobao:channel (pid 24609) has died
12-12 22:04:03.672 17355 18444 D ActivityManager: cleanUpApplicationRecord -- 24609
12-12 22:04:03.673 17355 18444 W ActivityManager: Scheduling restart of crashed service com.taobao.taobao/com.taobao.accs.ChannelService in 1000ms
12-12 22:04:03.790 17355 17396 E BatteryStatsService: no controller energy info supplied
12-12 22:04:03.790 17355 17396 E BatteryStatsService: no controller energy info supplied
12-12 22:04:03.809 17355 17396 E KernelWakelockReader: neither /proc/wakelocks nor /d/wakeup_sources exists
12-12 22:04:03.810 17355 17396 W BatteryStatsImpl: Couldn't get kernel wake lock stats
12-12 22:04:03.810 17355 17396 E BatteryStatsService: modem info is invalid: ModemActivityInfo{ mTimestamp=0 mSleepTimeMs=0 mIdleTimeMs=0 mTxTimeMs[]=[0, 0, 0, 0, 0] mRxTimeMs=0 mEnergyUsed=0}
12-12 22:04:03.986 17355 19800 I ActivityManager: Start proc 24683:com.google.android.gm/u0a157 for broadcast com.google.android.gm/.widget.GmailWidgetProvider
12-12 22:04:04.026 17355 19777 E AlarmManager: RTC Alarm: 2 null com.google.android.gms com.google.android.gms.gcm.ACTION_CHECK_QUEUE
12-12 22:04:04.350 24683 24708 D ActivityThread: Loading provider com.google.android.gmail.provider;com.android.mail.notifier;com.google.android.gm.email.provider;com.google.android.gm.tasks.provider;com.google.android.gm.email.notifier: com.android.email.provider.EmailProvider
12-12 22:04:04.660 17355 19799 W ActivityManager: Unable to start service Intent { cmp=com.google.android.gm/com.android.email.service.AttachmentService } U=0: not found
12-12 22:04:04.685 17355 17392 I ActivityManager: Start proc 24719:com.taobao.taobao:channel/u0a100 for service com.taobao.taobao/com.taobao.accs.ChannelService
12-12 22:04:04.841 17355 19792 W ActivityManager: Unable to start service Intent { cmp=com.google.android.gm.exchange/com.android.exchange.service.EasService } U=0: not found
12-12 22:04:05.225 17355 19797 I ActivityManager: Killing 22845:com.google.android.videos/u0a162 (adj 906): empty #17
12-12 22:04:05.236 17355 19793 D ActivityManager: cleanUpApplicationRecord -- 22845
12-12 22:04:05.363 17355 19796 E AlarmManager: RTC Alarm: 2 null com.google.android.gms com.google.android.gms.gcm.ACTION_CHECK_QUEUE
12-12 22:04:05.460 17355 19799 E AlarmManager: RTC Alarm: 2 null com.google.android.gms com.google.android.gms.gcm.ACTION_CHECK_QUEUE
12-12 22:04:05.705 17355 19789 I ActivityManager: Process com.taobao.taobao:channel (pid 24719) has died
12-12 22:04:05.705 17355 19789 D ActivityManager: cleanUpApplicationRecord -- 24719
12-12 22:04:05.705 17355 19789 W ActivityManager: Scheduling restart of crashed service com.taobao.taobao/com.taobao.accs.ChannelService in 1000ms
12-12 22:04:06.781 17355 17392 I ActivityManager: Start proc 24765:com.taobao.taobao:channel/u0a100 for service com.taobao.taobao/com.taobao.accs.ChannelService
12-12 22:04:06.851 17355 18444 E AlarmManager: RTC Alarm: 2 null com.google.android.gms com.google.android.gms.icing.proxy.action.SMS_CHANGED
12-12 22:04:06.880 17355 17370 I ActivityManager: Setting hasTopUi=true for pid=17641
12-12 22:04:06.912 17355 17370 E AlarmManager: RTC Alarm: 2 null com.google.android.gms com.google.android.gms.gcm.ACTION_CHECK_QUEUE
12-12 22:04:07.094 17355 17480 D LuxLevels: bright hysteresis constant= 0.1, threshold=9.352947, lux=8.502679
12-12 22:04:07.094 17355 17480 D LuxLevels: dark hysteresis constant= 0.2, threshold=6.802143, lux=8.502679
12-12 22:04:07.760 17355 17662 W BroadcastQueue: Permission Denial: receiving Intent { act=android.provider.Telephony.SMS_RECEIVED flg=0x18000010 (has extras) } to com.eg.android.AlipayGphone/com.alipay.mobile.security.thirdparty.SmsSafetyChecker requires android.permission.RECEIVE_SMS due to sender com.android.phone (uid 1001)
12-12 22:04:07.763 17355 17392 W BroadcastQueue: Permission Denial: receiving Intent { act=android.provider.Telephony.SMS_RECEIVED flg=0x18000010 (has extras) } to com.eg.android.AlipayGphone/com.ali.money.shield.mssdk.antifraud.sms.receiver.SmsIntercept requires android.permission.RECEIVE_SMS due to sender com.android.phone (uid 1001)
12-12 22:04:07.813 17355 19788 E AlarmManager: RTC Alarm: 2 null com.google.android.gms com.google.android.gms.icing.proxy.action.SMS_CHANGED
12-12 22:04:07.954 17355 19797 E AlarmManager: RTC Alarm: 2 null com.google.android.gms com.google.android.gms.icing.proxy.action.SMS_CHANGED
12-12 22:04:08.063 17355 18444 E AlarmManager: RTC Alarm: 2 null com.google.android.gms com.google.android.gms.gcm.ACTION_CHECK_QUEUE
12-12 22:04:08.251 17355 19797 I ActivityManager: Start proc 24811:com.google.android.gms.ui/u0a132 for service com.google.android.gms/.chimera.UiIntentOperationService
12-12 22:04:08.285 17355 19797 E AlarmManager: RTC Alarm: 2 null com.google.android.gms com.google.android.gms.icing.proxy.action.SMS_CHANGED
12-12 22:04:08.306 17355 18792 E AlarmManager: RTC Alarm: 0 null com.google.android.gms com.google.android.gms/com.google.android.libraries.social.mediamonitor.MediaMonitorIntentService
12-12 22:04:08.526 17355 19796 E AlarmManager: RTC Alarm: 2 null com.google.android.gms com.google.android.gms.gcm.ACTION_CHECK_QUEUE
12-12 22:04:08.853 17355 19777 E AlarmManager: RTC Alarm: 2 null com.google.android.gms com.google.android.gms.gcm.ACTION_CHECK_QUEUE
12-12 22:04:08.926 17355 19789 I ActivityManager: Process com.taobao.taobao:channel (pid 24765) has died
12-12 22:04:08.926 17355 19789 D ActivityManager: cleanUpApplicationRecord -- 24765
12-12 22:04:08.926 17355 19789 W ActivityManager: Scheduling restart of crashed service com.taobao.taobao/com.taobao.accs.ChannelService in 1000ms
12-12 22:04:09.065 17355 17392 I ActivityManager: Waited long enough for: ServiceRecord{9254ca2 u0 com.taobao.taobao/com.taobao.accs.ChannelService}
12-12 22:04:09.152 17355 19789 E AlarmManager: RTC Alarm: 2 null com.google.android.gms com.google.android.gms.gcm.ACTION_CHECK_QUEUE
12-12 22:04:09.284 17355 18792 E AlarmManager: RTC Alarm: 2 null com.google.android.gms com.google.android.gms.gcm.ACTION_CHECK_QUEUE
12-12 22:04:09.353 17355 17392 I ActivityManager: Waited long enough for: ServiceRecord{1de76dd u0 com.eg.android.AlipayGphone/org.rome.android.ipp.binder.IppService}
12-12 22:04:09.483 17355 19792 E AlarmManager: RTC Alarm: 2 null com.google.android.gms com.google.android.gms.gcm.ACTION_CHECK_QUEUE
12-12 22:04:09.581 17355 17661 E AlarmManager: RTC Alarm: 2 null com.google.android.gms com.google.android.gms.gcm.ACTION_CHECK_QUEUE
12-12 22:04:09.723 17355 17662 I ActivityManager: Start proc 24858:com.taobao.taobao:channel/u0a100 for broadcast com.taobao.taobao/com.taobao.accs.EventReceiver
12-12 22:04:09.764 17355 19789 E AlarmManager: RTC Alarm: 2 null com.google.android.gms com.google.android.gms.gcm.ACTION_CHECK_QUEUE
12-12 22:04:09.846 17355 19796 E AlarmManager: RTC Alarm: 2 null com.google.android.gms com.google.android.gms.gcm.ACTION_CHECK_QUEUE
12-12 22:04:09.901 17355 18443 E AlarmManager: RTC Alarm: 2 null com.google.android.gms com.google.android.gms.gcm.ACTION_CHECK_QUEUE
12-12 22:04:09.976 17355 19799 E AlarmManager: RTC Alarm: 2 null com.google.android.gms com.google.android.gms.gcm.ACTION_CHECK_QUEUE
12-12 22:04:10.026 17355 18443 E AlarmManager: RTC Alarm: 2 null com.google.android.gms com.google.android.gms.gcm.ACTION_CHECK_QUEUE
12-12 22:04:10.684 17355 19792 I ActivityManager: Process com.taobao.taobao:channel (pid 24858) has died
12-12 22:04:10.684 17355 19792 D ActivityManager: cleanUpApplicationRecord -- 24858
12-12 22:04:10.684 17355 19792 W ActivityManager: Scheduling restart of crashed service com.taobao.taobao/com.taobao.accs.ChannelService in 1000ms
12-12 22:04:11.042 17355 18792 E AlarmManager: RTC Alarm: 2 null com.google.android.gms com.google.android.gms.matchstick.register_intent_action
12-12 22:04:11.268 17355 19788 E AlarmManager: RTC Alarm: 2 null com.google.android.gms com.google.android.gms.gcm.ACTION_CHECK_QUEUE
12-12 22:04:11.454 17355 19800 E AlarmManager: RTC Alarm: 2 null com.eg.android.AlipayGphone com.eg.android.AlipayGphone.intent.action.COCKROACH
12-12 22:04:11.455 17355 17661 W BroadcastQueue: Permission Denial: broadcasting Intent { act=android.intent.action.MEDIA_SCANNER_FINISHED dat=file:///storage/emulated/0 flg=0x10 } from com.android.providers.downloads (pid=19704, uid=10009) is not exported from uid 10011 due to receiver com.tencent.mobileqq/.msf.core.NetConnInfoCenter
12-12 22:04:11.474 17355 19796 W BroadcastQueue: Permission Denial: broadcasting Intent { act=android.intent.action.MEDIA_SCANNER_STARTED dat=file:///system/media flg=0x10 } from com.android.providers.downloads (pid=19704, uid=10009) is not exported from uid 10011 due to receiver com.tencent.mobileqq/.msf.core.NetConnInfoCenter
12-12 22:04:11.530 17355 19787 W BroadcastQueue: Permission Denial: broadcasting Intent { act=android.intent.action.MEDIA_SCANNER_FINISHED dat=file:///system/media flg=0x10 } from com.android.providers.downloads (pid=19704, uid=10009) is not exported from uid 10011 due to receiver com.tencent.mobileqq/.msf.core.NetConnInfoCenter
12-12 22:04:11.552 17355 19793 W BroadcastQueue: Permission Denial: broadcasting Intent { act=android.intent.action.MEDIA_SCANNER_STARTED dat=file:///storage/emulated/0 flg=0x10 } from com.android.providers.downloads (pid=19704, uid=10009) is not exported from uid 10011 due to receiver com.tencent.mobileqq/.msf.core.NetConnInfoCenter
12-12 22:04:11.620 17355 19796 W BroadcastQueue: Permission Denial: broadcasting Intent { act=com.android.Bugle.intent.action.ACTION_NOTIFY_CONVERSATIONS_CHANGED flg=0x10 } from com.android.messaging (pid=23879, uid=10069) is not exported from uid 10161 due to receiver com.google.android.apps.messaging/.wearable.WearableReceiver
12-12 22:04:11.651 17355 17370 W BroadcastQueue: Permission Denial: broadcasting Intent { act=com.android.Bugle.intent.action.ACTION_NOTIFY_MESSAGES_CHANGED flg=0x10 (has extras) } from com.android.messaging (pid=23879, uid=10069) is not exported from uid 10161 due to receiver com.google.android.apps.messaging/.wearable.WearableReceiver
12-12 22:04:11.703 17355 17392 I ActivityManager: Start proc 24903:com.taobao.taobao:channel/u0a100 for service com.taobao.taobao/com.taobao.accs.ChannelService
12-12 22:04:11.776 17355 17594 D ConnectivityService: NetworkAgentInfo [MOBILE (LTE) - 102] validation failed
12-12 22:04:12.213 17355 18444 E AlarmManager: RTC Alarm: 2 null com.google.android.gms com.google.android.gms.gcm.ACTION_CHECK_QUEUE
12-12 22:04:12.542 17355 18443 I ActivityManager: Process com.taobao.taobao:channel (pid 24903) has died
12-12 22:04:12.542 17355 18443 D ActivityManager: cleanUpApplicationRecord -- 24903
12-12 22:04:12.542 17355 18443 W ActivityManager: Scheduling restart of crashed service com.taobao.taobao/com.taobao.accs.ChannelService in 1000ms
12-12 22:04:13.160 23801 24920 E ActivityThread: Failed to find provider info for authentication.information
12-12 22:04:13.164 23801 24920 E ActivityThread: Failed to find provider info for authentication.information
12-12 22:04:13.553 17355 17392 I ActivityManager: Start proc 24935:com.taobao.taobao:channel/u0a100 for service com.taobao.taobao/com.taobao.accs.ChannelService
12-12 22:04:14.286 17355 18443 W InputMethodManagerService: Window already focused, ignoring focus gain of: com.android.internal.view.IInputMethodClient$Stub$Proxy@47fb69b attribute=null, token = android.os.BinderProxy@48ddad9
12-12 22:04:14.301 17355 17662 I ActivityManager: Setting hasTopUi=false for pid=17641
12-12 22:04:14.477 17355 19788 I ActivityManager: Process com.taobao.taobao:channel (pid 24935) has died
12-12 22:04:14.477 17355 19788 D ActivityManager: cleanUpApplicationRecord -- 24935
12-12 22:04:14.477 17355 19788 W ActivityManager: Scheduling restart of crashed service com.taobao.taobao/com.taobao.accs.ChannelService in 1000ms
12-12 22:04:15.498 17355 17392 I ActivityManager: Start proc 24973:com.taobao.taobao:channel/u0a100 for service com.taobao.taobao/com.taobao.accs.ChannelService
12-12 22:04:16.088 17355 19796 I ActivityManager: Killing 23210:com.resurrection.ota/u0a62 (adj 906): empty #17
12-12 22:04:16.095 17355 18443 D ActivityManager: cleanUpApplicationRecord -- 23210
12-12 22:04:16.387 17355 17370 I ActivityManager: Process com.taobao.taobao:channel (pid 24973) has died
12-12 22:04:16.388 17355 17370 D ActivityManager: cleanUpApplicationRecord -- 24973
12-12 22:04:16.388 17355 17370 W ActivityManager: Scheduling restart of crashed service com.taobao.taobao/com.taobao.accs.ChannelService in 1000ms
12-12 22:04:16.578 17355 19792 I ActivityManager: Killing 23228:com.topjohnwu.magisk/u0a68 (adj 906): empty #17
12-12 22:04:16.585 17355 19787 D ActivityManager: cleanUpApplicationRecord -- 23228
12-12 22:04:17.034 17355 18444 W InputMethodManagerService: Window already focused, ignoring focus gain of: com.android.internal.view.IInputMethodClient$Stub$Proxy@13cc86f attribute=null, token = android.os.BinderProxy@48ddad9
12-12 22:04:17.080 17355 17370 E AlarmManager: RTC Alarm: 2 null com.tencent.mm ALARM_ACTION(23312)
12-12 22:04:17.355 17355 19800 I ActivityManager: START u0 {cmp=com.tencent.mm/.plugin.webview.ui.tools.WebViewUI (has extras)} from uid 10122 on display 0
12-12 22:04:17.367 17355 17355 I NotificationService: cancelToast pkg=android callback=android.widget.Toast$TN@c955c14
12-12 22:04:17.367 17355 17355 W NotificationService: Toast already cancelled. pkg=android callback=android.widget.Toast$TN@c955c14
12-12 22:04:17.376 17355 19777 W InputMethodManagerService: Window already focused, ignoring focus gain of: com.android.internal.view.IInputMethodClient$Stub$Proxy@5762580 attribute=null, token = android.os.BinderProxy@48ddad9
12-12 22:04:17.413 17355 17392 I ActivityManager: Start proc 25004:com.taobao.taobao:channel/u0a100 for service com.taobao.taobao/com.taobao.accs.ChannelService
12-12 22:04:17.463 17355 19789 I ActivityManager: Start proc 25010:com.tencent.mm:tools/u0a122 for activity com.tencent.mm/.plugin.webview.ui.tools.WebViewUI
12-12 22:04:17.657 25010 25010 E ActivityThread: Failed to find provider info for com.tencent.mm.coolassist.debugprovider
12-12 22:04:18.288 17355 19799 E AlarmManager: RTC Alarm: 2 null com.tencent.mm ALARM_ACTION(23417)
12-12 22:04:18.292 17355 18444 E AlarmManager: RTC Alarm: 2 null com.tencent.mm ALARM_ACTION(23312)
12-12 22:04:18.468 17355 19792 I ActivityManager: Process com.taobao.taobao:channel (pid 25004) has died
12-12 22:04:18.468 17355 19792 D ActivityManager: cleanUpApplicationRecord -- 25004
12-12 22:04:18.468 17355 19792 W ActivityManager: Scheduling restart of crashed service com.taobao.taobao/com.taobao.accs.ChannelService in 1000ms
12-12 22:04:19.308 17355 17392 I ActivityManager: Waited long enough for: ServiceRecord{404af34 u0 com.eg.android.AlipayGphone/com.alipay.android.launcher.service.LauncherService}
12-12 22:04:19.479 17355 17392 I ActivityManager: Start proc 25129:com.taobao.taobao:channel/u0a100 for service com.taobao.taobao/com.taobao.accs.ChannelService
12-12 22:04:20.408 17355 19792 I ActivityManager: Process com.taobao.taobao:channel (pid 25129) has died
12-12 22:04:20.408 17355 19792 D ActivityManager: cleanUpApplicationRecord -- 25129
12-12 22:04:20.408 17355 19792 W ActivityManager: Scheduling restart of crashed service com.taobao.taobao/com.taobao.accs.ChannelService in 1000ms
12-12 22:04:20.869 17355 17355 W WindowManager: Attempted to remove non-existing token: android.os.Binder@15f5667
12-12 22:04:21.285 17355 17594 D ConnectivityService: NetworkAgentInfo [WIFI () - 101] validation failed
12-12 22:04:21.420 17355 17392 I ActivityManager: Start proc 25157:com.taobao.taobao:channel/u0a100 for service com.taobao.taobao/com.taobao.accs.ChannelService
12-12 22:04:22.269 17355 19788 I ActivityManager: Process com.taobao.taobao:channel (pid 25157) has died
12-12 22:04:22.269 17355 19788 D ActivityManager: cleanUpApplicationRecord -- 25157
12-12 22:04:22.269 17355 19788 W ActivityManager: Scheduling restart of crashed service com.taobao.taobao/com.taobao.accs.ChannelService in 1000ms
12-12 22:04:22.622 17355 17355 I ActivityManager: Start proc 25174:com.google.android.apps.photos/u0a169 for service com.google.android.apps.photos/.camerashortcut.CameraShortcutJobSchedulerService
12-12 22:04:22.661 17355 17355 I ActivityManager: Start proc 25182:com.google.android.apps.plus/u0a156 for service com.google.android.apps.plus/com.google.android.libraries.social.mediamonitor.MediaMonitorJobSchedulerService
12-12 22:04:23.281 17355 17392 I ActivityManager: Start proc 25208:com.taobao.taobao:channel/u0a100 for service com.taobao.taobao/com.taobao.accs.ChannelService
12-12 22:04:24.019 17355 19796 I ActivityManager: Killing 23247:org.omnirom.omnijaws/u0a19 (adj 906): empty #17
12-12 22:04:24.027 17355 19797 D ActivityManager: cleanUpApplicationRecord -- 23247
12-12 22:04:24.085 17355 18443 I ActivityManager: Killing 23266:com.tencent.mm:exdevice/u0a122 (adj 906): empty #17
12-12 22:04:24.116 17355 18792 D ActivityManager: cleanUpApplicationRecord -- 23266
12-12 22:04:24.368 17355 19777 I ActivityManager: Process com.taobao.taobao:channel (pid 25208) has died
12-12 22:04:24.368 17355 19777 D ActivityManager: cleanUpApplicationRecord -- 25208
12-12 22:04:24.369 17355 19777 W ActivityManager: Scheduling restart of crashed service com.taobao.taobao/com.taobao.accs.ChannelService in 1000ms
12-12 22:04:24.593 25254 25118 F google-breakpad: -----BEGIN BREAKPAD MICRODUMP-----
12-12 22:04:24.593 25254 25118 F google-breakpad: V AndroidWebView:60.0.3112.78
12-12 22:04:24.594 25254 25118 F google-breakpad: O A arm 04 armv7l ZUK/ham/Z1:5.1.1/LMY49J/YOG4PAS9IG:user/release-keys
12-12 22:04:24.594 25254 25118 F google-breakpad: P webview
12-12 22:04:24.594 25254 25118 F google-breakpad: G OpenGL ES 3.0 V@140.0 AU@ (GIT@I741a3d36ca)|Qualcomm|Adreno (TM) 330
12-12 22:04:24.596 25254 25118 F google-breakpad: H 00009000 BEEF6000 001D 001E7000 00719000 0C:07 0D:05 0E:04 0F:03 10:01 12:04 13:03 14:02
12-12 22:04:24.602 25254 25118 F google-breakpad: S 0 461FB720 461FB000 00007000
12-12 22:04:24.602 25254 25118 F google-breakpad: S 461FB000 000000000000000000000000000000000000000000000000000000000000000000000000000000000000000000000000000000000000000000000000000000000000000000000000000000000000000000000000000000000000000000000000000000000000000000000000000000000000000000000000000000000000000000000000000000000000000000000000000000000000000000000000000000000000000000000000000000000000000000000000000000000000000000000000000000000000000000000000000000000000000000000000000000000000000000000000000000000000000000000000000000000000000000000000000000000000000000000000000000000000000000000000000000000000000000000000000000000000000000000000000000000000000000000000000000000000000000000000000000000000000000000000000000000000000000000000000000000000000000000000000000000000000000000000000000000000000000000000
12-12 22:04:24.602 25254 25118 F google-breakpad: S 461FB180 000000000000000000000000000000000000000000000000000000000000000000000000000000000000000000000000000000000000000000000000000000000000000000000000000000000000000000000000000000000000000000000000000000000000000000000000000000000000000000000000000000000000000000000000000000000000000000000000000000000000000000000000000000000000000000000000000000000000000000000000000000000000000000000000000000000000000000000000000000000000000000000000000000000000000000000000000000000000000000000000000000000000000000000000000000000000000000000000000000000000000000000000000000000000000000000000000000000000000000000000000000000000000000000000000000000000000000000000000000000000000000000000000000000000000000000000000000000000000000000000000000000000000000000000000000000000000000000000
12-12 22:04:24.603 25254 25118 F google-breakpad: S 461FB300 000000000000000000000000000000000000000000000000000000000000000000000000000000000000000000000000000000000000000000000000000000000000000000000000000000000000000000000000000000000000000000000000000000000000000000000000000000000000000000000000000000000000000000000000000000000000000000000000000000000000000000000000000000000000000000000000000000000000000000000000000000000000000000000000000000000000000000000000000000000000000000000000000000000000000000000000000000000000000000000000000000000000000000000000000000000000000000000000000000000000000000000000000000000000000000000000000000000000000000000000000000000000000000000000000000000000000000000000000000000000000000000000000000000000000000000000000000000000000000000000000000000000000000000000000000000000000000000000
12-12 22:04:24.603 25254 25118 F google-breakpad: S 461FB480 000000000000000000000000000000000000000000000000000000000000000000000000000000000000000000000000000000000000000000000000000000000000000000000000000000000000000000000000000000000000000000000000000000000000000000000000000000000000000000000000000000000000000000000000000000000000000000000000000000000000000000000000000000000000000000000000000000000000000000000000000000000000000000000000000000000000000000000000000000000000000000000000000000000000000000000000000000000000000000000000000000000000000000000000000000000000000000000000000000000000000000000000000000000000000000000000000000000000000000000000000000000000000000000000000000000000000000000000000000000000000000000000000000000000000000000000000000000000000000000000000000000000000000000000000000000000000000000000
12-12 22:04:24.604 25254 25118 F google-breakpad: S 461FB600 000000000000000000000000000000000000000000000000000000000000000000000000000000000000000000000000000000000000000000000000000000000000000000000000000000000000000000000000000000000000000000000000000000000000000000000000000000000000000000000000000000000000000000000000000000000000000000000000000000000000000000000000000000000000000000000000000000000000000000000000000000000000000000000000000000000000000000000000000000000000000000000000000000000000000000000000000000000000000000000000000000000000000000000000000000000000000000000000000000000000000000000000000000000000000000000000DFFFFFFF0600000000000000C8B71F46B8B71F460967C6B554B71F465522C6B5EDACEF0DEDACEF0DEDACEF0DEDACEF0DEDACEF0DDFFFFFFF1CBC1F46EDACEF0DB8B71F461C01C6B5EDACEF0D79228C5400000000E3108D540100000010000000
12-12 22:04:24.604 25254 25118 F google-breakpad: S 461FB780 EDACEF0D0700000000000000F6F68556000000001FB81F4622B81F4600000000EDACEF0D13B81F46EDACEF0D28B81F4620B81F4614B81F46EDACEF0D0000000031000000000000004100000032000000EDACEF0DEDACEF0DEDACEF0DEDACEF0DEDACEF0DEDACEF0DEDACEF0DEDACEF0DEDACEF0DEDACEF0DEDACEF0DEDACEF0DEDACEF0D340A925620000000EDACEF0DEDACEF0D00000000EDACEF0DEDACEF0D10000000000000000A000000000000000000000000000000EDACEF0DEDACEF0D14000000000000000A000000000000000000000000000000EDACEF0DEDACEF0D14000000000000000A000000000000000000000000000000000000000000000000000000000000000000000000000000000000000000000000000000000000000000000000000000000000000000000000000000000000000000000000000000000000000000000000000000000000000000000000000000000000000000000000000000000000000000000000000000000000000000000000000000FBFFFFFF
12-12 22:04:24.604 25254 25118 F google-breakpad: S 461FB900 00FBFFFFE8B81F46EDACEF0DFFFFFFFF000000000100000000000000FBFFFFFFD4FBFFFF08B91F4618000000FBFFFFFF00FBFFFF18B91F4617000000FBFFFFFF00FBFFFF28B91F461300000017000000EDACEF0D58B91F46140000002D000000E907000038B91F4614000000EDACEF0DEDACEF0DEDACEF0D0000000000000000000000000000000000000000000000000000000000000000000000000000000000000000000000000000000000000000EDACEF0DE4BA1F460C000000E8B91F4680BA1F4648BA1F46C8BA1F46E4BA1F463CBD1F46B3856B5648BA1F4616000000B4BA1F46B0BA1F4600000000E4BA1F460C000000020000001300000028FFFFFFEDACEF0DC8B91F4612000000D8FFFFFFEDACEF0DF8B91F4612000000EDACEF0DEDACEF0DEDACEF0D000000000000000000000000000000000000000000000000000000000000000000000000000000000000000000000000000000000000000041018C5494BB1F460C00000098BA1F4630BB1F46F8BA1F4678BB1F4694BB1F46
12-12 22:04:24.605 25254 25118 F google-breakpad: S 461FBA80 3CBD1F46B3856B56F8BA1F46BCBA1F4664BB1F4660BB1F460000000094BB1F460C0000000700000003000000EDACEF0DEDACEF0DEDACEF0DEDACEF0DEDACEF0D03000000EDACEF0DEDACEF0DEDACEF0DEDACEF0DEDACEF0DEDACEF0D44BC1F463CBD1F466BECC9B560000000EDACEF0DEDACEF0D00000000000000000000000000000000EDACEF0DEDACEF0D97106B5641018C5424BC1F4600000000EDACEF0D07000000699488543CBD1F460000000000000000EDACEF0DEDACEF0D6CBB1F4694BB1F4658BC1F46B0BB1F4624BC1F462000000094BB1F469BBB1F4665576A5658BC1F46200000006CBB1F46EDACEF0D86BB1F467FBB1F46EDACEF0DEDACEF0DEDACEF0DEDACEF0D1F00000079078C5424BC1F46EDACEF0DEDACEF0D14000000EDACEF0D20BC1F469D566A56D4BB1F46EDACEF0DFC318656EDACEF0D24BC1F4620BC1F4645128D54EDACEF0D8F1B8D5400000000EDACEF0D01000000EDACEF0D20BC1F4658BC1F461CBC1F46FC31865624BC1F462CBD1F463CBD1F46C1628E54
12-12 22:04:24.605 25254 25118 F google-breakpad: S 461FBC00 58BC1F462000000030BC1F46EDACEF0D0000000001BD1F4620BC1F4603000000EDACEF0DEDACEF0DEDACEF0D000000000000000000000000EDACEF0DEDACEF0DEDACEF0D410000003F000000EDACEF0DEDACEF0D10000000EDACEF0DEDACEF0D0600000000000000000000000000000024BC1F46EDACEF0D000000000000000000000000000000000000000000000000000000000000000000000000000000000000000020000000160000001432865616000000EDACEF0DEDACEF0D98BD1F46EDACEF0D30BD1F46EDACEF0D78BD1F4628BD1F462CBD1F463CBD1F46D3813855FF803855EDACEF0DEDACEF0D01000000223678566BECC9B520000000EDACEF0DEDACEF0D00000000EDACEF0D97ECC9B50100000060BD1F4600BE1F46EDACEF0D00000000EDACEF0DEDACEF0D000000000000000000000000EDACEF0D000000005588385500000000C51D8F5400000000558838550000000016000000EDACEF0DEDACEF0D0000000000000000EDACEF0D32000000EDACEF0DFFFFFFFF00B08D54
12-12 22:04:24.605 25254 25118 F google-breakpad: S 461FBD80 000000000000000000000000000000000000000001000000FFFFFFFF00B08D5400000000000000000000000000000000000000001600000004000000EDACEF0D06000000FA030000160000000000000010BE1F4600000000EDACEF0D8D85385501000000C8BD1F46140000004CBE1F46EDACEF0D0004000014000000FDFFFFFFEDACEF0DB8BD1F4613000000E9FFFFFF00000000F8BD1F4612000000EAFFFFFFEDACEF0DEDACEF0DEDACEF0DEDACEF0D000000000400000075099E54B8BE1F46E0C01F468B099E54110000000F000000FFFFFFFF2F7CA65412000000F1000000EDACEF0DA8B61F46120000002B000000EDACEF0D78BE1F4613000000E8BE1F46040000000700000002000000B8BE1F46EDACEF0DA561A654000000004163A6541561A6543162A654E162A6547164A6548D62A6540564A65444000000400000002002000084BF1F4675099E5400000000000000000000000000000000C8C31F46E0C01F46CD83A654EDACEF0D0000000020020000000000008800000080000000
12-12 22:04:24.606 25254 25118 F google-breakpad: S 461FBF00 040000000200000084BF1F46000000007CC41F46DBCE9E54EDACEF0D02000000EDACEF0DEDACEF0D020000000000000000000000000000008800000058C41F46000000007CC41F46C8C31F4684BF1F4600000000C8C31F46E0C01F468BD29E541806000018B81F461900000000010000EDACEF0DEDACEF0DEDACEF0D83000000EDACEF0DEDACEF0DEDACEF0D000000000000000000000000880000008000000004000000020000002002000000000000EDACEF0D58C41F4600C11F469CC41F46A8C41F46020000000000000049D89E54EDACEF0DB8BF1F460000000040C01F4688000000EDACEF0D78D11F46F0C31F4668C01F466FD89E540000000000FFFFFF58C41F4655D89E5488000000EDACEF0D78D11F4683D79E5458C41F4688000000C8C31F460200000000000000CF039F5458C41F46880000008800000080000000EDACEF0D00BF1F461D00000000FFFFFFEDACEF0D08BF1F461D00000023FFFFFFEDACEF0DEDACEF0D0000000088000000800000000400000002000000E0C01F46
12-12 22:04:24.606 25254 25118 F google-breakpad: S 461FC080 000000002976AA54EDACEF0D00000000EDACEF0DEDACEF0DEDACEF0D98C31F46ACC11F46E0C01F46C8C31F4638C11F4600000000EDACEF0D0000000085FA9E54EDACEF0D18B71F461B0000000000000088000000800000000400000002000000EDACEF0D00000000EDACEF0D00000000EDACEF0DEDACEF0D0000000000000000EDACEF0D1300000019000000EDACEF0D00000000000000000000000098C31F4678D11F46030000000000000047E7AB54ACC11F4698C31F46EDACEF0D0000000000000000ACC11F46EDACEF0D58C11F46000000009976AA54EDACEF0D00000000EDACEF0D00000000EDACEF0DEDACEF0D0000000000000000EDACEF0D1300000098C31F4650D11F46EDACEF0DEDACEF0DACC11F4691519F5400000000ECC21F46EDACEF0D000000001900000078D11F46ECC21F4600000000000000000000000078D11F46C8C11F461A000000480000004002000008C01F4618000000F2FFFFFFEDACEF0DB8C11F4617000000F7FFFFFF00F7FFFFD8C11F4616000000F8FFFFFF
12-12 22:04:24.606 25254 25118 F google-breakpad: S 461FC200 20F7FFFFE8C11F4613000000EDACEF0D00000000EDACEF0D4CE01F46EDACEF0D3CC31F4614C31F4698C31F460000000050D11F4678D11F46B4C21F46ECC21F46010000008D97A354000000000000000000000000000000000000000028D11F4694C31F4684C21F4674C21F46EDACEF0D0000000000000000000000000000000000000000EDACEF0DEDACEF0DEDACEF0DEDACEF0DEDACEF0DEDACEF0DEDACEF0DEDACEF0D00000000000000002900000026000000EDACEF0DEDACEF0DEDACEF0DEDACEF0D00000000000000000000000000000000000000000000000000000000000000000000000000000000EDACEF0D00000000EDACEF0D00000000EDACEF0DEDACEF0D0000000000000000EDACEF0D1300000050D11F46EDACEF0D000000000000000000000000000000000000000000000000000000000000000000000000000000000000000000000000FFFFFFFF0000000000000000000000000000000000000000010100000000000050D11F46EDACEF0D000000000000000029000000
12-12 22:04:24.607 25254 25118 F google-breakpad: S 461FC380 260000000000000000000000EDACEF0D010000000000000038C51F4638C51F46C4D01F46C0C31F46040D0000040D000000000000FFFFFFFF0100000001000000EDACEF0D15000000EDACEF0D000000000000000000000000000000000000000000000000000000000000000000000000EDACEF0D00000000EDACEF0D00000000EDACEF0DEDACEF0D0000000000000000EDACEF0D1300000000000000000000000000000000000000000000000000000000000000000000000000000000000000000000000000000000000000020000000000000000000000EDACEF0D0000000000000000000000000000000000000000000000000000000000000000EDACEF0D00000000EDACEF0D00000000EDACEF0DEDACEF0D0000000000000000EDACEF0D130000000100000000000000000000000000000000000000000000000000000000000000000000000000000000000000000000000000000000000000000000000000000000000000000000000000000000000000000000000000000000000000
12-12 22:04:24.607 25254 25118 F google-breakpad: S 461FC500 000000000000000000000000000000000000000000000000000000000000000000000000000000000000000000000000EDACEF0D1500000000000000000000000000000000000000000000000000000000000000000000000000000000000000000000000000000000000000000000000000000000000000000000000000000000000000000000000000000000000000000000000000000000000000000000000000000000000000000000000000000000000000000000000000000000000000000000000000000000000000000000000000000000000000000000000000000000000000000000000000000000000000000000000000000000000000000000000000000000000000000000000000000000000000000000000000000000000000000000000000000000000000000000000000000000000000000000000000000000000000000000000000000000000000000000000000000000000000000000000000000000000000000000000000000000000000000000000000000000000000
12-12 22:04:24.607 25254 25118 F google-breakpad: S 461FC680 000000000000000000000000000000000000000000000000000000000000000000000000000000000000000000000000000000000000000000000000000000000000000000000000000000000000000000000000000000000000000000000000000000000000000000000000000000000000000000000000000000000000000000000000000000000000000000000000000000000000000000000000000000000000000000000000000000000000000000000000000000000000000000000000000000000000000000000000000000000000000000000000000000000000000000000000000000000000000000000000000000000000000000000000000000000000000000000000000000000000000000000000000000000000000000000000000000000000000000000000000000000000000000000000000000000000000000000000000000000000000000000000000000000000000000000000000000000000000000000000000000000000000000000000000000000000000000000000
12-12 22:04:24.608 25254 25118 F google-breakpad: S 461FC800 000000000000000000000000000000000000000000000000000000000000000000000000000000000000000000000000000000000000000000000000000000000000000000000000000000000000000000000000000000000000000000000000000000000000000000000000000000000000000000000000000000000000000000000000000000000000000000000000000000000000000000000000000000000000000000000000000000000000000000000000000000000000000000000000000000000000000000000000000000000000000000000000000000000000000000000000000000000000000000000000000000000000000000000000000000000000000000000000000000000000000000000000000000000000000000000000000000000000000000000000000000000000000000000000000000000000000000000000000000000000000000000000000000000000000000000000000000000000000000000000000000000000000000000000000000000000000000000000
