12-12 21:43:24.176 31520 31637 I chatty  : uid=1000 system_server expire 51 lines
12-12 21:43:24.274 31520 31520 I chatty  : uid=1000 system_server expire 1181 lines
12-12 21:43:27.985 31520 31567 I chatty  : uid=1000 system_server expire 6 lines
12-12 21:43:28.033 31520 31520 I chatty  : uid=1000 system_server expire 45 lines
12-12 21:43:28.352 31520 31580 I chatty  : uid=1000 system_server expire 2 lines
12-12 21:43:28.871 31520 31705 I chatty  : uid=1000 system_server expire 134 lines
12-12 21:43:28.882 31520 31707 I chatty  : uid=1000 system_server expire 1 line
12-12 21:43:28.887 31520 31706 I chatty  : uid=1000 system_server expire 1 line
12-12 21:43:28.894 31520 31705 I chatty  : uid=1000 system_server expire 369 lines
12-12 21:43:28.907 31520 31520 I chatty  : uid=1000 system_server expire 1 line
12-12 21:43:28.913 31520 31705 I chatty  : uid=1000 system_server expire 215 lines
12-12 21:43:29.052 31520 31706 I chatty  : uid=1000 system_server expire 1 line
12-12 21:43:29.061 31520 31520 I chatty  : uid=1000 system_server expire 162 lines
12-12 21:43:29.100 31520 31708 I chatty  : uid=1000 system_server expire 1 line
12-12 21:43:31.141 31520 31719 I chatty  : uid=1000 system_server expire 1 line
12-12 21:43:31.343 31520 31628 I chatty  : uid=1000 system_server expire 3 lines
12-12 21:43:32.323   238   243 D vold    : e4crypt_unlock_user_key 0 serial=0 token_present=0
12-12 21:43:32.330 31520 31707 I chatty  : uid=1000 system_server expire 1 line
12-12 21:43:32.332 31520 31564 I chatty  : uid=1000 system_server expire 26 lines
12-12 21:43:32.334 31520 31726 I chatty  : uid=1000 system_server expire 1 line
12-12 21:43:32.334 31520 31520 I chatty  : uid=1000 system_server expire 102 lines
12-12 21:43:32.338 31520 31706 I chatty  : uid=1000 system_server expire 14 lines
12-12 21:43:32.347 31520 31702 I chatty  : uid=1000 system_server expire 3 lines
12-12 21:43:32.630 31520 31578 I chatty  : uid=1000 system_server expire 11 lines
12-12 21:43:32.631 31520 31705 I chatty  : uid=1000 system_server expire 4 lines
12-12 21:43:32.634   238   242 V vold    : Waiting for FUSE to spin up...
12-12 21:43:32.729 31520 31714 I chatty  : uid=1000 system_server expire 2 lines
12-12 21:43:32.843 31752 31873 E ActivityThread: Failed to find provider info for user_dictionary
12-12 21:43:33.101 31520 31541 I chatty  : uid=1000 system_server expire 14 lines
12-12 21:43:33.475 31520 31567 I chatty  : uid=1000 system_server expire 14 lines
12-12 21:43:34.020 31520 31628 I chatty  : uid=1000 system_server expire 17 lines
12-12 21:43:34.219 31520 31563 I chatty  : uid=1000 system_server expire 13 lines
12-12 21:43:34.221 31520 32304 I chatty  : uid=1000 system_server expire 11 lines
12-12 21:43:34.235 31520 32314 I chatty  : uid=1000 system_server expire 6 lines
12-12 21:43:34.236 31520 32319 I chatty  : uid=1000 system_server expire 11 lines
12-12 21:43:34.371 31520 31880 I chatty  : uid=1000 system_server expire 12 lines
12-12 21:43:34.542 31766 31766 E ActivityThread: Failed to find provider info for org.omnirom.omnijaws.provider
12-12 21:43:34.557 31766 31766 E ActivityThread: Failed to find provider info for org.omnirom.omnijaws.provider
12-12 21:43:34.604 31766 31766 E ActivityThread: Failed to find provider info for org.omnirom.omnijaws.provider
12-12 21:43:34.610 31520 31580 I chatty  : uid=1000 system_server expire 10 lines
12-12 21:43:34.624 31766 31766 E ActivityThread: Failed to find provider info for org.omnirom.omnijaws.provider
12-12 21:43:34.632 31520 31881 I chatty  : uid=1000 system_server expire 14 lines
12-12 21:43:34.632   238   243 D VoldCryptCmdListener: cryptfs getpw
12-12 21:43:34.633 31520 31707 I chatty  : uid=1000 system_server expire 6 lines
12-12 21:43:34.634   238   243 D VoldCryptCmdListener: cryptfs clearpw
12-12 21:43:34.674 31520 32368 I chatty  : uid=1000 system_server expire 1 line
12-12 21:43:34.711 31520 32420 I chatty  : uid=1000 system_server expire 1 line
12-12 21:43:34.735 31520 32423 I chatty  : uid=1000 system_server expire 1 line
12-12 21:43:34.923 31766 31766 E ActivityThread: Failed to find provider info for org.omnirom.omnijaws.provider
12-12 21:43:35.122 31520 32449 I chatty  : uid=1000 system_server expire 10 lines
12-12 21:43:35.167 31520 32450 I chatty  : uid=1000 system_server expire 5 lines
12-12 21:43:35.498 31520 31719 I chatty  : uid=1000 system_server expire 11 lines
12-12 21:43:35.575 31766 31766 E ActivityThread: Failed to find provider info for org.omnirom.omnijaws.provider
12-12 21:43:35.588 31520 31725 I chatty  : uid=1000 system_server expire 9 lines
12-12 21:43:35.632 32273 32467 E ActivityThread: Failed to find provider info for com.android.contacts
12-12 21:43:35.669 31520 31806 I chatty  : uid=1000 system_server expire 14 lines
12-12 21:43:37.550 32273 32273 D MccTable: updateMccMncConfiguration mccmnc='null' fromServiceState=true
12-12 21:43:37.550 32273 32273 D MccTable: WIFI_COUNTRY_CODE set to 
12-12 21:43:37.706 31520 31542 I chatty  : uid=1000 system_server expire 16 lines
12-12 21:43:37.886 32273 32273 D MccTable: updateMccMncConfiguration mccmnc='46007' fromServiceState=false
12-12 21:43:37.886 32273 32273 D MccTable: updateMccMncConfiguration defaultMccMnc=
12-12 21:43:37.886 32273 32273 D MccTable: updateMccMncConfiguration: mcc=460, mnc=7
12-12 21:43:37.887 32273 32273 D MccTable: updateMccMncConfiguration updateConfig config={1.0 460mcc7mnc ?localeList ?layoutDir ?swdp ?wdp ?hdp ?density ?lsize ?long ?orien ?uimode ?night ?touch ?keyb/?/? ?nav/?}
12-12 21:43:37.895 31520   316 I chatty  : uid=1000 system_server expire 16 lines
12-12 21:43:38.148 31766   388 E ActivityThread: Failed to find provider info for com.android.contacts
12-12 21:43:38.174 31766 31766 I StatusBar: isKeyguardShowing() called before startKeyguard(), returning true
12-12 21:43:38.175 31766 31766 W StatusBar: isKeyguardSecure() called before startKeyguard(), returning false
12-12 21:43:38.175 31766 31766 W StatusBar: java.lang.Throwable
12-12 21:43:38.175 31766 31766 W StatusBar: 	at com.android.systemui.statusbar.BaseStatusBar.isKeyguardSecure(BaseStatusBar.java:3133)
12-12 21:43:38.175 31766 31766 W StatusBar: 	at com.android.systemui.statusbar.BaseStatusBar.isCameraAllowedByAdmin(BaseStatusBar.java:3225)
12-12 21:43:38.175 31766 31766 W StatusBar: 	at com.android.systemui.statusbar.phone.KeyguardBottomAreaView.updateCameraVisibility(KeyguardBottomAreaView.java:439)
12-12 21:43:38.175 31766 31766 W StatusBar: 	at com.android.systemui.statusbar.phone.KeyguardBottomAreaView.setUserSetupComplete(KeyguardBottomAreaView.java:381)
12-12 21:43:38.175 31766 31766 W StatusBar: 	at com.android.systemui.statusbar.phone.PhoneStatusBar$4.onChange(PhoneStatusBar.java:1071)
12-12 21:43:38.175 31766 31766 W StatusBar: 	at com.android.systemui.statusbar.phone.PhoneStatusBar.resetUserSetupObserver(PhoneStatusBar.java:5069)
12-12 21:43:38.175 31766 31766 W StatusBar: 	at com.android.systemui.statusbar.phone.PhoneStatusBar.makeStatusBarView(PhoneStatusBar.java:1743)
12-12 21:43:38.175 31766 31766 W StatusBar: 	at com.android.systemui.statusbar.phone.PhoneStatusBar.addStatusBarWindow(PhoneStatusBar.java:4639)
12-12 21:43:38.175 31766 31766 W StatusBar: 	at com.android.systemui.statusbar.phone.PhoneStatusBar.createAndAddWindows(PhoneStatusBar.java:4635)
12-12 21:43:38.175 31766 31766 W StatusBar: 	at com.android.systemui.statusbar.BaseStatusBar.start(BaseStatusBar.java:931)
12-12 21:43:38.175 31766 31766 W StatusBar: 	at com.android.systemui.statusbar.phone.PhoneStatusBar.start(PhoneStatusBar.java:1351)
12-12 21:43:38.175 31766 31766 W StatusBar: 	at com.android.systemui.statusbar.SystemBars.createStatusBarFromConfig(SystemBars.java:106)
12-12 21:43:38.175 31766 31766 W StatusBar: 	at com.android.systemui.statusbar.SystemBars.onNoService(SystemBars.java:58)
12-12 21:43:38.175 31766 31766 W StatusBar: 	at com.android.systemui.statusbar.ServiceMonitor.startService(ServiceMonitor.java:230)
12-12 21:43:38.175 31766 31766 W StatusBar: 	at com.android.systemui.statusbar.ServiceMonitor.-wrap5(ServiceMonitor.java)
12-12 21:43:38.175 31766 31766 W StatusBar: 	at com.android.systemui.statusbar.ServiceMonitor$1.handleMessage(ServiceMonitor.java:73)
12-12 21:43:38.175 31766 31766 W StatusBar: 	at android.os.Handler.dispatchMessage(Handler.java:102)
12-12 21:43:38.175 31766 31766 W StatusBar: 	at android.os.Looper.loop(Looper.java:154)
12-12 21:43:38.175 31766 31766 W StatusBar: 	at android.app.ActivityThread.main(ActivityThread.java:6236)
12-12 21:43:38.175 31766 31766 W StatusBar: 	at java.lang.reflect.Method.invoke(Native Method)
12-12 21:43:38.175 31766 31766 W StatusBar: 	at com.android.internal.os.ZygoteInit$MethodAndArgsCaller.run(ZygoteInit.java:891)
12-12 21:43:38.175 31766 31766 W StatusBar: 	at com.android.internal.os.ZygoteInit.main(ZygoteInit.java:781)
12-12 21:43:38.175 31766 31766 W StatusBar: 	at de.robv.android.xposed.XposedBridge.main(XposedBridge.java:107)
12-12 21:43:38.178 31766 31766 I StatusBar: isKeyguardShowing() called before startKeyguard(), returning true
12-12 21:43:38.181 31766 31766 W StatusBar: isKeyguardSecure() called before startKeyguard(), returning false
12-12 21:43:38.181 31766 31766 W StatusBar: java.lang.Throwable
12-12 21:43:38.181 31766 31766 W StatusBar: 	at com.android.systemui.statusbar.BaseStatusBar.isKeyguardSecure(BaseStatusBar.java:3133)
12-12 21:43:38.181 31766 31766 W StatusBar: 	at com.android.systemui.statusbar.BaseStatusBar.isCameraAllowedByAdmin(BaseStatusBar.java:3225)
12-12 21:43:38.181 31766 31766 W StatusBar: 	at com.android.systemui.statusbar.phone.KeyguardBottomAreaView.updateCameraVisibility(KeyguardBottomAreaView.java:439)
12-12 21:43:38.181 31766 31766 W StatusBar: 	at com.android.systemui.statusbar.phone.KeyguardBottomAreaView.updateRightAffordanceIcon(KeyguardBottomAreaView.java:291)
12-12 21:43:38.181 31766 31766 W StatusBar: 	at com.android.systemui.statusbar.phone.KeyguardBottomAreaView.setUserSetupComplete(KeyguardBottomAreaView.java:382)
12-12 21:43:38.181 31766 31766 W StatusBar: 	at com.android.systemui.statusbar.phone.PhoneStatusBar$4.onChange(PhoneStatusBar.java:1071)
12-12 21:43:38.181 31766 31766 W StatusBar: 	at com.android.systemui.statusbar.phone.PhoneStatusBar.resetUserSetupObserver(PhoneStatusBar.java:5069)
12-12 21:43:38.181 31766 31766 W StatusBar: 	at com.android.systemui.statusbar.phone.PhoneStatusBar.makeStatusBarView(PhoneStatusBar.java:1743)
12-12 21:43:38.181 31766 31766 W StatusBar: 	at com.android.systemui.statusbar.phone.PhoneStatusBar.addStatusBarWindow(PhoneStatusBar.java:4639)
12-12 21:43:38.181 31766 31766 W StatusBar: 	at com.android.systemui.statusbar.phone.PhoneStatusBar.createAndAddWindows(PhoneStatusBar.java:4635)
12-12 21:43:38.181 31766 31766 W StatusBar: 	at com.android.systemui.statusbar.BaseStatusBar.start(BaseStatusBar.java:931)
12-12 21:43:38.181 31766 31766 W StatusBar: 	at com.android.systemui.statusbar.phone.PhoneStatusBar.start(PhoneStatusBar.java:1351)
12-12 21:43:38.181 31766 31766 W StatusBar: 	at com.android.systemui.statusbar.SystemBars.createStatusBarFromConfig(SystemBars.java:106)
12-12 21:43:38.181 31766 31766 W StatusBar: 	at com.android.systemui.statusbar.SystemBars.onNoService(SystemBars.java:58)
12-12 21:43:38.181 31766 31766 W StatusBar: 	at com.android.systemui.statusbar.ServiceMonitor.startService(ServiceMonitor.java:230)
12-12 21:43:38.181 31766 31766 W StatusBar: 	at com.android.systemui.statusbar.ServiceMonitor.-wrap5(ServiceMonitor.java)
12-12 21:43:38.181 31766 31766 W StatusBar: 	at com.android.systemui.statusbar.ServiceMonitor$1.handleMessage(ServiceMonitor.java:73)
12-12 21:43:38.181 31766 31766 W StatusBar: 	at android.os.Handler.dispatchMessage(Handler.java:102)
12-12 21:43:38.181 31766 31766 W StatusBar: 	at android.os.Looper.loop(Looper.java:154)
12-12 21:43:38.181 31766 31766 W StatusBar: 	at android.app.ActivityThread.main(ActivityThread.java:6236)
12-12 21:43:38.181 31766 31766 W StatusBar: 	at java.lang.reflect.Method.invoke(Native Method)
12-12 21:43:38.181 31766 31766 W StatusBar: 	at com.android.internal.os.ZygoteInit$MethodAndArgsCaller.run(ZygoteInit.java:891)
12-12 21:43:38.181 31766 31766 W StatusBar: 	at com.android.internal.os.ZygoteInit.main(ZygoteInit.java:781)
12-12 21:43:38.181 31766 31766 W StatusBar: 	at de.robv.android.xposed.XposedBridge.main(XposedBridge.java:107)
12-12 21:43:38.480 32273 32273 D MccTable: updateMccMncConfiguration mccmnc='46007' fromServiceState=false
12-12 21:43:38.480 32273 32273 D MccTable: updateMccMncConfiguration defaultMccMnc=46007
12-12 21:43:38.480 32273 32273 D MccTable: updateMccMncConfiguration: mcc=460, mnc=7
12-12 21:43:38.480 32273 32273 D MccTable: updateMccMncConfiguration updateConfig config={1.0 460mcc7mnc ?localeList ?layoutDir ?swdp ?wdp ?hdp ?density ?lsize ?long ?orien ?uimode ?night ?touch ?keyb/?/? ?nav/?}
12-12 21:43:39.131 31520   317 I chatty  : uid=1000 system_server expire 18 lines
12-12 21:43:39.504 31766 31766 E ActivityThread: Failed to find provider info for org.omnirom.omnijaws.provider
12-12 21:43:39.508 31766 31766 E ActivityThread: Failed to find provider info for org.omnirom.omnijaws.provider
12-12 21:43:39.509 31766 31766 E ActivityThread: Failed to find provider info for org.omnirom.omnijaws.provider
12-12 21:43:39.511 31766 31766 E ActivityThread: Failed to find provider info for org.omnirom.omnijaws.provider
12-12 21:43:39.513 31766 31766 E ActivityThread: Failed to find provider info for org.omnirom.omnijaws.provider
12-12 21:43:39.525 31766 31766 E ActivityThread: Failed to find provider info for org.omnirom.omnijaws.provider
12-12 21:43:39.647 31766 31766 E ActivityThread: Failed to find provider info for org.omnirom.omnijaws.provider
12-12 21:43:39.650 31766 31766 E ActivityThread: Failed to find provider info for org.omnirom.omnijaws.provider
12-12 21:43:39.681 31766 31766 E ActivityThread: Failed to find provider info for org.omnirom.omnijaws.provider
12-12 21:43:39.684 31766 31766 E ActivityThread: Failed to find provider info for org.omnirom.omnijaws.provider
12-12 21:43:39.685 31766 31766 E ActivityThread: Failed to find provider info for org.omnirom.omnijaws.provider
12-12 21:43:39.686 31766 31766 E ActivityThread: Failed to find provider info for org.omnirom.omnijaws.provider
12-12 21:43:39.688 31766 31766 E ActivityThread: Failed to find provider info for org.omnirom.omnijaws.provider
12-12 21:43:39.691 31766 31766 E ActivityThread: Failed to find provider info for org.omnirom.omnijaws.provider
12-12 21:43:39.691 31766 31766 E ActivityThread: Failed to find provider info for org.omnirom.omnijaws.provider
12-12 21:43:39.693 31766 31766 E ActivityThread: Failed to find provider info for org.omnirom.omnijaws.provider
12-12 21:43:40.133 31766 31766 E ActivityThread: Failed to find provider info for org.omnirom.omnijaws.provider
12-12 21:43:40.175 31766 31766 E ActivityThread: Failed to find provider info for org.omnirom.omnijaws.provider
12-12 21:43:40.176 31766 31766 E ActivityThread: Failed to find provider info for org.omnirom.omnijaws.provider
12-12 21:43:40.178 31766 31766 E ActivityThread: Failed to find provider info for org.omnirom.omnijaws.provider
12-12 21:43:41.225 31520 31713 I chatty  : uid=1000 system_server expire 9 lines
12-12 21:43:43.488 32273 32273 D MccTable: updateMccMncConfiguration mccmnc='46000' fromServiceState=true
12-12 21:43:43.489 32273 32273 D MccTable: updateMccMncConfiguration defaultMccMnc=46007
12-12 21:43:43.489 32273 32273 D MccTable: updateMccMncConfiguration: mcc=460, mnc=0
12-12 21:43:43.489 32273 32273 D MccTable: WIFI_COUNTRY_CODE set to cn
12-12 21:43:45.565   792   813 E ActivityThread: Failed to find provider info for media
12-12 21:43:45.628   792   813 E ActivityThread: Failed to find provider info for media
12-12 21:43:45.716 31520 31737 I chatty  : uid=1000 system_server expire 1 line
12-12 21:43:45.743   238   243 D vold    : e4crypt_prepare_user_storage for volume null, user 0, serial 0, flags 2
12-12 21:43:45.743   238   243 D vold    : Preparing: /data/system_ce/0
12-12 21:43:45.743   238   243 D vold    : Preparing: /data/misc_ce/0
12-12 21:43:45.744   238   243 D vold    : Preparing: /data/media/0
12-12 21:43:45.744   238   243 D vold    : Preparing: /data/data
12-12 21:43:46.402 31520 31579 I chatty  : uid=1000 system_server expire 1 line
12-12 21:43:46.403   238   242 D vold    : Linking /storage/emulated/0 to /mnt/user/0/primary
12-12 21:43:46.403 31520 31706 I chatty  : uid=1000 system_server expire 8 lines
12-12 21:43:46.656 31520   902 I chatty  : uid=1000 system_server expire 2 lines
12-12 21:43:48.524 31520  1631 I chatty  : uid=1000 system_server expire 11 lines
12-12 21:43:48.683 31520 32344 I chatty  : uid=1000 system_server expire 1 line
12-12 21:43:49.113 31520  1630 I chatty  : uid=1000 system_server expire 14 lines
12-12 21:43:50.455 32273 32273 D MccTable: updateMccMncConfiguration mccmnc='46000' fromServiceState=true
12-12 21:43:50.456 32273 32273 D MccTable: updateMccMncConfiguration defaultMccMnc=46007
12-12 21:43:50.456 32273 32273 D MccTable: updateMccMncConfiguration: mcc=460, mnc=0
12-12 21:43:50.456 32273 32273 D MccTable: WIFI_COUNTRY_CODE set to cn
12-12 21:43:51.096 31520  1692 I chatty  : uid=1000 system_server expire 17 lines
12-12 21:43:51.159 31520  1637 I chatty  : uid=1000 system_server expire 14 lines
12-12 21:43:51.240 31520  1693 I chatty  : uid=1000 system_server expire 18 lines
12-12 21:43:51.403 31520  1632 I chatty  : uid=1000 system_server expire 13 lines
12-12 21:43:51.495 32273 32273 D MccTable: updateMccMncConfiguration mccmnc='null' fromServiceState=true
12-12 21:43:51.495 32273 32273 D MccTable: WIFI_COUNTRY_CODE set to 
12-12 21:43:51.569  1565  1565 W KeyphraseEnrollmentInfo: No Enrollment application supports the given keyphrase/locale
12-12 21:43:52.529 31520  1636 I chatty  : uid=1000 system_server expire 20 lines
12-12 21:43:53.354 31520  1633 I chatty  : uid=1000 system_server expire 11 lines
12-12 21:43:53.964 31520  1691 I chatty  : uid=1000 system_server expire 13 lines
12-12 21:43:54.138  2791  2859 D ActivityThread: Loading provider com.android.email.provider;com.android.email.notifier: com.android.email.provider.EmailProvider
12-12 21:43:54.309 31520  1695 I chatty  : uid=1000 system_server expire 13 lines
12-12 21:43:54.572  2791  2791 E ActivityThread: Service com.android.email.service.EmailBroadcastProcessorService has leaked ServiceConnection com.android.emailcommon.service.ServiceProxy$ProxyConnection@7debc76 that was originally bound here
12-12 21:43:54.572  2791  2791 E ActivityThread: android.app.ServiceConnectionLeaked: Service com.android.email.service.EmailBroadcastProcessorService has leaked ServiceConnection com.android.emailcommon.service.ServiceProxy$ProxyConnection@7debc76 that was originally bound here
12-12 21:43:54.572  2791  2791 E ActivityThread: 	at android.app.LoadedApk$ServiceDispatcher.<init>(LoadedApk.java:1336)
12-12 21:43:54.572  2791  2791 E ActivityThread: 	at android.app.LoadedApk.getServiceDispatcher(LoadedApk.java:1231)
12-12 21:43:54.572  2791  2791 E ActivityThread: 	at android.app.ContextImpl.bindServiceCommon(ContextImpl.java:1450)
12-12 21:43:54.572  2791  2791 E ActivityThread: 	at android.app.ContextImpl.bindService(ContextImpl.java:1422)
12-12 21:43:54.572  2791  2791 E ActivityThread: 	at android.content.ContextWrapper.bindService(ContextWrapper.java:636)
12-12 21:43:54.572  2791  2791 E ActivityThread: 	at com.android.emailcommon.service.ServiceProxy.setTask(ServiceProxy.java:238)
12-12 21:43:54.572  2791  2791 E ActivityThread: 	at com.android.emailcommon.service.ServiceProxy.test(ServiceProxy.java:283)
12-12 21:43:54.572  2791  2791 E ActivityThread: 	at com.android.email.service.EmailServiceUtils.isServiceAvailable(EmailServiceUtils.java:160)
12-12 21:43:54.572  2791  2791 E ActivityThread: 	at com.android.email.provider.AccountReconciler.reconcileAccountsInternal(AccountReconciler.java:171)
12-12 21:43:54.572  2791  2791 E ActivityThread: 	at com.android.email.provider.AccountReconciler.reconcileAccounts(AccountReconciler.java:115)
12-12 21:43:54.572  2791  2791 E ActivityThread: 	at com.android.email.service.EmailBroadcastProcessorService.reconcileAndStartServices(EmailBroadcastProcessorService.java:309)
12-12 21:43:54.572  2791  2791 E ActivityThread: 	at com.android.email.service.EmailBroadcastProcessorService.onBootCompleted(EmailBroadcastProcessorService.java:295)
12-12 21:43:54.572  2791  2791 E ActivityThread: 	at com.android.email.service.EmailBroadcastProcessorService.onHandleIntent(EmailBroadcastProcessorService.java:130)
12-12 21:43:54.572  2791  2791 E ActivityThread: 	at android.app.IntentService$ServiceHandler.handleMessage(IntentService.java:68)
12-12 21:43:54.572  2791  2791 E ActivityThread: 	at android.os.Handler.dispatchMessage(Handler.java:102)
12-12 21:43:54.572  2791  2791 E ActivityThread: 	at android.os.Looper.loop(Looper.java:154)
12-12 21:43:54.572  2791  2791 E ActivityThread: 	at android.os.HandlerThread.run(HandlerThread.java:61)
12-12 21:43:54.573  2791  2791 E ActivityThread: Service com.android.email.service.EmailBroadcastProcessorService has leaked ServiceConnection com.android.emailcommon.service.ServiceProxy$ProxyConnection@af4af13 that was originally bound here
12-12 21:43:54.573  2791  2791 E ActivityThread: android.app.ServiceConnectionLeaked: Service com.android.email.service.EmailBroadcastProcessorService has leaked ServiceConnection com.android.emailcommon.service.ServiceProxy$ProxyConnection@af4af13 that was originally bound here
12-12 21:43:54.573  2791  2791 E ActivityThread: 	at android.app.LoadedApk$ServiceDispatcher.<init>(LoadedApk.java:1336)
12-12 21:43:54.573  2791  2791 E ActivityThread: 	at android.app.LoadedApk.getServiceDispatcher(LoadedApk.java:1231)
12-12 21:43:54.573  2791  2791 E ActivityThread: 	at android.app.ContextImpl.bindServiceCommon(ContextImpl.java:1450)
12-12 21:43:54.573  2791  2791 E ActivityThread: 	at android.app.ContextImpl.bindService(ContextImpl.java:1422)
12-12 21:43:54.573  2791  2791 E ActivityThread: 	at android.content.ContextWrapper.bindService(ContextWrapper.java:636)
12-12 21:43:54.573  2791  2791 E ActivityThread: 	at com.android.emailcommon.service.ServiceProxy.setTask(ServiceProxy.java:238)
12-12 21:43:54.573  2791  2791 E ActivityThread: 	at com.android.emailcommon.service.ServiceProxy.test(ServiceProxy.java:283)
12-12 21:43:54.573  2791  2791 E ActivityThread: 	at com.android.email.service.EmailServiceUtils.isServiceAvailable(EmailServiceUtils.java:160)
12-12 21:43:54.573  2791  2791 E ActivityThread: 	at com.android.email.provider.AccountReconciler.reconcileAccountsInternal(AccountReconciler.java:171)
12-12 21:43:54.573  2791  2791 E ActivityThread: 	at com.android.email.provider.AccountReconciler.reconcileAccounts(AccountReconciler.java:115)
12-12 21:43:54.573  2791  2791 E ActivityThread: 	at com.android.email.service.EmailBroadcastProcessorService.reconcileAndStartServices(EmailBroadcastProcessorService.java:309)
12-12 21:43:54.573  2791  2791 E ActivityThread: 	at com.android.email.service.EmailBroadcastProcessorService.onBootCompleted(EmailBroadcastProcessorService.java:295)
12-12 21:43:54.573  2791  2791 E ActivityThread: 	at com.android.email.service.EmailBroadcastProcessorService.onHandleIntent(EmailBroadcastProcessorService.java:130)
12-12 21:43:54.573  2791  2791 E ActivityThread: 	at android.app.IntentService$ServiceHandler.handleMessage(IntentService.java:68)
12-12 21:43:54.573  2791  2791 E ActivityThread: 	at android.os.Handler.dispatchMessage(Handler.java:102)
12-12 21:43:54.573  2791  2791 E ActivityThread: 	at android.os.Looper.loop(Looper.java:154)
12-12 21:43:54.573  2791  2791 E ActivityThread: 	at android.os.HandlerThread.run(HandlerThread.java:61)
12-12 21:43:57.895 31520 31563 I chatty  : uid=1000 system_server expire 11 lines
12-12 21:43:58.926 31520 31806 I chatty  : uid=1000 system_server expire 15 lines
12-12 21:43:59.131 31520 31881 I chatty  : uid=1000 system_server expire 10 lines
12-12 21:43:59.196 31520   316 I chatty  : uid=1000 system_server expire 10 lines
12-12 21:43:59.725 31520 31520 I chatty  : uid=1000 system_server expire 11 lines
12-12 21:43:59.758 31520 31564 I chatty  : uid=1000 system_server expire 16 lines
12-12 21:43:59.906 31520 31719 I chatty  : uid=1000 system_server expire 10 lines
12-12 21:44:01.038 31520 31880 I chatty  : uid=1000 system_server expire 16 lines
12-12 21:44:02.211 32273 32273 D MccTable: updateMccMncConfiguration mccmnc='null' fromServiceState=true
12-12 21:44:02.211 32273 32273 D MccTable: WIFI_COUNTRY_CODE set to 
12-12 21:44:03.772 32273 32273 D MccTable: updateMccMncConfiguration mccmnc='46000' fromServiceState=true
12-12 21:44:03.781 32273 32273 D MccTable: updateMccMncConfiguration defaultMccMnc=46007
12-12 21:44:03.781 32273 32273 D MccTable: updateMccMncConfiguration: mcc=460, mnc=0
12-12 21:44:03.781 32273 32273 D MccTable: WIFI_COUNTRY_CODE set to cn
12-12 21:44:07.579  4097  4160 E ActivityThread: Failed to find provider info for com.android.badge
12-12 21:44:07.606  4097  4160 E ActivityThread: Failed to find provider info for com.android.badge
12-12 21:44:07.613  4097  4160 E ActivityThread: Failed to find provider info for com.android.badge
12-12 21:44:07.987 31520  4013 I chatty  : uid=1000 system_server expire 13 lines
12-12 21:44:09.955  4475  4499 D ActivityThread: Loading provider com.google.android.gmail.provider;com.android.mail.notifier;com.google.android.gm.email.provider;com.google.android.gm.tasks.provider;com.google.android.gm.email.notifier: com.android.email.provider.EmailProvider
12-12 21:44:10.488 31520  3999 I chatty  : uid=1000 system_server expire 13 lines
12-12 21:44:17.117  1548  4343 E ActivityThread: Failed to find provider info for com.google.android.wearable.settings
12-12 21:44:17.181  4838  4838 E ActivityThread: Failed to find provider info for com.tencent.mm.coolassist.debugprovider
12-12 21:44:17.697 31520  1630 I chatty  : uid=1000 system_server expire 11 lines
12-12 21:44:20.363  5126  5126 E ActivityThread: Failed to find provider info for com.tencent.mm.coolassist.debugprovider
12-12 21:44:20.959 31520   316 I chatty  : uid=1000 system_server expire 16 lines
12-12 21:44:21.720 31520 31520 I chatty  : uid=1000 system_server expire 10 lines
12-12 21:44:24.940 31520  1637 I chatty  : uid=1000 system_server expire 16 lines
12-12 21:44:24.942 31520  1692 I chatty  : uid=1000 system_server expire 15 lines
12-12 21:44:25.753 31520 31881 I chatty  : uid=1000 system_server expire 11 lines
12-12 21:44:26.080 31520   317 I chatty  : uid=1000 system_server expire 10 lines
12-12 21:44:26.478 31520 31541 I chatty  : uid=1000 system_server expire 10 lines
12-12 21:44:26.823 31520  1631 I chatty  : uid=1000 system_server expire 10 lines
12-12 21:44:27.551 31520  1633 I chatty  : uid=1000 system_server expire 13 lines
12-12 21:44:27.736 31520  1691 I chatty  : uid=1000 system_server expire 11 lines
12-12 21:44:28.154  5367  5439 E ActivityThread: Failed to find provider info for com.android.badge
12-12 21:44:28.200  5367  5439 E ActivityThread: Failed to find provider info for com.android.badge
12-12 21:44:28.270  5367  5439 E ActivityThread: Failed to find provider info for com.android.badge
12-12 21:44:29.004 31520 31542 I chatty  : uid=1000 system_server expire 13 lines
12-12 21:44:38.976 31520 31563 I chatty  : uid=1000 system_server expire 8 lines
12-12 21:44:46.354  5985  5985 E ActivityThread: Failed to find provider info for com.tencent.mm.coolassist.debugprovider
12-12 21:44:47.515  6066  6066 E ActivityThread: Failed to find provider info for com.tencent.mm.coolassist.debugprovider
12-12 21:44:49.613 31520 31520 I chatty  : uid=1000 system_server expire 12 lines
12-12 21:44:56.188 31520 31632 I chatty  : uid=1000 system_server expire 19 lines
12-12 21:44:59.836  6215  6215 E ActivityThread: Failed to find provider info for com.tencent.mm.coolassist.debugprovider
12-12 21:45:14.812  6386  6406 E ActivityThread: Failed to find provider info for com.android.badge
12-12 21:45:14.822  6386  6406 E ActivityThread: Failed to find provider info for com.android.badge
12-12 21:45:14.893  6386  6406 E ActivityThread: Failed to find provider info for com.android.badge
12-12 21:45:14.948 31520  1636 I chatty  : uid=1000 system_server expire 12 lines
12-12 21:45:29.666 31520  1691 I chatty  : uid=1000 system_server expire 10 lines
12-12 21:45:31.494 31520 31565 I chatty  : uid=1000 system_server expire 10 lines
12-12 21:45:32.460 31520  1693 I chatty  : uid=1000 system_server expire 17 lines
12-12 21:45:40.019 31520  4013 I chatty  : uid=1000 system_server expire 17 lines
12-12 21:45:44.189 31520 31520 I chatty  : uid=1000 system_server expire 14 lines
12-12 21:45:55.010 31520  3999 I chatty  : uid=1000 system_server expire 13 lines
12-12 21:45:55.075 31520 31880 I chatty  : uid=1000 system_server expire 10 lines
12-12 21:45:55.085 31520 31806 I chatty  : uid=1000 system_server expire 10 lines
12-12 21:45:55.196 31520 31719 I chatty  : uid=1000 system_server expire 11 lines
12-12 21:45:55.544 31520  1695 I chatty  : uid=1000 system_server expire 13 lines
12-12 21:45:58.354 31520  1632 I chatty  : uid=1000 system_server expire 11 lines
12-12 21:46:15.478 31520 31541 I chatty  : uid=1000 system_server expire 14 lines
12-12 21:46:17.396 31520  1630 I chatty  : uid=1000 system_server expire 13 lines
12-12 21:46:22.748  6437  6437 W ContextImpl: Calling a method in the system process without a qualified user: android.app.ContextImpl.startActivity:767 android.content.ContextWrapper.startActivity:356 android.content.ContextWrapper.startActivity:356 com.android.settings.TestingSettingsBroadcastReceiver.onReceive:23 android.app.ActivityThread.handleReceiver:3080 
12-12 21:46:22.749  6437  6437 W ContextImpl: Calling a method in the system process without a qualified user: android.app.ContextImpl.startActivity:779 android.app.ContextImpl.startActivity:768 android.content.ContextWrapper.startActivity:356 android.content.ContextWrapper.startActivity:356 com.android.settings.TestingSettingsBroadcastReceiver.onReceive:23 
12-12 21:46:39.101 31520 31520 I chatty  : uid=1000 system_server expire 19 lines
12-12 21:47:01.255  6958  7153 W PackageParser: Unknown element under <manifest>: meta-data at /storage/emulated/0/Android/data/com.coolapk.market/files/Download/cn.lirui.pure-2.2-22-136816.apk Binary XML file line #17
12-12 21:47:03.099 31520 31564 I chatty  : uid=1000 system_server expire 19 lines
12-12 21:47:57.270  6958  7531 W PackageParser: Unknown element under <manifest>: meta-data at /storage/emulated/0/Android/data/com.coolapk.market/files/Download/dejan.llevo3.belo-6.5-57-119703.apk Binary XML file line #19
12-12 21:48:00.914 31520 31520 I chatty  : uid=1000 system_server expire 16 lines
12-12 21:48:01.567 31520 31719 I chatty  : uid=1000 system_server expire 12 lines
12-12 21:48:06.765  6958  7613 W PackageParser: Unknown element under <manifest>: meta-data at /storage/emulated/0/Android/data/com.coolapk.market/files/Download/tech.evlsoc.captivemgr-2.4-12-123040.apk Binary XML file line #17
12-12 21:48:28.335  7765  7765 W ContextImpl: Calling a method in the system process without a qualified user: android.app.ContextImpl.startService:1357 android.content.ContextWrapper.startService:613 android.content.ContextWrapper.startService:613 com.android.keychain.KeyChainBroadcastReceiver.onReceive:12 android.app.ActivityThread.handleReceiver:3080 
12-12 21:48:28.633 31520 31567 I chatty  : uid=1000 system_server expire 10 lines
12-12 21:48:29.324 31520   316 I chatty  : uid=1000 system_server expire 17 lines
12-12 21:48:29.448 31520   317 I chatty  : uid=1000 system_server expire 11 lines
12-12 21:48:32.234   238   242 D vold    : Remounting 10074 as mode read
12-12 21:48:32.252   238   242 D vold    : Found matching PID 7697
12-12 21:48:32.264   238   242 D vold    : Remounting 10074 as mode write
12-12 21:48:32.273   238   242 D vold    : Found matching PID 7697
12-12 21:48:32.396 31520  1692 I chatty  : uid=1000 system_server expire 21 lines
12-12 21:48:32.796 31520 31520 I chatty  : uid=1000 system_server expire 28 lines
12-12 21:48:34.183 31520  1633 I chatty  : uid=1000 system_server expire 12 lines
12-12 21:48:38.101 31520  1631 I chatty  : uid=1000 system_server expire 15 lines
12-12 21:48:38.729  7765  7765 W ContextImpl: Calling a method in the system process without a qualified user: android.app.ContextImpl.startService:1357 android.content.ContextWrapper.startService:613 android.content.ContextWrapper.startService:613 com.android.keychain.KeyChainBroadcastReceiver.onReceive:12 android.app.ActivityThread.handleReceiver:3080 
12-12 21:48:38.936 31520 31542 I chatty  : uid=1000 system_server expire 10 lines
12-12 21:48:42.400  7722  7734 W ContextImpl: Calling a method in the system process without a qualified user: android.app.ContextImpl.stopService:1363 android.content.ContextWrapper.stopService:618 projekt.interfacer.services.JobService.restartUi:836 projekt.interfacer.services.JobService.-wrap15:-1 projekt.interfacer.services.JobService$1.disableOverlay:276 
12-12 21:48:44.639 31520 31628 I chatty  : uid=1000 system_server expire 15 lines
12-12 21:48:45.665 31520 31626 I chatty  : uid=1000 system_server expire 12 lines
12-12 21:48:51.718  7992  7992 I StatusBar: isKeyguardShowing() called before startKeyguard(), returning true
12-12 21:48:51.720  7992  7992 W StatusBar: isKeyguardSecure() called before startKeyguard(), returning false
12-12 21:48:51.720  7992  7992 W StatusBar: java.lang.Throwable
12-12 21:48:51.720  7992  7992 W StatusBar: 	at com.android.systemui.statusbar.BaseStatusBar.isKeyguardSecure(BaseStatusBar.java:3133)
12-12 21:48:51.720  7992  7992 W StatusBar: 	at com.android.systemui.statusbar.BaseStatusBar.isCameraAllowedByAdmin(BaseStatusBar.java:3225)
12-12 21:48:51.720  7992  7992 W StatusBar: 	at com.android.systemui.statusbar.phone.KeyguardBottomAreaView.updateCameraVisibility(KeyguardBottomAreaView.java:439)
12-12 21:48:51.720  7992  7992 W StatusBar: 	at com.android.systemui.statusbar.phone.KeyguardBottomAreaView.setUserSetupComplete(KeyguardBottomAreaView.java:381)
12-12 21:48:51.720  7992  7992 W StatusBar: 	at com.android.systemui.statusbar.phone.PhoneStatusBar$4.onChange(PhoneStatusBar.java:1071)
12-12 21:48:51.720  7992  7992 W StatusBar: 	at com.android.systemui.statusbar.phone.PhoneStatusBar.resetUserSetupObserver(PhoneStatusBar.java:5069)
12-12 21:48:51.720  7992  7992 W StatusBar: 	at com.android.systemui.statusbar.phone.PhoneStatusBar.makeStatusBarView(PhoneStatusBar.java:1743)
12-12 21:48:51.720  7992  7992 W StatusBar: 	at com.android.systemui.statusbar.phone.PhoneStatusBar.addStatusBarWindow(PhoneStatusBar.java:4639)
12-12 21:48:51.720  7992  7992 W StatusBar: 	at com.android.systemui.statusbar.phone.PhoneStatusBar.createAndAddWindows(PhoneStatusBar.java:4635)
12-12 21:48:51.720  7992  7992 W StatusBar: 	at com.android.systemui.statusbar.BaseStatusBar.start(BaseStatusBar.java:931)
12-12 21:48:51.720  7992  7992 W StatusBar: 	at com.android.systemui.statusbar.phone.PhoneStatusBar.start(PhoneStatusBar.java:1351)
12-12 21:48:51.720  7992  7992 W StatusBar: 	at com.android.systemui.statusbar.SystemBars.createStatusBarFromConfig(SystemBars.java:106)
12-12 21:48:51.720  7992  7992 W StatusBar: 	at com.android.systemui.statusbar.SystemBars.onNoService(SystemBars.java:58)
12-12 21:48:51.720  7992  7992 W StatusBar: 	at com.android.systemui.statusbar.ServiceMonitor.startService(ServiceMonitor.java:230)
12-12 21:48:51.720  7992  7992 W StatusBar: 	at com.android.systemui.statusbar.ServiceMonitor.-wrap5(ServiceMonitor.java)
12-12 21:48:51.720  7992  7992 W StatusBar: 	at com.android.systemui.statusbar.ServiceMonitor$1.handleMessage(ServiceMonitor.java:73)
12-12 21:48:51.720  7992  7992 W StatusBar: 	at android.os.Handler.dispatchMessage(Handler.java:102)
12-12 21:48:51.720  7992  7992 W StatusBar: 	at android.os.Looper.loop(Looper.java:154)
12-12 21:48:51.720  7992  7992 W StatusBar: 	at android.app.ActivityThread.main(ActivityThread.java:6236)
12-12 21:48:51.720  7992  7992 W StatusBar: 	at java.lang.reflect.Method.invoke(Native Method)
12-12 21:48:51.720  7992  7992 W StatusBar: 	at com.android.internal.os.ZygoteInit$MethodAndArgsCaller.run(ZygoteInit.java:891)
12-12 21:48:51.720  7992  7992 W StatusBar: 	at com.android.internal.os.ZygoteInit.main(ZygoteInit.java:781)
12-12 21:48:51.720  7992  7992 W StatusBar: 	at de.robv.android.xposed.XposedBridge.main(XposedBridge.java:107)
12-12 21:48:51.722  7992  7992 I StatusBar: isKeyguardShowing() called before startKeyguard(), returning true
12-12 21:48:51.723  7992  7992 W StatusBar: isKeyguardSecure() called before startKeyguard(), returning false
12-12 21:48:51.723  7992  7992 W StatusBar: java.lang.Throwable
12-12 21:48:51.723  7992  7992 W StatusBar: 	at com.android.systemui.statusbar.BaseStatusBar.isKeyguardSecure(BaseStatusBar.java:3133)
12-12 21:48:51.723  7992  7992 W StatusBar: 	at com.android.systemui.statusbar.BaseStatusBar.isCameraAllowedByAdmin(BaseStatusBar.java:3225)
12-12 21:48:51.723  7992  7992 W StatusBar: 	at com.android.systemui.statusbar.phone.KeyguardBottomAreaView.updateCameraVisibility(KeyguardBottomAreaView.java:439)
12-12 21:48:51.723  7992  7992 W StatusBar: 	at com.android.systemui.statusbar.phone.KeyguardBottomAreaView.updateRightAffordanceIcon(KeyguardBottomAreaView.java:291)
12-12 21:48:51.723  7992  7992 W StatusBar: 	at com.android.systemui.statusbar.phone.KeyguardBottomAreaView.setUserSetupComplete(KeyguardBottomAreaView.java:382)
12-12 21:48:51.723  7992  7992 W StatusBar: 	at com.android.systemui.statusbar.phone.PhoneStatusBar$4.onChange(PhoneStatusBar.java:1071)
12-12 21:48:51.723  7992  7992 W StatusBar: 	at com.android.systemui.statusbar.phone.PhoneStatusBar.resetUserSetupObserver(PhoneStatusBar.java:5069)
12-12 21:48:51.723  7992  7992 W StatusBar: 	at com.android.systemui.statusbar.phone.PhoneStatusBar.makeStatusBarView(PhoneStatusBar.java:1743)
12-12 21:48:51.723  7992  7992 W StatusBar: 	at com.android.systemui.statusbar.phone.PhoneStatusBar.addStatusBarWindow(PhoneStatusBar.java:4639)
12-12 21:48:51.723  7992  7992 W StatusBar: 	at com.android.systemui.statusbar.phone.PhoneStatusBar.createAndAddWindows(PhoneStatusBar.java:4635)
12-12 21:48:51.723  7992  7992 W StatusBar: 	at com.android.systemui.statusbar.BaseStatusBar.start(BaseStatusBar.java:931)
12-12 21:48:51.723  7992  7992 W StatusBar: 	at com.android.systemui.statusbar.phone.PhoneStatusBar.start(PhoneStatusBar.java:1351)
12-12 21:48:51.723  7992  7992 W StatusBar: 	at com.android.systemui.statusbar.SystemBars.createStatusBarFromConfig(SystemBars.java:106)
12-12 21:48:51.723  7992  7992 W StatusBar: 	at com.android.systemui.statusbar.SystemBars.onNoService(SystemBars.java:58)
12-12 21:48:51.723  7992  7992 W StatusBar: 	at com.android.systemui.statusbar.ServiceMonitor.startService(ServiceMonitor.java:230)
12-12 21:48:51.723  7992  7992 W StatusBar: 	at com.android.systemui.statusbar.ServiceMonitor.-wrap5(ServiceMonitor.java)
12-12 21:48:51.723  7992  7992 W StatusBar: 	at com.android.systemui.statusbar.ServiceMonitor$1.handleMessage(ServiceMonitor.java:73)
12-12 21:48:51.723  7992  7992 W StatusBar: 	at android.os.Handler.dispatchMessage(Handler.java:102)
12-12 21:48:51.723  7992  7992 W StatusBar: 	at android.os.Looper.loop(Looper.java:154)
12-12 21:48:51.723  7992  7992 W StatusBar: 	at android.app.ActivityThread.main(ActivityThread.java:6236)
12-12 21:48:51.723  7992  7992 W StatusBar: 	at java.lang.reflect.Method.invoke(Native Method)
12-12 21:48:51.723  7992  7992 W StatusBar: 	at com.android.internal.os.ZygoteInit$MethodAndArgsCaller.run(ZygoteInit.java:891)
12-12 21:48:51.723  7992  7992 W StatusBar: 	at com.android.internal.os.ZygoteInit.main(ZygoteInit.java:781)
12-12 21:48:51.723  7992  7992 W StatusBar: 	at de.robv.android.xposed.XposedBridge.main(XposedBridge.java:107)
12-12 21:48:56.031  7765  7765 W ContextImpl: Calling a method in the system process without a qualified user: android.app.ContextImpl.startService:1357 android.content.ContextWrapper.startService:613 android.content.ContextWrapper.startService:613 com.android.keychain.KeyChainBroadcastReceiver.onReceive:12 android.app.ActivityThread.handleReceiver:3080 
12-12 21:48:56.659 31520 31564 I chatty  : uid=1000 system_server expire 12 lines
12-12 21:48:56.954 31520  7989 I chatty  : uid=1000 system_server expire 11 lines
12-12 21:48:57.221  7765  7765 W ContextImpl: Calling a method in the system process without a qualified user: android.app.ContextImpl.startService:1357 android.content.ContextWrapper.startService:613 android.content.ContextWrapper.startService:613 com.android.keychain.KeyChainBroadcastReceiver.onReceive:12 android.app.ActivityThread.handleReceiver:3080 
12-12 21:48:57.545  7765  7765 W ContextImpl: Calling a method in the system process without a qualified user: android.app.ContextImpl.startService:1357 android.content.ContextWrapper.startService:613 android.content.ContextWrapper.startService:613 com.android.keychain.KeyChainBroadcastReceiver.onReceive:12 android.app.ActivityThread.handleReceiver:3080 
12-12 21:48:57.833  7765  7765 W ContextImpl: Calling a method in the system process without a qualified user: android.app.ContextImpl.startService:1357 android.content.ContextWrapper.startService:613 android.content.ContextWrapper.startService:613 com.android.keychain.KeyChainBroadcastReceiver.onReceive:12 android.app.ActivityThread.handleReceiver:3080 
12-12 21:48:58.127  7765  7765 W ContextImpl: Calling a method in the system process without a qualified user: android.app.ContextImpl.startService:1357 android.content.ContextWrapper.startService:613 android.content.ContextWrapper.startService:613 com.android.keychain.KeyChainBroadcastReceiver.onReceive:12 android.app.ActivityThread.handleReceiver:3080 
12-12 21:48:58.392  7765  7765 W ContextImpl: Calling a method in the system process without a qualified user: android.app.ContextImpl.startService:1357 android.content.ContextWrapper.startService:613 android.content.ContextWrapper.startService:613 com.android.keychain.KeyChainBroadcastReceiver.onReceive:12 android.app.ActivityThread.handleReceiver:3080 
12-12 21:48:59.370  7765  7765 W ContextImpl: Calling a method in the system process without a qualified user: android.app.ContextImpl.startService:1357 android.content.ContextWrapper.startService:613 android.content.ContextWrapper.startService:613 com.android.keychain.KeyChainBroadcastReceiver.onReceive:12 android.app.ActivityThread.handleReceiver:3080 
12-12 21:48:59.401 31520 31881 I chatty  : uid=1000 system_server expire 13 lines
12-12 21:48:59.642  7765  7765 W ContextImpl: Calling a method in the system process without a qualified user: android.app.ContextImpl.startService:1357 android.content.ContextWrapper.startService:613 android.content.ContextWrapper.startService:613 com.android.keychain.KeyChainBroadcastReceiver.onReceive:12 android.app.ActivityThread.handleReceiver:3080 
12-12 21:48:59.903  7765  7765 W ContextImpl: Calling a method in the system process without a qualified user: android.app.ContextImpl.startService:1357 android.content.ContextWrapper.startService:613 android.content.ContextWrapper.startService:613 com.android.keychain.KeyChainBroadcastReceiver.onReceive:12 android.app.ActivityThread.handleReceiver:3080 
12-12 21:49:00.153  7765  7765 W ContextImpl: Calling a method in the system process without a qualified user: android.app.ContextImpl.startService:1357 android.content.ContextWrapper.startService:613 android.content.ContextWrapper.startService:613 com.android.keychain.KeyChainBroadcastReceiver.onReceive:12 android.app.ActivityThread.handleReceiver:3080 
12-12 21:49:00.385  7765  7765 W ContextImpl: Calling a method in the system process without a qualified user: android.app.ContextImpl.startService:1357 android.content.ContextWrapper.startService:613 android.content.ContextWrapper.startService:613 com.android.keychain.KeyChainBroadcastReceiver.onReceive:12 android.app.ActivityThread.handleReceiver:3080 
12-12 21:49:00.624  7765  7765 W ContextImpl: Calling a method in the system process without a qualified user: android.app.ContextImpl.startService:1357 android.content.ContextWrapper.startService:613 android.content.ContextWrapper.startService:613 com.android.keychain.KeyChainBroadcastReceiver.onReceive:12 android.app.ActivityThread.handleReceiver:3080 
12-12 21:49:00.990  7765  7765 W ContextImpl: Calling a method in the system process without a qualified user: android.app.ContextImpl.startService:1357 android.content.ContextWrapper.startService:613 android.content.ContextWrapper.startService:613 com.android.keychain.KeyChainBroadcastReceiver.onReceive:12 android.app.ActivityThread.handleReceiver:3080 
12-12 21:49:24.346  7697  7697 W ViewRootImpl[InformationActivity]: Dropping event due to root view being removed: MotionEvent { action=ACTION_MOVE, actionButton=0, id[0]=0, x[0]=389.61426, y[0]=1017.0786, toolType[0]=TOOL_TYPE_FINGER, buttonState=0, metaState=0, flags=0x0, edgeFlags=0x0, pointerCount=1, historySize=2, eventTime=13028218, downTime=13028188, deviceId=6, source=0x1002 }
12-12 21:49:30.118 31520 31880 I chatty  : uid=1000 system_server expire 14 lines
12-12 21:49:30.123 31520  1695 I chatty  : uid=1000 system_server expire 18 lines
12-12 21:49:30.128 31520 31806 I chatty  : uid=1000 system_server expire 12 lines
12-12 21:49:31.796  6173  6185 D DefContainer: Copying /storage/emulated/0/.substratum/android.Belosubstratum-signed.apk to base.apk
12-12 21:49:31.831 31520 31632 I chatty  : uid=1000 system_server expire 18 lines
12-12 21:49:33.038 31520  3999 I chatty  : uid=1000 system_server expire 19 lines
12-12 21:49:33.208  6173  6186 D DefContainer: Copying /storage/emulated/0/.substratum/com.android.inputmethod.latin.Belosubstratum-signed.apk to base.apk
12-12 21:49:33.771 31520  1632 I chatty  : uid=1000 system_server expire 11 lines
12-12 21:49:34.818  6173  6186 D DefContainer: Copying /storage/emulated/0/.substratum/com.google.android.gm.Belosubstratum-signed.apk to base.apk
12-12 21:49:36.193  6173  6185 D DefContainer: Copying /storage/emulated/0/.substratum/com.google.android.googlequicksearchbox.Belosubstratum-signed.apk to base.apk
12-12 21:49:38.214 31520  7989 I chatty  : uid=1000 system_server expire 12 lines
12-12 21:49:38.354  6173  6185 D DefContainer: Copying /storage/emulated/0/.substratum/com.android.vending.Belosubstratum-signed.apk to base.apk
12-12 21:49:40.503  6173  6185 D DefContainer: Copying /storage/emulated/0/.substratum/com.google.android.gms.Belosubstratum-signed.apk to base.apk
12-12 21:49:41.765 31520  1637 I chatty  : uid=1000 system_server expire 12 lines
12-12 21:49:42.865  6173  6185 D DefContainer: Copying /storage/emulated/0/.substratum/com.google.android.apps.plus.Belosubstratum-signed.apk to base.apk
12-12 21:49:42.906 31520 31632 I chatty  : uid=1000 system_server expire 21 lines
12-12 21:49:44.110 31520 31520 I chatty  : uid=1000 system_server expire 16 lines
12-12 21:49:44.188  6173  6186 D DefContainer: Copying /storage/emulated/0/.substratum/com.google.android.tts.Belosubstratum-signed.apk to base.apk
12-12 21:49:45.978  6173  6186 D DefContainer: Copying /storage/emulated/0/.substratum/com.google.android.keep.Belosubstratum-signed.apk to base.apk
12-12 21:49:47.479  6173  6185 D DefContainer: Copying /storage/emulated/0/.substratum/com.topjohnwu.magisk.Belosubstratum-signed.apk to base.apk
12-12 21:49:49.051  6173  6185 D DefContainer: Copying /storage/emulated/0/.substratum/org.omnirom.omnijaws.Belosubstratum-signed.apk to base.apk
12-12 21:49:50.409  6173  6186 D DefContainer: Copying /storage/emulated/0/.substratum/org.omnirom.omniswitch.Belosubstratum-signed.apk to base.apk
12-12 21:49:51.863  6173  6185 D DefContainer: Copying /storage/emulated/0/.substratum/org.cyanogenmod.cmparts.Belosubstratum-signed.apk to base.apk
12-12 21:49:53.671  6173  6186 D DefContainer: Copying /storage/emulated/0/.substratum/com.google.android.youtube.Belosubstratum-signed.apk to base.apk
12-12 21:49:53.702 31520 31632 I chatty  : uid=1000 system_server expire 18 lines
12-12 21:49:55.135  6173  6185 D DefContainer: Copying /storage/emulated/0/.substratum/com.cyanogenmod.lockclock.Belosubstratum-signed.apk to base.apk
12-12 21:49:56.468 31520 31520 I chatty  : uid=1000 system_server expire 14 lines
12-12 21:49:56.970  6173  6186 D DefContainer: Copying /storage/emulated/0/.substratum/projekt.substratum.Belosubstratum-signed.apk to base.apk
12-12 21:49:57.383   238   242 E vold    : Failed to readlink for /proc/7874/ns/mnt
12-12 21:49:59.350  6173  6185 D DefContainer: Copying /storage/emulated/0/.substratum/com.google.android.apps.messaging.Belosubstratum-signed.apk to base.apk
12-12 21:50:01.205  6173  6185 D DefContainer: Copying /storage/emulated/0/.substratum/com.android.storagemanager.Belosubstratum-signed.apk to base.apk
12-12 21:50:02.618  6173  6186 D DefContainer: Copying /storage/emulated/0/.substratum/com.android.systemui.navbars.Belosubstratum-signed.apk to base.apk
12-12 21:50:04.016  6173  6185 D DefContainer: Copying /storage/emulated/0/.substratum/com.android.emergency.Belosubstratum-signed.apk to base.apk
12-12 21:50:04.050 31520 31632 I chatty  : uid=1000 system_server expire 33 lines
12-12 21:50:05.702  6173  6185 D DefContainer: Copying /storage/emulated/0/.substratum/com.android.documentsui.Belosubstratum-signed.apk to base.apk
12-12 21:50:07.124  6173  6186 D DefContainer: Copying /storage/emulated/0/.substratum/com.resurrection.ota.Belosubstratum-signed.apk to base.apk
12-12 21:50:08.196 31520 31520 I chatty  : uid=1000 system_server expire 15 lines
12-12 21:50:08.507  6173  6185 D DefContainer: Copying /storage/emulated/0/.substratum/com.android.systemui.statusbars.Belosubstratum-signed.apk to base.apk
