12-11 10:19:31.723 13928 14848 E ActivityThread: Failed to find provider info for github.tornaco.xposedmoduletest.config_setting_provider
12-11 10:19:31.723 13928 14855 E ActivityThread: Failed to find provider info for github.tornaco.xposedmoduletest.rf_kill_package_provider
12-11 10:19:31.725 13928 14967 E ActivityThread: Failed to find provider info for github.tornaco.xposedmoduletest.lock_kill_package_provider
12-11 10:19:31.758 13928 13962 I VrManagerService: VR mode is disallowed
12-11 10:19:31.794 13928 13928 I NotificationService: cancelToast pkg=android callback=android.widget.Toast$TN@d137cbb
12-11 10:19:31.794 13928 13928 W NotificationService: Toast already cancelled. pkg=android callback=android.widget.Toast$TN@d137cbb
12-11 10:19:31.811 13928 14849 E ActivityThread: Failed to find provider info for github.tornaco.xposedmoduletest.components_replacement_provider
12-11 10:19:31.812 13928 14787 E ActivityThread: Failed to find provider info for github.tornaco.xposedmoduletest.boot_package_provider
12-11 10:19:31.837 13928 14151 D WifiService: New client listening to asynchronous messages
12-11 10:19:31.913 13928 14789 E ActivityThread: Failed to find provider info for github.tornaco.xposedmoduletest.auto_start_package_provider
12-11 10:19:31.913 13928 14770 E ActivityThread: Failed to find provider info for github.tornaco.xposedmoduletest.app_guard_package_provider
12-11 10:19:31.946 13928 14788 E ActivityThread: Failed to find provider info for github.tornaco.xposedmoduletest.rf_kill_package_provider
12-11 10:19:31.946 13928 14850 E ActivityThread: Failed to find provider info for github.tornaco.xposedmoduletest.config_setting_provider
12-11 10:19:31.950 13928 14855 E ActivityThread: Failed to find provider info for github.tornaco.xposedmoduletest.lock_kill_package_provider
12-11 10:19:32.034 13928 14848 E ActivityThread: Failed to find provider info for github.tornaco.xposedmoduletest.components_replacement_provider
12-11 10:19:32.035 13928 14967 E ActivityThread: Failed to find provider info for github.tornaco.xposedmoduletest.boot_package_provider
12-11 10:19:32.135 13928 14787 E ActivityThread: Failed to find provider info for github.tornaco.xposedmoduletest.auto_start_package_provider
12-11 10:19:32.137 13928 14849 E ActivityThread: Failed to find provider info for github.tornaco.xposedmoduletest.app_guard_package_provider
12-11 10:19:32.171 13928 14789 E ActivityThread: Failed to find provider info for github.tornaco.xposedmoduletest.rf_kill_package_provider
12-11 10:19:32.171 13928 14770 E ActivityThread: Failed to find provider info for github.tornaco.xposedmoduletest.config_setting_provider
12-11 10:19:32.173 13928 14788 E ActivityThread: Failed to find provider info for github.tornaco.xposedmoduletest.lock_kill_package_provider
12-11 10:19:32.259 13928 14850 E ActivityThread: Failed to find provider info for github.tornaco.xposedmoduletest.components_replacement_provider
12-11 10:19:32.262 13928 14855 E ActivityThread: Failed to find provider info for github.tornaco.xposedmoduletest.boot_package_provider
12-11 10:19:32.359 13928 14967 E ActivityThread: Failed to find provider info for github.tornaco.xposedmoduletest.auto_start_package_provider
12-11 10:19:32.361 13928 14848 E ActivityThread: Failed to find provider info for github.tornaco.xposedmoduletest.app_guard_package_provider
12-11 10:19:32.395 13928 14849 E ActivityThread: Failed to find provider info for github.tornaco.xposedmoduletest.config_setting_provider
12-11 10:19:32.397 13928 14787 E ActivityThread: Failed to find provider info for github.tornaco.xposedmoduletest.lock_kill_package_provider
12-11 10:19:32.398 13928 14788 E ActivityThread: Failed to find provider info for github.tornaco.xposedmoduletest.rf_kill_package_provider
12-11 10:19:32.484 13928 14770 E ActivityThread: Failed to find provider info for github.tornaco.xposedmoduletest.components_replacement_provider
12-11 10:19:32.485 13928 14789 E ActivityThread: Failed to find provider info for github.tornaco.xposedmoduletest.boot_package_provider
12-11 10:19:32.584 13928 14855 E ActivityThread: Failed to find provider info for github.tornaco.xposedmoduletest.auto_start_package_provider
12-11 10:19:32.584 13928 14850 E ActivityThread: Failed to find provider info for github.tornaco.xposedmoduletest.app_guard_package_provider
12-11 10:19:32.617 13928 13943 I ActivityManager: user 0 is still locked. Cannot load recents
12-11 10:19:32.618 13928 14848 E ActivityThread: Failed to find provider info for github.tornaco.xposedmoduletest.config_setting_provider
12-11 10:19:32.620 13928 14967 E ActivityThread: Failed to find provider info for github.tornaco.xposedmoduletest.lock_kill_package_provider
12-11 10:19:32.621 13928 14787 E ActivityThread: Failed to find provider info for github.tornaco.xposedmoduletest.rf_kill_package_provider
12-11 10:19:32.707 13928 14849 E ActivityThread: Failed to find provider info for github.tornaco.xposedmoduletest.components_replacement_provider
12-11 10:19:32.709 13928 14788 E ActivityThread: Failed to find provider info for github.tornaco.xposedmoduletest.boot_package_provider
12-11 10:19:32.808 13928 14789 E ActivityThread: Failed to find provider info for github.tornaco.xposedmoduletest.auto_start_package_provider
12-11 10:19:32.810 13928 14770 E ActivityThread: Failed to find provider info for github.tornaco.xposedmoduletest.app_guard_package_provider
12-11 10:19:32.844 13928 14850 E ActivityThread: Failed to find provider info for github.tornaco.xposedmoduletest.config_setting_provider
12-11 10:19:32.845 13928 14855 E ActivityThread: Failed to find provider info for github.tornaco.xposedmoduletest.lock_kill_package_provider
12-11 10:19:32.846 13928 14967 E ActivityThread: Failed to find provider info for github.tornaco.xposedmoduletest.rf_kill_package_provider
12-11 10:19:32.930 13928 14848 E ActivityThread: Failed to find provider info for github.tornaco.xposedmoduletest.components_replacement_provider
12-11 10:19:32.932 13928 14787 E ActivityThread: Failed to find provider info for github.tornaco.xposedmoduletest.boot_package_provider
12-11 10:19:33.032 13928 14788 E ActivityThread: Failed to find provider info for github.tornaco.xposedmoduletest.auto_start_package_provider
12-11 10:19:33.034 13928 14849 E ActivityThread: Failed to find provider info for github.tornaco.xposedmoduletest.app_guard_package_provider
12-11 10:19:33.069 13928 14770 E ActivityThread: Failed to find provider info for github.tornaco.xposedmoduletest.config_setting_provider
12-11 10:19:33.069 13928 14789 E ActivityThread: Failed to find provider info for github.tornaco.xposedmoduletest.lock_kill_package_provider
12-11 10:19:33.070 13928 14855 E ActivityThread: Failed to find provider info for github.tornaco.xposedmoduletest.rf_kill_package_provider
12-11 10:19:33.155 13928 14850 E ActivityThread: Failed to find provider info for github.tornaco.xposedmoduletest.components_replacement_provider
12-11 10:19:33.156 13928 14967 E ActivityThread: Failed to find provider info for github.tornaco.xposedmoduletest.boot_package_provider
12-11 10:19:33.257 13928 14787 E ActivityThread: Failed to find provider info for github.tornaco.xposedmoduletest.auto_start_package_provider
12-11 10:19:33.258 13928 14848 E ActivityThread: Failed to find provider info for github.tornaco.xposedmoduletest.app_guard_package_provider
12-11 10:19:33.295 13928 14849 E ActivityThread: Failed to find provider info for github.tornaco.xposedmoduletest.config_setting_provider
12-11 10:19:33.295 13928 14789 E ActivityThread: Failed to find provider info for github.tornaco.xposedmoduletest.rf_kill_package_provider
12-11 10:19:33.296 13928 14788 E ActivityThread: Failed to find provider info for github.tornaco.xposedmoduletest.lock_kill_package_provider
12-11 10:19:33.380 13928 14770 E ActivityThread: Failed to find provider info for github.tornaco.xposedmoduletest.components_replacement_provider
12-11 10:19:33.380 13928 14855 E ActivityThread: Failed to find provider info for github.tornaco.xposedmoduletest.boot_package_provider
12-11 10:19:33.482 13928 14967 E ActivityThread: Failed to find provider info for github.tornaco.xposedmoduletest.auto_start_package_provider
12-11 10:19:33.482 13928 14850 E ActivityThread: Failed to find provider info for github.tornaco.xposedmoduletest.app_guard_package_provider
12-11 10:19:33.520 13928 14848 E ActivityThread: Failed to find provider info for github.tornaco.xposedmoduletest.config_setting_provider
12-11 10:19:33.521 13928 14787 E ActivityThread: Failed to find provider info for github.tornaco.xposedmoduletest.rf_kill_package_provider
12-11 10:19:33.523 13928 14789 E ActivityThread: Failed to find provider info for github.tornaco.xposedmoduletest.lock_kill_package_provider
12-11 10:19:33.604 13928 14849 E ActivityThread: Failed to find provider info for github.tornaco.xposedmoduletest.components_replacement_provider
12-11 10:19:33.605 13928 14788 E ActivityThread: Failed to find provider info for github.tornaco.xposedmoduletest.boot_package_provider
12-11 10:19:33.797 13928 14770 E ActivityThread: Failed to find provider info for github.tornaco.xposedmoduletest.app_guard_package_provider
12-11 10:19:33.797 13928 14855 E ActivityThread: Failed to find provider info for github.tornaco.xposedmoduletest.auto_start_package_provider
12-11 10:19:33.797 13928 14967 E ActivityThread: Failed to find provider info for github.tornaco.xposedmoduletest.rf_kill_package_provider
12-11 10:19:33.798 13928 14850 E ActivityThread: Failed to find provider info for github.tornaco.xposedmoduletest.config_setting_provider
12-11 10:19:33.798 13928 14787 E ActivityThread: Failed to find provider info for github.tornaco.xposedmoduletest.lock_kill_package_provider
12-11 10:19:33.829 13928 14848 E ActivityThread: Failed to find provider info for github.tornaco.xposedmoduletest.components_replacement_provider
12-11 10:19:33.830 13928 14789 E ActivityThread: Failed to find provider info for github.tornaco.xposedmoduletest.boot_package_provider
12-11 10:19:34.024 13928 14849 E ActivityThread: Failed to find provider info for github.tornaco.xposedmoduletest.app_guard_package_provider
12-11 10:19:34.026 13928 14770 E ActivityThread: Failed to find provider info for github.tornaco.xposedmoduletest.config_setting_provider
12-11 10:19:34.027 13928 14967 E ActivityThread: Failed to find provider info for github.tornaco.xposedmoduletest.auto_start_package_provider
12-11 10:19:34.029 13928 14788 E ActivityThread: Failed to find provider info for github.tornaco.xposedmoduletest.rf_kill_package_provider
12-11 10:19:34.031 13928 14855 E ActivityThread: Failed to find provider info for github.tornaco.xposedmoduletest.lock_kill_package_provider
12-11 10:19:34.055 13928 14850 E ActivityThread: Failed to find provider info for github.tornaco.xposedmoduletest.components_replacement_provider
12-11 10:19:34.055 13928 14787 E ActivityThread: Failed to find provider info for github.tornaco.xposedmoduletest.boot_package_provider
12-11 10:19:34.248 13928 14848 E ActivityThread: Failed to find provider info for github.tornaco.xposedmoduletest.app_guard_package_provider
12-11 10:19:34.250 13928 14849 E ActivityThread: Failed to find provider info for github.tornaco.xposedmoduletest.config_setting_provider
12-11 10:19:34.253 13928 14789 E ActivityThread: Failed to find provider info for github.tornaco.xposedmoduletest.rf_kill_package_provider
12-11 10:19:34.253 13928 14788 E ActivityThread: Failed to find provider info for github.tornaco.xposedmoduletest.auto_start_package_provider
12-11 10:19:34.255 13928 14967 E ActivityThread: Failed to find provider info for github.tornaco.xposedmoduletest.lock_kill_package_provider
12-11 10:19:34.278 13928 14770 E ActivityThread: Failed to find provider info for github.tornaco.xposedmoduletest.components_replacement_provider
12-11 10:19:34.278 13928 14855 E ActivityThread: Failed to find provider info for github.tornaco.xposedmoduletest.boot_package_provider
12-11 10:19:34.472 13928 14850 E ActivityThread: Failed to find provider info for github.tornaco.xposedmoduletest.app_guard_package_provider
12-11 10:19:34.474 13928 14848 E ActivityThread: Failed to find provider info for github.tornaco.xposedmoduletest.config_setting_provider
12-11 10:19:34.476 13928 14787 E ActivityThread: Failed to find provider info for github.tornaco.xposedmoduletest.rf_kill_package_provider
12-11 10:19:34.476 13928 14789 E ActivityThread: Failed to find provider info for github.tornaco.xposedmoduletest.auto_start_package_provider
12-11 10:19:34.478 13928 14788 E ActivityThread: Failed to find provider info for github.tornaco.xposedmoduletest.lock_kill_package_provider
12-11 10:19:34.501 13928 14849 E ActivityThread: Failed to find provider info for github.tornaco.xposedmoduletest.components_replacement_provider
12-11 10:19:34.502 13928 14967 E ActivityThread: Failed to find provider info for github.tornaco.xposedmoduletest.boot_package_provider
12-11 10:19:34.695 13928 14770 E ActivityThread: Failed to find provider info for github.tornaco.xposedmoduletest.app_guard_package_provider
12-11 10:19:34.698 13928 14850 E ActivityThread: Failed to find provider info for github.tornaco.xposedmoduletest.config_setting_provider
12-11 10:19:34.698 13928 14855 E ActivityThread: Failed to find provider info for github.tornaco.xposedmoduletest.rf_kill_package_provider
12-11 10:19:34.699 13928 14787 E ActivityThread: Failed to find provider info for github.tornaco.xposedmoduletest.auto_start_package_provider
12-11 10:19:34.701 13928 14789 E ActivityThread: Failed to find provider info for github.tornaco.xposedmoduletest.lock_kill_package_provider
12-11 10:19:34.725 13928 14788 E ActivityThread: Failed to find provider info for github.tornaco.xposedmoduletest.boot_package_provider
12-11 10:19:34.725 13928 14848 E ActivityThread: Failed to find provider info for github.tornaco.xposedmoduletest.components_replacement_provider
12-11 10:19:34.919 13928 14849 E ActivityThread: Failed to find provider info for github.tornaco.xposedmoduletest.app_guard_package_provider
12-11 10:19:34.921 13928 14967 E ActivityThread: Failed to find provider info for github.tornaco.xposedmoduletest.rf_kill_package_provider
12-11 10:19:34.922 13928 14855 E ActivityThread: Failed to find provider info for github.tornaco.xposedmoduletest.auto_start_package_provider
12-11 10:19:34.925 13928 14787 E ActivityThread: Failed to find provider info for github.tornaco.xposedmoduletest.lock_kill_package_provider
12-11 10:19:34.926 13928 14770 E ActivityThread: Failed to find provider info for github.tornaco.xposedmoduletest.config_setting_provider
12-11 10:19:34.948 13928 14789 E ActivityThread: Failed to find provider info for github.tornaco.xposedmoduletest.boot_package_provider
12-11 10:19:34.948 13928 14850 E ActivityThread: Failed to find provider info for github.tornaco.xposedmoduletest.components_replacement_provider
12-11 10:19:35.144 13928 14788 E ActivityThread: Failed to find provider info for github.tornaco.xposedmoduletest.rf_kill_package_provider
12-11 10:19:35.144 13928 14848 E ActivityThread: Failed to find provider info for github.tornaco.xposedmoduletest.app_guard_package_provider
12-11 10:19:35.145 13928 14967 E ActivityThread: Failed to find provider info for github.tornaco.xposedmoduletest.auto_start_package_provider
12-11 10:19:35.148 13928 14855 E ActivityThread: Failed to find provider info for github.tornaco.xposedmoduletest.lock_kill_package_provider
12-11 10:19:35.149 13928 14849 E ActivityThread: Failed to find provider info for github.tornaco.xposedmoduletest.config_setting_provider
12-11 10:19:35.171 13928 14787 E ActivityThread: Failed to find provider info for github.tornaco.xposedmoduletest.boot_package_provider
12-11 10:19:35.171 13928 14770 E ActivityThread: Failed to find provider info for github.tornaco.xposedmoduletest.components_replacement_provider
12-11 10:19:35.297 13928 13928 W WindowManager: Attempted to remove non-existing token: android.os.Binder@5ca854a
12-11 10:19:35.304 13928 13928 W WindowManager: Failed looking up window
12-11 10:19:35.304 13928 13928 W WindowManager: java.lang.IllegalArgumentException: Requested window android.view.ViewRootImpl$W@e38bd31 does not exist
12-11 10:19:35.304 13928 13928 W WindowManager: 	at com.android.server.wm.WindowManagerService.windowForClientLocked(WindowManagerService.java:9523)
12-11 10:19:35.304 13928 13928 W WindowManager: 	at com.android.server.wm.WindowManagerService.windowForClientLocked(WindowManagerService.java:9514)
12-11 10:19:35.304 13928 13928 W WindowManager: 	at com.android.server.wm.WindowManagerService.removeWindow(WindowManagerService.java:2425)
12-11 10:19:35.304 13928 13928 W WindowManager: 	at com.android.server.wm.Session.remove(Session.java:202)
12-11 10:19:35.304 13928 13928 W WindowManager: 	at android.view.ViewRootImpl.dispatchDetachedFromWindow(ViewRootImpl.java:3290)
12-11 10:19:35.304 13928 13928 W WindowManager: 	at android.view.ViewRootImpl.doDie(ViewRootImpl.java:5923)
12-11 10:19:35.304 13928 13928 W WindowManager: 	at android.view.ViewRootImpl.die(ViewRootImpl.java:5900)
12-11 10:19:35.304 13928 13928 W WindowManager: 	at android.view.WindowManagerGlobal.removeViewLocked(WindowManagerGlobal.java:443)
12-11 10:19:35.304 13928 13928 W WindowManager: 	at android.view.WindowManagerGlobal.removeView(WindowManagerGlobal.java:381)
12-11 10:19:35.304 13928 13928 W WindowManager: 	at android.view.WindowManagerImpl.removeViewImmediate(WindowManagerImpl.java:126)
12-11 10:19:35.304 13928 13928 W WindowManager: 	at android.widget.Toast$TN.handleHide(Toast.java:519)
12-11 10:19:35.304 13928 13928 W WindowManager: 	at android.widget.Toast$TN$2.handleMessage(Toast.java:359)
12-11 10:19:35.304 13928 13928 W WindowManager: 	at android.os.Handler.dispatchMessage(Handler.java:102)
12-11 10:19:35.304 13928 13928 W WindowManager: 	at android.os.Looper.loop(Looper.java:154)
12-11 10:19:35.304 13928 13928 W WindowManager: 	at com.android.server.SystemServer.run(SystemServer.java:388)
12-11 10:19:35.304 13928 13928 W WindowManager: 	at com.android.server.SystemServer.main(SystemServer.java:242)
12-11 10:19:35.304 13928 13928 W WindowManager: 	at java.lang.reflect.Method.invoke(Native Method)
12-11 10:19:35.304 13928 13928 W WindowManager: 	at com.android.internal.os.ZygoteInit$MethodAndArgsCaller.run(ZygoteInit.java:891)
12-11 10:19:35.304 13928 13928 W WindowManager: 	at com.android.internal.os.ZygoteInit.main(ZygoteInit.java:781)
12-11 10:19:35.304 13928 13928 W WindowManager: 	at de.robv.android.xposed.XposedBridge.main(XposedBridge.java:107)
12-11 10:19:35.369 13928 14788 E ActivityThread: Failed to find provider info for github.tornaco.xposedmoduletest.auto_start_package_provider
12-11 10:19:35.369 13928 14850 E ActivityThread: Failed to find provider info for github.tornaco.xposedmoduletest.app_guard_package_provider
12-11 10:19:35.371 13928 14789 E ActivityThread: Failed to find provider info for github.tornaco.xposedmoduletest.rf_kill_package_provider
12-11 10:19:35.372 13928 14967 E ActivityThread: Failed to find provider info for github.tornaco.xposedmoduletest.lock_kill_package_provider
12-11 10:19:35.374 13928 14848 E ActivityThread: Failed to find provider info for github.tornaco.xposedmoduletest.config_setting_provider
12-11 10:19:35.394 13928 14855 E ActivityThread: Failed to find provider info for github.tornaco.xposedmoduletest.boot_package_provider
12-11 10:19:35.394 13928 14849 E ActivityThread: Failed to find provider info for github.tornaco.xposedmoduletest.components_replacement_provider
12-11 10:19:35.595 13928 14787 E ActivityThread: Failed to find provider info for github.tornaco.xposedmoduletest.auto_start_package_provider
12-11 10:19:35.595 13928 14770 E ActivityThread: Failed to find provider info for github.tornaco.xposedmoduletest.app_guard_package_provider
12-11 10:19:35.597 13928 14788 E ActivityThread: Failed to find provider info for github.tornaco.xposedmoduletest.rf_kill_package_provider
12-11 10:19:35.599 13928 14789 E ActivityThread: Failed to find provider info for github.tornaco.xposedmoduletest.lock_kill_package_provider
12-11 10:19:35.600 13928 14850 E ActivityThread: Failed to find provider info for github.tornaco.xposedmoduletest.config_setting_provider
12-11 10:19:35.618 13928 14848 E ActivityThread: Failed to find provider info for github.tornaco.xposedmoduletest.components_replacement_provider
12-11 10:19:35.618 13928 14967 E ActivityThread: Failed to find provider info for github.tornaco.xposedmoduletest.boot_package_provider
12-11 10:19:35.820 13928 14849 E ActivityThread: Failed to find provider info for github.tornaco.xposedmoduletest.app_guard_package_provider
12-11 10:19:35.820 13928 14855 E ActivityThread: Failed to find provider info for github.tornaco.xposedmoduletest.auto_start_package_provider
12-11 10:19:35.823 13928 14787 E ActivityThread: Failed to find provider info for github.tornaco.xposedmoduletest.rf_kill_package_provider
12-11 10:19:35.825 13928 14788 E ActivityThread: Failed to find provider info for github.tornaco.xposedmoduletest.lock_kill_package_provider
12-11 10:19:35.828 13928 14770 E ActivityThread: Failed to find provider info for github.tornaco.xposedmoduletest.config_setting_provider
12-11 10:19:35.842 13928 14789 E ActivityThread: Failed to find provider info for github.tornaco.xposedmoduletest.boot_package_provider
12-11 10:19:35.842 13928 14850 E ActivityThread: Failed to find provider info for github.tornaco.xposedmoduletest.components_replacement_provider
12-11 10:19:36.044 13928 14848 E ActivityThread: Failed to find provider info for github.tornaco.xposedmoduletest.app_guard_package_provider
12-11 10:19:36.045 13928 14967 E ActivityThread: Failed to find provider info for github.tornaco.xposedmoduletest.auto_start_package_provider
12-11 10:19:36.048 13928 14855 E ActivityThread: Failed to find provider info for github.tornaco.xposedmoduletest.rf_kill_package_provider
12-11 10:19:36.050 13928 14787 E ActivityThread: Failed to find provider info for github.tornaco.xposedmoduletest.lock_kill_package_provider
12-11 10:19:36.052 13928 14849 E ActivityThread: Failed to find provider info for github.tornaco.xposedmoduletest.config_setting_provider
12-11 10:19:36.066 13928 14770 E ActivityThread: Failed to find provider info for github.tornaco.xposedmoduletest.components_replacement_provider
12-11 10:19:36.066 13928 14788 E ActivityThread: Failed to find provider info for github.tornaco.xposedmoduletest.boot_package_provider
12-11 10:19:36.269 13928 14789 E ActivityThread: Failed to find provider info for github.tornaco.xposedmoduletest.auto_start_package_provider
12-11 10:19:36.270 13928 14850 E ActivityThread: Failed to find provider info for github.tornaco.xposedmoduletest.app_guard_package_provider
12-11 10:19:36.272 13928 14967 E ActivityThread: Failed to find provider info for github.tornaco.xposedmoduletest.rf_kill_package_provider
12-11 10:19:36.275 13928 14855 E ActivityThread: Failed to find provider info for github.tornaco.xposedmoduletest.lock_kill_package_provider
12-11 10:19:36.277 13928 14848 E ActivityThread: Failed to find provider info for github.tornaco.xposedmoduletest.config_setting_provider
12-11 10:19:36.290 13928 14849 E ActivityThread: Failed to find provider info for github.tornaco.xposedmoduletest.components_replacement_provider
12-11 10:19:36.292 13928 14787 E ActivityThread: Failed to find provider info for github.tornaco.xposedmoduletest.boot_package_provider
12-11 10:19:36.493 13928 14770 E ActivityThread: Failed to find provider info for github.tornaco.xposedmoduletest.app_guard_package_provider
12-11 10:19:36.494 13928 14788 E ActivityThread: Failed to find provider info for github.tornaco.xposedmoduletest.auto_start_package_provider
12-11 10:19:36.497 13928 14789 E ActivityThread: Failed to find provider info for github.tornaco.xposedmoduletest.rf_kill_package_provider
12-11 10:19:36.500 13928 14967 E ActivityThread: Failed to find provider info for github.tornaco.xposedmoduletest.lock_kill_package_provider
12-11 10:19:36.501 13928 14850 E ActivityThread: Failed to find provider info for github.tornaco.xposedmoduletest.config_setting_provider
12-11 10:19:36.515 13928 14848 E ActivityThread: Failed to find provider info for github.tornaco.xposedmoduletest.components_replacement_provider
12-11 10:19:36.517 13928 14855 E ActivityThread: Failed to find provider info for github.tornaco.xposedmoduletest.boot_package_provider
12-11 10:19:36.717 13928 14787 E ActivityThread: Failed to find provider info for github.tornaco.xposedmoduletest.auto_start_package_provider
12-11 10:19:36.718 13928 14849 E ActivityThread: Failed to find provider info for github.tornaco.xposedmoduletest.app_guard_package_provider
12-11 10:19:36.721 13928 14788 E ActivityThread: Failed to find provider info for github.tornaco.xposedmoduletest.rf_kill_package_provider
12-11 10:19:36.724 13928 14789 E ActivityThread: Failed to find provider info for github.tornaco.xposedmoduletest.lock_kill_package_provider
12-11 10:19:36.724 13928 14770 E ActivityThread: Failed to find provider info for github.tornaco.xposedmoduletest.config_setting_provider
12-11 10:19:36.738 13928 14850 E ActivityThread: Failed to find provider info for github.tornaco.xposedmoduletest.components_replacement_provider
12-11 10:19:36.740 13928 14967 E ActivityThread: Failed to find provider info for github.tornaco.xposedmoduletest.boot_package_provider
12-11 10:19:36.942 13928 14855 E ActivityThread: Failed to find provider info for github.tornaco.xposedmoduletest.auto_start_package_provider
12-11 10:19:36.942 13928 14848 E ActivityThread: Failed to find provider info for github.tornaco.xposedmoduletest.app_guard_package_provider
12-11 10:19:36.945 13928 14787 E ActivityThread: Failed to find provider info for github.tornaco.xposedmoduletest.rf_kill_package_provider
12-11 10:19:36.947 13928 14849 E ActivityThread: Failed to find provider info for github.tornaco.xposedmoduletest.config_setting_provider
12-11 10:19:36.947 13928 14788 E ActivityThread: Failed to find provider info for github.tornaco.xposedmoduletest.lock_kill_package_provider
12-11 10:19:36.961 13928 14770 E ActivityThread: Failed to find provider info for github.tornaco.xposedmoduletest.components_replacement_provider
12-11 10:19:36.963 13928 14789 E ActivityThread: Failed to find provider info for github.tornaco.xposedmoduletest.boot_package_provider
12-11 10:19:37.166 13928 14967 E ActivityThread: Failed to find provider info for github.tornaco.xposedmoduletest.auto_start_package_provider
12-11 10:19:37.167 13928 14850 E ActivityThread: Failed to find provider info for github.tornaco.xposedmoduletest.app_guard_package_provider
12-11 10:19:37.169 13928 14855 E ActivityThread: Failed to find provider info for github.tornaco.xposedmoduletest.rf_kill_package_provider
12-11 10:19:37.171 13928 14848 E ActivityThread: Failed to find provider info for github.tornaco.xposedmoduletest.config_setting_provider
12-11 10:19:37.173 13928 14787 E ActivityThread: Failed to find provider info for github.tornaco.xposedmoduletest.lock_kill_package_provider
12-11 10:19:37.185 13928 14849 E ActivityThread: Failed to find provider info for github.tornaco.xposedmoduletest.components_replacement_provider
12-11 10:19:37.187 13928 14788 E ActivityThread: Failed to find provider info for github.tornaco.xposedmoduletest.boot_package_provider
12-11 10:19:37.391 13928 14789 E ActivityThread: Failed to find provider info for github.tornaco.xposedmoduletest.auto_start_package_provider
12-11 10:19:37.391 13928 14770 E ActivityThread: Failed to find provider info for github.tornaco.xposedmoduletest.app_guard_package_provider
12-11 10:19:37.393 13928 14967 E ActivityThread: Failed to find provider info for github.tornaco.xposedmoduletest.rf_kill_package_provider
12-11 10:19:37.394 13928 14850 E ActivityThread: Failed to find provider info for github.tornaco.xposedmoduletest.config_setting_provider
12-11 10:19:37.396 13928 14855 E ActivityThread: Failed to find provider info for github.tornaco.xposedmoduletest.lock_kill_package_provider
12-11 10:19:37.408 13928 14848 E ActivityThread: Failed to find provider info for github.tornaco.xposedmoduletest.components_replacement_provider
12-11 10:19:37.410 13928 14787 E ActivityThread: Failed to find provider info for github.tornaco.xposedmoduletest.boot_package_provider
12-11 10:19:37.615 13928 14849 E ActivityThread: Failed to find provider info for github.tornaco.xposedmoduletest.app_guard_package_provider
12-11 10:19:37.615 13928 14788 E ActivityThread: Failed to find provider info for github.tornaco.xposedmoduletest.auto_start_package_provider
12-11 10:19:37.616 13928 14789 E ActivityThread: Failed to find provider info for github.tornaco.xposedmoduletest.rf_kill_package_provider
12-11 10:19:37.617 13928 14770 E ActivityThread: Failed to find provider info for github.tornaco.xposedmoduletest.config_setting_provider
12-11 10:19:37.618 13928 14967 E ActivityThread: Failed to find provider info for github.tornaco.xposedmoduletest.lock_kill_package_provider
12-11 10:19:37.631 13928 14850 E ActivityThread: Failed to find provider info for github.tornaco.xposedmoduletest.components_replacement_provider
12-11 10:19:37.633 13928 14855 E ActivityThread: Failed to find provider info for github.tornaco.xposedmoduletest.boot_package_provider
12-11 10:19:37.725 13928 13981 I SystemServiceManager: Starting phase 1000
12-11 10:19:37.747 13928 14030 D LuxLevels: bright hysteresis constant= 0.1, threshold=80.3, lux=73.0
12-11 10:19:37.748 13928 14030 D LuxLevels: dark hysteresis constant= 0.2, threshold=58.4, lux=73.0
12-11 10:19:37.756 13928 14178 E LiveDisplay: Color temperature out of range: 0
12-11 10:19:37.780 13928 13981 I ActivityManager: Start proc 15221:android.ext.services/u0a11 for on-hold
12-11 10:19:37.783 13928 13981 D ActivityManager: Finishing user boot 0
12-11 10:19:37.785 13928 13981 D CryptdConnector: SND -> {5 cryptfs prepare_user_storage ! 0 0 2}
12-11 10:19:37.786   238   243 D vold    : e4crypt_prepare_user_storage for volume null, user 0, serial 0, flags 2
12-11 10:19:37.786   238   243 D vold    : Preparing: /data/system_ce/0
12-11 10:19:37.786   238   243 D vold    : Preparing: /data/misc_ce/0
12-11 10:19:37.786   238   243 D vold    : Preparing: /data/media/0
12-11 10:19:37.786   238   243 D vold    : Preparing: /data/data
12-11 10:19:37.787 13928 14143 D CryptdConnector: RCV <- {200 5 Command succeeded}
12-11 10:19:37.787 13928 13981 V UserManagerService: Found /data/user/0 with serial number 0
12-11 10:19:37.787 13928 13981 V UserManagerService: Found /data/system_ce/0 with serial number 0
12-11 10:19:37.788 13928 13981 V PackageManager: reconcileAppsData for null u0 0x2
12-11 10:19:38.236 13928 13981 V PackageManager: reconcileAppsData finished 160 packages
12-11 10:19:38.245 13928 13962 D BluetoothManagerService: User 0 unlocked
12-11 10:19:38.245 13928 13962 D MountService: onUnlockUser 0
12-11 10:19:38.245 13928 13979 D BluetoothManagerService: MESSAGE_USER_UNLOCKED
12-11 10:19:38.245 13928 13962 D VoldConnector: SND -> {6 volume user_started 0}
12-11 10:19:38.246   238   242 D vold    : Linking /storage/emulated/0 to /mnt/user/0/primary
12-11 10:19:38.246 13928 14156 D ConnectivityService: Got NetworkFactory Messenger for WIFI
12-11 10:19:38.246 13928 14142 D VoldConnector: RCV <- {200 6 Command succeeded}
12-11 10:19:38.247 13928 14156 D ConnectivityService: Got NetworkFactory Messenger for WIFI_UT
12-11 10:19:38.248 13928 14141 D MountService: Volume emulated broadcasting mounted to UserHandle{0}
12-11 10:19:38.284 13928 14848 I ActivityManager: Start proc 15470:github.tornaco.xposedmoduletest/u0a132 for content provider github.tornaco.xposedmoduletest/.provider.AppGuardPackageProvider
12-11 10:19:38.316 13928 13962 V BackupManagerService: No ancestral data
12-11 10:19:38.351 13928 13962 V BackupManagerService: Starting with transport com.google.android.gms/.backup.BackupTransportService
12-11 10:19:38.351 13928 13962 V BackupManagerService: Found transports: 1
12-11 10:19:38.381 13928 13928 V BackupManagerService: Connected to transport ComponentInfo{android/com.android.internal.backup.LocalTransportService}
12-11 10:19:38.381 13928 13928 V BackupManagerService: Registering transport android/com.android.internal.backup.LocalTransportService::android/com.android.internal.backup.LocalTransport = android.app.backup.BackupTransport$TransportImpl@5329f29
12-11 10:19:38.382 13928 15472 V KeyValueBackupJob: Scheduling k/v pass in 243 minutes
12-11 10:19:38.383 13928 13962 I BackupManagerService: Backup enabled => true
12-11 10:19:38.438 13928 15472 I BackupManagerService: Found stale backup journal, scheduling
12-11 10:19:38.632 13928 13962 W AppWidgetServiceImpl: No android.appwidget.provider meta-data for AppWidget provider 'ProviderId{user:0, app:10095, cmp:ComponentInfo{com.sankuai.meituan/com.dianping.base.push.pushservice.PhoneStatusReceiver}}'
12-11 10:19:38.632 13928 13962 W AppWidgetServiceImpl: No android.appwidget.provider meta-data for AppWidget provider 'ProviderId{user:0, app:10096, cmp:ComponentInfo{com.sankuai.meituan.takeoutnew/com.dianping.base.push.pushservice.PhoneStatusReceiver}}'
12-11 10:19:38.740 13928 13962 W VoiceInteractionManagerService: no available voice interaction services found for user 0
12-11 10:19:38.740 13928 13962 W VoiceInteractionManagerService: no available voice recognition services found for user 0
12-11 10:19:38.741 13928 13962 I BrokerableCMSystemService: Connecting to implementation
12-11 10:19:38.741 13928 13962 W ContextImpl: Calling a method in the system process without a qualified user: android.app.ContextImpl.bindService:1421 org.cyanogenmod.platform.internal.BrokerableCMSystemService.tryConnecting:199 org.cyanogenmod.platform.internal.WeatherManagerServiceBroker.onUnlockUser:97 com.android.server.SystemServiceManager.unlockUser:183 com.android.server.am.ActivityManagerService$MainHandler.handleMessage:2077 
12-11 10:19:38.755 13928 13962 E BrokerableCMSystemService: Failed to bind to implementation ComponentInfo{org.cyanogenmod.weatherservice/org.cyanogenmod.weatherservice.WeatherManagerService}
12-11 10:19:38.755 13928 13962 I ActivityManager: Loading recents for user 0 into memory.
12-11 10:19:38.787 13928 13962 I ActivityManager: Start proc 15813:org.omnirom.omniswitch/u0a21 for added application org.omnirom.omniswitch
12-11 10:19:38.798 13928 13962 I ActivityManager: Start proc 15818:org.cyanogenmod.audiofx/u0a3 for added application org.cyanogenmod.audiofx
12-11 10:19:38.818 13928 13962 D ActivityManager: Sending BOOT_COMPLETE user #0
12-11 10:19:39.237 13928 13962 I ActivityManager: Start proc 15840:android.process.media/u0a9 for broadcast com.android.providers.downloads/.DownloadReceiver
12-11 10:19:39.463 13928 14854 W ActivityManager: Slow operation: 62ms so far, now at startProcess: returned from zygote!
12-11 10:19:39.463 13928 14854 W ActivityManager: Slow operation: 62ms so far, now at startProcess: done updating battery stats
12-11 10:19:39.463 13928 14854 W ActivityManager: Slow operation: 62ms so far, now at startProcess: building log message
12-11 10:19:39.463 13928 14854 I ActivityManager: Start proc 15871:com.android.keychain/1000 for service com.android.keychain/.KeyChainService
12-11 10:19:39.463 13928 14854 W ActivityManager: Slow operation: 63ms so far, now at startProcess: starting to update pids map
12-11 10:19:39.463 13928 14854 W ActivityManager: Slow operation: 63ms so far, now at startProcess: done updating pids map
12-11 10:19:39.463 13928 14854 W ActivityManager: Slow operation: 63ms so far, now at startProcess: done starting proc!
12-11 10:19:39.492 13928 15855 I ActivityManager: Start proc 15878:com.android.smspush/u0a64 for service com.android.smspush/.WapPushManager
12-11 10:19:39.728 13928 13942 I ActivityManager: START u0 {act=android.intent.action.MAIN cat=[android.intent.category.HOME] flg=0x10000100 cmp=ch.deletescape.lawnchair/.Launcher} from uid 0 on display 0
12-11 10:19:39.754 13928 15856 I ActivityManager: Start proc 15966:ch.deletescape.lawnchair/u0a117 for activity ch.deletescape.lawnchair/.Launcher
12-11 10:19:39.757 13928 13928 I NotificationService: cancelToast pkg=android callback=android.widget.Toast$TN@4d11ffd
12-11 10:19:39.757 13928 13928 W NotificationService: Toast already cancelled. pkg=android callback=android.widget.Toast$TN@4d11ffd
12-11 10:19:39.760 13928 13962 I VrManagerService: VR mode is allowed
12-11 10:19:39.792 13928 13928 I NotificationService: cancelToast pkg=android callback=android.widget.Toast$TN@75951b5
12-11 10:19:39.793 13928 13928 W WindowManager: Attempted to remove non-existing token: android.os.Binder@3ffb9bc
12-11 10:19:39.982 13928 13943 I Telecom : PhoneAccountRegistrar: [ComponentInfo{com.android.phone/com.android.services.telephony.TelephonyConnectionService}, [e0184adedf913b076626646d3f52c3b49c39ad6d], UserHandle{0}(icon: Icon(typ=BITMAP size=48x60) -> Icon(typ=BITMAP size=48x60))]: TSI.rPA@ABA
12-11 10:19:39.985 13928 13943 I Telecom : : Sending phone-account registered intent as user: TSI.rPA@ABA
12-11 10:19:40.057 13928 14302 I Telecom : PhoneAccountRegistrar: getUserSelVoicePhoneAccount, voice subId = -1: TSI.gUSOPA@ABI
12-11 10:19:40.057 13928 14302 I Telecom : PhoneAccountRegistrar: getUserSelVoicePhoneAccount, emergency account : TSI.gUSOPA@ABI
12-11 10:19:40.117 13928 14214 I Telecom : PhoneAccountRegistrar: [ComponentInfo{com.android.phone/com.android.services.telephony.TelephonyConnectionService}, [e0184adedf913b076626646d3f52c3b49c39ad6d], UserHandle{0}(icon: Icon(typ=BITMAP size=48x60) -> Icon(typ=BITMAP size=48x60))]: TSI.rPA@ABM
12-11 10:19:40.119 13928 14214 I Telecom : : Sending phone-account registered intent as user: TSI.rPA@ABM
12-11 10:19:40.286 13928 14302 I ActivityManager: Start proc 16110:com.iflytek.inputmethod.assist/u0a119 for broadcast com.iflytek.inputmethod.smartisan/com.iflytek.inputmethod.multiprocess.AssistReceiver
12-11 10:19:40.359 13928 14302 I Telecom : PhoneAccountRegistrar: [ComponentInfo{com.android.phone/com.android.services.telephony.TelephonyConnectionService}, [e0184adedf913b076626646d3f52c3b49c39ad6d], UserHandle{0}(icon: Icon(typ=BITMAP size=48x60) -> Icon(typ=BITMAP size=48x60))]: TSI.rPA@ABQ
12-11 10:19:40.361 13928 14302 I Telecom : : Sending phone-account registered intent as user: TSI.rPA@ABQ
12-11 10:19:40.362 13928 13962 W ActivityManager: Activity pause timeout for ActivityRecord{1e18d45 u0 ch.deletescape.lawnchair/.Launcher t98}
12-11 10:19:40.379 13928 14882 I Telecom : PhoneAccountRegistrar: getUserSelVoicePhoneAccount, voice subId = -1: TSI.gUSOPA@ABY
12-11 10:19:40.379 13928 14882 I Telecom : PhoneAccountRegistrar: getUserSelVoicePhoneAccount, emergency account : TSI.gUSOPA@ABY
12-11 10:19:40.384 13928 13928 I NotificationService: cancelToast pkg=android callback=android.widget.Toast$TN@e492dd9
12-11 10:19:40.384 13928 13928 W WindowManager: Attempted to remove non-existing token: android.os.Binder@e691c0
12-11 10:19:40.416 13928 13943 I Telecom : PhoneAccountRegistrar: [ComponentInfo{com.android.phone/com.android.services.telephony.TelephonyConnectionService}, [e0184adedf913b076626646d3f52c3b49c39ad6d], UserHandle{0}(icon: Icon(typ=BITMAP size=48x60) -> Icon(typ=BITMAP size=48x60))]: TSI.rPA@ABc
12-11 10:19:40.419 13928 13943 I Telecom : : Sending phone-account registered intent as user: TSI.rPA@ABc
12-11 10:19:40.494 13928 14152 D ConnectivityService: registerNetworkAgent NetworkAgentInfo{ ni{[type: WIFI[], state: CONNECTING/CONNECTING, reason: (unspecified), extra: "Tablet-RD-2.4G", failover: false, available: true, roaming: false, metered: false]}  network{100}  nethandle{429513165534}  lp{{LinkAddresses: []  Routes: [] DnsAddresses: [] Domains: null MTU: 0}}  nc{[ Transports: WIFI Capabilities: NOT_METERED&INTERNET&NOT_RESTRICTED&TRUSTED&NOT_VPN LinkUpBandwidth>=1048576Kbps LinkDnBandwidth>=1048576Kbps]}  Score{20}  everValidated{false}  lastValidated{false}  created{false} lingering{false} explicitlySelected{false} acceptUnvalidated{false} everCaptivePortalDetected{false} lastCaptivePortalDetected{false} }
12-11 10:19:40.501 13928 14156 D ConnectivityService: NetworkAgentInfo [WIFI () - 100] EVENT_NETWORK_INFO_CHANGED, going from null to CONNECTING
12-11 10:19:40.761 14718 14718 D MccTable: updateMccMncConfiguration mccmnc='null' fromServiceState=true
12-11 10:19:40.761 14718 14718 D MccTable: WIFI_COUNTRY_CODE set to 
12-11 10:19:40.761 13928 15858 I WifiService: WifiService trying to set country code to  with persist set to false
12-11 10:19:40.956 13928 15856 I Telecom : PhoneAccountRegistrar: [ComponentInfo{com.android.phone/com.android.services.telephony.TelephonyConnectionService}, [e0184adedf913b076626646d3f52c3b49c39ad6d], UserHandle{0}(icon: Icon(typ=BITMAP size=48x60) -> Icon(typ=BITMAP size=48x60))]: TSI.rPA@ABg
12-11 10:19:40.958 13928 15856 I Telecom : : Sending phone-account registered intent as user: TSI.rPA@ABg
12-11 10:19:40.960 13928 14214 I ActivityManager: Start proc 16209:org.cyanogenmod.cmparts/1000 for broadcast org.cyanogenmod.cmparts/.BootReceiver
12-11 10:19:40.960 13928 15861 W ActivityManager: Unable to start service Intent { act=com.android.launcher3.WINDOW_OVERLAY dat=app://ch.deletescape.lawnchair:10117?v=5 pkg=com.google.android.googlequicksearchbox } U=0: not found
12-11 10:19:40.986 13928 15855 W ActivityManager: Unable to start service Intent { act=com.android.launcher3.WINDOW_OVERLAY dat=app://ch.deletescape.lawnchair:10117?v=5 pkg=com.google.android.googlequicksearchbox } U=0: not found
12-11 10:19:40.988 13928 15853 I Telecom : PhoneAccountRegistrar: getUserSelVoicePhoneAccount, voice subId = -1: TSI.gUSOPA@ABo
12-11 10:19:40.988 13928 15853 I Telecom : PhoneAccountRegistrar: getUserSelVoicePhoneAccount, emergency account : TSI.gUSOPA@ABo
12-11 10:19:41.010 13928 15864 I Telecom : PhoneAccountRegistrar: [ComponentInfo{com.android.phone/com.android.services.telephony.TelephonyConnectionService}, [e0184adedf913b076626646d3f52c3b49c39ad6d], UserHandle{0}(icon: Icon(typ=BITMAP size=48x60) -> Icon(typ=BITMAP size=48x60))]: TSI.rPA@ABs
12-11 10:19:41.012 13928 15864 I Telecom : : Sending phone-account registered intent as user: TSI.rPA@ABs
12-11 10:19:41.084 13928 14156 D ConnectivityService: NetworkAgentInfo [WIFI () - 100] EVENT_NETWORK_INFO_CHANGED, going from CONNECTING to CONNECTED
12-11 10:19:41.086 13928 14156 D ConnectivityService: Adding iface wlan0 to network 100
12-11 10:19:41.128 13928 14156 D ConnectivityService: Setting DNS servers for network 100 to [/192.168.1.1]
12-11 10:19:41.343 13928 14156 D ConnectivityService: Switching to new default network: NetworkAgentInfo{ ni{[type: WIFI[], state: CONNECTED/CONNECTED, reason: (unspecified), extra: "Tablet-RD-2.4G", failover: false, available: true, roaming: false, metered: false]}  network{100}  nethandle{429513165534}  lp{{InterfaceName: wlan0 LinkAddresses: [192.168.1.153/24,]  Routes: [fe80::/64 -> :: wlan0,192.168.1.0/24 -> 0.0.0.0 wlan0,0.0.0.0/0 -> 192.168.1.1 wlan0,] DnsAddresses: [192.168.1.1,] Domains: lan MTU: 0 TcpBufferSizes: 524288,2097152,4194304,262144,524288,1048576}}  nc{[ Transports: WIFI Capabilities: NOT_METERED&INTERNET&NOT_RESTRICTED&TRUSTED&NOT_VPN&FOREGROUND LinkUpBandwidth>=1048576Kbps LinkDnBandwidth>=1048576Kbps SignalStrength: -28]}  Score{20}  everValidated{false}  lastValidated{false}  created{true} lingering{false} explicitlySelected{false} acceptUnvalidated{false} everCaptivePortalDetected{false} lastCaptivePortalDetected{false} }
12-11 10:19:41.453 13928 14156 D ConnectivityService: Sending CONNECTED broadcast for type 1 NetworkAgentInfo [WIFI () - 100] isDefaultNetwork=true
12-11 10:19:41.619 13928 15855 I ActivityManager: Start proc 16248:com.android.carrierconfig/u0a5 for service com.android.carrierconfig/.DefaultCarrierConfigService
12-11 10:19:41.712 13928 15861 I ActivityManager: Process com.android.inputmethod.latin (pid 14195) has died
12-11 10:19:41.713 13928 15861 D ActivityManager: cleanUpApplicationRecord -- 14195
12-11 10:19:41.713 13928 15861 W ActivityManager: Scheduling restart of crashed service com.android.inputmethod.latin/.LatinIME in 1000ms
12-11 10:19:41.715 13928 13928 W InputMethodManagerService: Session failed to close due to remote exception
12-11 10:19:41.715 13928 13928 W InputMethodManagerService: android.os.DeadObjectException
12-11 10:19:41.715 13928 13928 W InputMethodManagerService: 	at android.os.BinderProxy.transactNative(Native Method)
12-11 10:19:41.715 13928 13928 W InputMethodManagerService: 	at android.os.BinderProxy.transact(Binder.java:615)
12-11 10:19:41.715 13928 13928 W InputMethodManagerService: 	at com.android.internal.view.IInputMethodSession$Stub$Proxy.finishSession(IInputMethodSession.java:305)
12-11 10:19:41.715 13928 13928 W InputMethodManagerService: 	at com.android.server.InputMethodManagerService.finishSessionLocked(InputMethodManagerService.java:1667)
12-11 10:19:41.715 13928 13928 W InputMethodManagerService: 	at com.android.server.InputMethodManagerService.clearClientSessionLocked(InputMethodManagerService.java:1658)
12-11 10:19:41.715 13928 13928 W InputMethodManagerService: 	at com.android.server.InputMethodManagerService.clearCurMethodLocked(InputMethodManagerService.java:1684)
12-11 10:19:41.715 13928 13928 W InputMethodManagerService: 	at com.android.server.InputMethodManagerService.onServiceDisconnected(InputMethodManagerService.java:1703)
12-11 10:19:41.715 13928 13928 W InputMethodManagerService: 	at android.app.LoadedApk$ServiceDispatcher.doDeath(LoadedApk.java:1469)
12-11 10:19:41.715 13928 13928 W InputMethodManagerService: 	at android.app.LoadedApk$ServiceDispatcher$RunConnection.run(LoadedApk.java:1483)
12-11 10:19:41.715 13928 13928 W InputMethodManagerService: 	at android.os.Handler.handleCallback(Handler.java:751)
12-11 10:19:41.715 13928 13928 W InputMethodManagerService: 	at android.os.Handler.dispatchMessage(Handler.java:95)
12-11 10:19:41.715 13928 13928 W InputMethodManagerService: 	at android.os.Looper.loop(Looper.java:154)
12-11 10:19:41.715 13928 13928 W InputMethodManagerService: 	at com.android.server.SystemServer.run(SystemServer.java:388)
12-11 10:19:41.715 13928 13928 W InputMethodManagerService: 	at com.android.server.SystemServer.main(SystemServer.java:242)
12-11 10:19:41.715 13928 13928 W InputMethodManagerService: 	at java.lang.reflect.Method.invoke(Native Method)
12-11 10:19:41.715 13928 13928 W InputMethodManagerService: 	at com.android.internal.os.ZygoteInit$MethodAndArgsCaller.run(ZygoteInit.java:891)
12-11 10:19:41.715 13928 13928 W InputMethodManagerService: 	at com.android.internal.os.ZygoteInit.main(ZygoteInit.java:781)
12-11 10:19:41.715 13928 13928 W InputMethodManagerService: 	at de.robv.android.xposed.XposedBridge.main(XposedBridge.java:107)
12-11 10:19:41.743 13928 13962 I ActivityManager: Start proc 16266:com.android.managedprovisioning/u0a18 for broadcast com.android.managedprovisioning/.BootReminder
12-11 10:19:41.780 13928 14156 D ConnectivityService: NetworkAgentInfo [WIFI () - 100] validation passed
12-11 10:19:41.916 13928 13928 I Telecom : PhoneAccountRegistrar: SimCallManager queried, returning: null: TSI.gSCMFU@ABw
12-11 10:19:41.945 13928 13928 I Telecom : PhoneAccountRegistrar: SimCallManager queried, returning: null: TSI.gSCMFU@AB0
12-11 10:19:41.994 13928 15856 I ActivityManager: Start proc 16309:com.android.messaging/u0a69 for broadcast com.android.messaging/.receiver.BootAndPackageReplacedReceiver
12-11 10:19:42.002 13928 14156 D ConnectivityService: Setting DNS servers for network 100 to [/fda5:c6ed:5a02::1, /192.168.1.1]
12-11 10:19:42.312 13928 15862 W ActivityManager: Slow operation: 64ms so far, now at startProcess: returned from zygote!
12-11 10:19:42.312 13928 15862 W ActivityManager: Slow operation: 64ms so far, now at startProcess: done updating battery stats
12-11 10:19:42.312 13928 15862 W ActivityManager: Slow operation: 64ms so far, now at startProcess: building log message
12-11 10:19:42.312 13928 15862 I ActivityManager: Start proc 16334:android.process.acore/u0a2 for content provider com.android.providers.contacts/.ContactsProvider2
12-11 10:19:42.312 13928 15862 W ActivityManager: Slow operation: 64ms so far, now at startProcess: starting to update pids map
12-11 10:19:42.312 13928 15862 W ActivityManager: Slow operation: 64ms so far, now at startProcess: done updating pids map
12-11 10:19:42.312 13928 15862 W ActivityManager: Slow operation: 64ms so far, now at startProcess: done starting proc!
12-11 10:19:42.334 13928 15865 I ActivityManager: Start proc 16347:com.android.providers.calendar/u0a4 for broadcast com.android.providers.calendar/.CalendarReceiver
12-11 10:19:42.450 13928 15864 E AlarmManager: RTC Alarm: 2 null com.android.providers.calendar com.android.providers.calendar.intent.CalendarProvider2
12-11 10:19:42.688 13928 13928 D ConditionProviders.SCP: onReceive android.intent.action.TIME_SET
12-11 10:19:42.703 13928 13962 I ActivityManager: Start proc 16375:com.android.inputmethod.latin/u0a70 for service com.android.inputmethod.latin/.LatinIME
12-11 10:19:42.703 13928 13928 D ConditionProviders.SCP: notifyCondition condition://android/schedule?days=6.7&start=23.30&end=10.0&exitAtAlarm=false STATE_FALSE reason=!meetsSchedule
12-11 10:19:42.705 13928 13928 D ConditionProviders.SCP: notifyCondition condition://android/schedule?days=1.2.3.4.5&start=22.0&end=7.0&exitAtAlarm=false STATE_FALSE reason=!meetsSchedule
12-11 10:19:42.706 13928 13928 D ConditionProviders.SCP: Scheduling evaluate for Mon Dec 11 22:00:00 GMT+00:00 2017 (1513029600000), in +11h40m17s312ms, now=Mon Dec 11 10:19:42 GMT+00:00 2017 (1512987582688)
12-11 10:19:42.706 13928 13928 E AlarmManager: RTC Alarm: 0 null android ScheduleConditionProvider.EVALUATE
