12-12 20:26:48.234 22606 22930 E NetlinkEvent: NetlinkEvent::FindParam(): Parameter 'TIME_NS' not found
12-12 20:26:48.234 22606 22930 E NetlinkEvent: NetlinkEvent::FindParam(): Parameter 'UID' not found
12-12 20:26:48.241 22817 23049 I chatty  : uid=1000(system) Thread-13 expire 31 lines
12-12 20:27:25.359 22606 22930 E NetlinkEvent: NetlinkEvent::FindParam(): Parameter 'TIME_NS' not found
12-12 20:27:25.359 22606 22930 E NetlinkEvent: NetlinkEvent::FindParam(): Parameter 'UID' not found
12-12 20:28:46.363 22817 22862 I chatty  : uid=1000 system_server expire 15 lines
12-12 20:28:47.193 22817 23042 I chatty  : uid=1000(system) ConnectivityThr expire 12 lines
12-12 20:29:07.210 22817 23049 I chatty  : uid=1000(system) Thread-13 expire 22 lines
12-12 20:29:12.069 22606 22930 E NetlinkEvent: NetlinkEvent::FindParam(): Parameter 'TIME_NS' not found
12-12 20:29:12.069 22606 22930 E NetlinkEvent: NetlinkEvent::FindParam(): Parameter 'UID' not found
12-12 20:30:58.136 22606 22930 E NetlinkEvent: NetlinkEvent::FindParam(): Parameter 'TIME_NS' not found
12-12 20:30:58.137 22606 22930 E NetlinkEvent: NetlinkEvent::FindParam(): Parameter 'UID' not found
12-12 20:31:32.234 22606 22930 E NetlinkEvent: NetlinkEvent::FindParam(): Parameter 'TIME_NS' not found
12-12 20:31:32.234 22606 22930 E NetlinkEvent: NetlinkEvent::FindParam(): Parameter 'UID' not found
12-12 20:32:20.283 22606 22930 E NetlinkEvent: NetlinkEvent::FindParam(): Parameter 'TIME_NS' not found
12-12 20:32:20.283 22606 22930 E NetlinkEvent: NetlinkEvent::FindParam(): Parameter 'UID' not found
12-12 20:32:22.450 22817 23045 I chatty  : uid=1000(system) Thread-9 expire 10 lines
12-12 20:32:34.698 22606 22930 E NetlinkEvent: NetlinkEvent::FindParam(): Parameter 'TIME_NS' not found
12-12 20:32:34.698 22606 22930 E NetlinkEvent: NetlinkEvent::FindParam(): Parameter 'UID' not found
12-12 20:32:41.458 22606 22930 E NetlinkEvent: NetlinkEvent::FindParam(): Parameter 'TIME_NS' not found
12-12 20:32:41.458 22606 22930 E NetlinkEvent: NetlinkEvent::FindParam(): Parameter 'UID' not found
12-12 20:32:43.631 22817 23049 I chatty  : uid=1000(system) Thread-13 expire 19 lines
12-12 20:32:51.478 22606 22930 E NetlinkEvent: NetlinkEvent::FindParam(): Parameter 'TIME_NS' not found
12-12 20:32:51.478 22606 22930 E NetlinkEvent: NetlinkEvent::FindParam(): Parameter 'UID' not found
12-12 20:33:08.461 22817 22858 I chatty  : uid=1000 system_server expire 10 lines
12-12 20:34:46.476 22606 22930 E NetlinkEvent: NetlinkEvent::FindParam(): Parameter 'TIME_NS' not found
12-12 20:34:46.476 22606 22930 E NetlinkEvent: NetlinkEvent::FindParam(): Parameter 'UID' not found
12-12 20:35:05.023 22606 22930 E NetlinkEvent: NetlinkEvent::FindParam(): Parameter 'TIME_NS' not found
12-12 20:35:05.023 22606 22930 E NetlinkEvent: NetlinkEvent::FindParam(): Parameter 'UID' not found
12-12 20:35:17.967 22817 22857 I chatty  : uid=1000 system_server expire 2 lines
12-12 20:35:19.215 22817 23049 I chatty  : uid=1000(system) Thread-13 expire 32 lines
12-12 20:35:54.287 22606 22930 E NetlinkEvent: NetlinkEvent::FindParam(): Parameter 'TIME_NS' not found
12-12 20:35:54.287 22606 22930 E NetlinkEvent: NetlinkEvent::FindParam(): Parameter 'UID' not found
12-12 20:35:54.345 22817 22862 I chatty  : uid=1000 system_server expire 12 lines
12-12 20:37:43.740 22606 22930 E NetlinkEvent: NetlinkEvent::FindParam(): Parameter 'TIME_NS' not found
12-12 20:37:43.740 22606 22930 E NetlinkEvent: NetlinkEvent::FindParam(): Parameter 'UID' not found
12-12 20:38:14.384 22817 23049 I chatty  : uid=1000(system) Thread-13 expire 15 lines
12-12 20:39:53.165 22817 22817 I chatty  : uid=1000 system_server expire 3 lines
12-12 20:41:23.416 22606 22930 E NetlinkEvent: NetlinkEvent::FindParam(): Parameter 'TIME_NS' not found
12-12 20:41:23.416 22606 22930 E NetlinkEvent: NetlinkEvent::FindParam(): Parameter 'UID' not found
12-12 20:41:23.501 22817 22862 I chatty  : uid=1000 system_server expire 18 lines
12-12 20:41:25.734 22817 23042 I chatty  : uid=1000(system) ConnectivityThr expire 14 lines
12-12 20:41:26.300 22817 23049 I chatty  : uid=1000(system) Thread-13 expire 33 lines
12-12 20:44:14.306 22606 22930 E NetlinkEvent: NetlinkEvent::FindParam(): Parameter 'TIME_NS' not found
12-12 20:44:14.306 22606 22930 E NetlinkEvent: NetlinkEvent::FindParam(): Parameter 'UID' not found
12-12 20:44:14.327 22817 23049 I chatty  : uid=1000(system) Thread-13 expire 34 lines
12-12 20:48:26.411 22606 22930 E NetlinkEvent: NetlinkEvent::FindParam(): Parameter 'TIME_NS' not found
12-12 20:48:26.411 22606 22930 E NetlinkEvent: NetlinkEvent::FindParam(): Parameter 'UID' not found
12-12 20:48:26.500 22817 22862 I chatty  : uid=1000 system_server expire 12 lines
12-12 20:50:39.308 22606 22930 E NetlinkEvent: NetlinkEvent::FindParam(): Parameter 'TIME_NS' not found
12-12 20:50:39.308 22606 22930 E NetlinkEvent: NetlinkEvent::FindParam(): Parameter 'UID' not found
12-12 20:51:09.659 22817 23049 I chatty  : uid=1000(system) Thread-13 expire 20 lines
12-12 20:54:54.419 22606 22930 E NetlinkEvent: NetlinkEvent::FindParam(): Parameter 'TIME_NS' not found
12-12 20:54:54.419 22606 22930 E NetlinkEvent: NetlinkEvent::FindParam(): Parameter 'UID' not found
12-12 20:54:54.508 22817 22862 I chatty  : uid=1000 system_server expire 30 lines
12-12 20:54:55.254 22817 23042 I chatty  : uid=1000(system) ConnectivityThr expire 17 lines
12-12 20:55:45.904 22606 22930 E NetlinkEvent: NetlinkEvent::FindParam(): Parameter 'TIME_NS' not found
12-12 20:55:45.904 22606 22930 E NetlinkEvent: NetlinkEvent::FindParam(): Parameter 'UID' not found
12-12 20:55:47.727 22817 23049 I chatty  : uid=1000(system) Thread-13 expire 68 lines
12-12 20:57:11.448 22606 22930 E NetlinkEvent: NetlinkEvent::FindParam(): Parameter 'TIME_NS' not found
12-12 20:57:11.448 22606 22930 E NetlinkEvent: NetlinkEvent::FindParam(): Parameter 'UID' not found
12-12 20:57:12.116 22817 22875 I chatty  : uid=1000 system_server expire 4 lines
12-12 20:57:17.733 22817 23045 I chatty  : uid=1000(system) Thread-9 expire 11 lines
12-12 21:01:03.164 22606 22930 E NetlinkEvent: NetlinkEvent::FindParam(): Parameter 'TIME_NS' not found
12-12 21:01:03.164 22606 22930 E NetlinkEvent: NetlinkEvent::FindParam(): Parameter 'UID' not found
12-12 21:01:03.172 22817 23049 I chatty  : uid=1000(system) Thread-13 expire 32 lines
12-12 21:05:21.430 22606 22930 E NetlinkEvent: NetlinkEvent::FindParam(): Parameter 'TIME_NS' not found
12-12 21:05:21.430 22606 22930 E NetlinkEvent: NetlinkEvent::FindParam(): Parameter 'UID' not found
12-12 21:05:21.517 22817 22862 I chatty  : uid=1000 system_server expire 24 lines
12-12 21:05:22.330 22817 23042 I chatty  : uid=1000(system) ConnectivityThr expire 10 lines
12-12 21:06:32.425 22817 23049 I chatty  : uid=1000(system) Thread-13 expire 21 lines
12-12 21:07:37.313 22606 22930 E NetlinkEvent: NetlinkEvent::FindParam(): Parameter 'TIME_NS' not found
12-12 21:07:37.313 22606 22930 E NetlinkEvent: NetlinkEvent::FindParam(): Parameter 'UID' not found
12-12 21:07:37.400 22606 22930 E NetlinkEvent: NetlinkEvent::FindParam(): Parameter 'TIME_NS' not found
12-12 21:07:37.400 22606 22930 E NetlinkEvent: NetlinkEvent::FindParam(): Parameter 'UID' not found
12-12 21:08:16.007 22606 22930 E NetlinkEvent: NetlinkEvent::FindParam(): Parameter 'TIME_NS' not found
12-12 21:08:16.007 22606 22930 E NetlinkEvent: NetlinkEvent::FindParam(): Parameter 'UID' not found
12-12 21:09:17.458 22817 23049 I chatty  : uid=1000(system) Thread-13 expire 18 lines
12-12 21:09:43.312 22817 24045 I chatty  : uid=1000 system_server expire 2 lines
12-12 21:10:31.360 22606 22930 E NetlinkEvent: NetlinkEvent::FindParam(): Parameter 'TIME_NS' not found
12-12 21:10:31.360 22606 22930 E NetlinkEvent: NetlinkEvent::FindParam(): Parameter 'UID' not found
12-12 21:11:06.292 22606 22930 E NetlinkEvent: NetlinkEvent::FindParam(): Parameter 'TIME_NS' not found
12-12 21:11:06.292 22606 22930 E NetlinkEvent: NetlinkEvent::FindParam(): Parameter 'UID' not found
12-12 21:11:39.397 22817 23049 I chatty  : uid=1000(system) Thread-13 expire 30 lines
12-12 21:11:39.475 22606 22930 E NetlinkEvent: NetlinkEvent::FindParam(): Parameter 'TIME_NS' not found
12-12 21:11:39.475 22606 22930 E NetlinkEvent: NetlinkEvent::FindParam(): Parameter 'UID' not found
12-12 21:11:40.160 22817 22862 I chatty  : uid=1000 system_server expire 12 lines
12-12 21:11:41.010 22817 23042 I chatty  : uid=1000(system) ConnectivityThr expire 11 lines
12-12 21:13:33.749 22606 22930 E NetlinkEvent: NetlinkEvent::FindParam(): Parameter 'TIME_NS' not found
12-12 21:13:33.749 22606 22930 E NetlinkEvent: NetlinkEvent::FindParam(): Parameter 'UID' not found
12-12 21:13:34.561 22817 23049 I chatty  : uid=1000(system) Thread-13 expire 24 lines
12-12 21:15:43.540 22817 24791 I chatty  : uid=1000 system_server expire 5 lines
12-12 21:17:09.507 22606 22930 E NetlinkEvent: NetlinkEvent::FindParam(): Parameter 'TIME_NS' not found
12-12 21:17:09.507 22606 22930 E NetlinkEvent: NetlinkEvent::FindParam(): Parameter 'UID' not found
12-12 21:17:09.582 22817 22862 I chatty  : uid=1000 system_server expire 18 lines
12-12 21:18:16.570 22817 23049 I chatty  : uid=1000(system) Thread-13 expire 24 lines
12-12 21:18:17.442 22817 23042 I chatty  : uid=1000(system) ConnectivityThr expire 12 lines
12-12 21:18:18.864 22817 23045 I chatty  : uid=1000(system) Thread-9 expire 5 lines
12-12 21:18:19.999 22817 22858 I chatty  : uid=1000 system_server expire 7 lines
12-12 21:19:57.333 22606 22930 E NetlinkEvent: NetlinkEvent::FindParam(): Parameter 'TIME_NS' not found
12-12 21:19:57.333 22606 22930 E NetlinkEvent: NetlinkEvent::FindParam(): Parameter 'UID' not found
12-12 21:19:57.337 22817 23049 I chatty  : uid=1000(system) Thread-13 expire 20 lines
12-12 21:24:19.622 22606 22930 E NetlinkEvent: NetlinkEvent::FindParam(): Parameter 'TIME_NS' not found
12-12 21:24:19.623 22606 22930 E NetlinkEvent: NetlinkEvent::FindParam(): Parameter 'UID' not found
12-12 21:24:19.701 22817 22862 I chatty  : uid=1000 system_server expire 12 lines
12-12 21:25:06.074 22606 22930 E NetlinkEvent: NetlinkEvent::FindParam(): Parameter 'TIME_NS' not found
12-12 21:25:06.074 22606 22930 E NetlinkEvent: NetlinkEvent::FindParam(): Parameter 'UID' not found
12-12 21:25:06.090 22817 23049 I chatty  : uid=1000(system) Thread-13 expire 17 lines
12-12 21:25:39.654 22606 22930 E NetlinkEvent: NetlinkEvent::FindParam(): Parameter 'TIME_NS' not found
12-12 21:25:39.654 22606 22930 E NetlinkEvent: NetlinkEvent::FindParam(): Parameter 'UID' not found
12-12 21:26:26.667 22606 22930 E NetlinkEvent: NetlinkEvent::FindParam(): Parameter 'TIME_NS' not found
12-12 21:26:26.667 22606 22930 E NetlinkEvent: NetlinkEvent::FindParam(): Parameter 'UID' not found
12-12 21:26:55.877 22817 23049 I chatty  : uid=1000(system) Thread-13 expire 17 lines
12-12 21:27:49.415 22606 22930 E NetlinkEvent: NetlinkEvent::FindParam(): Parameter 'TIME_NS' not found
12-12 21:27:49.415 22606 22930 E NetlinkEvent: NetlinkEvent::FindParam(): Parameter 'UID' not found
12-12 21:27:50.087 22817 22862 I chatty  : uid=1000 system_server expire 11 lines
12-12 21:27:50.915 22817 23042 I chatty  : uid=1000(system) ConnectivityThr expire 3 lines
12-12 21:28:42.446 22606 22930 E NetlinkEvent: NetlinkEvent::FindParam(): Parameter 'TIME_NS' not found
12-12 21:28:42.447 22606 22930 E NetlinkEvent: NetlinkEvent::FindParam(): Parameter 'UID' not found
12-12 21:29:12.254 22817 23049 I chatty  : uid=1000(system) Thread-13 expire 6 lines
12-12 21:29:15.392 22817 22946 I chatty  : uid=1000 system_server expire 19 lines
12-12 21:29:35.499 22395 29171 E ActivityThread: Failed to find provider info for com.taobao.passivelocation.provider.locations
12-12 21:29:35.533 22395 29171 E ActivityThread: Failed to find provider info for com.taobao.passivelocation.provider.locations
12-12 21:29:35.540 22395 29171 E ActivityThread: Failed to find provider info for com.taobao.passivelocation.provider.locations
12-12 21:29:50.147 22817 22946 I chatty  : uid=1000 system_server expire 10 lines
12-12 21:29:51.559 22817  5957 I chatty  : uid=1000 system_server expire 1 line
12-12 21:29:57.001 22817 22949 I chatty  : uid=1000 system_server expire 8 lines
12-12 21:30:16.370 29514 29514 W ContextImpl: Calling a method in the system process without a qualified user: android.app.ContextImpl.startService:1357 android.content.ContextWrapper.startService:613 android.content.ContextWrapper.startService:613 com.android.keychain.KeyChainBroadcastReceiver.onReceive:12 android.app.ActivityThread.handleReceiver:3080 
12-12 21:30:16.673  2778  2778 I ActivityThread: Removing dead content provider:android.content.ContentProviderProxy@f4354f6
12-12 21:30:22.675 22817 22946 I chatty  : uid=1000 system_server expire 11 lines
12-12 21:30:52.587 22817 22946 D LuxLevels: dark hysteresis constant= 0.2, threshold=34.059654, lux=42.574566
12-12 21:30:53.434 22817 16616 I ActivityManager: START u0 {cmp=com.coolapk.market/.view.contact.ContactPickActivity} from uid 10072 on display 0
12-12 21:30:55.572 22817 15923 I ActivityManager: START u0 {cmp=com.coolapk.market/.view.photo.PhotoPickerActivity (has extras)} from uid 10072 on display 0
12-12 21:30:57.519 22817 22946 D LuxLevels: bright hysteresis constant= 0.1, threshold=32.125126, lux=29.204659
12-12 21:30:57.520 22817 22946 D LuxLevels: dark hysteresis constant= 0.2, threshold=23.363728, lux=29.204659
12-12 21:30:58.844 22817 22946 D LuxLevels: bright hysteresis constant= 0.1, threshold=25.57612, lux=23.251019
12-12 21:30:58.844 22817 22946 D LuxLevels: dark hysteresis constant= 0.2, threshold=18.600815, lux=23.251019
12-12 21:31:01.045 22817 22946 D LuxLevels: bright hysteresis constant= 0.1, threshold=40.863018, lux=37.148197
12-12 21:31:01.045 22817 22946 D LuxLevels: dark hysteresis constant= 0.2, threshold=29.718557, lux=37.148197
12-12 21:31:01.877 22817 23676 I ActivityManager: START u0 {cmp=com.coolapk.market/.view.notification.NotificationActivity (has extras)} from uid 10072 on display 0
12-12 21:31:05.374 22817 22946 D LuxLevels: bright hysteresis constant= 0.1, threshold=30.085344, lux=27.350313
12-12 21:31:05.375 22817 22946 D LuxLevels: dark hysteresis constant= 0.2, threshold=21.88025, lux=27.350313
12-12 21:31:06.833 22817 23049 D ConnectivityService: NetworkAgentInfo [WIFI () - 157] validation failed
12-12 21:31:17.360 22817 22946 D LuxLevels: bright hysteresis constant= 0.1, threshold=38.97924, lux=35.435673
12-12 21:31:17.360 22817 22946 D LuxLevels: dark hysteresis constant= 0.2, threshold=28.34854, lux=35.435673
12-12 21:31:18.329 22817 15923 W ActivityManager: Duplicate finish request for ActivityRecord{85f306a u0 com.coolapk.market/.view.notification.NotificationActivity t238 f}
12-12 21:31:18.568 22817 22946 D LuxLevels: bright hysteresis constant= 0.1, threshold=43.915657, lux=39.923325
12-12 21:31:18.568 22817 22946 D LuxLevels: dark hysteresis constant= 0.2, threshold=31.93866, lux=39.923325
12-12 21:31:20.126 22817 23676 I ActivityManager: START u0 {cmp=com.coolapk.market/.view.base.SimpleActivity (has extras)} from uid 10072 on display 0
12-12 21:31:21.242 22817  3613 I ActivityManager: START u0 {cmp=com.coolapk.market/.view.app.AppViewActivity (has extras)} from uid 10072 on display 0
12-12 21:31:22.898 22817 22946 D LuxLevels: bright hysteresis constant= 0.1, threshold=34.1419, lux=31.03809
12-12 21:31:22.898 22817 22946 D LuxLevels: dark hysteresis constant= 0.2, threshold=24.830473, lux=31.03809
12-12 21:31:28.940 22817 22946 D LuxLevels: bright hysteresis constant= 0.1, threshold=40.732464, lux=37.02951
12-12 21:31:28.940 22817 22946 D LuxLevels: dark hysteresis constant= 0.2, threshold=29.62361, lux=37.02951
12-12 21:31:30.058 22817 22946 D LuxLevels: bright hysteresis constant= 0.1, threshold=45.242973, lux=41.129974
12-12 21:31:30.058 22817 22946 D LuxLevels: dark hysteresis constant= 0.2, threshold=32.90398, lux=41.129974
12-12 21:31:30.742 22817  4454 I ActivityManager: START u0 {cmp=com.coolapk.market/.view.feed.FeedDetailActivity (has extras)} from uid 10072 on display 0
12-12 21:31:33.372 22817 22946 D LuxLevels: bright hysteresis constant= 0.1, threshold=83.94423, lux=76.312935
12-12 21:31:33.372 22817 22946 D LuxLevels: dark hysteresis constant= 0.2, threshold=61.05035, lux=76.312935
12-12 21:31:35.588 22817  1837 E AlarmManager: RTC Alarm: 2 null com.android.phone com.android.internal.telephony.data-stall
12-12 21:31:36.696 22817 22946 D LuxLevels: bright hysteresis constant= 0.1, threshold=112.40747, lux=102.18861
12-12 21:31:36.697 22817 22946 D LuxLevels: dark hysteresis constant= 0.2, threshold=81.750885, lux=102.18861
12-12 21:31:39.739 22817 22859 I ActivityManager: START u0 {act=android.intent.action.MAIN cat=[android.intent.category.HOME] flg=0x10200000 cmp=ch.deletescape.lawnchair/.Launcher (has extras)} from uid 1000 on display 0
12-12 21:31:40.622 22817 22946 D LuxLevels: bright hysteresis constant= 0.1, threshold=77.98059, lux=70.89144
12-12 21:31:40.622 22817 22946 D LuxLevels: dark hysteresis constant= 0.2, threshold=56.713154, lux=70.89144
12-12 21:31:41.496 22817  1987 I ActivityManager: START u0 {act=android.intent.action.MAIN cat=[android.intent.category.LAUNCHER] flg=0x10200000 cmp=github.tornaco.xposedmoduletest/.ui.activity.NavigatorActivity bnds=[645,1322][855,1630] (has extras)} from uid 10117 on display 0
12-12 21:31:44.299 22817 24790 I ActivityManager: START u0 {act=android.intent.action.MAIN cat=[android.intent.category.LAUNCHER] flg=0x10200000 cmp=github.tornaco.xposedmoduletest/.ui.activity.NavigatorActivity bnds=[645,1322][855,1630] (has extras)} from uid 10117 on display 0
12-12 21:31:45.623 22817 16616 I ActivityManager: START u0 {act=android.intent.action.MAIN cat=[android.intent.category.LAUNCHER] flg=0x10200000 cmp=github.tornaco.xposedmoduletest/.ui.activity.NavigatorActivity bnds=[645,1322][855,1630] (has extras)} from uid 10117 on display 0
12-12 21:31:46.980 22817 24791 I ActivityManager: START u0 {act=android.intent.action.MAIN cat=[android.intent.category.LAUNCHER] flg=0x10200000 cmp=github.tornaco.xposedmoduletest/.ui.activity.NavigatorActivity bnds=[645,1322][855,1630] (has extras)} from uid 10117 on display 0
12-12 21:31:48.330 22817  1552 I ActivityManager: START u0 {act=android.intent.action.MAIN cat=[android.intent.category.LAUNCHER] flg=0x10200000 cmp=github.tornaco.xposedmoduletest/.ui.activity.NavigatorActivity bnds=[645,1322][855,1630] (has extras)} from uid 10117 on display 0
12-12 21:31:50.905 22817  6298 I ActivityManager: START u0 {act=android.intent.action.MAIN cat=[android.intent.category.LAUNCHER] flg=0x10200000 cmp=github.tornaco.xposedmoduletest/.ui.activity.NavigatorActivity bnds=[645,1322][855,1630] (has extras)} from uid 10117 on display 0
12-12 21:31:52.452 22817 24044 I ActivityManager: START u0 {cmp=github.tornaco.xposedmoduletest/.ui.activity.ag.GuardAppNavActivity} from uid 10134 on display 0
12-12 21:31:53.011 22817 22946 D LuxLevels: bright hysteresis constant= 0.1, threshold=48.355595, lux=43.95963
12-12 21:31:53.011 22817 22946 D LuxLevels: dark hysteresis constant= 0.2, threshold=35.167706, lux=43.95963
12-12 21:31:53.930 22817 22946 D LuxLevels: bright hysteresis constant= 0.1, threshold=38.37783, lux=34.888935
12-12 21:31:53.930 22817 22946 D LuxLevels: dark hysteresis constant= 0.2, threshold=27.911148, lux=34.888935
12-12 21:31:54.838 22817 22946 D LuxLevels: bright hysteresis constant= 0.1, threshold=30.491621, lux=27.719654
12-12 21:31:54.838 22817 22946 D LuxLevels: dark hysteresis constant= 0.2, threshold=22.175724, lux=27.719654
12-12 21:31:55.943 22817  5950 I ActivityManager: START u0 {cmp=github.tornaco.xposedmoduletest/.ui.activity.ag.GuardAppPickerActivity} from uid 10134 on display 0
12-12 21:31:59.101 22817 22946 D LuxLevels: bright hysteresis constant= 0.1, threshold=24.389654, lux=22.172413
12-12 21:31:59.101 22817 22946 D LuxLevels: dark hysteresis constant= 0.2, threshold=17.73793, lux=22.172413
12-12 21:32:05.698 22817 22946 D LuxLevels: bright hysteresis constant= 0.1, threshold=29.182838, lux=26.529852
12-12 21:32:05.698 22817 22946 D LuxLevels: dark hysteresis constant= 0.2, threshold=21.223883, lux=26.529852
12-12 21:32:09.023 22817 22946 D LuxLevels: bright hysteresis constant= 0.1, threshold=23.229088, lux=21.117352
12-12 21:32:09.023 22817 22946 D LuxLevels: dark hysteresis constant= 0.2, threshold=16.89388, lux=21.117352
12-12 21:32:15.130 22817 17366 I ActivityManager: START u0 {cmp=github.tornaco.xposedmoduletest/.ui.activity.ag.GuardSettingsDashboardActivity} from uid 10134 on display 0
12-12 21:32:16.887 22817  1837 I ActivityManager: START u0 {cmp=github.tornaco.xposedmoduletest/.ui.activity.ag.SecureGuardSettings} from uid 10134 on display 0
12-12 21:32:20.914 22817 23049 D ConnectivityService: NetworkAgentInfo [WIFI () - 157] validation failed
12-12 21:32:22.565 22817 24791 I ActivityManager: START u0 {cmp=github.tornaco.xposedmoduletest/.ui.activity.comp.PackageViewerActivity} from uid 10134 on display 0
12-12 21:32:23.629 22817 22946 D LuxLevels: bright hysteresis constant= 0.1, threshold=28.774677, lux=26.158796
12-12 21:32:23.629 22817 22946 D LuxLevels: dark hysteresis constant= 0.2, threshold=20.927038, lux=26.158796
12-12 21:32:24.684 22817 23125 I ActivityManager: Killing 12602:com.android.packageinstaller/u0a29 (adj 906): empty for 1800s
12-12 21:32:24.697 22817 24806 D ActivityManager: cleanUpApplicationRecord -- 12602
12-12 21:32:25.562 22817  1837 I ActivityManager: START u0 {cmp=github.tornaco.xposedmoduletest/.ui.activity.perm.PackageViewerActivity} from uid 10134 on display 0
12-12 21:32:29.365 22817 22946 D LuxLevels: bright hysteresis constant= 0.1, threshold=22.300978, lux=20.273615
12-12 21:32:29.365 22817 22946 D LuxLevels: dark hysteresis constant= 0.2, threshold=16.218893, lux=20.273615
12-12 21:32:34.575 22817 23125 I ActivityManager: START u0 {act=android.intent.action.MAIN cat=[android.intent.category.LAUNCHER] flg=0x10200000 cmp=github.tornaco.xposedmoduletest/.ui.activity.NavigatorActivity bnds=[645,1322][855,1630] (has extras)} from uid 10117 on display 0
12-12 21:32:36.216 22817 22946 D LuxLevels: bright hysteresis constant= 0.1, threshold=26.703184, lux=24.275621
12-12 21:32:36.216 22817 22946 D LuxLevels: dark hysteresis constant= 0.2, threshold=19.420498, lux=24.275621
12-12 21:32:36.564 22817 14084 I ActivityManager: START u0 {act=android.intent.action.MAIN cat=[android.intent.category.LAUNCHER] flg=0x10200000 cmp=github.tornaco.xposedmoduletest/.ui.activity.NavigatorActivity bnds=[645,1322][855,1630] (has extras)} from uid 10117 on display 0
12-12 21:32:38.831 22817  1987 I ActivityManager: START u0 {cmp=github.tornaco.xposedmoduletest/.ui.activity.comp.PackageViewerActivity} from uid 10134 on display 0
12-12 21:32:45.981 22817 22946 D LuxLevels: bright hysteresis constant= 0.1, threshold=29.810642, lux=27.100584
12-12 21:32:45.981 22817 22946 D LuxLevels: dark hysteresis constant= 0.2, threshold=21.680468, lux=27.100584
12-12 21:32:46.761 22817  3613 E AlarmManager: RTC Alarm: 2 null com.android.phone com.android.internal.telephony.data-stall
12-12 21:32:52.630 22817 22946 D LuxLevels: bright hysteresis constant= 0.1, threshold=22.742096, lux=20.674633
12-12 21:32:52.630 22817 22946 D LuxLevels: dark hysteresis constant= 0.2, threshold=16.539707, lux=20.674633
12-12 21:32:54.557 22817 22946 D LuxLevels: bright hysteresis constant= 0.1, threshold=18.150667, lux=16.500607
12-12 21:32:54.558 22817 22946 D LuxLevels: dark hysteresis constant= 0.2, threshold=13.200485, lux=16.500607
12-12 21:34:20.785 22817 17366 E AlarmManager: RTC Alarm: 2 null com.android.phone com.android.internal.telephony.data-stall
12-12 21:34:20.919 22817 14084 E AlarmManager: RTC Alarm: 2 null com.google.android.gms com.google.android.location.ALARM_WAKEUP_ACTIVITY_DETECTION
12-12 21:34:39.074 22817 23049 D ConnectivityService: NetworkAgentInfo [WIFI () - 157] validation failed
12-12 21:34:53.252 22817  5891 E AlarmManager: RTC Alarm: 2 null com.google.android.gms com.google.android.gms.gcm.ACTION_CHECK_QUEUE
12-12 21:34:53.269 22817  6298 E AlarmManager: RTC Alarm: 2 null com.google.android.gms com.google.android.gms.gcm.ACTION_CHECK_QUEUE
12-12 21:34:53.417 22817 22817 I ActivityManager: Start proc 29886:org.cyanogenmod.profiles/u0a58 for service org.cyanogenmod.profiles/.ProfilesTrustAgent
12-12 21:34:53.509 22817  5950 E AlarmManager: RTC Alarm: 2 null com.google.android.gms com.google.android.gms.gcm.ACTION_CHECK_QUEUE
12-12 21:35:11.508 22606 22930 E NetlinkEvent: NetlinkEvent::FindParam(): Parameter 'TIME_NS' not found
12-12 21:35:11.509 22606 22930 E NetlinkEvent: NetlinkEvent::FindParam(): Parameter 'UID' not found
12-12 21:35:39.969 22817 16068 E AlarmManager: RTC Alarm: 0 null com.coolapk.market com.xiaomi.push.PING_TIMER
12-12 21:35:56.562 22817 23049 D ConnectivityService: NetworkAgentInfo [MOBILE (EDGE) - 105] validation failed
12-12 21:36:01.558 22606 22930 E NetlinkEvent: NetlinkEvent::FindParam(): Parameter 'TIME_NS' not found
12-12 21:36:01.558 22606 22930 E NetlinkEvent: NetlinkEvent::FindParam(): Parameter 'UID' not found
12-12 21:36:05.609 22817 22817 V BackupManagerService: Scheduling immediate backup pass
12-12 21:36:05.612 22817 22817 V BackupManagerService: Running a backup pass
12-12 21:36:05.613 22817 24181 W BackupManagerService: Requested unavailable transport: com.google.android.gms/.backup.BackupTransportService
12-12 21:36:05.623 22817 24181 V BackupManagerService: Backup requested but no transport available
12-12 21:36:05.638 22817 24797 I ActivityManager: Process com.taobao.taobao:dex2oat (pid 22499) has died
12-12 21:36:05.638 22817 24797 D ActivityManager: cleanUpApplicationRecord -- 22499
12-12 21:36:05.652 22817  5957 I ActivityManager: Process com.taobao.taobao:channel (pid 22432) has died
12-12 21:36:05.652 22817  5957 D ActivityManager: cleanUpApplicationRecord -- 22432
12-12 21:36:05.653 22817  5957 W ActivityManager: Scheduling restart of crashed service com.taobao.taobao/com.alibaba.analytics.AnalyticsService in 1000ms
12-12 21:36:05.653 22817  5957 W ActivityManager: Scheduling restart of crashed service com.taobao.taobao/org.android.agoo.accs.AgooService in 11000ms
12-12 21:36:05.653 22817  5957 W ActivityManager: Scheduling restart of crashed service com.taobao.taobao/com.taobao.wireless.bcportserver.PortsService in 11000ms
12-12 21:36:05.653 22817  5957 W ActivityManager: Scheduling restart of crashed service com.taobao.taobao/com.taobao.accs.ChannelService in 20999ms
12-12 21:36:05.687 22817  6298 I WindowManager: WIN DEATH: Window{ff83557 u0 com.taobao.taobao/com.taobao.search.searchdoor.SearchDoorActivity}
12-12 21:36:05.687 22817  1552 I ActivityManager: Process com.taobao.taobao (pid 22395) has died
12-12 21:36:05.688 22817  1552 D ActivityManager: cleanUpApplicationRecord -- 22395
12-12 21:36:05.689 22817  1552 W ActivityManager: Scheduling restart of crashed service com.taobao.taobao/com.taobao.accs.data.MsgDistributeService in 30964ms
12-12 21:36:05.689 22817  1552 W ActivityManager: Scheduling restart of crashed service com.taobao.taobao/com.taobao.calendar.sdk.alarm.CalendarAlarmService in 30964ms
12-12 21:36:05.689 22817  1552 W ActivityManager: Scheduling restart of crashed service com.taobao.taobao/com.taobao.tao.log.collect.AccsTlogService in 40964ms
12-12 21:36:05.702 22817 24790 E AlarmManager: RTC Alarm: 2 null com.android.phone com.android.internal.telephony.data-stall
12-12 21:36:16.703 22817 22858 I ActivityManager: Start proc 29928:com.taobao.taobao:channel/u0a100 for service com.taobao.taobao/com.taobao.wireless.bcportserver.PortsService
12-12 21:36:18.906 22817 22858 I ActivityManager: Start proc 29992:com.android.vending/u0a141 for broadcast com.android.vending/com.google.android.finsky.verifier.impl.PackageVerificationReceiver
12-12 21:36:19.035 22817  1552 I ActivityManager: Start proc 30008:com.taobao.taobao:dex2oat/u0a100 for service com.taobao.taobao/com.taobao.android.runtime.Dex2OatService
12-12 21:36:19.547 22817 24791 I ActivityManager: Start proc 30067:com.taobao.taobao/u0a100 for service com.taobao.taobao/mtopsdk.xstate.XStateService
12-12 21:36:19.767 22817 24181 V KeyValueBackupJob: Scheduling k/v pass in 244 minutes
12-12 21:36:19.816 22817 24791 E AlarmManager: RTC Alarm: 2 null com.taobao.taobao com.taobao.taobao.intent.action.COCKROACH
12-12 21:36:20.485 22817  3613 I ActivityManager: Process com.taobao.taobao:dex2oat (pid 30008) has died
12-12 21:36:20.485 22817  3613 D ActivityManager: cleanUpApplicationRecord -- 30008
12-12 21:36:20.495 22817  1987 I ActivityManager: Process com.taobao.taobao:channel (pid 29928) has died
12-12 21:36:20.495 22817  1987 D ActivityManager: cleanUpApplicationRecord -- 29928
12-12 21:36:20.496 22817  1987 W ActivityManager: Scheduling restart of crashed service com.taobao.taobao/com.taobao.accs.ChannelService in 1000ms
12-12 21:36:22.470 22817  6298 I ActivityManager: Process com.taobao.taobao (pid 30067) has died
12-12 21:36:22.470 22817  6298 D ActivityManager: cleanUpApplicationRecord -- 30067
12-12 21:36:22.471 22817  6298 W ActivityManager: Scheduling restart of crashed service com.taobao.taobao/com.taobao.calendar.sdk.alarm.CalendarAlarmService in 1000ms
12-12 21:36:23.129 22817 22858 I ActivityManager: Force stopping github.tornaco.xposedmoduletest appid=10134 user=-1: installPackageLI
12-12 21:36:23.130 22817 22858 I ActivityManager: Killing 29593:github.tornaco.xposedmoduletest/u0a134 (adj 902): stop github.tornaco.xposedmoduletest
12-12 21:36:23.131 22817 22858 D ActivityManager: cleanUpApplicationRecord -- 29593
12-12 21:36:23.231 22817 22949 I PackageManager: Package github.tornaco.xposedmoduletest codePath changed from /data/app/github.tornaco.xposedmoduletest-2 to /data/app/github.tornaco.xposedmoduletest-1; Retaining data and using new
12-12 21:36:23.232 22817 22949 W PackageManager: Code path for github.tornaco.xposedmoduletest changing from /data/app/github.tornaco.xposedmoduletest-2 to /data/app/github.tornaco.xposedmoduletest-1
12-12 21:36:23.232 22817 22949 W PackageManager: Resource path for github.tornaco.xposedmoduletest changing from /data/app/github.tornaco.xposedmoduletest-2 to /data/app/github.tornaco.xposedmoduletest-1
12-12 21:36:23.309 22817 22949 W PackageManager: Unknown permission com.fingerprints.service.ACCESS_FINGERPRINT_MANAGER in package github.tornaco.xposedmoduletest
12-12 21:36:23.488 22817 22858 I ActivityManager: Start proc 30156:com.taobao.taobao/u0a100 for service com.taobao.taobao/com.taobao.calendar.sdk.alarm.CalendarAlarmService
12-12 21:36:23.519 22817 22949 I ActivityManager: Force stopping github.tornaco.xposedmoduletest appid=10134 user=0: pkg removed
12-12 21:36:23.595 22817 22858 I ActivityManager: Start proc 30167:com.android.gallery3d/u0a27 for broadcast com.android.gallery3d/.app.PackagesMonitor
12-12 21:36:23.931 29514 29514 W ContextImpl: Calling a method in the system process without a qualified user: android.app.ContextImpl.startService:1357 android.content.ContextWrapper.startService:613 android.content.ContextWrapper.startService:613 com.android.keychain.KeyChainBroadcastReceiver.onReceive:12 android.app.ActivityThread.handleReceiver:3080 
12-12 21:36:23.947 22817 24045 E AlarmManager: RTC Alarm: 0 null com.android.vending com.android.vending/com.google.android.finsky.services.ContentSyncService
12-12 21:36:24.541 22817 24797 I ActivityManager: Start proc 30210:com.taobao.taobao:channel/u0a100 for broadcast com.taobao.taobao/com.taobao.agoo.AgooCommondReceiver
12-12 21:36:24.689 22817 22857 I ActivityManager: Start proc 30233:com.android.printspooler/u0a60 for service com.android.printspooler/.model.PrintSpoolerService
12-12 21:36:24.912 22817 24797 I ActivityManager: START u0 {act=android.intent.action.MAIN cat=[android.intent.category.LAUNCHER] flg=0x10000000 cmp=github.tornaco.xposedmoduletest/.ui.activity.NavigatorActivity} from uid 2000 on display 0
12-12 21:36:24.968 22817 15923 I ActivityManager: Start proc 30266:github.tornaco.xposedmoduletest/u0a134 for activity github.tornaco.xposedmoduletest/.ui.activity.NavigatorActivity
12-12 21:36:25.748 22817  6298 I ActivityManager: Start proc 30300:com.taobao.taobao:dex2oat/u0a100 for service com.taobao.taobao/com.taobao.android.runtime.Dex2OatService
12-12 21:36:28.015 22817 24045 E AlarmManager: RTC Alarm: 0 null com.android.vending com.android.vending/com.google.android.finsky.services.ContentSyncService
12-12 21:36:28.138 22817 24791 I ActivityManager: Start proc 30453:com.google.android.partnersetup/u0a137 for broadcast com.google.android.partnersetup/.RlzPingBroadcastReceiver
12-12 21:36:28.304 22817 17366 E BatteryStatsImpl: Unable to find object for Icing in uid 10134 mapsize=2 activeoverflow=null curoverflow=null lastCleanupTime=-3h48m0s107ms
12-12 21:36:28.332 22817  4117 I BroadcastQueue: Delay finish: com.google.android.partnersetup/.RlzPingBroadcastReceiver
12-12 21:36:28.334 22817 24796 I BroadcastQueue: Resuming delayed broadcast
12-12 21:36:28.388 22817 23212 I ActivityManager: Start proc 30514:com.svox.pico/u0a56 for broadcast com.svox.pico/.VoiceDataInstallerReceiver
12-12 21:36:28.604 22817  6298 I ActivityManager: Start proc 30554:com.google.android.apps.photos/u0a169 for broadcast com.google.android.apps.photos/.account.full.FetchAccountPropertiesAppUpgradeBroadcastReceiver
12-12 21:36:28.640 22817  5891 I ActivityManager: Setting hasTopUi=true for pid=23103
12-12 21:36:28.647 22817 22835 I ActivityManager: Setting hasTopUi=false for pid=23103
12-12 21:36:28.681 22817  4454 I ActivityManager: Setting hasTopUi=true for pid=23103
12-12 21:36:30.714 22817 14084 W InputMethodManagerService: Window already focused, ignoring focus gain of: com.android.internal.view.IInputMethodClient$Stub$Proxy@33f01d2 attribute=null, token = android.os.BinderProxy@b999ae4
12-12 21:36:30.741 22817 14084 I ActivityManager: Setting hasTopUi=false for pid=23103
12-12 21:36:30.760 22817 24791 I ActivityManager: Start proc 30678:com.topjohnwu.magisk/u0a68 for broadcast com.topjohnwu.magisk/.receivers.PackageReceiver
12-12 21:36:30.818 22817 24790 E AlarmManager: RTC Alarm: 2 null com.google.android.gms com.google.android.gms.gcm.ACTION_CHECK_QUEUE
12-12 21:36:31.236 22817  1552 W ContextImpl: Calling a method in the system process without a qualified user: android.app.ContextImpl.sendBroadcast:877 com.android.server.am.AppErrors.crashApplicationInner:375 com.android.server.am.AppErrors.crashApplication:309 com.android.server.am.ActivityManagerService.handleApplicationCrashInner:13754 com.android.server.am.ActivityManagerService.handleApplicationCrash:13736 
12-12 21:36:31.567 22817 24796 W ActivityManager: Permission Denial: Accessing service ComponentInfo{com.google.android.gms/com.google.android.gms.gcm.PushMessagingRegistrarProxy} from pid=30156, uid=10100 requires com.google.android.c2dm.permission.RECEIVE
12-12 21:36:31.985 22817 22946 D LuxLevels: bright hysteresis constant= 0.1, threshold=14.324645, lux=13.022405
12-12 21:36:31.985 22817 22946 D LuxLevels: dark hysteresis constant= 0.2, threshold=10.417924, lux=13.022405
12-12 21:36:32.690 22817  1552 I ActivityManager: Killing 30678:com.topjohnwu.magisk/u0a68 (adj 900): crash
12-12 21:36:32.691 22817  1552 D ActivityManager: cleanUpApplicationRecord -- 30678
12-12 21:36:32.706 22817  1987 W InputMethodManagerService: Window already focused, ignoring focus gain of: com.android.internal.view.IInputMethodClient$Stub$Proxy@8694cec attribute=null, token = android.os.BinderProxy@b999ae4
12-12 21:36:32.708 22817 22859 W ViewRootImpl[magisk]: Dropping event due to root view being removed: MotionEvent { action=ACTION_MOVE, actionButton=0, id[0]=0, x[0]=486.52454, y[0]=718.20764, toolType[0]=TOOL_TYPE_FINGER, buttonState=0, metaState=0, flags=0x0, edgeFlags=0x0, pointerCount=1, historySize=0, eventTime=12256299, downTime=12256288, deviceId=6, source=0x1002 }
12-12 21:36:32.879 22817 22877 W AppOps  : Finishing op nesting under-run: uid 1000 pkg android code 24 time=0 duration=0 nesting=0
12-12 21:36:34.031 22817 22817 W WindowManager: Attempted to remove non-existing token: android.os.Binder@a5eb746
12-12 21:36:36.098 22817 22946 D LuxLevels: bright hysteresis constant= 0.1, threshold=16.0318, lux=14.574363
12-12 21:36:36.098 22817 22946 D LuxLevels: dark hysteresis constant= 0.2, threshold=11.659491, lux=14.574363
12-12 21:36:39.314 22817 22858 I ActivityManager: Waited long enough for: ServiceRecord{cfd19eb u0 com.google.android.gms/.gcm.GcmService}
12-12 21:36:45.441 22817 22858 I ActivityManager: Waited long enough for: ServiceRecord{ba93721 u0 com.google.android.apps.photos/com.google.android.libraries.social.async.BackgroundTaskService}
12-12 21:36:49.731 22817 24796 E AlarmManager: RTC Alarm: 2 null com.taobao.taobao com.taobao.taobao.intent.action.COCKROACH
12-12 21:37:04.639 22817 22858 I ActivityManager: Waited long enough for: ServiceRecord{abd064f u0 com.taobao.taobao/com.taobao.accs.ChannelService}
12-12 21:37:10.436 22817 22858 I ActivityManager: Waited long enough for: ServiceRecord{878a074 u0 com.taobao.taobao/org.android.agoo.accs.AgooService}
12-12 21:37:11.955 22817 24797 I ActivityManager: Killing 14775:com.qualcomm.timeservice/1000 (adj 906): empty #17
12-12 21:37:11.972 22817  5023 D ActivityManager: cleanUpApplicationRecord -- 14775
12-12 21:37:26.126 22817  1552 E AlarmManager: RTC Alarm: 2 null com.google.android.gms com.google.android.gms.gcm.ACTION_CHECK_QUEUE
12-12 21:37:26.184 22817 14084 E AlarmManager: RTC Alarm: 2 null com.google.android.gms com.google.android.gms.gcm.ACTION_CHECK_QUEUE
12-12 21:37:31.050 22817 15923 E AlarmManager: RTC Alarm: 2 null com.android.phone com.android.internal.telephony.data-stall
12-12 21:37:41.053 22817 22858 I ActivityManager: Waited long enough for: ServiceRecord{65568d4 u0 com.google.android.gms/.clearcut.uploader.QosUploaderService}
12-12 21:37:41.114 22817 22858 I ActivityManager: Waited long enough for: ServiceRecord{c1b9d72 u0 com.google.android.gms/.auth.account.be.legacy.AuthCronService}
12-12 21:37:45.994 22817 22835 E AlarmManager: RTC Alarm: 2 null com.google.android.gms com.google.android.intent.action.GCM_RECONNECT
12-12 21:37:51.027 22817 24806 I ActivityManager: Killing 14752:com.android.providers.calendar/u0a4 (adj 906): empty #17
12-12 21:37:51.061 22817 14084 D ActivityManager: cleanUpApplicationRecord -- 14752
12-12 21:38:06.357 22817 17366 E AlarmManager: RTC Alarm: 2 null com.google.android.gms com.google.android.gms.gcm.ACTION_CHECK_QUEUE
12-12 21:38:21.340 22817 22858 I ActivityManager: Waited long enough for: ServiceRecord{6314796 u0 com.google.android.gms/.instantapps.routing.DomainFilterUpdateService}
12-12 21:38:31.083 22817 23676 E AlarmManager: RTC Alarm: 2 null com.android.phone com.android.internal.telephony.data-stall
12-12 21:38:31.156 22817  1552 E AlarmManager: RTC Alarm: 2 null com.google.android.gms com.google.android.location.ALARM_WAKEUP_ACTIVITY_DETECTION
12-12 21:39:05.224 22817 23049 D ConnectivityService: NetworkAgentInfo [WIFI () - 157] validation failed
12-12 21:39:11.712 22817 24797 E AlarmManager: RTC Alarm: 2 null com.google.android.gms com.google.android.intent.action.GCM_RECONNECT
12-12 21:39:23.714 22817  4454 E AlarmManager: RTC Alarm: 2 null com.google.android.gms com.google.android.gms.gcm.ACTION_CHECK_QUEUE
12-12 21:39:28.155 22817 17366 E AlarmManager: RTC Alarm: 2 null com.google.android.gms com.google.android.gms.gcm.HEARTBEAT_ALARM
12-12 21:39:28.165 22817 24796 D ConnectivityService: reportNetworkConnectivity(157, true) by 10132
12-12 21:39:28.198 22817 14084 D ConnectivityService: reportNetworkConnectivity(157, true) by 10132
12-12 21:39:28.205 22817 23212 D ConnectivityService: reportNetworkConnectivity(157, true) by 10132
12-12 21:39:28.222 22817 24791 E AlarmManager: RTC Alarm: 2 null com.google.android.gms com.google.android.gms.gcm.HEARTBEAT_ALARM
12-12 21:39:28.256 22817 16068 E AlarmManager: RTC Alarm: 2 null com.google.android.gms com.google.android.gms.gcm.ACTION_CHECK_QUEUE
12-12 21:39:38.226 22817 23049 D ConnectivityService: NetworkAgentInfo [WIFI () - 157] validation failed
12-12 21:39:49.281 22817 23049 D ConnectivityService: NetworkAgentInfo [WIFI () - 157] validation failed
12-12 21:40:01.342 22817 23049 D ConnectivityService: NetworkAgentInfo [WIFI () - 157] validation failed
12-12 21:40:11.055 22817  1987 E AlarmManager: RTC Alarm: 2 null com.android.phone com.android.internal.telephony.data-stall
12-12 21:40:13.076 30156 30976 I PackageParser: com.taobao.alijk.entry: compat added android.permission.WRITE_EXTERNAL_STORAGE android.permission.READ_PHONE_STATE
12-12 21:40:13.968 30156 30987 I PackageParser: com.taobao.brandingpage: compat added android.permission.WRITE_EXTERNAL_STORAGE android.permission.READ_PHONE_STATE
12-12 21:40:15.390 22817 23049 D ConnectivityService: NetworkAgentInfo [WIFI () - 157] validation failed
12-12 21:40:15.582 30156 30992 I PackageParser: com.taobao.taorecorder: compat added android.permission.WRITE_EXTERNAL_STORAGE android.permission.READ_PHONE_STATE
12-12 21:40:16.438 30156 30999 I PackageParser: alg.taobao.com.inovation_alg: compat added android.permission.WRITE_EXTERNAL_STORAGE android.permission.READ_PHONE_STATE
12-12 21:40:33.140 22817 24797 I ActivityManager: Start proc 31019:com.taobao.taobao:dexmerge/u0a100 for service com.taobao.taobao/com.taobao.atlas.dexmerge.DexMergeService
12-12 21:40:33.428 22817 23049 D ConnectivityService: NetworkAgentInfo [WIFI () - 157] validation failed
12-12 21:40:39.960 22817  5957 E AlarmManager: RTC Alarm: 0 null com.coolapk.market com.xiaomi.push.PING_TIMER
12-12 21:40:43.890 22817 16068 E AlarmManager: RTC Alarm: 0 null com.android.vending com.android.vending/com.google.android.finsky.services.ContentSyncService
12-12 21:40:53.412 22817  1552 I ActivityManager: Process com.taobao.taobao:dexmerge (pid 31019) has died
12-12 21:40:53.412 22817  1552 D ActivityManager: cleanUpApplicationRecord -- 31019
12-12 21:40:59.490 22817 23049 D ConnectivityService: NetworkAgentInfo [WIFI () - 157] validation failed
12-12 21:41:22.244 22817 22862 E BatteryStatsService: no controller energy info supplied
12-12 21:41:22.245 22817 22862 E BatteryStatsService: no controller energy info supplied
12-12 21:41:22.284 22817 22862 E KernelWakelockReader: neither /proc/wakelocks nor /d/wakeup_sources exists
12-12 21:41:22.285 22817 22862 W BatteryStatsImpl: Couldn't get kernel wake lock stats
12-12 21:41:22.286 22817 22862 E BatteryStatsService: modem info is invalid: ModemActivityInfo{ mTimestamp=0 mSleepTimeMs=0 mIdleTimeMs=0 mTxTimeMs[]=[0, 0, 0, 0, 0] mRxTimeMs=0 mEnergyUsed=0}
12-12 21:41:22.286 22817 22862 I BatteryStatsImpl: Resetting battery stats: level=90 status=2 dischargeLevel=90 lowAmount=9 highAmount=10
12-12 21:41:22.334 22817 24806 I ActivityManager: Start proc 31103:com.google.android.apps.plus/u0a156 for broadcast com.google.android.apps.plus/com.google.android.libraries.social.autobackup.AutoBackupEnvironment$BatteryReceiver
12-12 21:41:22.365 22817 22858 W ProcessCpuTracker: Skipping unknown process pid 31102
12-12 21:41:23.677 22817  5891 I ActivityManager: Killing 29659:com.android.systemui:screenshot/u0a37 (adj 906): empty #17
12-12 21:41:23.693 22817 16616 D ActivityManager: cleanUpApplicationRecord -- 29659
12-12 21:41:25.220 22817  4117 I ActivityManager: Setting hasTopUi=true for pid=23103
12-12 21:41:25.315 22817  1987 I ActivityManager: Setting hasTopUi=false for pid=23103
12-12 21:41:25.322 22817 22836 I ActivityManager: Setting hasTopUi=true for pid=23103
12-12 21:41:25.800 22817 14084 E AlarmManager: RTC Alarm: 2 null com.android.phone com.android.internal.telephony.data-stall
12-12 21:41:27.550 22817 22946 D LuxLevels: bright hysteresis constant= 0.1, threshold=11.890918, lux=10.809925
12-12 21:41:27.550 22817 22946 D LuxLevels: dark hysteresis constant= 0.2, threshold=8.647941, lux=10.809925
12-12 21:41:37.830 22817 22862 E BatteryStatsService: no controller energy info supplied
12-12 21:41:37.830 22817 22862 E BatteryStatsService: no controller energy info supplied
12-12 21:41:37.849 22817 22862 E KernelWakelockReader: neither /proc/wakelocks nor /d/wakeup_sources exists
12-12 21:41:37.850 22817 22862 W BatteryStatsImpl: Couldn't get kernel wake lock stats
12-12 21:41:37.850 22817 22862 E BatteryStatsService: modem info is invalid: ModemActivityInfo{ mTimestamp=0 mSleepTimeMs=0 mIdleTimeMs=0 mTxTimeMs[]=[0, 0, 0, 0, 0] mRxTimeMs=0 mEnergyUsed=0}
12-12 21:41:37.909 22817 22858 I ProcessStatsService: Prepared write state in 19ms
12-12 21:41:37.909 22817 22858 I ProcessStatsService: Prepared write state in 0ms
12-12 21:41:37.930 22817 22857 I ProcessStatsService: Pruning old procstats: /data/system/procstats/state-2017-12-11-17-28-00.bin
12-12 21:41:38.688 22817 22858 I ActivityManager: Waited long enough for: ServiceRecord{72667cb u0 com.google.android.gms/.stats.service.DropBoxEntryAddedService}
12-12 21:41:41.579 22817 23049 D ConnectivityService: NetworkAgentInfo [WIFI () - 157] validation failed
12-12 21:41:41.851 22817 22946 D LuxLevels: bright hysteresis constant= 0.1, threshold=15.560485, lux=14.145895
12-12 21:41:41.851 22817 22946 D LuxLevels: dark hysteresis constant= 0.2, threshold=11.316716, lux=14.145895
12-12 21:41:42.808 22817 22946 D LuxLevels: bright hysteresis constant= 0.1, threshold=17.155098, lux=15.595543
12-12 21:41:42.808 22817 22946 D LuxLevels: dark hysteresis constant= 0.2, threshold=12.476435, lux=15.595543
12-12 21:41:54.639 22817  1552 E AlarmManager: RTC Alarm: 2 null com.google.android.gms com.google.android.location.ALARM_WAKEUP_ACTIVITY_DETECTION
12-12 21:41:54.694 22817  6298 E AlarmManager: RTC Alarm: 2 null com.google.android.gms com.google.android.gms/com.google.android.location.places.service.PlaceDetectionAsyncService
12-12 21:41:54.782 22817 23676 E AlarmManager: RTC Alarm: 2 null com.google.android.gms com.google.android.gms/com.google.android.location.places.service.PlaceDetectionAsyncService
12-12 21:41:55.268 22817  4454 E AlarmManager: RTC Alarm: 2 null com.google.android.gms com.google.android.gms.gcm.ACTION_CHECK_QUEUE
12-12 21:41:55.308 22817 24806 E AlarmManager: RTC Alarm: 2 null com.google.android.gms com.google.android.gms.gcm.ACTION_CHECK_QUEUE
12-12 21:41:58.349 22817 24797 E AlarmManager: RTC Alarm: 2 null com.google.android.gms com.google.android.location.ALARM_WAKEUP_ACTIVITY_DETECTION
12-12 21:42:20.967 22817 16616 W InputMethodManagerService: Window already focused, ignoring focus gain of: com.android.internal.view.IInputMethodClient$Stub$Proxy@46fcba attribute=android.view.inputmethod.EditorInfo@116776b, token = android.os.BinderProxy@e10bfd6
12-12 21:42:20.992 22817 14084 I ActivityManager: Setting hasTopUi=false for pid=23103
12-12 21:42:24.450 22817 22946 D LuxLevels: bright hysteresis constant= 0.1, threshold=57.664146, lux=52.42195
12-12 21:42:24.450 22817 22946 D LuxLevels: dark hysteresis constant= 0.2, threshold=41.93756, lux=52.42195
12-12 21:42:28.141 22817 22946 D LuxLevels: bright hysteresis constant= 0.1, threshold=43.50605, lux=39.550953
12-12 21:42:28.141 22817 22946 D LuxLevels: dark hysteresis constant= 0.2, threshold=31.640762, lux=39.550953
12-12 21:42:28.847 22817 22946 D LuxLevels: bright hysteresis constant= 0.1, threshold=34.758392, lux=31.59854
12-12 21:42:28.847 22817 22946 D LuxLevels: dark hysteresis constant= 0.2, threshold=25.278831, lux=31.59854
12-12 21:42:29.603 22817 22946 D LuxLevels: bright hysteresis constant= 0.1, threshold=26.169031, lux=23.790028
12-12 21:42:29.603 22817 22946 D LuxLevels: dark hysteresis constant= 0.2, threshold=19.032022, lux=23.790028
12-12 21:42:30.709 22817 22946 D LuxLevels: bright hysteresis constant= 0.1, threshold=20.91779, lux=19.016172
12-12 21:42:30.709 22817 22946 D LuxLevels: dark hysteresis constant= 0.2, threshold=15.212938, lux=19.016172
12-12 21:42:39.225 22817 24797 E AlarmManager: RTC Alarm: 2 null com.google.android.gms com.google.android.gms.gcm.ACTION_CHECK_QUEUE
12-12 21:42:47.816 22817 22946 D LuxLevels: bright hysteresis constant= 0.1, threshold=24.203402, lux=22.003092
12-12 21:42:47.817 22817 22946 D LuxLevels: dark hysteresis constant= 0.2, threshold=17.602474, lux=22.003092
12-12 21:42:51.069 22817 22835 E AlarmManager: RTC Alarm: 2 null com.android.phone com.android.internal.telephony.data-stall
12-12 21:42:55.660 22817 23049 D ConnectivityService: NetworkAgentInfo [WIFI () - 157] validation failed
12-12 21:42:57.503 22817  1987 I ActivityManager: Setting hasTopUi=true for pid=23103
12-12 21:42:58.947 22817 24795 W InputMethodManagerService: Window already focused, ignoring focus gain of: com.android.internal.view.IInputMethodClient$Stub$Proxy@a464136 attribute=android.view.inputmethod.EditorInfo@d8c6837, token = android.os.BinderProxy@e10bfd6
12-12 21:43:06.770 31520 31520 I chatty  : uid=1000 system_server expire 19 lines
12-12 21:43:08.261 31520 31567 I chatty  : uid=1000 system_server expire 5 lines
12-12 21:43:08.332 31520 31580 I chatty  : uid=1000 system_server expire 2 lines
12-12 21:43:09.060 31520 31634 I chatty  : uid=1000 system_server expire 55 lines
12-12 21:43:09.130 31520 31633 I chatty  : uid=1000 system_server expire 14 lines
12-12 21:43:09.235 31520 31639 I chatty  : uid=1000 system_server expire 9 lines
12-12 21:43:09.382 31520 31636 I chatty  : uid=1000 system_server expire 60 lines
12-12 21:43:09.409 31520 31637 I chatty  : uid=1000 system_server expire 8 lines
12-12 21:43:09.822 31520 31638 I chatty  : uid=1000 system_server expire 39 lines
12-12 21:43:10.368 31520 31634 I chatty  : uid=1000 system_server expire 39 lines
12-12 21:43:10.384 31520 31636 I chatty  : uid=1000 system_server expire 7 lines
12-12 21:43:10.423 31520 31639 I chatty  : uid=1000 system_server expire 34 lines
12-12 21:43:10.708 31520 31637 I chatty  : uid=1000 system_server expire 40 lines
12-12 21:43:10.730 31520 31633 I chatty  : uid=1000 system_server expire 29 lines
