12-12 21:54:24.844 12593 12593 W StatusBar: 	at com.android.systemui.statusbar.phone.PhoneStatusBar.addStatusBarWindow(PhoneStatusBar.java:4639)
12-12 21:54:24.844 12593 12593 W StatusBar: 	at com.android.systemui.statusbar.phone.PhoneStatusBar.createAndAddWindows(PhoneStatusBar.java:4635)
12-12 21:54:24.844 12593 12593 W StatusBar: 	at com.android.systemui.statusbar.BaseStatusBar.start(BaseStatusBar.java:931)
12-12 21:54:24.844 12593 12593 W StatusBar: 	at com.android.systemui.statusbar.phone.PhoneStatusBar.start(PhoneStatusBar.java:1351)
12-12 21:54:24.844 12593 12593 W StatusBar: 	at com.android.systemui.statusbar.SystemBars.createStatusBarFromConfig(SystemBars.java:106)
12-12 21:54:24.844 12593 12593 W StatusBar: 	at com.android.systemui.statusbar.SystemBars.onNoService(SystemBars.java:58)
12-12 21:54:24.844 12593 12593 W StatusBar: 	at com.android.systemui.statusbar.ServiceMonitor.startService(ServiceMonitor.java:230)
12-12 21:54:24.844 12593 12593 W StatusBar: 	at com.android.systemui.statusbar.ServiceMonitor.-wrap5(ServiceMonitor.java)
12-12 21:54:24.844 12593 12593 W StatusBar: 	at com.android.systemui.statusbar.ServiceMonitor$1.handleMessage(ServiceMonitor.java:73)
12-12 21:54:24.844 12593 12593 W StatusBar: 	at android.os.Handler.dispatchMessage(Handler.java:102)
12-12 21:54:24.844 12593 12593 W StatusBar: 	at android.os.Looper.loop(Looper.java:154)
12-12 21:54:24.844 12593 12593 W StatusBar: 	at android.app.ActivityThread.main(ActivityThread.java:6236)
12-12 21:54:24.844 12593 12593 W StatusBar: 	at java.lang.reflect.Method.invoke(Native Method)
12-12 21:54:24.844 12593 12593 W StatusBar: 	at com.android.internal.os.ZygoteInit$MethodAndArgsCaller.run(ZygoteInit.java:891)
12-12 21:54:24.844 12593 12593 W StatusBar: 	at com.android.internal.os.ZygoteInit.main(ZygoteInit.java:781)
12-12 21:54:24.844 12593 12593 W StatusBar: 	at de.robv.android.xposed.XposedBridge.main(XposedBridge.java:107)
12-12 21:54:33.868 31520 31704 I chatty  : uid=1000 system_server expire 3 lines
12-12 21:54:34.520 31520 31580 I chatty  : uid=1000 system_server expire 46 lines
12-12 21:54:41.322  1548  3464 E ActivityThread: Failed to find provider info for com.google.android.wearable.settings
12-12 21:54:42.930 31520  1692 I chatty  : uid=1000 system_server expire 10 lines
12-12 21:54:51.580 31520 31880 I chatty  : uid=1000 system_server expire 11 lines
12-12 21:54:58.090 12026 12026 W ViewRootImpl[LockKillAppNavActivity]: Dropping event due to root view being removed: MotionEvent { action=ACTION_MOVE, actionButton=0, id[0]=0, x[0]=894.0426, y[0]=946.47577, toolType[0]=TOOL_TYPE_FINGER, buttonState=0, metaState=0, flags=0x0, edgeFlags=0x0, pointerCount=1, historySize=1, eventTime=13362331, downTime=13362312, deviceId=6, source=0x1002 }
12-12 21:55:11.917 31520  3999 I chatty  : uid=1000 system_server expire 10 lines
12-12 21:55:12.997 31520 31564 I chatty  : uid=1000 system_server expire 10 lines
12-12 21:55:26.982 31520  1631 I chatty  : uid=1000 system_server expire 11 lines
12-12 21:55:28.035 31520  7989 I chatty  : uid=1000 system_server expire 12 lines
12-12 21:55:28.359 31520  1632 I chatty  : uid=1000 system_server expire 19 lines
12-12 21:55:30.683 31520 31541 I chatty  : uid=1000 system_server expire 10 lines
12-12 21:55:32.898 31520 31806 I chatty  : uid=1000 system_server expire 12 lines
12-12 21:55:43.831 13125 13337 W PackageParser: No actions in intent filter at /storage/emulated/0/Android/data/com.coolapk.market/files/Download/com.eg.android.AlipayGphone-10.1.8.112305-121-1165.apk Binary XML file line #-1
12-12 21:55:43.832 13125 13337 W PackageParser: No actions in intent filter at /storage/emulated/0/Android/data/com.coolapk.market/files/Download/com.eg.android.AlipayGphone-10.1.8.112305-121-1165.apk Binary XML file line #-1
12-12 21:55:43.832 13125 13337 W PackageParser: No actions in intent filter at /storage/emulated/0/Android/data/com.coolapk.market/files/Download/com.eg.android.AlipayGphone-10.1.8.112305-121-1165.apk Binary XML file line #-1
12-12 21:55:43.834 13125 13337 W PackageParser: No actions in intent filter at /storage/emulated/0/Android/data/com.coolapk.market/files/Download/com.eg.android.AlipayGphone-10.1.8.112305-121-1165.apk Binary XML file line #-1
12-12 21:55:43.834 13125 13337 W PackageParser: No actions in intent filter at /storage/emulated/0/Android/data/com.coolapk.market/files/Download/com.eg.android.AlipayGphone-10.1.8.112305-121-1165.apk Binary XML file line #-1
12-12 21:55:43.834 13125 13337 W PackageParser: No actions in intent filter at /storage/emulated/0/Android/data/com.coolapk.market/files/Download/com.eg.android.AlipayGphone-10.1.8.112305-121-1165.apk Binary XML file line #-1
12-12 21:55:43.834 13125 13337 W PackageParser: No actions in intent filter at /storage/emulated/0/Android/data/com.coolapk.market/files/Download/com.eg.android.AlipayGphone-10.1.8.112305-121-1165.apk Binary XML file line #-1
12-12 21:55:43.834 13125 13337 W PackageParser: No actions in intent filter at /storage/emulated/0/Android/data/com.coolapk.market/files/Download/com.eg.android.AlipayGphone-10.1.8.112305-121-1165.apk Binary XML file line #-1
12-12 21:55:46.519 13349 13349 E ActivityThread: Failed to find provider info for com.tencent.mm.coolassist.debugprovider
12-12 21:55:55.460 31520 31542 I chatty  : uid=1000 system_server expire 11 lines
12-12 21:56:12.429 13125 13337 W PackageParser: Unknown element under <manifest>: meta-data at /storage/emulated/0/Android/data/com.coolapk.market/files/Download/dev.tornaco.torscreenrec-1.6-16-152491.apk Binary XML file line #28
12-12 21:56:12.636 31520  1633 I chatty  : uid=1000 system_server expire 13 lines
12-12 21:56:13.348 31520  9476 I chatty  : uid=1000 system_server expire 11 lines
12-12 21:56:14.543 31520 31520 I chatty  : uid=1000 system_server expire 13 lines
12-12 21:56:18.559 13125 13337 W PackageParser: Unknown element under <manifest>: meta-data at /storage/emulated/0/Android/data/com.coolapk.market/files/Download/com.tornaco.xtouch-1.1.7-117-153072.apk Binary XML file line #18
12-12 21:56:22.818 13125 13337 W PackageParser: Unknown element under <manifest>: meta-data at /storage/emulated/0/Android/data/com.coolapk.market/files/Download/dev.tornaco.tasker.app-1.1-BETA-11-145235.apk Binary XML file line #11
12-12 21:56:24.480 31520 31632 I chatty  : uid=1000 system_server expire 4 lines
12-12 21:56:25.596 31520  1636 I chatty  : uid=1000 system_server expire 15 lines
12-12 21:56:26.829 31520 31881 I chatty  : uid=1000 system_server expire 8 lines
12-12 21:56:38.775 31520  1637 I chatty  : uid=1000 system_server expire 12 lines
12-12 21:56:48.400 14056 14056 E ActivityThread: Failed to find provider info for com.tencent.mm.coolassist.debugprovider
12-12 21:56:49.180 31520 31564 I chatty  : uid=1000 system_server expire 5 lines
12-12 21:57:12.791 31520  1695 I chatty  : uid=1000 system_server expire 10 lines
12-12 21:57:12.831 14222 14242 E ActivityThread: Failed to find provider info for com.android.badge
12-12 21:57:12.839 14222 14242 E ActivityThread: Failed to find provider info for com.android.badge
12-12 21:57:12.847 14222 14242 E ActivityThread: Failed to find provider info for com.android.badge
12-12 21:57:30.766 31520  1691 I chatty  : uid=1000 system_server expire 13 lines
12-12 21:58:07.091 14495 14495 W PackageParser: Unknown element under <manifest>: meta-data at /data/user/0/com.sdu.didi.psnger/app_virtualapk/easypatch_20171206204641.apk Binary XML file line #48
12-12 21:58:07.093 14495 14495 W PackageParser: <meta-data> only supports string, integer, float, color, boolean, and resource reference types: meta-data at /data/user/0/com.sdu.didi.psnger/app_virtualapk/easypatch_20171206204641.apk Binary XML file line #71
12-12 21:58:07.094 14495 14495 W PackageParser: <meta-data> only supports string, integer, float, color, boolean, and resource reference types: meta-data at /data/user/0/com.sdu.didi.psnger/app_virtualapk/easypatch_20171206204641.apk Binary XML file line #72
12-12 21:58:07.094 14495 14495 W PackageParser: <meta-data> only supports string, integer, float, color, boolean, and resource reference types: meta-data at /data/user/0/com.sdu.didi.psnger/app_virtualapk/easypatch_20171206204641.apk Binary XML file line #73
12-12 21:58:07.098 14495 14495 W PackageParser: <meta-data> only supports string, integer, float, color, boolean, and resource reference types: meta-data at /data/user/0/com.sdu.didi.psnger/app_virtualapk/easypatch_20171206204641.apk Binary XML file line #92
12-12 21:58:07.337 14495 14520 W PackageParser: Unknown element under <manifest>: meta-data at /data/user/0/com.sdu.didi.psnger/app_virtualapk/easypatch_20171206204641.apk Binary XML file line #48
12-12 21:58:07.337 14495 14520 W PackageParser: <meta-data> only supports string, integer, float, color, boolean, and resource reference types: meta-data at /data/user/0/com.sdu.didi.psnger/app_virtualapk/easypatch_20171206204641.apk Binary XML file line #71
12-12 21:58:07.338 14495 14520 W PackageParser: <meta-data> only supports string, integer, float, color, boolean, and resource reference types: meta-data at /data/user/0/com.sdu.didi.psnger/app_virtualapk/easypatch_20171206204641.apk Binary XML file line #72
12-12 21:58:07.338 14495 14520 W PackageParser: <meta-data> only supports string, integer, float, color, boolean, and resource reference types: meta-data at /data/user/0/com.sdu.didi.psnger/app_virtualapk/easypatch_20171206204641.apk Binary XML file line #73
12-12 21:58:07.339 14495 14520 W PackageParser: <meta-data> only supports string, integer, float, color, boolean, and resource reference types: meta-data at /data/user/0/com.sdu.didi.psnger/app_virtualapk/easypatch_20171206204641.apk Binary XML file line #92
12-12 21:58:10.047 31520 31566 I chatty  : uid=1000 system_server expire 1 line
12-12 21:58:13.516 31520   317 I chatty  : uid=1000 system_server expire 9 lines
12-12 21:58:16.557 31520  9476 I chatty  : uid=1000 system_server expire 10 lines
12-12 21:58:16.637 31520  1631 I chatty  : uid=1000 system_server expire 11 lines
12-12 21:58:16.718 31520  1693 I chatty  : uid=1000 system_server expire 8 lines
12-12 21:58:16.852 14728 14766 E ActivityThread: Failed to find provider info for com.android.badge
12-12 21:58:16.858 14728 14766 E ActivityThread: Failed to find provider info for com.android.badge
12-12 21:58:16.872 14728 14766 E ActivityThread: Failed to find provider info for com.android.badge
12-12 21:58:16.895 31520 10797 I chatty  : uid=1000 system_server expire 8 lines
12-12 21:58:16.995 31520 31880 I chatty  : uid=1000 system_server expire 8 lines
12-12 21:58:17.267 31520 31806 I chatty  : uid=1000 system_server expire 3 lines
12-12 21:58:29.307 14896 14896 E ActivityThread: Failed to find provider info for com.tencent.mm.coolassist.debugprovider
12-12 21:58:39.816 31520 31542 I chatty  : uid=1000 system_server expire 5 lines
12-12 21:58:39.993 15048 15048 E ActivityThread: Failed to find provider info for com.tencent.mm.coolassist.debugprovider
12-12 21:58:42.773 31520 12592 I chatty  : uid=1000 system_server expire 7 lines
12-12 21:58:43.443 15106 15106 E ActivityThread: Failed to find provider info for com.tencent.mm.coolassist.debugprovider
12-12 21:58:43.553 15123 15123 E ActivityThread: Failed to find provider info for com.tencent.mm.coolassist.debugprovider
12-12 21:58:44.014 31520  3999 I chatty  : uid=1000 system_server expire 8 lines
12-12 21:58:49.478 31520  1630 I chatty  : uid=1000 system_server expire 2 lines
12-12 21:58:56.458 31520 31565 I chatty  : uid=1000 system_server expire 4 lines
12-12 21:59:16.248 31520  4013 I chatty  : uid=1000 system_server expire 9 lines
12-12 21:59:35.903 31520   316 I chatty  : uid=1000 system_server expire 6 lines
12-12 21:59:37.034 15397 15434 E ActivityThread: Failed to find provider info for com.android.badge
12-12 21:59:37.039 15397 15434 E ActivityThread: Failed to find provider info for com.android.badge
12-12 21:59:37.043 15397 15434 E ActivityThread: Failed to find provider info for com.android.badge
12-12 21:59:37.058 31520  9476 I chatty  : uid=1000 system_server expire 12 lines
12-12 21:59:42.169 31520  1631 I chatty  : uid=1000 system_server expire 2 lines
12-12 22:00:09.267 31520 31541 I chatty  : uid=1000 system_server expire 4 lines
12-12 22:00:09.390 31520  7989 I chatty  : uid=1000 system_server expire 1 line
12-12 22:00:09.465   238   243 D VoldCryptCmdListener: cryptfs isConvertibleToFBE
12-12 22:00:18.118 31520 31719 I chatty  : uid=1000 system_server expire 4 lines
12-12 22:00:28.296 31520  1633 I chatty  : uid=1000 system_server expire 1 line
12-12 22:00:28.332 31520 31520 I chatty  : uid=1000 system_server expire 6 lines
12-12 22:00:28.410 31520  1692 I chatty  : uid=1000 system_server expire 3 lines
12-12 22:00:28.412 31520  1632 I chatty  : uid=1000 system_server expire 1 line
12-12 22:00:28.503   238   243 D VoldCryptCmdListener: cryptfs isConvertibleToFBE
12-12 22:00:28.678 31520  1691 I chatty  : uid=1000 system_server expire 1 line
12-12 22:00:28.703   238   243 D VoldCryptCmdListener: cryptfs isConvertibleToFBE
12-12 22:00:28.805 31520  1636 I chatty  : uid=1000 system_server expire 1 line
12-12 22:00:29.277 31520 31541 W ActivityManager: Slow operation: 52ms so far, now at getContentProviderImpl: done!
12-12 22:00:29.517 15614 15614 E ActivityThread: Failed to find provider info for com.tencent.mm.coolassist.debugprovider
12-12 22:00:29.760 31520 31580 I WindowManager: Screen frozen for +1s609ms due to Window{8f7501f u0 StatusBar}
12-12 22:00:31.741 31520 31542 I ActivityManager: Start proc 15669:com.iflytek.inputmethod.smartisan/u0a119 for service com.iflytek.inputmethod.smartisan/com.iflytek.inputmethod.FlyIME
12-12 22:00:31.741 31520 31542 V InputMethodManagerService: Adding window token: android.os.Binder@8e52250
12-12 22:00:32.075 31520 10797 I ActivityManager: Start proc 15685:com.iflytek.inputmethod.assist/u0a119 for service com.iflytek.inputmethod.smartisan/com.iflytek.inputmethod.service.assist.external.impl.AssistService
12-12 22:00:32.238 31520   317 W ActivityManager: Permission Denial: opening provider com.android.providers.contacts.ContactsProvider2 from ProcessRecord{23a4405 15669:com.iflytek.inputmethod.smartisan/u0a119} (pid=15669, uid=10119) requires android.permission.READ_CONTACTS or android.permission.WRITE_CONTACTS
12-12 22:00:35.996 31520 31580 I ActivityManager: Config changes=1d00 {1.0 460mcc7mnc [zh_CN_#Hans,en_US] ldltr sw480dp w480dp h828dp 360dpi lrg long port finger -keyb/v/h -nav/h s.10}
12-12 22:00:36.002 31520 31580 I ActivityManager: Killing 15614:com.tencent.mm:sandbox/u0a122 (adj 500): kill all background except
12-12 22:00:36.006 31520 31580 D ActivityManager: cleanUpApplicationRecord -- 15614
12-12 22:00:36.007 31520 31580 W ActivityManager: Scheduling restart of crashed service com.tencent.mm/.sandbox.monitor.ExceptionMonitorService in 13198ms
12-12 22:00:36.010 31520 31580 I ActivityManager: Killing 15669:com.iflytek.inputmethod.smartisan/u0a119 (adj 200): kill all background except
12-12 22:00:36.010 31520 31580 D ActivityManager: cleanUpApplicationRecord -- 15669
12-12 22:00:36.011 31520 31580 W ActivityManager: Scheduling restart of crashed service com.iflytek.inputmethod.smartisan/com.iflytek.inputmethod.FlyIME in 23194ms
12-12 22:00:36.012 31520 31580 I ActivityManager: Killing 15685:com.iflytek.inputmethod.assist/u0a119 (adj 500): kill all background except
12-12 22:00:36.012 31520 31580 D ActivityManager: cleanUpApplicationRecord -- 15685
12-12 22:00:36.013 31520 31580 W ActivityManager: Scheduling restart of crashed service com.iflytek.inputmethod.smartisan/com.iflytek.inputmethod.service.assist.external.impl.AssistService in 53192ms
12-12 22:00:36.057 31520  1633 I WindowManager: WIN DEATH: Window{15e9e6b u0 InputMethod}
12-12 22:00:36.058 31520 31520 W InputMethodManagerService: Session failed to close due to remote exception
12-12 22:00:36.058 31520 31520 W InputMethodManagerService: android.os.DeadObjectException
12-12 22:00:36.058 31520 31520 W InputMethodManagerService: 	at android.os.BinderProxy.transactNative(Native Method)
12-12 22:00:36.058 31520 31520 W InputMethodManagerService: 	at android.os.BinderProxy.transact(Binder.java:615)
12-12 22:00:36.058 31520 31520 W InputMethodManagerService: 	at com.android.internal.view.IInputMethodSession$Stub$Proxy.finishSession(IInputMethodSession.java:305)
12-12 22:00:36.058 31520 31520 W InputMethodManagerService: 	at com.android.server.InputMethodManagerService.finishSessionLocked(InputMethodManagerService.java:1667)
12-12 22:00:36.058 31520 31520 W InputMethodManagerService: 	at com.android.server.InputMethodManagerService.clearClientSessionLocked(InputMethodManagerService.java:1658)
12-12 22:00:36.058 31520 31520 W InputMethodManagerService: 	at com.android.server.InputMethodManagerService.clearCurMethodLocked(InputMethodManagerService.java:1684)
12-12 22:00:36.058 31520 31520 W InputMethodManagerService: 	at com.android.server.InputMethodManagerService.onServiceDisconnected(InputMethodManagerService.java:1703)
12-12 22:00:36.058 31520 31520 W InputMethodManagerService: 	at android.app.LoadedApk$ServiceDispatcher.doDeath(LoadedApk.java:1469)
12-12 22:00:36.058 31520 31520 W InputMethodManagerService: 	at android.app.LoadedApk$ServiceDispatcher$RunConnection.run(LoadedApk.java:1483)
12-12 22:00:36.058 31520 31520 W InputMethodManagerService: 	at android.os.Handler.handleCallback(Handler.java:751)
12-12 22:00:36.058 31520 31520 W InputMethodManagerService: 	at android.os.Handler.dispatchMessage(Handler.java:95)
12-12 22:00:36.058 31520 31520 W InputMethodManagerService: 	at android.os.Looper.loop(Looper.java:154)
12-12 22:00:36.058 31520 31520 W InputMethodManagerService: 	at com.android.server.SystemServer.run(SystemServer.java:388)
12-12 22:00:36.058 31520 31520 W InputMethodManagerService: 	at com.android.server.SystemServer.main(SystemServer.java:242)
12-12 22:00:36.058 31520 31520 W InputMethodManagerService: 	at java.lang.reflect.Method.invoke(Native Method)
12-12 22:00:36.058 31520 31520 W InputMethodManagerService: 	at com.android.internal.os.ZygoteInit$MethodAndArgsCaller.run(ZygoteInit.java:891)
12-12 22:00:36.058 31520 31520 W InputMethodManagerService: 	at com.android.internal.os.ZygoteInit.main(ZygoteInit.java:781)
12-12 22:00:36.058 31520 31520 W InputMethodManagerService: 	at de.robv.android.xposed.XposedBridge.main(XposedBridge.java:107)
12-12 22:00:36.061 31520 31580 I ActivityManager: Config changes=400 {1.0 460mcc7mnc [zh_CN_#Hans,en_US] ldltr sw480dp w480dp h829dp 360dpi lrg long port finger -keyb/v/h -nav/h s.11}
12-12 22:00:36.147 31520 10797 E UserRestrictionsUtils: Unknown restriction: null
12-12 22:00:36.149 31520 31541 E UserRestrictionsUtils: Unknown restriction: null
12-12 22:00:36.177 31520   317 D CryptdConnector: SND -> {9 cryptfs isConvertibleToFBE}
12-12 22:00:36.178   238   243 D VoldCryptCmdListener: cryptfs isConvertibleToFBE
12-12 22:00:36.178 31520 31707 D CryptdConnector: RCV <- {200 9 0}
12-12 22:00:36.311 31520  7989 E PersistentDataBlockService: partition not available
12-12 22:00:36.376 31520  1631 E UserRestrictionsUtils: Unknown restriction: null
12-12 22:00:36.378 31520 10797 E UserRestrictionsUtils: Unknown restriction: null
12-12 22:00:36.412 31520   317 D CryptdConnector: SND -> {10 cryptfs isConvertibleToFBE}
12-12 22:00:36.412   238   243 D VoldCryptCmdListener: cryptfs isConvertibleToFBE
12-12 22:00:36.412 31520 31707 D CryptdConnector: RCV <- {200 10 0}
12-12 22:00:36.530 31520  1637 E PersistentDataBlockService: partition not available
12-12 22:00:37.229 31520 31580 I WindowManager: Screen frozen for +1s255ms due to Window{8f7501f u0 StatusBar}
12-12 22:00:39.245 31520 31564 I ActivityManager: Start proc 15731:com.tencent.mm:push/u0a122 for service com.tencent.mm/.booter.CoreService
12-12 22:00:39.308 31520  3999 E AlarmManager: RTC Alarm: 0 null com.coolapk.market com.xiaomi.push.PING_TIMER
12-12 22:00:39.486 15731 15731 E ActivityThread: Failed to find provider info for com.tencent.mm.coolassist.debugprovider
12-12 22:00:40.007 31520   317 E AlarmManager: RTC Alarm: 2 null com.tencent.mm ALARM_ACTION(15731)
12-12 22:00:40.032 31520  7989 E AlarmManager: RTC Alarm: 2 null com.tencent.mm ALARM_ACTION(15731)
12-12 22:00:40.091 31520  1695 E AlarmManager: RTC Alarm: 0 null com.tencent.mm com.tencent.mm/.booter.MMReceivers$AlarmReceiver
12-12 22:00:40.098 31520  1636 W ActivityManager: Permission Denial: opening provider com.android.providers.contacts.ContactsProvider2 from ProcessRecord{e6679a6 15731:com.tencent.mm:push/u0a122} (pid=15731, uid=10122) requires android.permission.READ_CONTACTS or android.permission.WRITE_CONTACTS
12-12 22:00:40.214 31520  1692 E AlarmManager: RTC Alarm: 2 null com.tencent.mm ALARM_ACTION(15731)
12-12 22:00:40.219 31520 31541 E AlarmManager: RTC Alarm: 2 null com.tencent.mm ALARM_ACTION(15731)
12-12 22:00:40.229 31520  1695 E AlarmManager: RTC Alarm: 2 null com.tencent.mm ALARM_ACTION(15731)
12-12 22:00:40.336 31520   317 W InputMethodManagerService: Force disconnect/connect to the IME in showCurrentInputLocked()
12-12 22:00:40.386 31520   317 I ActivityManager: Start proc 15782:com.iflytek.inputmethod.smartisan/u0a119 for service com.iflytek.inputmethod.smartisan/com.iflytek.inputmethod.FlyIME
12-12 22:00:40.646 31520 12592 I ActivityManager: Start proc 15799:com.iflytek.inputmethod.assist/u0a119 for service com.iflytek.inputmethod.smartisan/com.iflytek.inputmethod.service.assist.external.impl.AssistService
12-12 22:00:40.805 31520  1633 W ActivityManager: Permission Denial: opening provider com.android.providers.contacts.ContactsProvider2 from ProcessRecord{d5eb271 15782:com.iflytek.inputmethod.smartisan/u0a119} (pid=15782, uid=10119) requires android.permission.READ_CONTACTS or android.permission.WRITE_CONTACTS
12-12 22:00:41.394 15477 15477 W ViewRootImpl[Settings$DevelopmentSettingsActivity]: Dropping event due to root view being removed: MotionEvent { action=ACTION_MOVE, actionButton=0, id[0]=0, x[0]=802.2322, y[0]=574.48773, toolType[0]=TOOL_TYPE_FINGER, buttonState=0, metaState=0, flags=0x2, edgeFlags=0x0, pointerCount=1, historySize=2, eventTime=13705630, downTime=13705601, deviceId=6, source=0x1002 }
12-12 22:00:47.979 31520 31580 I ActivityManager: Config changes=1d00 {1.0 460mcc7mnc [zh_CN_#Hans,en_US] ldltr sw411dp w411dp h710dp 420dpi nrml long port finger -keyb/v/h -nav/h s.12}
12-12 22:00:47.983 31520 31580 I ActivityManager: Killing 15731:com.tencent.mm:push/u0a122 (adj 500): kill all background except
12-12 22:00:47.984 31520 31580 D ActivityManager: cleanUpApplicationRecord -- 15731
12-12 22:00:47.985 31520 31580 W ActivityManager: Scheduling restart of crashed service com.tencent.mm/.booter.CoreService in 11221ms
12-12 22:00:47.986 31520 31580 I ActivityManager: Killing 15782:com.iflytek.inputmethod.smartisan/u0a119 (adj 200): kill all background except
12-12 22:00:47.986 31520 31580 D ActivityManager: cleanUpApplicationRecord -- 15782
12-12 22:00:47.988 31520 31580 W ActivityManager: Scheduling restart of crashed service com.iflytek.inputmethod.smartisan/com.iflytek.inputmethod.FlyIME in 41216ms
12-12 22:00:48.038 31520  1692 I WindowManager: WIN DEATH: Window{313b7db u0 InputMethod}
12-12 22:00:48.042 31520 31580 I ActivityManager: Config changes=400 {1.0 460mcc7mnc [zh_CN_#Hans,en_US] ldltr sw411dp w411dp h707dp 420dpi nrml long port finger -keyb/v/h -nav/h s.13}
12-12 22:00:48.042 31520 31520 W InputMethodManagerService: Session failed to close due to remote exception
12-12 22:00:48.042 31520 31520 W InputMethodManagerService: android.os.DeadObjectException
12-12 22:00:48.042 31520 31520 W InputMethodManagerService: 	at android.os.BinderProxy.transactNative(Native Method)
12-12 22:00:48.042 31520 31520 W InputMethodManagerService: 	at android.os.BinderProxy.transact(Binder.java:615)
12-12 22:00:48.042 31520 31520 W InputMethodManagerService: 	at com.android.internal.view.IInputMethodSession$Stub$Proxy.finishSession(IInputMethodSession.java:305)
12-12 22:00:48.042 31520 31520 W InputMethodManagerService: 	at com.android.server.InputMethodManagerService.finishSessionLocked(InputMethodManagerService.java:1667)
12-12 22:00:48.042 31520 31520 W InputMethodManagerService: 	at com.android.server.InputMethodManagerService.clearClientSessionLocked(InputMethodManagerService.java:1658)
12-12 22:00:48.042 31520 31520 W InputMethodManagerService: 	at com.android.server.InputMethodManagerService.clearCurMethodLocked(InputMethodManagerService.java:1684)
12-12 22:00:48.042 31520 31520 W InputMethodManagerService: 	at com.android.server.InputMethodManagerService.onServiceDisconnected(InputMethodManagerService.java:1703)
12-12 22:00:48.042 31520 31520 W InputMethodManagerService: 	at android.app.LoadedApk$ServiceDispatcher.doDeath(LoadedApk.java:1469)
12-12 22:00:48.042 31520 31520 W InputMethodManagerService: 	at android.app.LoadedApk$ServiceDispatcher$RunConnection.run(LoadedApk.java:1483)
12-12 22:00:48.042 31520 31520 W InputMethodManagerService: 	at android.os.Handler.handleCallback(Handler.java:751)
12-12 22:00:48.042 31520 31520 W InputMethodManagerService: 	at android.os.Handler.dispatchMessage(Handler.java:95)
12-12 22:00:48.042 31520 31520 W InputMethodManagerService: 	at android.os.Looper.loop(Looper.java:154)
12-12 22:00:48.042 31520 31520 W InputMethodManagerService: 	at com.android.server.SystemServer.run(SystemServer.java:388)
12-12 22:00:48.042 31520 31520 W InputMethodManagerService: 	at com.android.server.SystemServer.main(SystemServer.java:242)
12-12 22:00:48.042 31520 31520 W InputMethodManagerService: 	at java.lang.reflect.Method.invoke(Native Method)
12-12 22:00:48.042 31520 31520 W InputMethodManagerService: 	at com.android.internal.os.ZygoteInit$MethodAndArgsCaller.run(ZygoteInit.java:891)
12-12 22:00:48.042 31520 31520 W InputMethodManagerService: 	at com.android.internal.os.ZygoteInit.main(ZygoteInit.java:781)
12-12 22:00:48.042 31520 31520 W InputMethodManagerService: 	at de.robv.android.xposed.XposedBridge.main(XposedBridge.java:107)
12-12 22:00:48.144 31520  1692 E UserRestrictionsUtils: Unknown restriction: null
12-12 22:00:48.146 31520  1637 E UserRestrictionsUtils: Unknown restriction: null
12-12 22:00:48.172 31520  1633 D CryptdConnector: SND -> {11 cryptfs isConvertibleToFBE}
12-12 22:00:48.173   238   243 D VoldCryptCmdListener: cryptfs isConvertibleToFBE
12-12 22:00:48.173 31520 31707 D CryptdConnector: RCV <- {200 11 0}
12-12 22:00:48.281 31520 31881 E PersistentDataBlockService: partition not available
12-12 22:00:48.341 31520  4013 E UserRestrictionsUtils: Unknown restriction: null
12-12 22:00:48.343 31520  7989 E UserRestrictionsUtils: Unknown restriction: null
12-12 22:00:48.368 31520  4013 D CryptdConnector: SND -> {12 cryptfs isConvertibleToFBE}
12-12 22:00:48.368   238   243 D VoldCryptCmdListener: cryptfs isConvertibleToFBE
12-12 22:00:48.368 31520 31707 D CryptdConnector: RCV <- {200 12 0}
12-12 22:00:48.496 31520  3999 E PersistentDataBlockService: partition not available
12-12 22:00:49.248 31520 31564 I ActivityManager: Start proc 15842:com.tencent.mm:sandbox/u0a122 for service com.tencent.mm/.sandbox.monitor.ExceptionMonitorService
12-12 22:00:49.480 31520 31580 I WindowManager: Screen frozen for +1s521ms due to Window{8f7501f u0 StatusBar}
12-12 22:00:49.485 31520  4013 I ActivityManager: Start proc 15859:com.tencent.mm:recovery/u0a122 for service com.tencent.mm/com.tencent.recovery.service.RecoveryReportService
12-12 22:00:49.551 15842 15842 E ActivityThread: Failed to find provider info for com.tencent.mm.coolassist.debugprovider
12-12 22:00:49.721 15859 15859 E ActivityThread: Failed to find provider info for com.tencent.mm.coolassist.debugprovider
12-12 22:00:51.130 31520 12592 I ActivityManager: Start proc 15900:com.iflytek.inputmethod.smartisan/u0a119 for service com.iflytek.inputmethod.smartisan/com.iflytek.inputmethod.FlyIME
12-12 22:00:51.130 31520 12592 V InputMethodManagerService: Adding window token: android.os.Binder@114569d
12-12 22:00:51.437 31520  3999 W ActivityManager: Permission Denial: opening provider com.android.providers.contacts.ContactsProvider2 from ProcessRecord{f9c625e 15900:com.iflytek.inputmethod.smartisan/u0a119} (pid=15900, uid=10119) requires android.permission.READ_CONTACTS or android.permission.WRITE_CONTACTS
12-12 22:00:52.964 31520  1695 I ProcessStatsService: Added stats: 2017-12-12-17-32-34, over +4h9m10s888ms
12-12 22:00:53.432 31520   317 E BatteryStatsService: no controller energy info supplied
12-12 22:00:53.432 31520   317 E BatteryStatsService: no controller energy info supplied
12-12 22:00:53.451 31520   317 E KernelWakelockReader: neither /proc/wakelocks nor /d/wakeup_sources exists
12-12 22:00:53.454 31520   317 W BatteryStatsImpl: Couldn't get kernel wake lock stats
12-12 22:00:53.454 31520   317 E BatteryStatsService: modem info is invalid: ModemActivityInfo{ mTimestamp=0 mSleepTimeMs=0 mIdleTimeMs=0 mTxTimeMs[]=[0, 0, 0, 0, 0] mRxTimeMs=0 mEnergyUsed=0}
12-12 22:00:53.484 31520 31564 I ActivityManager: Start proc 15943:com.google.android.gms/u0a132 for broadcast com.google.android.gms/.stats.service.DropBoxEntryAddedReceiver
12-12 22:00:54.360 15593 15593 W ViewRootImpl[Launcher]: Dropping event due to no window focus: KeyEvent { action=ACTION_DOWN, keyCode=KEYCODE_BACK, scanCode=0, metaState=0, flags=0x8, repeatCount=0, eventTime=13717863, downTime=13717863, deviceId=-1, source=0x101 }
12-12 22:00:54.365 15593 15593 W ViewRootImpl[Launcher]: Cancelling event due to no window focus: KeyEvent { action=ACTION_UP, keyCode=KEYCODE_BACK, scanCode=0, metaState=0, flags=0x28, repeatCount=0, eventTime=13717863, downTime=13717863, deviceId=-1, source=0x101 }
12-12 22:00:54.366 15593 15593 W ViewRootImpl[Launcher]: Cancelling event due to no window focus: KeyEvent { action=ACTION_UP, keyCode=KEYCODE_BACK, scanCode=0, metaState=0, flags=0x28, repeatCount=0, eventTime=13717863, downTime=13717863, deviceId=-1, source=0x101 }
12-12 22:00:54.366 15593 15593 W ViewRootImpl[Launcher]: Cancelling event due to no window focus: KeyEvent { action=ACTION_UP, keyCode=KEYCODE_BACK, scanCode=0, metaState=0, flags=0x28, repeatCount=0, eventTime=13717863, downTime=13717863, deviceId=-1, source=0x101 }
12-12 22:00:54.366 15593 15593 W ViewRootImpl[Launcher]: Cancelling event due to no window focus: KeyEvent { action=ACTION_UP, keyCode=KEYCODE_BACK, scanCode=0, metaState=0, flags=0x28, repeatCount=0, eventTime=13717863, downTime=13717863, deviceId=-1, source=0x101 }
12-12 22:00:54.366 15593 15593 W ViewRootImpl[Launcher]: Cancelling event due to no window focus: KeyEvent { action=ACTION_UP, keyCode=KEYCODE_BACK, scanCode=0, metaState=0, flags=0x28, repeatCount=0, eventTime=13717863, downTime=13717863, deviceId=-1, source=0x101 }
12-12 22:00:54.366 15593 15593 W ViewRootImpl[Launcher]: Cancelling event due to no window focus: KeyEvent { action=ACTION_UP, keyCode=KEYCODE_BACK, scanCode=0, metaState=0, flags=0x28, repeatCount=0, eventTime=13717863, downTime=13717863, deviceId=-1, source=0x101 }
12-12 22:00:54.367 15593 15593 W ViewRootImpl[Launcher]: Cancelling event due to no window focus: KeyEvent { action=ACTION_UP, keyCode=KEYCODE_BACK, scanCode=0, metaState=0, flags=0x28, repeatCount=0, eventTime=13717863, downTime=13717863, deviceId=-1, source=0x101 }
12-12 22:00:54.367 15593 15593 W ViewRootImpl[Launcher]: Cancelling event due to no window focus: KeyEvent { action=ACTION_UP, keyCode=KEYCODE_BACK, scanCode=0, metaState=0, flags=0x28, repeatCount=0, eventTime=13717863, downTime=13717863, deviceId=-1, source=0x101 }
12-12 22:00:54.367 15593 15593 W ViewRootImpl[Launcher]: Cancelling event due to no window focus: KeyEvent { action=ACTION_UP, keyCode=KEYCODE_BACK, scanCode=0, metaState=0, flags=0x28, repeatCount=0, eventTime=13717863, downTime=13717863, deviceId=-1, source=0x101 }
12-12 22:00:54.696 31520 31806 W InputMethodManagerService: Window already focused, ignoring focus gain of: com.android.internal.view.IInputMethodClient$Stub$Proxy@4dfcbdd attribute=null, token = android.os.BinderProxy@803c89
12-12 22:00:55.074 15943 15974 E ActivityThread: Failed to find provider info for com.google.android.wearable.settings
12-12 22:00:55.172 31520 12592 E AlarmManager: RTC Alarm: 2 null com.google.android.gms CONTEXT_MANAGER_ALARM_WAKEUP_24195239
12-12 22:00:55.188 31520  3999 E AlarmManager: RTC Alarm: 2 null com.google.android.gms CONTEXT_MANAGER_ALARM_WAKEUP_24195239
12-12 22:00:55.307 31520 12592 E AlarmManager: RTC Alarm: 2 null com.google.android.gms com.google.android.location.ALARM_WAKEUP_ACTIVITY_DETECTION
12-12 22:00:55.830 31520 31542 D ConnectivityService: reportNetworkConnectivity(100, true) by 10132
12-12 22:00:55.833 31520  9476 E AlarmManager: RTC Alarm: 2 null com.google.android.gms com.google.android.gms.gcm.HEARTBEAT_ALARM
12-12 22:00:57.737 31520 31541 I ActivityManager: START u0 {act=android.intent.action.MAIN cat=[android.intent.category.LAUNCHER] flg=0x10200000 cmp=com.tencent.mm/.ui.LauncherUI bnds=[436,1311][645,1615] (has extras)} from uid 10117 on display 0
12-12 22:00:57.826 31520 10797 I ActivityManager: Start proc 16024:com.tencent.mm/u0a122 for activity com.tencent.mm/.ui.LauncherUI
12-12 22:00:57.965 16024 16024 E ActivityThread: Failed to find provider info for com.tencent.mm.coolassist.debugprovider
12-12 22:00:58.051 31520   316 I ActivityManager: START u0 {cmp=com.tencent.mm/.app.WeChatSplashActivity (has extras)} from uid 10122 on display 0
12-12 22:00:58.511 31520  1695 E AlarmManager: RTC Alarm: 2 null com.tencent.mm ALARM_ACTION(16024)
12-12 22:00:58.556 31520 31564 W ActivityManager: Activity pause timeout for ActivityRecord{9c67474 u0 com.tencent.mm/.ui.LauncherUI t259}
12-12 22:00:59.217 31520 31564 I ActivityManager: Start proc 16086:com.tencent.mm:push/u0a122 for service com.tencent.mm/.booter.CoreService
12-12 22:00:59.418 31520  1633 W WindowManager: Attempted to set replacing window on non-existing app token Token{6b31d9d ActivityRecord{9c67474 u0 com.tencent.mm/.ui.LauncherUI t259}}
12-12 22:00:59.478 16086 16086 E ActivityThread: Failed to find provider info for com.tencent.mm.coolassist.debugprovider
12-12 22:00:59.935 31520 31881 E AlarmManager: RTC Alarm: 2 null com.tencent.mm ALARM_ACTION(16086)
12-12 22:00:59.948 31520  3999 E AlarmManager: RTC Alarm: 2 null com.tencent.mm ALARM_ACTION(16086)
12-12 22:00:59.980 31520  1632 E AlarmManager: RTC Alarm: 0 null com.tencent.mm com.tencent.mm/.booter.MMReceivers$AlarmReceiver
12-12 22:00:59.985 31520   317 W ActivityManager: Permission Denial: opening provider com.android.providers.contacts.ContactsProvider2 from ProcessRecord{5330317 16086:com.tencent.mm:push/u0a122} (pid=16086, uid=10122) requires android.permission.READ_CONTACTS or android.permission.WRITE_CONTACTS
12-12 22:01:00.042 31520  1692 E AlarmManager: RTC Alarm: 2 null com.tencent.mm ALARM_ACTION(16086)
12-12 22:01:00.086 31520 31541 E AlarmManager: RTC Alarm: 2 null com.tencent.mm ALARM_ACTION(16086)
12-12 22:01:00.199 31520 12592 E AlarmManager: RTC Alarm: 2 null com.tencent.mm ALARM_ACTION(16086)
12-12 22:01:00.202 31520  4013 E AlarmManager: RTC Alarm: 2 null com.tencent.mm ALARM_ACTION(16086)
12-12 22:01:00.207 31520   316 E AlarmManager: RTC Alarm: 2 null com.tencent.mm ALARM_ACTION(16086)
12-12 22:01:01.061 31520  9476 I ActivityManager: START u0 {cmp=com.tencent.mm/.ui.account.mobile.MobileInputUI (has extras)} from uid 10122 on display 0
12-12 22:01:02.529 31520 31567 E BatteryStatsService: no controller energy info supplied
12-12 22:01:02.529 31520 31567 E BatteryStatsService: no controller energy info supplied
12-12 22:01:02.556 31520 31567 E KernelWakelockReader: neither /proc/wakelocks nor /d/wakeup_sources exists
12-12 22:01:02.557 31520 31567 W BatteryStatsImpl: Couldn't get kernel wake lock stats
12-12 22:01:02.557 31520 31567 E BatteryStatsService: modem info is invalid: ModemActivityInfo{ mTimestamp=0 mSleepTimeMs=0 mIdleTimeMs=0 mTxTimeMs[]=[0, 0, 0, 0, 0] mRxTimeMs=0 mEnergyUsed=0}
12-12 22:01:02.984 31520  1636 E AlarmManager: RTC Alarm: 2 null com.google.android.gms CONTEXT_MANAGER_ALARM_WAKEUP_24195239
12-12 22:01:02.989 31520  1630 E AlarmManager: RTC Alarm: 2 null com.google.android.gms CONTEXT_MANAGER_ALARM_WAKEUP_24195239
12-12 22:01:02.999 31520  1691 E AlarmManager: RTC Alarm: 2 null com.google.android.gms CONTEXT_MANAGER_ALARM_WAKEUP_24195239
12-12 22:01:03.016 31520  1637 I ActivityManager: START u0 {cmp=com.tencent.mm/.ui.account.LoginUI} from uid 10122 on display 0
12-12 22:01:04.121 31520  1632 D PackageManager: Ignoring attempt to set enabled state of disabled component com.google.android.gsf/com.google.android.gsf.update.SystemUpdateActivity
12-12 22:01:04.124 31520  1691 D PackageManager: Ignoring attempt to set enabled state of disabled component com.google.android.gsf/com.google.android.gsf.update.SystemUpdateService$SecretCodeReceiver
12-12 22:01:04.126 31520 31881 D PackageManager: Ignoring attempt to set enabled state of disabled component com.google.android.gsf/com.google.android.gsf.update.SystemUpdateService$Receiver
12-12 22:01:05.870 31520 31719 D ConnectivityService: NetworkAgentInfo [WIFI () - 100] validation failed
12-12 22:01:06.119 31520  1693 I ActivityManager: START u0 {cmp=com.tencent.mm/.ui.account.mobile.MobileInputUI (has extras)} from uid 10122 on display 0
12-12 22:01:07.789 31520   317 E AlarmManager: RTC Alarm: 2 null com.android.phone com.android.internal.telephony.data-stall
12-12 22:01:09.715 31520 31628 D LuxLevels: bright hysteresis constant= 0.1, threshold=13.352615, lux=12.138741
12-12 22:01:09.716 31520 31628 D LuxLevels: dark hysteresis constant= 0.2, threshold=9.710993, lux=12.138741
12-12 22:01:10.852 31520  1692 I ActivityManager: START u0 {cmp=com.tencent.mm/.ui.account.mobile.MobileInputUI (has extras)} from uid 10122 on display 0
12-12 22:01:10.868 31520 12592 W InputMethodManagerService: Window already focused, ignoring focus gain of: com.android.internal.view.IInputMethodClient$Stub$Proxy@590ed7e attribute=null, token = android.os.BinderProxy@9ab882a
12-12 22:01:16.937 31520 31719 D ConnectivityService: NetworkAgentInfo [WIFI () - 100] validation failed
12-12 22:01:19.248 31520 31564 I ActivityManager: Start proc 16241:com.qualcomm.qcrilmsgtunnel/1001 for service com.qualcomm.qcrilmsgtunnel/.QcrilMsgTunnelService
12-12 22:01:22.996 31520 31881 E AlarmManager: RTC Alarm: 2 null com.tencent.mm ALARM_ACTION(16086)
12-12 22:01:23.256 31520 31541 W InputMethodManagerService: Window already focused, ignoring focus gain of: com.android.internal.view.IInputMethodClient$Stub$Proxy@b31a3af attribute=null, token = android.os.BinderProxy@485b2df
12-12 22:01:28.920 31520  1636 E AlarmManager: RTC Alarm: 2 null com.android.phone com.android.internal.telephony.data-stall
12-12 22:01:29.028 31520 31719 D ConnectivityService: NetworkAgentInfo [WIFI () - 100] validation failed
12-12 22:01:29.208 31520 31880 E AlarmManager: RTC Alarm: 2 null com.google.android.gms com.google.android.gms.gcm.ACTION_CHECK_QUEUE
12-12 22:01:29.249 31520  1637 E AlarmManager: RTC Alarm: 2 null com.google.android.gms com.google.android.gms.gcm.ACTION_CHECK_QUEUE
12-12 22:01:29.277 31520  1692 E AlarmManager: RTC Alarm: 2 null com.google.android.gms com.google.android.gms.gcm.ACTION_CHECK_QUEUE
12-12 22:01:29.317 31520  7989 E AlarmManager: RTC Alarm: 2 null com.google.android.gms com.google.android.gms.gcm.ACTION_CHECK_QUEUE
12-12 22:01:29.378 31520  1633 E AlarmManager: RTC Alarm: 2 null com.google.android.gms com.google.android.gms.icing.proxy.action.SMS_CHANGED
12-12 22:01:29.380 31520  1631 E AlarmManager: RTC Alarm: 2 null com.google.android.gms com.google.android.gms.gcm.ACTION_CHECK_QUEUE
12-12 22:01:29.395 31520 31880 E AlarmManager: RTC Alarm: 2 null com.google.android.gms com.google.android.gms.gcm.ACTION_CHECK_QUEUE
12-12 22:01:29.480 31520 31541 W BroadcastQueue: Permission Denial: broadcasting Intent { act=com.android.Bugle.intent.action.ACTION_NOTIFY_CONVERSATIONS_CHANGED flg=0x10 } from com.android.messaging (pid=15373, uid=10069) is not exported from uid 10161 due to receiver com.google.android.apps.messaging/.wearable.WearableReceiver
12-12 22:01:29.489 31520  1636 W BroadcastQueue: Permission Denial: broadcasting Intent { act=com.android.Bugle.intent.action.ACTION_NOTIFY_MESSAGES_CHANGED flg=0x10 (has extras) } from com.android.messaging (pid=15373, uid=10069) is not exported from uid 10161 due to receiver com.google.android.apps.messaging/.wearable.WearableReceiver
12-12 22:01:29.629 31520  1636 I ActivityManager: Setting hasTopUi=true for pid=12593
12-12 22:01:29.635 31520  1693 I ActivityManager: Setting hasTopUi=false for pid=12593
12-12 22:01:29.706 31520 10797 I ActivityManager: Setting hasTopUi=true for pid=12593
12-12 22:01:32.575 31520 31628 D LuxLevels: bright hysteresis constant= 0.1, threshold=9.956231, lux=9.051119
12-12 22:01:32.575 31520 31628 D LuxLevels: dark hysteresis constant= 0.2, threshold=7.2408953, lux=9.051119
12-12 22:01:34.992 31520 31628 D LuxLevels: bright hysteresis constant= 0.1, threshold=10.976568, lux=9.978698
12-12 22:01:34.992 31520 31628 D LuxLevels: dark hysteresis constant= 0.2, threshold=7.9829583, lux=9.978698
12-12 22:01:35.335 31520  1631 W InputMethodManagerService: Window already focused, ignoring focus gain of: com.android.internal.view.IInputMethodClient$Stub$Proxy@f278567 attribute=null, token = android.os.BinderProxy@485b2df
12-12 22:01:35.378 31520  3999 E AlarmManager: RTC Alarm: 2 null com.tencent.mm ALARM_ACTION(16086)
12-12 22:01:35.600 31520 31542 I ActivityManager: Setting hasTopUi=false for pid=12593
12-12 22:01:35.664 31520 31881 I ActivityManager: START u0 {cmp=com.tencent.mm/.plugin.webview.ui.tools.WebViewUI (has extras)} from uid 10122 on display 0
12-12 22:01:35.686 31520  1636 W InputMethodManagerService: Window already focused, ignoring focus gain of: com.android.internal.view.IInputMethodClient$Stub$Proxy@59d1103 attribute=null, token = android.os.BinderProxy@485b2df
12-12 22:01:35.746 31520 31806 I ActivityManager: Start proc 16347:com.tencent.mm:tools/u0a122 for activity com.tencent.mm/.plugin.webview.ui.tools.WebViewUI
12-12 22:01:35.921 16347 16347 E ActivityThread: Failed to find provider info for com.tencent.mm.coolassist.debugprovider
12-12 22:01:36.559 31520  1630 E AlarmManager: RTC Alarm: 2 null com.tencent.mm ALARM_ACTION(16024)
12-12 22:01:36.578 31520  9476 E AlarmManager: RTC Alarm: 2 null com.tencent.mm ALARM_ACTION(16086)
12-12 22:01:43.097 31520 31719 D ConnectivityService: NetworkAgentInfo [WIFI () - 100] validation failed
--------- beginning of crash
12-12 22:01:46.074 16472 16439 F google-breakpad: S 46300E80 EDACEF0D2B000000EDACEF0D5F169EB401000000EDACEF0D01000000EDACEF0D806CA0B427CE9DB480000000EDACEF0DEDACEF0DEDACEF0D0100000041CD9DB4EDACEF0DEDACEF0D2802000003000000EDACEF0D07000000EDACEF0D010000000700000029089EB40100000007000000EDACEF0D01000000EDACEF0D1F0000000000000000100000D90000000B159EB400000000010000001F000000EDACEF0D00100000EDACEF0DEDACEF0DEDACEF0D1F00000071149EB4EDACEF0DEDACEF0DEDACEF0D00100000EDACEF0D19CA9DB4EDACEF0DEDACEF0DEDACEF0DEDACEF0DEDACEF0DEDACEF0DEDACEF0D1F0000000000000031CF9DB4EDACEF0D0005000000100000EDACEF0DEDACEF0D1F000000EDACEF0D0D000000EDACEF0D2BA39EB40000000000000000101130468141B954EDACEF0DEDACEF0DEDACEF0DEDACEF0DEDACEF0DEDACEF0DEDACEF0DEDACEF0D02000000EDACEF0DEDACEF0DEDACEF0D00000000000000000000000000000000EDACEF0D00000000EDACEF0DF147BC54
12-12 22:01:46.074 16472 16439 F google-breakpad: S 46301000 C01130465C020000C0113046EDACEF0D3A00000000000000EDACEF0DEDACEF0DEDACEF0DD355BB54B8103046EDACEF0D00000000741130466600000088123046EDACEF0D00133046701230463811304620113046A41030464015304600133046EDACEF0DEDACEF0DC010304650123046E0103046E8103046F010304601000000C0113046EDACEF0D0100000018133046B8103046A0103046105C9556EDACEF0DEDACEF0DEDACEF0DEDACEF0DEDACEF0DEDACEF0DEDACEF0D96020000EDACEF0DEDACEF0DEDACEF0DEDACEF0DEDACEF0DEDACEF0DEDACEF0DEDACEF0DEDACEF0DEDACEF0DEDACEF0DEDACEF0DEDACEF0DEDACEF0DEDACEF0DEDACEF0DEDACEF0DEDACEF0DEDACEF0DEDACEF0DEDACEF0DEDACEF0DEDACEF0DEDACEF0DEDACEF0D62040000EDACEF0DEDACEF0DEDACEF0DEDACEF0DEDACEF0DEDACEF0DEDACEF0DEDACEF0DEDACEF0DEDACEF0DEDACEF0DEDACEF0DEDACEF0DEDACEF0DEDACEF0DEDACEF0DEDACEF0DEDACEF0D29089EB4EDACEF0DEDACEF0DEDACEF0DEDACEF0D
12-12 22:01:46.075 16472 16439 F google-breakpad: S 46301180 EDACEF0DEDACEF0DEDACEF0DEDACEF0DEDACEF0D0100000000000000EDACEF0DFFFFFFFFEDACEF0DFFFFFFFFEDACEF0DEDACEF0D01000000EDACEF0D0100000000000000EDACEF0D66000000FC0300000100000001000000EDACEF0D3A000000EDACEF0DEDACEF0D000000000100000000000000EDACEF0D0100000041CD9DB4EDACEF0D25000000EDACEF0D030000002500000029089EB4EDACEF0DEDACEF0DFFFFFFFFEDACEF0DFFFFFFFFEDACEF0DFFFFFFFFEDACEF0DFFFFFFFFEDACEF0DFFFFFFFFEDACEF0D2500000001000000EDACEF0DFFFFFFFFEDACEF0DFFFFFFFFEDACEF0DFFFFFFFFEDACEF0D0100000000000000EDACEF0DFFFFFFFFEDACEF0DFFFFFFFFEDACEF0DEDACEF0DEDACEF0D00000000EDACEF0DEDACEF0DEDACEF0DFFFFFFFFEDACEF0DFFFFFFFFEDACEF0DFFFFFFFFEDACEF0DFFFFFFFFEDACEF0D741330466C13304674133046EDACEF0D0000000050133046000000000000000000000000EDACEF0D000000002F36BA54000000000000000000000000EDACEF0D
12-12 22:01:46.075 16472 16439 F google-breakpad: S 46301300 3013304601000000EDACEF0DEDACEF0DEDACEF0DC536BA540000000000000000EDACEF0D01000000020000006B37BA5400000000000000000000000000000000EDACEF0DEDACEF0DEDACEF0DFFFFFFFFEDACEF0D010000000000000000000000EDACEF0DEDACEF0DEDACEF0D01000000020000000B3ABA540000000031CF9DB4040000000000000000000000EDACEF0DEDACEF0D0F000000EDACEF0D581430462C1530462BA39EB400000000000000002815304611EE955458143046EDACEF0D6C1430465814304600000000ABBCC054000000000000000058143046000000000000000000000000000000000000000000000000000000000000000000000000000000007F22F254EDACEF0DD00B0000EDACEF0DEDACEF0DEDACEF0D05000000000000000000000000000000EDACEF0DC01430464C1430460100000000000000F01530465F2CA454000000000000000000000000900000000000000000000000000000000000000000000000000000002C153046EDACEF0D00000000C0143046
12-12 22:01:46.076 16472 16439 F google-breakpad: S 46301480 EDACEF0DEDACEF0D0000000001000000000000003B31A454000000008B7BC1540000000000000000EDACEF0DEDACEF0D68153046010000000000000000000000EDACEF0DEDACEF0DEDACEF0DEDACEF0D000000000000000000000000000000000000000000000000EDACEF0DEDACEF0DEDACEF0DEDACEF0D000000000000000000000000000000000100000030153046EDACEF0D00000000010000009192AC54EDACEF0D010000000000000000000000000000000000000040040000C00100000000000000000000EDACEF0DEDACEF0DEDACEF0DEDACEF0D20000000EDACEF0D00000000000000004004000000000000000000000000000000000000A0153046EDACEF0DEDACEF0DA0153046F0153046A0153046EDACEF0D0000000019B4A354EDACEF0D000000000000000000000000EDACEF0DDC153046EDACEF0D4DA29B54F0153046EDACEF0DEDACEF0DC001000001000000E79D9B54EDACEF0D01000000000000000000000040040000C00100000000000000000000EDACEF0DEDACEF0D
12-12 22:01:46.076 16472 16439 F google-breakpad: S 46301600 EDACEF0DEDACEF0DEDACEF0DEDACEF0D80163046EDACEF0DEDACEF0DEDACEF0DEDACEF0D3F6E9B5480163046EDACEF0DEDACEF0DEDACEF0D00000000EDACEF0D6416304693268956EDACEF0DEDACEF0D000000006016304670163046EDACEF0DEDACEF0DEDACEF0DEDACEF0DEDACEF0DEDACEF0D0004000004000000EDACEF0D000000000000000040040000C0010000EDACEF0DEDACEF0DEDACEF0D01000000B0FAA856EDACEF0DC8000000130000000000000000000000EDACEF0DB8173046EDACEF0DEDACEF0DEDACEF0DEDACEF0D00000000836F9B54EDACEF0DEDACEF0DEDACEF0DEDACEF0D1300000000000000EDACEF0DEDACEF0DEDACEF0DEDACEF0DEDACEF0DEDACEF0D000000003B149EB4EDACEF0DEDACEF0D0000000081C99DB40100000000000000EDACEF0DEDACEF0DEDACEF0DEDACEF0DEDACEF0D0000000000000000EDACEF0D2D6F9B54B8173046EDACEF0DD8173046A417304613000000000000003F209E541300000000000000EDACEF0DEDACEF0DEDACEF0D00000000
12-12 22:01:46.076 16472 16439 F google-breakpad: S 46301780 A4173046EDACEF0DEDACEF0D040000000C000000000000000400000071E39B54EDACEF0DAC1730460000000000000000EDACEF0DEDACEF0D01183046EDACEF0DEDACEF0D00000000EDACEF0D5C183046EDACEF0D00000000EDACEF0D0300000001183046EDACEF0D0100000000000000000000000000000000000000000000000000000000000000EDACEF0D0300000001183046EDACEF0D1DD39B540000000000000000EDACEF0D0100000068183046EDACEF0DEDACEF0D5C183046EDACEF0DEDACEF0DCDA493540D0000000BEE60567819304600000000EDACEF0DEDACEF0DEDACEF0DEDACEF0D00000000EDACEF0DEDACEF0D00000000EDACEF0D0000000001000000EDACEF0DEDACEF0D01000000EDACEF0DEDACEF0DEDACEF0D89EE605600000000EDACEF0DEDACEF0DEDACEF0D78000000ADEE6056EDACEF0DEDACEF0DEDACEF0DD4183046EDACEF0D3FD89354EDACEF0D210000001B000000EDACEF0DEDACEF0DEDACEF0D20193046EDACEF0D20193046EDACEF0DEDACEF0D01A59354
12-12 22:01:46.077 16472 16439 F google-breakpad: S 46301900 20193046ADFB9CB420193046C5FB9CB428193046AF1C9AB47800000000000000EDACEF0DEDACEF0DEDACEF0DEDACEF0D00000000EDACEF0DEDACEF0D0010000000000000000000000000000000000000CDA49354EDACEF0D00000000EDACEF0D0100000000000000EDACEF0D000000007019304620193046160000000000000000000000EDACEF0D00000000000000000000000001000000EDACEF0D000000000000000000000000000000000000000000000000000000000000000000000000000000000000000000000000000000000000000000000000000000000000000000000000000000000000000000000000000000000000000000000000000000000000000000000000000000000000000000000000000000000000000000000000000000000000000000000000000000000000000000000000000000000000000000000000000000000000000000000000000000000000000000000000000000000000000000000000000000000000000000000000000000000000000001000000
