--------- beginning of crash
12-11 10:07:12.314  7602  7602 E AndroidRuntime: *** FATAL EXCEPTION IN SYSTEM PROCESS: main
12-11 10:07:12.314  7602  7602 E AndroidRuntime: DeadSystemException: The system died; earlier logs will point to the root cause
12-11 10:07:12.315  7602  7602 E AndroidRuntime: Error reporting crash
12-11 10:07:12.315  7602  7602 E AndroidRuntime: java.lang.NullPointerException: Attempt to invoke virtual method 'void android.app.ActivityThread$Profiler.stopProfiling()' on a null object reference
12-11 10:07:12.315  7602  7602 E AndroidRuntime: 	at android.app.ActivityThread.stopProfiling(ActivityThread.java:4954)
12-11 10:07:12.315  7602  7602 E AndroidRuntime: 	at com.android.internal.os.RuntimeInit$UncaughtHandler.uncaughtException(RuntimeInit.java:93)
12-11 10:07:12.315  7602  7602 E AndroidRuntime: 	at java.lang.ThreadGroup.uncaughtException(ThreadGroup.java:1068)
12-11 10:07:12.315  7602  7602 E AndroidRuntime: 	at java.lang.ThreadGroup.uncaughtException(ThreadGroup.java:1063)
--------- beginning of system
12-11 10:07:28.895  7834  8041 D CryptdConnector: RCV <- {200 3 -1}
12-11 10:07:28.896  7834  8677 D CryptdConnector: SND -> {4 cryptfs clearpw}
12-11 10:07:28.896   238   243 D VoldCryptCmdListener: cryptfs clearpw
12-11 10:07:28.897  7834  8041 D CryptdConnector: RCV <- {200 4 0}
12-11 10:07:29.008  7834  8664 E ActivityThread: Failed to find provider info for github.tornaco.xposedmoduletest.components_replacement_provider
12-11 10:07:29.009  7834  8666 E ActivityThread: Failed to find provider info for github.tornaco.xposedmoduletest.app_guard_package_provider
12-11 10:07:29.010  7834  8665 E ActivityThread: Failed to find provider info for github.tornaco.xposedmoduletest.config_setting_provider
12-11 10:07:29.015  7834  7834 D BluetoothManagerService: Trying to bind to profile: 1, while Bluetooth was disabled
12-11 10:07:29.025  7834  7834 I Telecom : SystemStateProvider: Registering car mode receiver: android.content.IntentFilter@7184028: TS.init@AAA
12-11 10:07:29.028  7834  8684 E ActivityThread: Failed to find provider info for github.tornaco.xposedmoduletest.auto_start_package_provider
12-11 10:07:29.028  7834  8695 E ActivityThread: Failed to find provider info for github.tornaco.xposedmoduletest.boot_package_provider
12-11 10:07:29.120  7834  8683 E ActivityThread: Failed to find provider info for github.tornaco.xposedmoduletest.rf_kill_package_provider
12-11 10:07:29.121  7834  8682 E ActivityThread: Failed to find provider info for github.tornaco.xposedmoduletest.lock_kill_package_provider
12-11 10:07:29.132  7834  8780 I Telecom : Telecom: Non-call EVENT: AUDIO_ROUTE, Entering state QuiescentEarpieceRoute
12-11 10:07:29.149  7834  8785 I Telecom : CallAudioModeStateMachine: Message received: null.: TS.init->CAMSM.pM_1@AAA_0
12-11 10:07:29.176  7834  7834 I Telecom : ViceNotificationImpl: ViceNotificationImpl: TS.init@AAA
12-11 10:07:29.181  7834  8787 E ActivityThread: Failed to find provider info for call_log
12-11 10:07:29.190  7834  7834 D BluetoothManagerService: Trying to bind to profile: 1, while Bluetooth was disabled
12-11 10:07:29.190  7834  7834 I Telecom : BluetoothPhoneService: Ignoring IBluetoothDsdaService class not found exception : TS.init@AAA
12-11 10:07:29.209  7834  7834 I Telecom : Class: TelecomSystem.INSTANCE being set
12-11 10:07:29.210  7834  7834 W ContextImpl: Calling a method in the system process without a qualified user: android.app.ContextImpl.startService:1357 android.content.ContextWrapper.startService:613 com.android.server.telecom.components.TelecomService.initializeTelecomSystem:196 com.android.server.telecom.components.TelecomService.onBind:64 android.app.ActivityThread.handleBindService:3258 
12-11 10:07:29.273  7834  8691 E ActivityThread: Failed to find provider info for github.tornaco.xposedmoduletest.components_replacement_provider
12-11 10:07:29.273  7834  8685 E ActivityThread: Failed to find provider info for github.tornaco.xposedmoduletest.auto_start_package_provider
12-11 10:07:29.274  7834  8664 E ActivityThread: Failed to find provider info for github.tornaco.xposedmoduletest.app_guard_package_provider
12-11 10:07:29.274  7834  8684 E ActivityThread: Failed to find provider info for github.tornaco.xposedmoduletest.boot_package_provider
12-11 10:07:29.275  7834  8666 E ActivityThread: Failed to find provider info for github.tornaco.xposedmoduletest.config_setting_provider
12-11 10:07:29.323  7834  7834 I BrokerableCMSystemService: Implementation service connected
12-11 10:07:29.332  7834  7834 V WiredAccessoryManager: notifyWiredAccessoryChanged: when=0 bits= mask=54
12-11 10:07:29.332  7834  7834 V WiredAccessoryManager: newName=h2w newState=0 headsetState=0 prev headsetState=0
12-11 10:07:29.332  7834  7834 V WiredAccessoryManager: init()
12-11 10:07:29.345  7834  8695 E ActivityThread: Failed to find provider info for github.tornaco.xposedmoduletest.rf_kill_package_provider
12-11 10:07:29.345  7834  8683 E ActivityThread: Failed to find provider info for github.tornaco.xposedmoduletest.lock_kill_package_provider
12-11 10:07:29.373  7834  7834 D AccessibilityManagerService: Ignoring non-encryption-aware service ComponentInfo{com.coolapk.market/com.coolapk.market.service.AutoInstallService}
12-11 10:07:29.545  7834  8054 D ConnectivityService: Got NetworkFactory Messenger for PhoneSwitcherNetworkRequstListener
12-11 10:07:29.546  7834  8682 E ActivityThread: Failed to find provider info for github.tornaco.xposedmoduletest.auto_start_package_provider
12-11 10:07:29.546  7834  8666 E ActivityThread: Failed to find provider info for github.tornaco.xposedmoduletest.components_replacement_provider
12-11 10:07:29.547  7834  8665 E ActivityThread: Failed to find provider info for github.tornaco.xposedmoduletest.config_setting_provider
12-11 10:07:29.547  7834  8691 E ActivityThread: Failed to find provider info for github.tornaco.xposedmoduletest.app_guard_package_provider
12-11 10:07:29.548  7834  8685 E ActivityThread: Failed to find provider info for github.tornaco.xposedmoduletest.boot_package_provider
12-11 10:07:29.557  7834  8054 D ConnectivityService: Got NetworkFactory Messenger for TelephonyNetworkFactory[0]
12-11 10:07:29.567  7834  8054 D ConnectivityService: Got NetworkFactory Messenger for TelephonyNetworkFactory[1]
12-11 10:07:29.709  7834  8684 E ActivityThread: Failed to find provider info for github.tornaco.xposedmoduletest.rf_kill_package_provider
12-11 10:07:29.741  7834  8695 E ActivityThread: Failed to find provider info for github.tornaco.xposedmoduletest.lock_kill_package_provider
12-11 10:07:29.745  8614  8798 E ActivityThread: Failed to find provider info for com.android.contacts
12-11 10:07:29.772  7834  8664 E ActivityThread: Failed to find provider info for github.tornaco.xposedmoduletest.components_replacement_provider
12-11 10:07:29.776  7834  7834 D ConditionProviders.SCP: onSubscribe condition://android/schedule?days=6.7&start=23.30&end=10.0&exitAtAlarm=false
12-11 10:07:29.777  7834  7834 D ConditionProviders.SCP: setRegistered true
12-11 10:07:29.810  7834  8683 E ActivityThread: Failed to find provider info for github.tornaco.xposedmoduletest.auto_start_package_provider
12-11 10:07:29.810  7834  8666 E ActivityThread: Failed to find provider info for github.tornaco.xposedmoduletest.config_setting_provider
12-11 10:07:29.811  7834  8682 E ActivityThread: Failed to find provider info for github.tornaco.xposedmoduletest.boot_package_provider
12-11 10:07:29.818  7834  7834 D ConditionProviders.SCP: notifyCondition condition://android/schedule?days=6.7&start=23.30&end=10.0&exitAtAlarm=false STATE_FALSE reason=!meetsSchedule
12-11 10:07:29.818  7834  8665 E ActivityThread: Failed to find provider info for github.tornaco.xposedmoduletest.app_guard_package_provider
12-11 10:07:29.820  7834  7834 D ConditionProviders.SCP: Scheduling evaluate for Mon Dec 11 23:30:00 GMT+00:00 2017 (1513035000000), in +13h22m30s223ms, now=Mon Dec 11 10:07:29 GMT+00:00 2017 (1512986849777)
12-11 10:07:29.820  7834  7834 E AlarmManager: RTC Alarm: 0 null android ScheduleConditionProvider.EVALUATE
12-11 10:07:29.820  7834  7834 D ConditionProviders.SCP: onSubscribe condition://android/schedule?days=1.2.3.4.5&start=22.0&end=7.0&exitAtAlarm=false
12-11 10:07:29.821  7834  7834 D ConditionProviders.SCP: notifyCondition condition://android/schedule?days=6.7&start=23.30&end=10.0&exitAtAlarm=false STATE_FALSE reason=!meetsSchedule
12-11 10:07:29.821  7834  7834 D ConditionProviders.SCP: notifyCondition condition://android/schedule?days=1.2.3.4.5&start=22.0&end=7.0&exitAtAlarm=false STATE_FALSE reason=!meetsSchedule
12-11 10:07:29.821  7834  7849 D BluetoothManagerService: Trying to bind to profile: 1, while Bluetooth was disabled
12-11 10:07:29.822  7834  7834 D ConditionProviders.SCP: Scheduling evaluate for Mon Dec 11 22:00:00 GMT+00:00 2017 (1513029600000), in +11h52m30s180ms, now=Mon Dec 11 10:07:29 GMT+00:00 2017 (1512986849820)
12-11 10:07:29.830  7834  7834 E AlarmManager: RTC Alarm: 0 null android ScheduleConditionProvider.EVALUATE
12-11 10:07:29.833  7834  7873 I SyncManager: Got SyncJobService instance.
12-11 10:07:29.836  7834  7834 I Telecom : WiredHeadsetManager: ACTION_HEADSET_PLUG event, plugged in: false, : WHC.oADA@AAE
12-11 10:07:29.846  7834  8060 E ActivityThread: Failed to find provider info for com.android.calendar
12-11 10:07:29.847  7834  8060 E ActivityThread: Failed to find provider info for com.android.calendar
12-11 10:07:29.848  7834  8060 E AlarmManager: RTC Alarm: 0 null android EventConditionProvider.EVALUATE
12-11 10:07:29.861  7834  8036 W WindowManager: Keyguard drawn timeout. Setting mKeyguardDrawComplete
12-11 10:07:29.862  7834  7834 I ActivityManager: user 0 is still locked. Cannot load recents
12-11 10:07:29.933  7834  8685 E ActivityThread: Failed to find provider info for github.tornaco.xposedmoduletest.rf_kill_package_provider
12-11 10:07:29.984  7834  8684 E ActivityThread: Failed to find provider info for github.tornaco.xposedmoduletest.lock_kill_package_provider
12-11 10:07:30.013  7834  8691 E ActivityThread: Failed to find provider info for github.tornaco.xposedmoduletest.components_replacement_provider
12-11 10:07:30.033  7834  8664 E ActivityThread: Failed to find provider info for github.tornaco.xposedmoduletest.config_setting_provider
12-11 10:07:30.034  7834  8695 E ActivityThread: Failed to find provider info for github.tornaco.xposedmoduletest.auto_start_package_provider
12-11 10:07:30.034  7834  8683 E ActivityThread: Failed to find provider info for github.tornaco.xposedmoduletest.boot_package_provider
12-11 10:07:30.045  7834  8666 E ActivityThread: Failed to find provider info for github.tornaco.xposedmoduletest.app_guard_package_provider
12-11 10:07:30.162  7834  8682 E ActivityThread: Failed to find provider info for github.tornaco.xposedmoduletest.rf_kill_package_provider
12-11 10:07:30.213  7834  8685 E ActivityThread: Failed to find provider info for github.tornaco.xposedmoduletest.lock_kill_package_provider
12-11 10:07:30.243  7834  8665 E ActivityThread: Failed to find provider info for github.tornaco.xposedmoduletest.components_replacement_provider
12-11 10:07:30.261  7834  8684 E ActivityThread: Failed to find provider info for github.tornaco.xposedmoduletest.auto_start_package_provider
12-11 10:07:30.262  7834  8695 E ActivityThread: Failed to find provider info for github.tornaco.xposedmoduletest.boot_package_provider
12-11 10:07:30.262  7834  8691 E ActivityThread: Failed to find provider info for github.tornaco.xposedmoduletest.config_setting_provider
12-11 10:07:30.282  7834  8664 E ActivityThread: Failed to find provider info for github.tornaco.xposedmoduletest.app_guard_package_provider
12-11 10:07:30.392  7834  8683 E ActivityThread: Failed to find provider info for github.tornaco.xposedmoduletest.rf_kill_package_provider
12-11 10:07:30.462  7834  8682 E ActivityThread: Failed to find provider info for github.tornaco.xposedmoduletest.lock_kill_package_provider
12-11 10:07:30.472  7834  8666 E ActivityThread: Failed to find provider info for github.tornaco.xposedmoduletest.components_replacement_provider
12-11 10:07:30.485  7834  8685 E ActivityThread: Failed to find provider info for github.tornaco.xposedmoduletest.auto_start_package_provider
12-11 10:07:30.485  7834  8665 E ActivityThread: Failed to find provider info for github.tornaco.xposedmoduletest.config_setting_provider
12-11 10:07:30.486  7834  8684 E ActivityThread: Failed to find provider info for github.tornaco.xposedmoduletest.boot_package_provider
12-11 10:07:30.513  7834  8691 E ActivityThread: Failed to find provider info for github.tornaco.xposedmoduletest.app_guard_package_provider
12-11 10:07:30.630  7834  8695 E ActivityThread: Failed to find provider info for github.tornaco.xposedmoduletest.rf_kill_package_provider
12-11 10:07:30.692  7834  8683 E ActivityThread: Failed to find provider info for github.tornaco.xposedmoduletest.lock_kill_package_provider
12-11 10:07:30.703  7834  8664 E ActivityThread: Failed to find provider info for github.tornaco.xposedmoduletest.components_replacement_provider
12-11 10:07:30.725  7834  8666 E ActivityThread: Failed to find provider info for github.tornaco.xposedmoduletest.config_setting_provider
12-11 10:07:30.731  7834  8682 E ActivityThread: Failed to find provider info for github.tornaco.xposedmoduletest.auto_start_package_provider
12-11 10:07:30.747  7834  8685 E ActivityThread: Failed to find provider info for github.tornaco.xposedmoduletest.boot_package_provider
12-11 10:07:30.747  7834  8665 E ActivityThread: Failed to find provider info for github.tornaco.xposedmoduletest.app_guard_package_provider
12-11 10:07:30.787  8104  8980 E ActivityThread: Failed to find provider info for com.android.contacts
12-11 10:07:30.792  8104  8104 I StatusBar: isKeyguardShowing() called before startKeyguard(), returning true
12-11 10:07:30.793  8104  8104 W StatusBar: isKeyguardSecure() called before startKeyguard(), returning false
12-11 10:07:30.793  8104  8104 W StatusBar: java.lang.Throwable
12-11 10:07:30.793  8104  8104 W StatusBar: 	at com.android.systemui.statusbar.BaseStatusBar.isKeyguardSecure(BaseStatusBar.java:3133)
12-11 10:07:30.793  8104  8104 W StatusBar: 	at com.android.systemui.statusbar.BaseStatusBar.isCameraAllowedByAdmin(BaseStatusBar.java:3225)
12-11 10:07:30.793  8104  8104 W StatusBar: 	at com.android.systemui.statusbar.phone.KeyguardBottomAreaView.updateCameraVisibility(KeyguardBottomAreaView.java:439)
12-11 10:07:30.793  8104  8104 W StatusBar: 	at com.android.systemui.statusbar.phone.KeyguardBottomAreaView.setUserSetupComplete(KeyguardBottomAreaView.java:381)
12-11 10:07:30.793  8104  8104 W StatusBar: 	at com.android.systemui.statusbar.phone.PhoneStatusBar$4.onChange(PhoneStatusBar.java:1071)
12-11 10:07:30.793  8104  8104 W StatusBar: 	at com.android.systemui.statusbar.phone.PhoneStatusBar.resetUserSetupObserver(PhoneStatusBar.java:5069)
12-11 10:07:30.793  8104  8104 W StatusBar: 	at com.android.systemui.statusbar.phone.PhoneStatusBar.makeStatusBarView(PhoneStatusBar.java:1743)
12-11 10:07:30.793  8104  8104 W StatusBar: 	at com.android.systemui.statusbar.phone.PhoneStatusBar.addStatusBarWindow(PhoneStatusBar.java:4639)
12-11 10:07:30.793  8104  8104 W StatusBar: 	at com.android.systemui.statusbar.phone.PhoneStatusBar.createAndAddWindows(PhoneStatusBar.java:4635)
12-11 10:07:30.793  8104  8104 W StatusBar: 	at com.android.systemui.statusbar.BaseStatusBar.start(BaseStatusBar.java:931)
12-11 10:07:30.793  8104  8104 W StatusBar: 	at com.android.systemui.statusbar.phone.PhoneStatusBar.start(PhoneStatusBar.java:1351)
12-11 10:07:30.793  8104  8104 W StatusBar: 	at com.android.systemui.statusbar.SystemBars.createStatusBarFromConfig(SystemBars.java:106)
12-11 10:07:30.793  8104  8104 W StatusBar: 	at com.android.systemui.statusbar.SystemBars.onNoService(SystemBars.java:58)
12-11 10:07:30.793  8104  8104 W StatusBar: 	at com.android.systemui.statusbar.ServiceMonitor.startService(ServiceMonitor.java:230)
12-11 10:07:30.793  8104  8104 W StatusBar: 	at com.android.systemui.statusbar.ServiceMonitor.-wrap5(ServiceMonitor.java)
12-11 10:07:30.793  8104  8104 W StatusBar: 	at com.android.systemui.statusbar.ServiceMonitor$1.handleMessage(ServiceMonitor.java:73)
12-11 10:07:30.793  8104  8104 W StatusBar: 	at android.os.Handler.dispatchMessage(Handler.java:102)
12-11 10:07:30.793  8104  8104 W StatusBar: 	at android.os.Looper.loop(Looper.java:154)
12-11 10:07:30.793  8104  8104 W StatusBar: 	at android.app.ActivityThread.main(ActivityThread.java:6236)
12-11 10:07:30.793  8104  8104 W StatusBar: 	at java.lang.reflect.Method.invoke(Native Method)
12-11 10:07:30.793  8104  8104 W StatusBar: 	at com.android.internal.os.ZygoteInit$MethodAndArgsCaller.run(ZygoteInit.java:891)
12-11 10:07:30.793  8104  8104 W StatusBar: 	at com.android.internal.os.ZygoteInit.main(ZygoteInit.java:781)
12-11 10:07:30.793  8104  8104 W StatusBar: 	at de.robv.android.xposed.XposedBridge.main(XposedBridge.java:107)
12-11 10:07:30.795  8104  8104 I StatusBar: isKeyguardShowing() called before startKeyguard(), returning true
12-11 10:07:30.797  8104  8104 W StatusBar: isKeyguardSecure() called before startKeyguard(), returning false
12-11 10:07:30.797  8104  8104 W StatusBar: java.lang.Throwable
12-11 10:07:30.797  8104  8104 W StatusBar: 	at com.android.systemui.statusbar.BaseStatusBar.isKeyguardSecure(BaseStatusBar.java:3133)
12-11 10:07:30.797  8104  8104 W StatusBar: 	at com.android.systemui.statusbar.BaseStatusBar.isCameraAllowedByAdmin(BaseStatusBar.java:3225)
12-11 10:07:30.797  8104  8104 W StatusBar: 	at com.android.systemui.statusbar.phone.KeyguardBottomAreaView.updateCameraVisibility(KeyguardBottomAreaView.java:439)
12-11 10:07:30.797  8104  8104 W StatusBar: 	at com.android.systemui.statusbar.phone.KeyguardBottomAreaView.updateRightAffordanceIcon(KeyguardBottomAreaView.java:291)
12-11 10:07:30.797  8104  8104 W StatusBar: 	at com.android.systemui.statusbar.phone.KeyguardBottomAreaView.setUserSetupComplete(KeyguardBottomAreaView.java:382)
12-11 10:07:30.797  8104  8104 W StatusBar: 	at com.android.systemui.statusbar.phone.PhoneStatusBar$4.onChange(PhoneStatusBar.java:1071)
12-11 10:07:30.797  8104  8104 W StatusBar: 	at com.android.systemui.statusbar.phone.PhoneStatusBar.resetUserSetupObserver(PhoneStatusBar.java:5069)
12-11 10:07:30.797  8104  8104 W StatusBar: 	at com.android.systemui.statusbar.phone.PhoneStatusBar.makeStatusBarView(PhoneStatusBar.java:1743)
12-11 10:07:30.797  8104  8104 W StatusBar: 	at com.android.systemui.statusbar.phone.PhoneStatusBar.addStatusBarWindow(PhoneStatusBar.java:4639)
12-11 10:07:30.797  8104  8104 W StatusBar: 	at com.android.systemui.statusbar.phone.PhoneStatusBar.createAndAddWindows(PhoneStatusBar.java:4635)
12-11 10:07:30.797  8104  8104 W StatusBar: 	at com.android.systemui.statusbar.BaseStatusBar.start(BaseStatusBar.java:931)
12-11 10:07:30.797  8104  8104 W StatusBar: 	at com.android.systemui.statusbar.phone.PhoneStatusBar.start(PhoneStatusBar.java:1351)
12-11 10:07:30.797  8104  8104 W StatusBar: 	at com.android.systemui.statusbar.SystemBars.createStatusBarFromConfig(SystemBars.java:106)
12-11 10:07:30.797  8104  8104 W StatusBar: 	at com.android.systemui.statusbar.SystemBars.onNoService(SystemBars.java:58)
12-11 10:07:30.797  8104  8104 W StatusBar: 	at com.android.systemui.statusbar.ServiceMonitor.startService(ServiceMonitor.java:230)
12-11 10:07:30.797  8104  8104 W StatusBar: 	at com.android.systemui.statusbar.ServiceMonitor.-wrap5(ServiceMonitor.java)
12-11 10:07:30.797  8104  8104 W StatusBar: 	at com.android.systemui.statusbar.ServiceMonitor$1.handleMessage(ServiceMonitor.java:73)
12-11 10:07:30.797  8104  8104 W StatusBar: 	at android.os.Handler.dispatchMessage(Handler.java:102)
12-11 10:07:30.797  8104  8104 W StatusBar: 	at android.os.Looper.loop(Looper.java:154)
12-11 10:07:30.797  8104  8104 W StatusBar: 	at android.app.ActivityThread.main(ActivityThread.java:6236)
12-11 10:07:30.797  8104  8104 W StatusBar: 	at java.lang.reflect.Method.invoke(Native Method)
12-11 10:07:30.797  8104  8104 W StatusBar: 	at com.android.internal.os.ZygoteInit$MethodAndArgsCaller.run(ZygoteInit.java:891)
12-11 10:07:30.797  8104  8104 W StatusBar: 	at com.android.internal.os.ZygoteInit.main(ZygoteInit.java:781)
12-11 10:07:30.797  8104  8104 W StatusBar: 	at de.robv.android.xposed.XposedBridge.main(XposedBridge.java:107)
12-11 10:07:30.858  7834  8684 E ActivityThread: Failed to find provider info for github.tornaco.xposedmoduletest.rf_kill_package_provider
12-11 10:07:30.927  7834  8695 E ActivityThread: Failed to find provider info for github.tornaco.xposedmoduletest.lock_kill_package_provider
12-11 10:07:30.927  7834  8691 E ActivityThread: Failed to find provider info for github.tornaco.xposedmoduletest.components_replacement_provider
12-11 10:07:30.972  7834  8683 E ActivityThread: Failed to find provider info for github.tornaco.xposedmoduletest.auto_start_package_provider
12-11 10:07:30.981  7834  8664 E ActivityThread: Failed to find provider info for github.tornaco.xposedmoduletest.config_setting_provider
12-11 10:07:30.984  7834  8682 E ActivityThread: Failed to find provider info for github.tornaco.xposedmoduletest.boot_package_provider
12-11 10:07:30.985  7834  8666 E ActivityThread: Failed to find provider info for github.tornaco.xposedmoduletest.app_guard_package_provider
12-11 10:07:31.174  7834  8685 E ActivityThread: Failed to find provider info for github.tornaco.xposedmoduletest.rf_kill_package_provider
12-11 10:07:31.175  7834  8665 E ActivityThread: Failed to find provider info for github.tornaco.xposedmoduletest.components_replacement_provider
12-11 10:07:31.257  7834  8684 E ActivityThread: Failed to find provider info for github.tornaco.xposedmoduletest.lock_kill_package_provider
12-11 10:07:31.257  7834  8691 E ActivityThread: Failed to find provider info for github.tornaco.xposedmoduletest.config_setting_provider
12-11 10:07:31.266  7834  8695 E ActivityThread: Failed to find provider info for github.tornaco.xposedmoduletest.auto_start_package_provider
12-11 10:07:31.266  7834  8664 E ActivityThread: Failed to find provider info for github.tornaco.xposedmoduletest.app_guard_package_provider
12-11 10:07:31.266  7834  8683 E ActivityThread: Failed to find provider info for github.tornaco.xposedmoduletest.boot_package_provider
12-11 10:07:31.404  7834  8666 E ActivityThread: Failed to find provider info for github.tornaco.xposedmoduletest.components_replacement_provider
12-11 10:07:31.404  7834  8682 E ActivityThread: Failed to find provider info for github.tornaco.xposedmoduletest.rf_kill_package_provider
12-11 10:07:31.480  7834  8685 E ActivityThread: Failed to find provider info for github.tornaco.xposedmoduletest.lock_kill_package_provider
12-11 10:07:31.481  7834  8665 E ActivityThread: Failed to find provider info for github.tornaco.xposedmoduletest.config_setting_provider
12-11 10:07:31.494  7834  8684 E ActivityThread: Failed to find provider info for github.tornaco.xposedmoduletest.auto_start_package_provider
12-11 10:07:31.494  7834  8691 E ActivityThread: Failed to find provider info for github.tornaco.xposedmoduletest.app_guard_package_provider
12-11 10:07:31.496  7834  8695 E ActivityThread: Failed to find provider info for github.tornaco.xposedmoduletest.boot_package_provider
12-11 10:07:31.659  7834  8683 E ActivityThread: Failed to find provider info for github.tornaco.xposedmoduletest.rf_kill_package_provider
12-11 10:07:31.659  7834  8664 E ActivityThread: Failed to find provider info for github.tornaco.xposedmoduletest.components_replacement_provider
12-11 10:07:31.714  7834  8682 E ActivityThread: Failed to find provider info for github.tornaco.xposedmoduletest.lock_kill_package_provider
12-11 10:07:31.714  7834  8666 E ActivityThread: Failed to find provider info for github.tornaco.xposedmoduletest.config_setting_provider
12-11 10:07:31.725  7834  8685 E ActivityThread: Failed to find provider info for github.tornaco.xposedmoduletest.auto_start_package_provider
12-11 10:07:31.725  7834  8665 E ActivityThread: Failed to find provider info for github.tornaco.xposedmoduletest.app_guard_package_provider
12-11 10:07:31.725  7834  8684 E ActivityThread: Failed to find provider info for github.tornaco.xposedmoduletest.boot_package_provider
12-11 10:07:31.893  7834  8691 E ActivityThread: Failed to find provider info for github.tornaco.xposedmoduletest.components_replacement_provider
12-11 10:07:31.893  7834  8695 E ActivityThread: Failed to find provider info for github.tornaco.xposedmoduletest.rf_kill_package_provider
12-11 10:07:31.929  7834  8676 I Telecom : PhoneAccountRegistrar: [ComponentInfo{com.android.phone/com.android.services.telephony.TelephonyConnectionService}, [e0184adedf913b076626646d3f52c3b49c39ad6d], UserHandle{0}(icon: Icon(typ=BITMAP size=48x60) -> Icon(typ=BITMAP size=48x60))]: TSI.rPA@AAU
12-11 10:07:31.933  7834  8676 I Telecom : : Sending phone-account registered intent as user: TSI.rPA@AAU
12-11 10:07:31.936  7834  8683 E ActivityThread: Failed to find provider info for github.tornaco.xposedmoduletest.lock_kill_package_provider
12-11 10:07:31.938  7834  8664 E ActivityThread: Failed to find provider info for github.tornaco.xposedmoduletest.config_setting_provider
12-11 10:07:31.947  7834  8682 E ActivityThread: Failed to find provider info for github.tornaco.xposedmoduletest.auto_start_package_provider
12-11 10:07:31.948  7834  8666 E ActivityThread: Failed to find provider info for github.tornaco.xposedmoduletest.app_guard_package_provider
12-11 10:07:31.949  7834  8685 E ActivityThread: Failed to find provider info for github.tornaco.xposedmoduletest.boot_package_provider
12-11 10:07:31.956  7834  7849 I Telecom : PhoneAccountRegistrar: getUserSelVoicePhoneAccount, voice subId = -1: TSI.gUSOPA@AAc
12-11 10:07:31.956  7834  7849 I Telecom : PhoneAccountRegistrar: getUserSelVoicePhoneAccount, emergency account : TSI.gUSOPA@AAc
12-11 10:07:32.040  7834  8676 I Telecom : PhoneAccountRegistrar: [ComponentInfo{com.android.phone/com.android.services.telephony.TelephonyConnectionService}, [e0184adedf913b076626646d3f52c3b49c39ad6d], UserHandle{0}(icon: Icon(typ=BITMAP size=48x60) -> Icon(typ=BITMAP size=48x60))]: TSI.rPA@AAg
12-11 10:07:32.043  7834  8676 I Telecom : : Sending phone-account registered intent as user: TSI.rPA@AAg
12-11 10:07:32.059  7834  7849 I Telecom : PhoneAccountRegistrar: [ComponentInfo{com.android.phone/com.android.services.telephony.TelephonyConnectionService}, [e0184adedf913b076626646d3f52c3b49c39ad6d], UserHandle{0}(icon: Icon(typ=BITMAP size=48x60) -> Icon(typ=BITMAP size=48x60))]: TSI.rPA@AAk
12-11 10:07:32.062  7834  7849 I Telecom : : Sending phone-account registered intent as user: TSI.rPA@AAk
12-11 10:07:32.076  7834  8988 I Telecom : PhoneAccountRegistrar: getUserSelVoicePhoneAccount, voice subId = -1: TSI.gUSOPA@AAs
12-11 10:07:32.076  7834  8988 I Telecom : PhoneAccountRegistrar: getUserSelVoicePhoneAccount, emergency account : TSI.gUSOPA@AAs
12-11 10:07:32.087  7834  7848 I Telecom : PhoneAccountRegistrar: [ComponentInfo{com.android.phone/com.android.services.telephony.TelephonyConnectionService}, [e0184adedf913b076626646d3f52c3b49c39ad6d], UserHandle{0}(icon: Icon(typ=BITMAP size=48x60) -> Icon(typ=BITMAP size=48x60))]: TSI.rPA@AAw
12-11 10:07:32.089  7834  7848 I Telecom : : Sending phone-account registered intent as user: TSI.rPA@AAw
12-11 10:07:32.116  7834  8684 E ActivityThread: Failed to find provider info for github.tornaco.xposedmoduletest.rf_kill_package_provider
12-11 10:07:32.116  7834  8665 E ActivityThread: Failed to find provider info for github.tornaco.xposedmoduletest.components_replacement_provider
12-11 10:07:32.159  7834  8695 E ActivityThread: Failed to find provider info for github.tornaco.xposedmoduletest.lock_kill_package_provider
12-11 10:07:32.161  7834  8691 E ActivityThread: Failed to find provider info for github.tornaco.xposedmoduletest.config_setting_provider
12-11 10:07:32.172  7834  8683 E ActivityThread: Failed to find provider info for github.tornaco.xposedmoduletest.auto_start_package_provider
12-11 10:07:32.172  7834  8664 E ActivityThread: Failed to find provider info for github.tornaco.xposedmoduletest.app_guard_package_provider
12-11 10:07:32.172  7834  8682 E ActivityThread: Failed to find provider info for github.tornaco.xposedmoduletest.boot_package_provider
12-11 10:07:32.251  8104  8104 E ActivityThread: Failed to find provider info for org.omnirom.omnijaws.provider
12-11 10:07:32.254  8104  8104 E ActivityThread: Failed to find provider info for org.omnirom.omnijaws.provider
12-11 10:07:32.255  8104  8104 E ActivityThread: Failed to find provider info for org.omnirom.omnijaws.provider
12-11 10:07:32.257  8104  8104 E ActivityThread: Failed to find provider info for org.omnirom.omnijaws.provider
12-11 10:07:32.260  8104  8104 E ActivityThread: Failed to find provider info for org.omnirom.omnijaws.provider
12-11 10:07:32.264  8104  8104 E ActivityThread: Failed to find provider info for org.omnirom.omnijaws.provider
12-11 10:07:32.264  8104  8104 E ActivityThread: Failed to find provider info for org.omnirom.omnijaws.provider
12-11 10:07:32.267  8104  8104 E ActivityThread: Failed to find provider info for org.omnirom.omnijaws.provider
12-11 10:07:32.288  8104  8104 E ActivityThread: Failed to find provider info for org.omnirom.omnijaws.provider
12-11 10:07:32.291  8104  8104 E ActivityThread: Failed to find provider info for org.omnirom.omnijaws.provider
12-11 10:07:32.292  8104  8104 E ActivityThread: Failed to find provider info for org.omnirom.omnijaws.provider
12-11 10:07:32.294  8104  8104 E ActivityThread: Failed to find provider info for org.omnirom.omnijaws.provider
12-11 10:07:32.295  8104  8104 E ActivityThread: Failed to find provider info for org.omnirom.omnijaws.provider
12-11 10:07:32.298  8104  8104 E ActivityThread: Failed to find provider info for org.omnirom.omnijaws.provider
12-11 10:07:32.299  8104  8104 E ActivityThread: Failed to find provider info for org.omnirom.omnijaws.provider
12-11 10:07:32.301  8104  8104 E ActivityThread: Failed to find provider info for org.omnirom.omnijaws.provider
12-11 10:07:32.339  7834  8666 E ActivityThread: Failed to find provider info for github.tornaco.xposedmoduletest.components_replacement_provider
12-11 10:07:32.340  7834  8685 E ActivityThread: Failed to find provider info for github.tornaco.xposedmoduletest.rf_kill_package_provider
12-11 10:07:32.383  7834  8684 E ActivityThread: Failed to find provider info for github.tornaco.xposedmoduletest.lock_kill_package_provider
12-11 10:07:32.384  7834  8665 E ActivityThread: Failed to find provider info for github.tornaco.xposedmoduletest.config_setting_provider
12-11 10:07:32.395  7834  8691 E ActivityThread: Failed to find provider info for github.tornaco.xposedmoduletest.app_guard_package_provider
12-11 10:07:32.395  7834  8695 E ActivityThread: Failed to find provider info for github.tornaco.xposedmoduletest.auto_start_package_provider
12-11 10:07:32.396  7834  8683 E ActivityThread: Failed to find provider info for github.tornaco.xposedmoduletest.boot_package_provider
12-11 10:07:32.409  8104  8104 E ActivityThread: Failed to find provider info for org.omnirom.omnijaws.provider
12-11 10:07:32.432  8104  8104 E ActivityThread: Failed to find provider info for org.omnirom.omnijaws.provider
12-11 10:07:32.432  8104  8104 E ActivityThread: Failed to find provider info for org.omnirom.omnijaws.provider
12-11 10:07:32.434  8104  8104 E ActivityThread: Failed to find provider info for org.omnirom.omnijaws.provider
12-11 10:07:32.562  7834  8664 E ActivityThread: Failed to find provider info for github.tornaco.xposedmoduletest.components_replacement_provider
12-11 10:07:32.562  7834  8682 E ActivityThread: Failed to find provider info for github.tornaco.xposedmoduletest.rf_kill_package_provider
12-11 10:07:32.607  7834  8666 E ActivityThread: Failed to find provider info for github.tornaco.xposedmoduletest.config_setting_provider
12-11 10:07:32.607  7834  8685 E ActivityThread: Failed to find provider info for github.tornaco.xposedmoduletest.lock_kill_package_provider
12-11 10:07:32.618  7834  8665 E ActivityThread: Failed to find provider info for github.tornaco.xposedmoduletest.app_guard_package_provider
12-11 10:07:32.618  7834  8684 E ActivityThread: Failed to find provider info for github.tornaco.xposedmoduletest.auto_start_package_provider
12-11 10:07:32.619  7834  8695 E ActivityThread: Failed to find provider info for github.tornaco.xposedmoduletest.boot_package_provider
12-11 10:07:32.653  7834  8988 I ActivityManager: Setting hasTopUi=true for pid=8104
12-11 10:07:32.744  7834  7874 I VrManagerService: VR mode is disallowed
12-11 10:07:32.780  7834  7834 I NotificationService: cancelToast pkg=android callback=android.widget.Toast$TN@4d89720
12-11 10:07:32.781  7834  7834 W WindowManager: Attempted to remove non-existing token: android.os.Binder@3aed303
12-11 10:07:32.785  7834  8691 E ActivityThread: Failed to find provider info for github.tornaco.xposedmoduletest.components_replacement_provider
12-11 10:07:32.788  7834  8683 E ActivityThread: Failed to find provider info for github.tornaco.xposedmoduletest.rf_kill_package_provider
12-11 10:07:32.799  7834  8047 D WifiService: New client listening to asynchronous messages
12-11 10:07:32.829  7834  8664 E ActivityThread: Failed to find provider info for github.tornaco.xposedmoduletest.config_setting_provider
12-11 10:07:32.830  7834  8682 E ActivityThread: Failed to find provider info for github.tornaco.xposedmoduletest.lock_kill_package_provider
12-11 10:07:32.841  7834  8684 E ActivityThread: Failed to find provider info for github.tornaco.xposedmoduletest.boot_package_provider
12-11 10:07:32.843  7834  8666 E ActivityThread: Failed to find provider info for github.tornaco.xposedmoduletest.app_guard_package_provider
12-11 10:07:32.843  7834  8685 E ActivityThread: Failed to find provider info for github.tornaco.xposedmoduletest.auto_start_package_provider
12-11 10:07:33.010  7834  8665 E ActivityThread: Failed to find provider info for github.tornaco.xposedmoduletest.components_replacement_provider
12-11 10:07:33.014  7834  8695 E ActivityThread: Failed to find provider info for github.tornaco.xposedmoduletest.rf_kill_package_provider
12-11 10:07:33.053  7834  8683 E ActivityThread: Failed to find provider info for github.tornaco.xposedmoduletest.lock_kill_package_provider
12-11 10:07:33.054  7834  8691 E ActivityThread: Failed to find provider info for github.tornaco.xposedmoduletest.config_setting_provider
12-11 10:07:33.064  7834  8682 E ActivityThread: Failed to find provider info for github.tornaco.xposedmoduletest.boot_package_provider
12-11 10:07:33.066  7834  8684 E ActivityThread: Failed to find provider info for github.tornaco.xposedmoduletest.auto_start_package_provider
12-11 10:07:33.066  7834  8664 E ActivityThread: Failed to find provider info for github.tornaco.xposedmoduletest.app_guard_package_provider
12-11 10:07:33.234  7834  8666 E ActivityThread: Failed to find provider info for github.tornaco.xposedmoduletest.components_replacement_provider
12-11 10:07:33.237  7834  8685 E ActivityThread: Failed to find provider info for github.tornaco.xposedmoduletest.rf_kill_package_provider
12-11 10:07:33.278  7834  8695 E ActivityThread: Failed to find provider info for github.tornaco.xposedmoduletest.lock_kill_package_provider
12-11 10:07:33.278  7834  8665 E ActivityThread: Failed to find provider info for github.tornaco.xposedmoduletest.config_setting_provider
12-11 10:07:33.288  7834  8683 E ActivityThread: Failed to find provider info for github.tornaco.xposedmoduletest.boot_package_provider
12-11 10:07:33.289  7834  8682 E ActivityThread: Failed to find provider info for github.tornaco.xposedmoduletest.auto_start_package_provider
12-11 10:07:33.290  7834  8691 E ActivityThread: Failed to find provider info for github.tornaco.xposedmoduletest.app_guard_package_provider
12-11 10:07:33.457  7834  8664 E ActivityThread: Failed to find provider info for github.tornaco.xposedmoduletest.components_replacement_provider
12-11 10:07:33.460  7834  8684 E ActivityThread: Failed to find provider info for github.tornaco.xposedmoduletest.rf_kill_package_provider
12-11 10:07:33.501  7834  8685 E ActivityThread: Failed to find provider info for github.tornaco.xposedmoduletest.lock_kill_package_provider
12-11 10:07:33.501  7834  8666 E ActivityThread: Failed to find provider info for github.tornaco.xposedmoduletest.config_setting_provider
12-11 10:07:33.512  7834  8695 E ActivityThread: Failed to find provider info for github.tornaco.xposedmoduletest.boot_package_provider
12-11 10:07:33.512  7834  8683 E ActivityThread: Failed to find provider info for github.tornaco.xposedmoduletest.auto_start_package_provider
12-11 10:07:33.513  7834  8665 E ActivityThread: Failed to find provider info for github.tornaco.xposedmoduletest.app_guard_package_provider
12-11 10:07:33.681  7834  8691 E ActivityThread: Failed to find provider info for github.tornaco.xposedmoduletest.components_replacement_provider
12-11 10:07:33.684  7834  8682 E ActivityThread: Failed to find provider info for github.tornaco.xposedmoduletest.rf_kill_package_provider
12-11 10:07:33.718  7834  8989 I ActivityManager: user 0 is still locked. Cannot load recents
12-11 10:07:33.724  7834  8664 E ActivityThread: Failed to find provider info for github.tornaco.xposedmoduletest.config_setting_provider
12-11 10:07:33.724  7834  8684 E ActivityThread: Failed to find provider info for github.tornaco.xposedmoduletest.lock_kill_package_provider
12-11 10:07:33.735  7834  8685 E ActivityThread: Failed to find provider info for github.tornaco.xposedmoduletest.boot_package_provider
12-11 10:07:33.735  7834  8695 E ActivityThread: Failed to find provider info for github.tornaco.xposedmoduletest.auto_start_package_provider
12-11 10:07:33.736  7834  8666 E ActivityThread: Failed to find provider info for github.tornaco.xposedmoduletest.app_guard_package_provider
12-11 10:07:33.904  7834  8665 E ActivityThread: Failed to find provider info for github.tornaco.xposedmoduletest.components_replacement_provider
12-11 10:07:33.908  7834  8683 E ActivityThread: Failed to find provider info for github.tornaco.xposedmoduletest.rf_kill_package_provider
12-11 10:07:33.947  7834  8691 E ActivityThread: Failed to find provider info for github.tornaco.xposedmoduletest.config_setting_provider
12-11 10:07:33.948  7834  8682 E ActivityThread: Failed to find provider info for github.tornaco.xposedmoduletest.lock_kill_package_provider
12-11 10:07:33.958  7834  8684 E ActivityThread: Failed to find provider info for github.tornaco.xposedmoduletest.boot_package_provider
12-11 10:07:33.959  7834  8664 E ActivityThread: Failed to find provider info for github.tornaco.xposedmoduletest.app_guard_package_provider
12-11 10:07:33.959  7834  8685 E ActivityThread: Failed to find provider info for github.tornaco.xposedmoduletest.auto_start_package_provider
12-11 10:07:34.129  7834  8666 E ActivityThread: Failed to find provider info for github.tornaco.xposedmoduletest.components_replacement_provider
12-11 10:07:34.136  7834  8695 E ActivityThread: Failed to find provider info for github.tornaco.xposedmoduletest.rf_kill_package_provider
12-11 10:07:34.172  7834  8665 E ActivityThread: Failed to find provider info for github.tornaco.xposedmoduletest.config_setting_provider
12-11 10:07:34.173  7834  8683 E ActivityThread: Failed to find provider info for github.tornaco.xposedmoduletest.lock_kill_package_provider
12-11 10:07:34.183  7834  8682 E ActivityThread: Failed to find provider info for github.tornaco.xposedmoduletest.boot_package_provider
12-11 10:07:34.183  7834  8691 E ActivityThread: Failed to find provider info for github.tornaco.xposedmoduletest.app_guard_package_provider
12-11 10:07:34.189  7834  8684 E ActivityThread: Failed to find provider info for github.tornaco.xposedmoduletest.auto_start_package_provider
12-11 10:07:34.355  7834  8664 E ActivityThread: Failed to find provider info for github.tornaco.xposedmoduletest.components_replacement_provider
12-11 10:07:34.363  7834  8685 E ActivityThread: Failed to find provider info for github.tornaco.xposedmoduletest.rf_kill_package_provider
12-11 10:07:34.397  7834  8666 E ActivityThread: Failed to find provider info for github.tornaco.xposedmoduletest.config_setting_provider
12-11 10:07:34.402  7834  8695 E ActivityThread: Failed to find provider info for github.tornaco.xposedmoduletest.lock_kill_package_provider
12-11 10:07:34.408  7834  8683 E ActivityThread: Failed to find provider info for github.tornaco.xposedmoduletest.boot_package_provider
12-11 10:07:34.408  7834  8665 E ActivityThread: Failed to find provider info for github.tornaco.xposedmoduletest.app_guard_package_provider
12-11 10:07:34.413  7834  8682 E ActivityThread: Failed to find provider info for github.tornaco.xposedmoduletest.auto_start_package_provider
12-11 10:07:34.581  7834  8691 E ActivityThread: Failed to find provider info for github.tornaco.xposedmoduletest.components_replacement_provider
12-11 10:07:34.588  7834  8684 E ActivityThread: Failed to find provider info for github.tornaco.xposedmoduletest.rf_kill_package_provider
12-11 10:07:34.621  7834  8664 E ActivityThread: Failed to find provider info for github.tornaco.xposedmoduletest.config_setting_provider
12-11 10:07:34.629  7834  8685 E ActivityThread: Failed to find provider info for github.tornaco.xposedmoduletest.lock_kill_package_provider
12-11 10:07:34.632  7834  8695 E ActivityThread: Failed to find provider info for github.tornaco.xposedmoduletest.boot_package_provider
12-11 10:07:34.636  7834  8666 E ActivityThread: Failed to find provider info for github.tornaco.xposedmoduletest.app_guard_package_provider
12-11 10:07:34.640  7834  8683 E ActivityThread: Failed to find provider info for github.tornaco.xposedmoduletest.auto_start_package_provider
12-11 10:07:34.807  7834  8665 E ActivityThread: Failed to find provider info for github.tornaco.xposedmoduletest.components_replacement_provider
12-11 10:07:34.813  7834  8682 E ActivityThread: Failed to find provider info for github.tornaco.xposedmoduletest.rf_kill_package_provider
12-11 10:07:34.847  7834  8691 E ActivityThread: Failed to find provider info for github.tornaco.xposedmoduletest.config_setting_provider
12-11 10:07:34.855  7834  8684 E ActivityThread: Failed to find provider info for github.tornaco.xposedmoduletest.lock_kill_package_provider
12-11 10:07:34.858  7834  8685 E ActivityThread: Failed to find provider info for github.tornaco.xposedmoduletest.boot_package_provider
12-11 10:07:34.862  7834  8664 E ActivityThread: Failed to find provider info for github.tornaco.xposedmoduletest.app_guard_package_provider
12-11 10:07:34.866  7834  8695 E ActivityThread: Failed to find provider info for github.tornaco.xposedmoduletest.auto_start_package_provider
12-11 10:07:35.033  7834  8666 E ActivityThread: Failed to find provider info for github.tornaco.xposedmoduletest.components_replacement_provider
12-11 10:07:35.038  7834  8683 E ActivityThread: Failed to find provider info for github.tornaco.xposedmoduletest.rf_kill_package_provider
12-11 10:07:35.072  7834  8665 E ActivityThread: Failed to find provider info for github.tornaco.xposedmoduletest.config_setting_provider
12-11 10:07:35.079  7834  8682 E ActivityThread: Failed to find provider info for github.tornaco.xposedmoduletest.lock_kill_package_provider
12-11 10:07:35.082  7834  8684 E ActivityThread: Failed to find provider info for github.tornaco.xposedmoduletest.boot_package_provider
12-11 10:07:35.088  7834  8691 E ActivityThread: Failed to find provider info for github.tornaco.xposedmoduletest.app_guard_package_provider
12-11 10:07:35.090  7834  8685 E ActivityThread: Failed to find provider info for github.tornaco.xposedmoduletest.auto_start_package_provider
12-11 10:07:35.258  7834  8664 E ActivityThread: Failed to find provider info for github.tornaco.xposedmoduletest.components_replacement_provider
12-11 10:07:35.264  7834  8695 E ActivityThread: Failed to find provider info for github.tornaco.xposedmoduletest.rf_kill_package_provider
12-11 10:07:35.296  7834  8666 E ActivityThread: Failed to find provider info for github.tornaco.xposedmoduletest.config_setting_provider
12-11 10:07:35.303  7834  8683 E ActivityThread: Failed to find provider info for github.tornaco.xposedmoduletest.lock_kill_package_provider
12-11 10:07:35.306  7834  8682 E ActivityThread: Failed to find provider info for github.tornaco.xposedmoduletest.boot_package_provider
12-11 10:07:35.313  7834  8665 E ActivityThread: Failed to find provider info for github.tornaco.xposedmoduletest.app_guard_package_provider
12-11 10:07:35.314  7834  8684 E ActivityThread: Failed to find provider info for github.tornaco.xposedmoduletest.auto_start_package_provider
12-11 10:07:35.485  7834  8691 E ActivityThread: Failed to find provider info for github.tornaco.xposedmoduletest.components_replacement_provider
12-11 10:07:35.488  7834  8685 E ActivityThread: Failed to find provider info for github.tornaco.xposedmoduletest.rf_kill_package_provider
12-11 10:07:35.521  7834  8664 E ActivityThread: Failed to find provider info for github.tornaco.xposedmoduletest.config_setting_provider
12-11 10:07:35.527  7834  8695 E ActivityThread: Failed to find provider info for github.tornaco.xposedmoduletest.lock_kill_package_provider
12-11 10:07:35.533  7834  8683 E ActivityThread: Failed to find provider info for github.tornaco.xposedmoduletest.boot_package_provider
12-11 10:07:35.539  7834  8682 E ActivityThread: Failed to find provider info for github.tornaco.xposedmoduletest.auto_start_package_provider
12-11 10:07:35.540  7834  8666 E ActivityThread: Failed to find provider info for github.tornaco.xposedmoduletest.app_guard_package_provider
12-11 10:07:35.710  7834  8665 E ActivityThread: Failed to find provider info for github.tornaco.xposedmoduletest.components_replacement_provider
12-11 10:07:35.713  7834  8684 E ActivityThread: Failed to find provider info for github.tornaco.xposedmoduletest.rf_kill_package_provider
12-11 10:07:35.746  7834  8691 E ActivityThread: Failed to find provider info for github.tornaco.xposedmoduletest.config_setting_provider
12-11 10:07:35.752  7834  8685 E ActivityThread: Failed to find provider info for github.tornaco.xposedmoduletest.lock_kill_package_provider
12-11 10:07:35.758  7834  8695 E ActivityThread: Failed to find provider info for github.tornaco.xposedmoduletest.boot_package_provider
12-11 10:07:35.764  7834  8683 E ActivityThread: Failed to find provider info for github.tornaco.xposedmoduletest.auto_start_package_provider
12-11 10:07:35.766  7834  8664 E ActivityThread: Failed to find provider info for github.tornaco.xposedmoduletest.app_guard_package_provider
12-11 10:07:35.936  7834  8666 E ActivityThread: Failed to find provider info for github.tornaco.xposedmoduletest.components_replacement_provider
12-11 10:07:35.938  7834  8682 E ActivityThread: Failed to find provider info for github.tornaco.xposedmoduletest.rf_kill_package_provider
12-11 10:07:35.971  7834  8665 E ActivityThread: Failed to find provider info for github.tornaco.xposedmoduletest.config_setting_provider
12-11 10:07:35.977  7834  8684 E ActivityThread: Failed to find provider info for github.tornaco.xposedmoduletest.lock_kill_package_provider
12-11 10:07:35.982  7834  8685 E ActivityThread: Failed to find provider info for github.tornaco.xposedmoduletest.boot_package_provider
12-11 10:07:35.988  7834  8695 E ActivityThread: Failed to find provider info for github.tornaco.xposedmoduletest.auto_start_package_provider
12-11 10:07:35.990  7834  8691 E ActivityThread: Failed to find provider info for github.tornaco.xposedmoduletest.app_guard_package_provider
12-11 10:07:36.161  7834  8664 E ActivityThread: Failed to find provider info for github.tornaco.xposedmoduletest.components_replacement_provider
12-11 10:07:36.163  7834  8683 E ActivityThread: Failed to find provider info for github.tornaco.xposedmoduletest.rf_kill_package_provider
12-11 10:07:36.195  7834  8666 E ActivityThread: Failed to find provider info for github.tornaco.xposedmoduletest.config_setting_provider
12-11 10:07:36.201  7834  8682 E ActivityThread: Failed to find provider info for github.tornaco.xposedmoduletest.lock_kill_package_provider
12-11 10:07:36.207  7834  8684 E ActivityThread: Failed to find provider info for github.tornaco.xposedmoduletest.boot_package_provider
12-11 10:07:36.213  7834  8685 E ActivityThread: Failed to find provider info for github.tornaco.xposedmoduletest.auto_start_package_provider
12-11 10:07:36.213  7834  8665 E ActivityThread: Failed to find provider info for github.tornaco.xposedmoduletest.app_guard_package_provider
12-11 10:07:36.289  7834  7834 W WindowManager: Attempted to remove non-existing token: android.os.Binder@93f5352
12-11 10:07:36.306  7834  7834 W WindowManager: Failed looking up window
12-11 10:07:36.306  7834  7834 W WindowManager: java.lang.IllegalArgumentException: Requested window android.view.ViewRootImpl$W@ddb529e does not exist
12-11 10:07:36.306  7834  7834 W WindowManager: 	at com.android.server.wm.WindowManagerService.windowForClientLocked(WindowManagerService.java:9523)
12-11 10:07:36.306  7834  7834 W WindowManager: 	at com.android.server.wm.WindowManagerService.windowForClientLocked(WindowManagerService.java:9514)
12-11 10:07:36.306  7834  7834 W WindowManager: 	at com.android.server.wm.WindowManagerService.removeWindow(WindowManagerService.java:2425)
12-11 10:07:36.306  7834  7834 W WindowManager: 	at com.android.server.wm.Session.remove(Session.java:202)
