03-25 23:12:36.131 10499 10656 I EventHub: New device: id=2, fd=139, path='/dev/input/event5', name='msm8974-taiko-mtp-snd-card Button Jack', classes=0x1, configuration='', keyLayout='/system/usr/keylayout/msm8974-taiko-mtp-snd-card_Button_Jack.kl', keyCharacterMap='/system/usr/keychars/Generic.kcm', builtinKeyboard=false, 
03-25 23:12:36.131 10499 10656 D EventHub: No input device configuration file found for device 'fpc1020tp'.
03-25 23:12:36.132 10499 10499 I SystemServiceManager: Starting com.android.server.InputMethodManagerService$Lifecycle
03-25 23:12:36.134 10499 10656 W EventHub: Unable to disable kernel key repeat for /dev/input/event2: Function not implemented
03-25 23:12:36.134 10499 10656 I EventHub: wakeMechanism=EVIOCSSUSPENDBLOCK, usingClockIoctl=true
03-25 23:12:36.134 10499 10656 I EventHub: New device: id=3, fd=140, path='/dev/input/event2', name='fpc1020tp', classes=0x1, configuration='', keyLayout='/system/usr/keylayout/fpc1020tp.kl', keyCharacterMap='/system/usr/keychars/Generic.kcm', builtinKeyboard=false, 
03-25 23:12:36.135 10499 10656 D EventHub: No input device configuration file found for device 'Goodix-CTP'.
03-25 23:12:36.137 10499 10656 W EventHub: Unable to disable kernel key repeat for /dev/input/event0: Function not implemented
03-25 23:12:36.137 10499 10656 I EventHub: wakeMechanism=EVIOCSSUSPENDBLOCK, usingClockIoctl=true
03-25 23:12:36.137 10499 10656 I EventHub: New device: id=4, fd=141, path='/dev/input/event0', name='Goodix-CTP', classes=0x15, configuration='', keyLayout='/system/usr/keylayout/Goodix-CTP.kl', keyCharacterMap='/system/usr/keychars/Generic.kcm', builtinKeyboard=false, 
03-25 23:12:36.137 10499 10656 D EventHub: No input device configuration file found for device 'qpnp_pon'.
03-25 23:12:36.139 10499 10656 W EventHub: Unable to disable kernel key repeat for /dev/input/event3: Function not implemented
03-25 23:12:36.139 10499 10656 I EventHub: wakeMechanism=EVIOCSSUSPENDBLOCK, usingClockIoctl=true
03-25 23:12:36.139 10499 10656 I EventHub: New device: id=5, fd=142, path='/dev/input/event3', name='qpnp_pon', classes=0x1, configuration='', keyLayout='/system/usr/keylayout/qpnp_pon.kl', keyCharacterMap='/system/usr/keychars/Generic.kcm', builtinKeyboard=false, 
03-25 23:12:36.139 10499 10656 D EventHub: No input device configuration file found for device 'hall-switch'.
03-25 23:12:36.139 10499 10656 I EventHub: wakeMechanism=EVIOCSSUSPENDBLOCK, usingClockIoctl=true
03-25 23:12:36.139 10499 10656 I EventHub: New device: id=6, fd=143, path='/dev/input/event1', name='hall-switch', classes=0x80, configuration='', keyLayout='', keyCharacterMap='', builtinKeyboard=false, 
03-25 23:12:36.140 10499 10656 E EventHub: could not get driver version for /dev/input/mice, Not a typewriter
03-25 23:12:36.148 10499 10499 I Xposed  : X-APM-S-VERBOSE-****************** addService: input_method *****************
03-25 23:12:36.149 10499 10499 D SystemServerTiming: StartInputMethodManagerLifecycle took to complete: 18ms
03-25 23:12:36.149 10499 10499 I SystemServer: StartAccessibilityManagerService
03-25 23:12:36.156 10499 10499 I Xposed  : X-APM-S-VERBOSE-****************** addService: accessibility *****************
03-25 23:12:36.156 10499 10499 D SystemServerTiming: StartAccessibilityManagerService took to complete: 8ms
03-25 23:12:36.156 10499 10499 I SystemServer: MakeDisplayReady
03-25 23:12:36.158 10499 10499 I ActivityManager: Config changes=5df8 {1.0 ?mcc?mnc [zh_CN_#Hans] ldltr sw432dp w432dp h768dp 400dpi nrml long port ?uimode ?night -touch -keyb/v/h -nav/h appBounds=Rect(0, 0 - 1080, 1920) s.2}
03-25 23:12:36.164 10499 10499 I ActivityManager: Override config changes=40007dfc {1.0 ?mcc?mnc [zh_CN_#Hans] ldltr sw432dp w432dp h768dp 400dpi nrml long port ?uimode ?night -touch -keyb/v/h -nav/h appBounds=Rect(0, 0 - 1080, 1920) s.2} for displayId=0
03-25 23:12:36.179 10499 10656 D EventHub: No input device configuration file found for device 'gpio-keys'.
03-25 23:12:36.179 10499 10520 I UsageStatsService: User[0] Rollover scheduled @ 2018-03-26 21:52:32(1522115552624)
03-25 23:12:36.181 10499 10656 W EventHub: Unable to disable kernel key repeat for /dev/input/event4: Function not implemented
03-25 23:12:36.181 10499 10656 I EventHub: wakeMechanism=EVIOCSSUSPENDBLOCK, usingClockIoctl=true
03-25 23:12:36.182 10499 10656 I EventHub: New device: id=7, fd=145, path='/dev/input/event4', name='gpio-keys', classes=0x1, configuration='', keyLayout='/system/usr/keylayout/gpio-keys.kl', keyCharacterMap='/system/usr/keychars/Generic.kcm', builtinKeyboard=false, 
03-25 23:12:36.185 10499 10656 I InputReader: Device added: id=-1, name='Virtual', sources=0x00000301
03-25 23:12:36.185 10499 10656 I InputReader: Device added: id=7, name='gpio-keys', sources=0x00000101
03-25 23:12:36.186 10499 10656 I InputReader: Device added: id=6, name='hall-switch', sources=0x80000000
03-25 23:12:36.186 10499 10656 I InputReader: Device added: id=5, name='qpnp_pon', sources=0x00000101
03-25 23:12:36.187 10499 10656 I InputReader:   Touch device 'Goodix-CTP' could not query the properties of its associated display.  The device will be inoperable until the display size becomes available.
03-25 23:12:36.187 10499 10656 I InputReader: Device added: id=4, name='Goodix-CTP', sources=0x00001103
03-25 23:12:36.187 10499 10656 I InputReader: Device added: id=3, name='fpc1020tp', sources=0x00000101
03-25 23:12:36.187 10499 10656 I InputReader: Device added: id=2, name='msm8974-taiko-mtp-snd-card Button Jack', sources=0x00000101
03-25 23:12:36.187 10499 10656 I InputReader: Device added: id=1, name='msm8974-taiko-mtp-snd-card Headset Jack', sources=0x80000000
03-25 23:12:36.190 10499 10656 I InputReader: Reconfiguring input devices.  changes=0x00000004
03-25 23:12:36.190 10499 10656 I InputReader: Device reconfigured: id=4, name='Goodix-CTP', size 1080x1920, orientation 0, mode 1, display id 0
03-25 23:12:36.191 10499 10656 I InputReader: Reconfiguring input devices.  changes=0x00000004
03-25 23:12:36.193 10499 10655 I ActivityManager: Config changes=408 {1.0 ?mcc?mnc [zh_CN_#Hans] ldltr sw432dp w432dp h744dp 400dpi nrml long port ?uimode ?night finger -keyb/v/h -nav/h appBounds=Rect(0, 0 - 1080, 1920) s.3}
03-25 23:12:36.197 10499 10655 I ActivityManager: Override config changes=408 {1.0 ?mcc?mnc [zh_CN_#Hans] ldltr sw432dp w432dp h744dp 400dpi nrml long port ?uimode ?night finger -keyb/v/h -nav/h appBounds=Rect(0, 0 - 1080, 1920) s.3} for displayId=0
03-25 23:12:36.208 10499 10499 D SystemServerTiming: MakeDisplayReady took to complete: 51ms
03-25 23:12:36.208 10499 10499 I SystemServer: StartStorageManagerService
03-25 23:12:36.208 10499 10499 I SystemServiceManager: Starting com.android.server.StorageManagerService$Lifecycle
03-25 23:12:36.208 10499 10656 I InputReader: Reconfiguring input devices.  changes=0x00000004
03-25 23:12:36.228 10499 10499 I Xposed  : X-APM-S-VERBOSE-****************** addService: mount *****************
03-25 23:12:36.229 10499 10499 D SystemServerTiming: StartStorageManagerService took to complete: 20ms
03-25 23:12:36.229 10499 10499 I SystemServer: StartStorageStatsService
03-25 23:12:36.229 10499 10499 I SystemServiceManager: Starting com.android.server.usage.StorageStatsService$Lifecycle
03-25 23:12:36.230 10499 10666 D StorageManagerService: Thinking about init, mSystemReady=false, mDaemonConnected=true
03-25 23:12:36.230 10499 10666 D StorageManagerService: Thinking about reset, mSystemReady=false, mDaemonConnected=true
03-25 23:12:36.231 10499 10666 D StorageManagerService: Thinking about init, mSystemReady=false, mDaemonConnected=true
03-25 23:12:36.231 10499 10666 D StorageManagerService: Thinking about reset, mSystemReady=false, mDaemonConnected=true
03-25 23:12:36.231 10499 10666 D CryptdConnector: SND -> {1 cryptfs getfield SystemLocale}
03-25 23:12:36.233   502  3023 D installd: Found storage mount /data/media at /mnt/runtime/default/emulated
03-25 23:12:36.233   502  3122 D installd: Found storage mount /data/media at /mnt/runtime/default/emulated
03-25 23:12:36.235 10499 10499 I Xposed  : X-APM-S-VERBOSE-****************** addService: storagestats *****************
03-25 23:12:36.235 10499 10499 D SystemServerTiming: StartStorageStatsService took to complete: 7ms
03-25 23:12:36.235 10499 10527 W CacheQuotaStrategy: No valid components found.
03-25 23:12:36.235 10499 10499 I SystemServer: StartUiModeManager
03-25 23:12:36.236 10499 10499 I SystemServiceManager: Starting com.android.server.UiModeManagerService
03-25 23:12:36.239 10499 10590 D SystemServerInitThreadPool: Started executing UiModeManager.onStart
03-25 23:12:36.240 10499 10590 I ActivityManager: Config changes=200 {1.0 ?mcc?mnc [zh_CN_#Hans] ldltr sw432dp w432dp h744dp 400dpi nrml long port finger -keyb/v/h -nav/h appBounds=Rect(0, 0 - 1080, 1920) s.4}
03-25 23:12:36.240 10499 10499 I Xposed  : X-APM-S-VERBOSE-****************** addService: uimode *****************
03-25 23:12:36.240 10499 10499 D SystemServerTiming: StartUiModeManager took to complete: 4ms
03-25 23:12:36.240 10499 10499 I SystemServer: UpdatePackagesIfNeeded
03-25 23:12:36.240 10499 10499 D SystemServerTiming: UpdatePackagesIfNeeded took to complete: 1ms
03-25 23:12:36.240 10499 10499 I SystemServer: PerformFstrimIfNeeded
03-25 23:12:36.243 10499 10499 D SystemServerTiming: PerformFstrimIfNeeded took to complete: 2ms
03-25 23:12:36.243 10499 10499 I SystemServer: StartLockSettingsService
03-25 23:12:36.243 10499 10499 I SystemServiceManager: Starting com.android.server.locksettings.LockSettingsService$Lifecycle
03-25 23:12:36.246 10499 10590 I ActivityManager: Override config changes=200 {1.0 ?mcc?mnc [zh_CN_#Hans] ldltr sw432dp w432dp h744dp 400dpi nrml long port finger -keyb/v/h -nav/h appBounds=Rect(0, 0 - 1080, 1920) s.4} for displayId=0
03-25 23:12:36.252 10499 10590 D SystemServerInitThreadPool: Finished executing UiModeManager.onStart
03-25 23:12:36.272 10499 10499 I Xposed  : X-APM-S-VERBOSE-****************** addService: lock_settings *****************
03-25 23:12:36.273 10499 10499 D SystemServerTiming: StartLockSettingsService took to complete: 29ms
03-25 23:12:36.273 10499 10499 I SystemServer: StartPersistentDataBlock
03-25 23:12:36.273 10499 10499 I SystemServiceManager: Starting com.android.server.PersistentDataBlockService
03-25 23:12:36.274 10499 10499 D SystemServerTiming: StartPersistentDataBlock took to complete: 1ms
03-25 23:12:36.274 10499 10519 D SystemServerInitThreadPool: Started executing PersistentDataBlockService.onStart
03-25 23:12:36.274 10499 10499 I SystemServer: StartOemLockService
03-25 23:12:36.275 10499 10499 I SystemServiceManager: Starting com.android.server.oemlock.OemLockService
03-25 23:12:36.275 10499 10499 I system_server: Looking for service android.hardware.oemlock@1.0::IOemLock/default
03-25 23:12:36.276 10499 10519 E PersistentDataBlockService: partition not available?
03-25 23:12:36.276 10499 10519 E PersistentDataBlockService: java.io.FileNotFoundException: /dev/block/platform/msm_sdcc.1/by-name/frp (No such file or directory)
03-25 23:12:36.276 10499 10519 E PersistentDataBlockService: 	at java.io.FileInputStream.open0(Native Method)
03-25 23:12:36.276 10499 10519 E PersistentDataBlockService: 	at java.io.FileInputStream.open(FileInputStream.java:200)
03-25 23:12:36.276 10499 10519 E PersistentDataBlockService: 	at java.io.FileInputStream.<init>(FileInputStream.java:150)
03-25 23:12:36.276 10499 10519 E PersistentDataBlockService: 	at com.android.server.PersistentDataBlockService.computeDigestLocked(PersistentDataBlockService.java:268)
03-25 23:12:36.276 10499 10519 E PersistentDataBlockService: 	at com.android.server.PersistentDataBlockService.enforceChecksumValidity(PersistentDataBlockService.java:227)
03-25 23:12:36.276 10499 10519 E PersistentDataBlockService: 	at com.android.server.PersistentDataBlockService.lambda$-com_android_server_PersistentDataBlockService_5033(PersistentDataBlockService.java:126)
03-25 23:12:36.276 10499 10519 E PersistentDataBlockService: 	at com.android.server.-$Lambda$VaVGUZuNs2jqHMhhxPzwNl4zK-M.$m$3(Unknown Source:4)
03-25 23:12:36.276 10499 10519 E PersistentDataBlockService: 	at com.android.server.-$Lambda$VaVGUZuNs2jqHMhhxPzwNl4zK-M.run(Unknown Source:23)
03-25 23:12:36.276 10499 10519 E PersistentDataBlockService: 	at com.android.server.SystemServerInitThreadPool.lambda$-com_android_server_SystemServerInitThreadPool_2249(SystemServerInitThreadPool.java:64)
03-25 23:12:36.276 10499 10519 E PersistentDataBlockService: 	at com.android.server.-$Lambda$Ganck_s9Kl5o2K6eVDoQTKLc-6g.$m$2(Unknown Source:8)
03-25 23:12:36.276 10499 10519 E PersistentDataBlockService: 	at com.android.server.-$Lambda$Ganck_s9Kl5o2K6eVDoQTKLc-6g.run(Unknown Source:19)
03-25 23:12:36.276 10499 10519 E PersistentDataBlockService: 	at java.util.concurrent.Executors$RunnableAdapter.call(Executors.java:457)
03-25 23:12:36.276 10499 10519 E PersistentDataBlockService: 	at java.util.concurrent.FutureTask.run(FutureTask.java:266)
03-25 23:12:36.276 10499 10519 E PersistentDataBlockService: 	at java.util.concurrent.ThreadPoolExecutor.runWorker(ThreadPoolExecutor.java:1162)
03-25 23:12:36.276 10499 10519 E PersistentDataBlockService: 	at java.util.concurrent.ThreadPoolExecutor$Worker.run(ThreadPoolExecutor.java:636)
03-25 23:12:36.276 10499 10519 E PersistentDataBlockService: 	at com.android.internal.util.ConcurrentUtils$1$1.run(ConcurrentUtils.java:59)
03-25 23:12:36.276 10499 10519 I PersistentDataBlockService: Formatting FRP partition...
03-25 23:12:36.276   230   230 W /system/bin/hwservicemanager: getTransport: Cannot find entry android.hardware.oemlock@1.0::IOemLock/default in either framework or device manifest.
03-25 23:12:36.276 10499 10519 E PersistentDataBlockService: partition not available?
03-25 23:12:36.276 10499 10519 E PersistentDataBlockService: java.io.FileNotFoundException: /dev/block/platform/msm_sdcc.1/by-name/frp (Permission denied)
03-25 23:12:36.276 10499 10519 E PersistentDataBlockService: 	at java.io.FileOutputStream.open0(Native Method)
03-25 23:12:36.276 10499 10519 E PersistentDataBlockService: 	at java.io.FileOutputStream.open(FileOutputStream.java:287)
03-25 23:12:36.276 10499 10519 E PersistentDataBlockService: 	at java.io.FileOutputStream.<init>(FileOutputStream.java:223)
03-25 23:12:36.276 10499 10519 E PersistentDataBlockService: 	at java.io.FileOutputStream.<init>(FileOutputStream.java:171)
03-25 23:12:36.276 10499 10519 E PersistentDataBlockService: 	at com.android.server.PersistentDataBlockService.formatPartitionLocked(PersistentDataBlockService.java:310)
03-25 23:12:36.276 10499 10519 E PersistentDataBlockService: 	at com.android.server.PersistentDataBlockService.enforceChecksumValidity(PersistentDataBlockService.java:230)
03-25 23:12:36.276 10499 10519 E PersistentDataBlockService: 	at com.android.server.PersistentDataBlockService.lambda$-com_android_server_PersistentDataBlockService_5033(PersistentDataBlockService.java:126)
03-25 23:12:36.276 10499 10519 E PersistentDataBlockService: 	at com.android.server.-$Lambda$VaVGUZuNs2jqHMhhxPzwNl4zK-M.$m$3(Unknown Source:4)
03-25 23:12:36.276 10499 10519 E PersistentDataBlockService: 	at com.android.server.-$Lambda$VaVGUZuNs2jqHMhhxPzwNl4zK-M.run(Unknown Source:23)
03-25 23:12:36.276 10499 10519 E PersistentDataBlockService: 	at com.android.server.SystemServerInitThreadPool.lambda$-com_android_server_SystemServerInitThreadPool_2249(SystemServerInitThreadPool.java:64)
03-25 23:12:36.276 10499 10519 E PersistentDataBlockService: 	at com.android.server.-$Lambda$Ganck_s9Kl5o2K6eVDoQTKLc-6g.$m$2(Unknown Source:8)
03-25 23:12:36.276 10499 10519 E PersistentDataBlockService: 	at com.android.server.-$Lambda$Ganck_s9Kl5o2K6eVDoQTKLc-6g.run(Unknown Source:19)
03-25 23:12:36.276 10499 10519 E PersistentDataBlockService: 	at java.util.concurrent.Executors$RunnableAdapter.call(Executors.java:457)
03-25 23:12:36.276 10499 10519 E PersistentDataBlockService: 	at java.util.concurrent.FutureTask.run(FutureTask.java:266)
03-25 23:12:36.276 10499 10519 E PersistentDataBlockService: 	at java.util.concurrent.ThreadPoolExecutor.runWorker(ThreadPoolExecutor.java:1162)
03-25 23:12:36.276 10499 10519 E PersistentDataBlockService: 	at java.util.concurrent.ThreadPoolExecutor$Worker.run(ThreadPoolExecutor.java:636)
03-25 23:12:36.276 10499 10519 E PersistentDataBlockService: 	at com.android.internal.util.ConcurrentUtils$1$1.run(ConcurrentUtils.java:59)
03-25 23:12:36.276 10499 10519 E PersistentDataBlockService: partition not available
03-25 23:12:36.277 10499 10499 I OemLock : OemLock HAL not present on device
03-25 23:12:36.277 10499 10499 I OemLock : Using persistent data block based lock
03-25 23:12:36.279 10499 10519 I Xposed  : X-APM-S-VERBOSE-****************** addService: persistent_data_block *****************
03-25 23:12:36.279 10499 10499 I Xposed  : X-APM-S-VERBOSE-****************** addService: oem_lock *****************
03-25 23:12:36.279 10499 10519 D SystemServerInitThreadPool: Finished executing PersistentDataBlockService.onStart
03-25 23:12:36.279 10499 10499 D SystemServerTiming: StartOemLockService took to complete: 6ms
03-25 23:12:36.279 10499 10499 I SystemServer: StartDeviceIdleController
03-25 23:12:36.279 10499 10499 I SystemServiceManager: Starting com.android.server.DeviceIdleController
03-25 23:12:36.282 10499 10499 I Xposed  : X-APM-S-VERBOSE-getFullPowerWhitelistInternal
03-25 23:12:36.282 10499 10499 I Xposed  : X-APM-S-VERBOSE-getSystemPowerWhitelistInternal
03-25 23:12:36.282 10499 10499 I Xposed  : X-APM-S-BOOT_STAGE-mDeviceIdleController: DeviceIdleControllerProxy(deviceIdleController=com.android.server.DeviceIdleController@4e9e66a)
03-25 23:12:36.283 10499 10499 I Xposed  : X-APM-S-BOOT_STAGE-mPowerWhitelistBackend: github.tornaco.xposedmoduletest.xposed.service.doze.PowerWhitelistBackend@bc7975b
03-25 23:12:36.286 10499 10499 I Xposed  : X-APM-S-VERBOSE-****************** addService: deviceidle *****************
03-25 23:12:36.286 10499 10499 D SystemServerTiming: StartDeviceIdleController took to complete: 7ms
03-25 23:12:36.286 10499 10499 I SystemServer: StartDevicePolicyManager
03-25 23:12:36.286 10499 10499 I SystemServiceManager: Starting com.android.server.devicepolicy.DevicePolicyManagerService$Lifecycle
03-25 23:12:36.294 10499 10499 I Xposed  : X-APM-S-VERBOSE-****************** addService: device_policy *****************
03-25 23:12:36.294 10499 10499 D SystemServerTiming: StartDevicePolicyManager took to complete: 8ms
03-25 23:12:36.294 10499 10499 I SystemServer: StartStatusBarManagerService
03-25 23:12:36.299 10499 10499 I Xposed  : X-APM-S-VERBOSE-****************** addService: statusbar *****************
03-25 23:12:36.299 10499 10499 D SystemServerTiming: StartStatusBarManagerService took to complete: 5ms
03-25 23:12:36.299 10499 10499 I SystemServer: StartClipboardService
03-25 23:12:36.300 10499 10499 I SystemServiceManager: Starting com.android.server.clipboard.ClipboardService
03-25 23:12:36.301 10499 10499 I Xposed  : X-APM-S-VERBOSE-****************** addService: clipboard *****************
03-25 23:12:36.301 10499 10499 D SystemServerTiming: StartClipboardService took to complete: 2ms
03-25 23:12:36.302 10499 10499 I SystemServer: StartNetworkManagementService
03-25 23:12:36.307 10499 10670 I NetworkManagement: onDaemonConnected()
03-25 23:12:36.311 10499 10499 I Xposed  : X-APM-S-VERBOSE-****************** addService: network_management *****************
03-25 23:12:36.311 10499 10499 D SystemServerTiming: StartNetworkManagementService took to complete: 9ms
03-25 23:12:36.311 10499 10499 I SystemServer: StartTextServicesManager
03-25 23:12:36.311 10499 10499 I SystemServiceManager: Starting com.android.server.TextServicesManagerService$Lifecycle
03-25 23:12:36.314 10499 10499 W TextServicesManagerService: no available spell checker services found
03-25 23:12:36.315 10499 10499 I Xposed  : X-APM-S-VERBOSE-****************** addService: textservices *****************
03-25 23:12:36.315 10499 10499 D SystemServerTiming: StartTextServicesManager took to complete: 4ms
03-25 23:12:36.315 10499 10499 I SystemServer: StartNetworkScoreService
03-25 23:12:36.318 10499 10499 I Xposed  : X-APM-S-VERBOSE-****************** addService: network_score *****************
03-25 23:12:36.318 10499 10499 D SystemServerTiming: StartNetworkScoreService took to complete: 3ms
03-25 23:12:36.318 10499 10499 I SystemServer: StartNetworkStatsService
03-25 23:12:36.329 10499 10499 I Xposed  : X-APM-S-VERBOSE-****************** addService: netstats *****************
03-25 23:12:36.329 10499 10499 D SystemServerTiming: StartNetworkStatsService took to complete: 11ms
03-25 23:12:36.330 10499 10499 I SystemServer: StartNetworkPolicyManagerService
03-25 23:12:36.330 10499 10668 D CryptdConnector: RCV <- {200 1 -1}
03-25 23:12:36.333 10499 10666 W StorageManagerService: No primary storage mounted!
03-25 23:12:36.333 10499 10666 D VoldConnector: SND -> {1 asec list}
03-25 23:12:36.334 10499 10667 D VoldConnector: RCV <- {200 1 asec operation succeeded}
03-25 23:12:36.335 10499 10666 I PackageManager: No secure containers found
03-25 23:12:36.342 10499 10673 I ServiceThread: Enabled StrictMode logging for NetworkPolicy.uid looper.
03-25 23:12:36.342 10499 10499 I Xposed  : X-APM-S-VERBOSE-****************** addService: netpolicy *****************
03-25 23:12:36.342 10499 10499 D SystemServerTiming: StartNetworkPolicyManagerService took to complete: 13ms
03-25 23:12:36.343 10499 10499 I SystemServer: StartWifi
03-25 23:12:36.348 10499 10499 I SystemServiceManager: Starting com.android.server.wifi.WifiService
03-25 23:12:36.385 10499 10499 D WifiApConfigStore: 2G band allowed channels are:1,6,11
03-25 23:12:36.444 10499 10666 W StorageManagerService: No primary storage defined yet; hacking together a stub
03-25 23:12:36.447 10499 10666 W StorageManagerService: No primary storage mounted!
03-25 23:12:36.447 10499 10666 D VoldConnector: SND -> {2 asec list}
03-25 23:12:36.447 10499 10667 D VoldConnector: RCV <- {200 2 asec operation succeeded}
03-25 23:12:36.446 10499 10666 W StorageManagerService: No primary storage defined yet; hacking together a stub
03-25 23:12:36.514 10499 10676 E HalDeviceManager: isSupported: called but mServiceManager is null!?
03-25 23:12:36.514 10499 10676 I WifiNative-wlan0: Vendor HAL not supported, Ignore stop...
03-25 23:12:36.514 10499 10676 D WificondControl: tearing down interfaces in wificond
03-25 23:12:36.517 10393 10419 D CommandListener: Clearing all IP addresses on wlan0
03-25 23:12:36.518 28779 28779 I wificond: Unsubscribe scan result for interface with index: 30
03-25 23:12:36.531 10499 10499 I Xposed  : X-APM-S-VERBOSE-checkBroadcastIntentSending: Intent { act=wifi_scan_available flg=0x4000000 (has extras) }, callingUid 1000
03-25 23:12:36.553 10499 10499 D WifiController: isAirplaneModeOn = false, isWifiEnabled = true, isScanningAvailable = true
03-25 23:12:36.558 10499 10499 I WifiService: getVerboseLoggingLevel uid=1000
03-25 23:12:36.732 10499 10499 E SupplicantStaIfaceHal: Can't call setDebugParams, ISupplicant is null
03-25 23:12:36.732 10499 10499 W WifiDiags: no ring buffers found
03-25 23:12:36.732 10499 10499 W WifiDiags: Failed to start packet fate monitoring
03-25 23:12:36.732 10499 10499 I WifiService: Registering wifi
03-25 23:12:36.734 10499 10499 I Xposed  : X-APM-S-VERBOSE-****************** addService: wifi *****************
03-25 23:12:36.734 10499 10499 D SystemServerTiming: StartWifi took to complete: 391ms
03-25 23:12:36.734 10499 10499 I SystemServer: StartWifiScanning
03-25 23:12:36.743 10499 10499 I SystemServiceManager: Starting com.android.server.wifi.scanner.WifiScanningService
03-25 23:12:36.743 10499 10499 I WifiScanningService: Creating wifiscanner
03-25 23:12:36.753 10499 10499 I WifiScanningService: Publishing wifiscanner
03-25 23:12:36.761 10499 10499 I Xposed  : X-APM-S-VERBOSE-****************** addService: wifiscanner *****************
03-25 23:12:36.761 10499 10499 D SystemServerTiming: StartWifiScanning took to complete: 27ms
03-25 23:12:36.761 10499 10499 I SystemServer: StartWifiRtt
03-25 23:12:36.770 10499 10499 I SystemServiceManager: Starting com.android.server.wifi.RttService
03-25 23:12:36.771 10499 10499 I RttService: Creating rttmanager
03-25 23:12:36.773 10499 10499 I RttService: Starting rttmanager
03-25 23:12:36.773 10499 10499 I Xposed  : X-APM-S-VERBOSE-****************** addService: rttmanager *****************
03-25 23:12:36.773 10499 10499 D SystemServerTiming: StartWifiRtt took to complete: 10ms
03-25 23:12:36.774 10499 10499 I SystemServer: No Wi-Fi Aware Service (Aware support Not Present)
03-25 23:12:36.774 10499 10499 I SystemServer: StartWifiP2P
03-25 23:12:36.774 10499 10499 I SystemServiceManager: Starting com.android.server.wifi.p2p.WifiP2pService
03-25 23:12:36.796 10499 10499 I WifiP2pService: Registering wifip2p
03-25 23:12:36.797 10499 10499 I Xposed  : X-APM-S-VERBOSE-****************** addService: wifip2p *****************
03-25 23:12:36.797 10499 10499 D SystemServerTiming: StartWifiP2P took to complete: 23ms
03-25 23:12:36.797 10499 10499 I SystemServer: StartEthernet
03-25 23:12:36.799 10499 10499 I SystemServiceManager: Starting com.android.server.ethernet.EthernetService
03-25 23:12:36.799 10499 10499 I EthernetServiceImpl: Creating EthernetConfigStore
03-25 23:12:36.800 10499 10499 E IpConfigStore: Error opening configuration file: java.io.FileNotFoundException: /data/misc/ethernet/ipconfig.txt (No such file or directory)
03-25 23:12:36.800 10499 10499 W EthernetConfigStore: No Ethernet configuration found. Using default.
03-25 23:12:36.800 10499 10499 I EthernetServiceImpl: Read stored IP configuration: IP assignment: DHCP
03-25 23:12:36.800 10499 10499 I EthernetServiceImpl: Proxy settings: NONE
03-25 23:12:36.807 10499 10499 I EthernetService: Registering service ethernet
03-25 23:12:36.808 10499 10499 I Xposed  : X-APM-S-VERBOSE-****************** addService: ethernet *****************
03-25 23:12:36.808 10499 10499 D SystemServerTiming: StartEthernet took to complete: 12ms
03-25 23:12:36.808 10499 10499 I SystemServer: StartConnectivityService
03-25 23:12:36.835 10499 10499 D ConnectivityService: wifiOnly=false
03-25 23:12:36.863 10499 10499 I Xposed  : X-APM-S-VERBOSE-****************** addService: connectivity *****************
03-25 23:12:36.863 10499 10499 D SystemServerTiming: StartConnectivityService took to complete: 54ms
03-25 23:12:36.863 10499 10499 I SystemServer: StartNsdService
03-25 23:12:36.870 10499 10499 D NsdService: Network service discovery is enabled
03-25 23:12:36.873 10499 10691 I Xposed  : X-APM-S-VERBOSE-checkBroadcastIntentSending: Intent { act=android.net.nsd.STATE_CHANGED flg=0x4000000 (has extras) }, callingUid 1000
03-25 23:12:36.874 10499 10499 I Xposed  : X-APM-S-VERBOSE-****************** addService: servicediscovery *****************
03-25 23:12:36.875 10499 10499 D SystemServerTiming: StartNsdService took to complete: 12ms
03-25 23:12:36.875 10499 10499 I SystemServer: StartUpdateLockService
03-25 23:12:36.877 10499 10499 I Xposed  : X-APM-S-VERBOSE-checkBroadcastIntentSending: Intent { act=android.os.UpdateLock.UPDATE_LOCK_CHANGED flg=0x4000000 (has extras) }, callingUid 1000
03-25 23:12:36.877 10499 10499 I Xposed  : X-APM-S-VERBOSE-****************** addService: updatelock *****************
03-25 23:12:36.878 10499 10499 D SystemServerTiming: StartUpdateLockService took to complete: 3ms
03-25 23:12:36.878 10499 10499 I SystemServer: WaitForAsecScan
03-25 23:12:36.878 10499 10499 D SystemServerTiming: WaitForAsecScan took to complete: 0ms
03-25 23:12:36.878 10499 10499 I SystemServer: StartNotificationManager
03-25 23:12:36.878 10499 10499 I SystemServiceManager: Starting com.android.server.notification.NotificationManagerService
03-25 23:12:36.917 10499 10499 D ConditionProviders.SCP: new ScheduleConditionProvider()
03-25 23:12:36.924 10499 10499 D ZenLog  : config: readXml,ZenModeConfig[user=0,allowCalls=true,allowRepeatCallers=false,allowMessages=false,allowCallsFrom=contacts,allowMessagesFrom=contacts,allowReminders=true,allowEvents=true,allowWhenScreenOff=true,allowWhenScreenOn=true,automaticRules={EVENTS_DEFAULT_RULE=ZenRule[enabled=false,snoozing=false,name=,zenMode=ZEN_MODE_ALARMS,conditionId=condition://android/event?userId=-10000&calendar=&reply=1,condition=Condition[id=condition://android/event?userId=-10000&calendar=&reply=1,summary=...,line1=...,line2=...,icon=0,state=STATE_FALSE,flags=2],component=ComponentInfo{android/com.android.server.notification.EventConditionProvider},id=EVENTS_DEFAULT_RULE,creationTime=1521617065822,enabler=null], SCHEDULED_DEFAULT_RULE_1=ZenRule[enabled=false,snoozing=false,name=,zenMode=ZEN_MODE_ALARMS,conditionId=condition://android/schedule?days=2.3.4.5.6&start=22.0&end=7.0&exitAtAlarm=false,condition=Condition[id=condition://android/schedule?days=2.3.4.5.6&start=22.0&end=7.0&exitAtAlarm=false,summary=...,line1=...,line2=...,icon=0,state=STATE_FALSE,flags=2],component=ComponentInfo{android/com.android.server.notification.ScheduleConditionProvider},id=SCHEDULED_DEFAULT_RULE_1,creationTime=1521617065821,enabler=null], SCHEDULED_DEFAULT_RULE_2=ZenRule[enabled=false,snoozing=false,name=,zenMode=ZEN_MODE_ALARMS,conditionId=condition://android/schedule?days=7.1&start=23.30&end=10.0&exitAtAlarm=false,condition=Condition[id=condition://android/schedule?days=7.1&start=23.30&end=10.0&exitAtAlarm=false,summary=...,line1=...,line2=...,icon=0,state=STATE_FALSE,flags=2],component=ComponentInfo{android/com.android.server.notification.ScheduleConditionProvider},id=SCHEDULED_DEFAULT_RULE_2,creationTime=1521617065821,enabler=null]},manualRule=null],Diff[automaticRule[EVENTS_DEFAULT_RULE].condition:null->Condition[id=condition://android/event?userId=-10000&calendar=&reply=1,summary=...,line1=...,line2=...,icon=0,state=STATE_FALSE,flags=2],automaticRule[EVENTS_DEFAULT_RULE].creationTime:1522033956912->1521617065822,automaticRule[SCHEDULED_DEFAULT_RULE_1].condition:null->Condition[id=condition://android/schedule?days=2.3.4.5.6&start=22.0&end=7.0&exitAtAlarm=false,summary=...,line1=...,line2=...,icon=0,state=STATE_FALSE,flags=2],automaticRule[SCHEDULED_DEFAULT_RULE_1].creationTime:1522033956910->1521617065821,automaticRule[SCHEDULED_DEFAULT_RULE_2].condition:null->Condition[id=condition://android/schedule?days=7.1&start=23.30&end=10.0&exitAtAlarm=false,summary=...,line1=...,line2=...,icon=0,state=STATE_FALSE,flags=2],automaticRule[SCHEDULED_DEFAULT_RULE_2].creationTime:1522033956910->1521617065821]
03-25 23:12:36.941 10499 10499 I NotificationListeners: Read notification listener permissions from xml
03-25 23:12:36.941 10499 10499 I ConditionProviders: Read condition provider permissions from xml
03-25 23:12:36.941 10499 10499 I ConditionProviders: Read condition provider permissions from xml
03-25 23:12:36.942 10499 10499 D ZenLog  : set_zen_mode: off,init
03-25 23:12:36.945 10499 10499 I Xposed  : X-APM-S-VERBOSE-****************** addService: notification *****************
03-25 23:12:36.946 10499 10499 I Xposed  : X-APM-S-BOOT_STAGE-mNotificationService: NotificationManagerServiceProxy(EMPTY_SBN=[], notificationManagerService=com.android.server.notification.NotificationManagerService@ea682b2)
03-25 23:12:36.946 10499 10499 W SystemServiceManager: Service com.android.server.notification.NotificationManagerService took 60 ms in onStart
03-25 23:12:36.948 10499 10499 D SystemServerTiming: StartNotificationManager took to complete: 70ms
03-25 23:12:36.948 10499 10499 I SystemServer: StartDeviceMonitor
03-25 23:12:36.948 10499 10499 I SystemServiceManager: Starting com.android.server.storage.DeviceStorageMonitorService
03-25 23:12:36.951 10499 10499 I Xposed  : X-APM-S-VERBOSE-****************** addService: devicestoragemonitor *****************
03-25 23:12:36.951 10499 10499 D SystemServerTiming: StartDeviceMonitor took to complete: 3ms
03-25 23:12:36.951 10499 10499 I SystemServer: StartLocationManagerService
03-25 23:12:36.958 10499 10499 I Xposed  : X-APM-S-VERBOSE-****************** addService: location *****************
03-25 23:12:36.959 10499 10499 D SystemServerTiming: StartLocationManagerService took to complete: 7ms
03-25 23:12:36.959 10499 10499 I SystemServer: StartCountryDetectorService
03-25 23:12:36.960 10499 10499 I Xposed  : X-APM-S-VERBOSE-****************** addService: country_detector *****************
03-25 23:12:36.960 10499 10499 D SystemServerTiming: StartCountryDetectorService took to complete: 1ms
03-25 23:12:36.960 10499 10499 I SystemServer: StartSearchManagerService
03-25 23:12:36.960 10499 10499 I SystemServiceManager: Starting com.android.server.search.SearchManagerService$Lifecycle
03-25 23:12:36.963 10499 10499 I Xposed  : X-APM-S-VERBOSE-****************** addService: search *****************
03-25 23:12:36.963 10499 10499 D SystemServerTiming: StartSearchManagerService took to complete: 3ms
03-25 23:12:36.963 10499 10499 I SystemServer: StartWallpaperManagerService
03-25 23:12:36.963 10499 10499 I SystemServiceManager: Starting com.android.server.wallpaper.WallpaperManagerService$Lifecycle
03-25 23:12:36.970 10499 10499 I Xposed  : X-APM-S-VERBOSE-****************** addService: wallpaper *****************
03-25 23:12:36.970 10499 10499 D SystemServerTiming: StartWallpaperManagerService took to complete: 7ms
03-25 23:12:36.970 10499 10499 I SystemServer: StartAudioService
03-25 23:12:36.970 10499 10499 I SystemServiceManager: Starting com.android.server.audio.AudioService$Lifecycle
03-25 23:12:36.993 10499 10499 W TelecomManager: Telecom Service not found.
03-25 23:12:36.997 10499 10499 I Xposed  : X-APM-S-VERBOSE-checkBroadcastIntentSending: Intent { act=android.media.RINGER_MODE_CHANGED flg=0x34000000 (has extras) }, callingUid 1000
03-25 23:12:36.997 10499 10499 I Xposed  : X-APM-S-VERBOSE-checkBroadcastIntentSending: Intent { act=android.media.INTERNAL_RINGER_MODE_CHANGED_ACTION flg=0x34000000 (has extras) }, callingUid 1000
03-25 23:12:36.998 28764 28924 D AudioPolicyManagerCustom: setForceUse() usage 4, config 0, mPhoneState 0
03-25 23:12:36.999 28764 28764 D AudioPolicyManagerCustom: setForceUse() usage 3, config 8, mPhoneState 0
03-25 23:12:37.001 28764 28924 D AudioPolicyManagerCustom: setForceUse() usage 6, config 0, mPhoneState 0
03-25 23:12:37.003 10499 10499 I Xposed  : X-APM-S-VERBOSE-checkBroadcastIntentSending: Intent { act=android.media.MASTER_MUTE_CHANGED_ACTION flg=0x34000000 (has extras) }, callingUid 1000
03-25 23:12:37.004 28781  1875 D audio_hw_primary: adev_set_mic_mute state 0
03-25 23:12:37.004 28781 28781 W DeviceHAL: Device 0xaa9f1000 set_mic_mute: Function not implemented
03-25 23:12:37.005 28781 28959 W DeviceHAL: Device 0xa9e92d40 set_mic_mute: Function not implemented
03-25 23:12:37.032 10499 10499 I Xposed  : X-APM-S-VERBOSE-checkBroadcastIntentSending: Intent { act=android.media.STREAM_DEVICES_CHANGED_ACTION flg=0x14000000 (has extras) }, callingUid 1000
03-25 23:12:37.036 10499 10499 I chatty  : uid=1000 system_server identical 9 lines
03-25 23:12:37.036 10499 10499 I Xposed  : X-APM-S-VERBOSE-checkBroadcastIntentSending: Intent { act=android.media.STREAM_DEVICES_CHANGED_ACTION flg=0x14000000 (has extras) }, callingUid 1000
03-25 23:12:37.036 10499 10499 I Xposed  : X-APM-S-VERBOSE-checkBroadcastIntentSending: Intent { act=android.media.VOLUME_CHANGED_ACTION flg=0x14000000 (has extras) }, callingUid 1000
03-25 23:12:37.044 10499 10499 I chatty  : uid=1000 system_server identical 10 lines
03-25 23:12:37.044 10499 10499 I Xposed  : X-APM-S-VERBOSE-checkBroadcastIntentSending: Intent { act=android.media.VOLUME_CHANGED_ACTION flg=0x14000000 (has extras) }, callingUid 1000
03-25 23:12:37.049 10499 10499 W AudioService: AudioFlinger informed of device's low RAM attribute; status -38
03-25 23:12:37.049 10499 10499 I Xposed  : X-APM-S-VERBOSE-checkBroadcastIntentSending: Intent { act=android.media.STREAM_MUTE_CHANGED_ACTION flg=0x14000000 (has extras) }, callingUid 1000
03-25 23:12:37.060 10499 10499 I chatty  : uid=1000 system_server identical 3 lines
03-25 23:12:37.064 10499 10499 I Xposed  : X-APM-S-VERBOSE-checkBroadcastIntentSending: Intent { act=android.media.STREAM_MUTE_CHANGED_ACTION flg=0x14000000 (has extras) }, callingUid 1000
03-25 23:12:37.065 10499 10499 I Xposed  : X-APM-S-VERBOSE-****************** addService: audio *****************
03-25 23:12:37.065 10499 10499 D SystemServerTiming: StartAudioService took to complete: 96ms
03-25 23:12:37.065 10499 10499 I SystemServer: StartDockObserver
03-25 23:12:37.066 10499 10499 I SystemServiceManager: Starting com.android.server.DockObserver
03-25 23:12:37.066 10499 10499 W DockObserver: This kernel does not have dock station support
03-25 23:12:37.068 10499 10499 I Xposed  : X-APM-S-VERBOSE-****************** addService: DockObserver *****************
03-25 23:12:37.068 10499 10499 D SystemServerTiming: StartDockObserver took to complete: 2ms
03-25 23:12:37.068 10499 10499 I SystemServer: StartWiredAccessoryManager
03-25 23:12:37.069 10499 10499 W WiredAccessoryManager: This kernel does not have HDMI audio support
03-25 23:12:37.069 10499 10499 D SystemServerTiming: StartWiredAccessoryManager took to complete: 2ms
03-25 23:12:37.070 10499 10499 I SystemServer: StartUsbService
03-25 23:12:37.070 10499 10499 I SystemServiceManager: Starting com.android.server.usb.UsbService$Lifecycle
03-25 23:12:37.084 10499 10499 I system_server: Looking for service android.hidl.manager@1.0::IServiceManager/default
03-25 23:12:37.089 10499 10499 I system_server: Starting thread pool.
03-25 23:12:37.091 10499 10646 I UsbPortManager: Usb hal service started android.hardware.usb@1.0::IUsb default
03-25 23:12:37.091 10499 10499 I system_server: Looking for service android.hardware.usb@1.0::IUsb/default
03-25 23:12:37.092 10499 10499 I system_server: Starting thread pool.
03-25 23:12:37.094   378   378 E android.hardware.usb@1.0-service: Failed to open /sys/class/dual_role_usb
03-25 23:12:37.106 10499 10499 I Xposed  : X-APM-S-VERBOSE-****************** addService: usb *****************
03-25 23:12:37.106 10499 10499 D SystemServerTiming: StartUsbService took to complete: 36ms
03-25 23:12:37.106 10499 10499 I SystemServer: StartSerialService
03-25 23:12:37.107 10499 10499 I Xposed  : X-APM-S-VERBOSE-****************** addService: serial *****************
03-25 23:12:37.107 10499 10499 D SystemServerTiming: StartSerialService took to complete: 2ms
03-25 23:12:37.108 10499 10499 I SystemServer: StartHardwarePropertiesManagerService
03-25 23:12:37.109   230   230 W /system/bin/hwservicemanager: getTransport: Cannot find entry android.hardware.thermal@1.0::IThermal/default in either framework or device manifest.
03-25 23:12:37.111 10499 10499 E HardwarePropertiesManagerService-JNI: Unable to get Thermal service.
03-25 23:12:37.112 10499 10499 I Xposed  : X-APM-S-VERBOSE-****************** addService: hardware_properties *****************
03-25 23:12:37.112 10499 10499 D SystemServerTiming: StartHardwarePropertiesManagerService took to complete: 5ms
03-25 23:12:37.113 10499 10499 I SystemServer: StartTwilightService
03-25 23:12:37.114 10499 10499 I SystemServiceManager: Starting com.android.server.twilight.TwilightService
03-25 23:12:37.115 10499 10499 D SystemServerTiming: StartTwilightService took to complete: 3ms
03-25 23:12:37.116 10499 10499 I SystemServer: StartNightDisplay
03-25 23:12:37.118 10499 10499 I SystemServiceManager: Starting com.android.server.display.NightDisplayService
03-25 23:12:37.119 10499 10499 D SystemServerTiming: StartNightDisplay took to complete: 4ms
03-25 23:12:37.119 10499 10499 I SystemServer: StartJobScheduler
03-25 23:12:37.123 10499 10499 I SystemServiceManager: Starting com.android.server.job.JobSchedulerService
03-25 23:12:37.127 10499 10589 I Xposed  : X-APM-S-VERBOSE-****************** addService: overlay *****************
03-25 23:12:37.127 10499 10589 D SystemServerInitThreadPool: Finished executing Init OverlayManagerService
03-25 23:12:37.133 10499 10499 D JobStore: Start tag: job-info
03-25 23:12:37.139 10499 10499 I JobStore: Read 9 jobs
03-25 23:12:37.153 10499 10499 I Xposed  : X-APM-S-VERBOSE-****************** addService: jobscheduler *****************
03-25 23:12:37.153 10499 10499 D SystemServerTiming: StartJobScheduler took to complete: 33ms
03-25 23:12:37.153 10499 10499 I SystemServer: StartSoundTrigger
03-25 23:12:37.153 10499 10499 I SystemServiceManager: Starting com.android.server.soundtrigger.SoundTriggerService
03-25 23:12:37.156 10499 10499 I Xposed  : X-APM-S-VERBOSE-****************** addService: soundtrigger *****************
03-25 23:12:37.156 10499 10499 D SystemServerTiming: StartSoundTrigger took to complete: 3ms
03-25 23:12:37.156 10499 10499 I SystemServer: StartTrustManager
03-25 23:12:37.160 10499 10499 I SystemServiceManager: Starting com.android.server.trust.TrustManagerService
03-25 23:12:37.166 10499 10499 I Xposed  : X-APM-S-VERBOSE-****************** addService: trust *****************
03-25 23:12:37.166 10499 10499 D SystemServerTiming: StartTrustManager took to complete: 11ms
03-25 23:12:37.166 10499 10499 I SystemServer: StartBackupManager
03-25 23:12:37.166 10499 10499 I SystemServiceManager: Starting com.android.server.backup.BackupManagerService$Lifecycle
03-25 23:12:37.172 10499 10499 I Xposed  : X-APM-S-VERBOSE-****************** addService: backup *****************
03-25 23:12:37.172 10499 10499 D SystemServerTiming: StartBackupManager took to complete: 6ms
03-25 23:12:37.172 10499 10499 I SystemServer: StartAppWidgerService
03-25 23:12:37.173 10499 10499 I SystemServiceManager: Starting com.android.server.appwidget.AppWidgetService
03-25 23:12:37.183 10499 10499 I Xposed  : X-APM-S-VERBOSE-****************** addService: appwidget *****************
03-25 23:12:37.184 10499 10499 D SystemServerTiming: StartAppWidgerService took to complete: 11ms
03-25 23:12:37.184 10499 10499 I SystemServer: StartVoiceRecognitionManager
03-25 23:12:37.184 10499 10499 I SystemServiceManager: Starting com.android.server.voiceinteraction.VoiceInteractionManagerService
03-25 23:12:37.189 10499 10499 I Xposed  : X-APM-S-VERBOSE-****************** addService: voiceinteraction *****************
03-25 23:12:37.189 10499 10499 D SystemServerTiming: StartVoiceRecognitionManager took to complete: 6ms
03-25 23:12:37.190 10499 10499 I SystemServer: StartGestureLauncher
03-25 23:12:37.190 10499 10499 I SystemServiceManager: Starting com.android.server.GestureLauncherService
03-25 23:12:37.190 10499 10499 D SystemServerTiming: StartGestureLauncher took to complete: 1ms
03-25 23:12:37.190 10499 10499 I SystemServer: StartSensorNotification
03-25 23:12:37.191 10499 10499 I SystemServiceManager: Starting com.android.server.SensorNotificationService
03-25 23:12:37.191 10499 10499 D SystemServerTiming: StartSensorNotification took to complete: 0ms
03-25 23:12:37.191 10499 10499 I SystemServer: StartContextHubSystemService
03-25 23:12:37.191 10499 10499 I SystemServiceManager: Starting com.android.server.ContextHubSystemService
03-25 23:12:37.191 10499 10499 D SystemServerTiming: StartContextHubSystemService took to complete: 1ms
03-25 23:12:37.191 10499 10590 D SystemServerInitThreadPool: Started executing Init ContextHubSystemService
03-25 23:12:37.191 10499 10499 I SystemServer: StartDiskStatsService
03-25 23:12:37.195   230   230 W /system/bin/hwservicemanager: getTransport: Cannot find entry android.hardware.contexthub@1.0::IContexthub/default in either framework or device manifest.
03-25 23:12:37.195 10499 10590 E ContextHubService: Could not load context hub hal
03-25 23:12:37.196 10499 10590 W ContextHubService: No Context Hub Module present
03-25 23:12:37.196 10499 10590 D SystemServerInitThreadPool: Finished executing Init ContextHubSystemService
03-25 23:12:37.197 10499 10499 I Xposed  : X-APM-S-VERBOSE-****************** addService: diskstats *****************
03-25 23:12:37.197 10499 10499 D SystemServerTiming: StartDiskStatsService took to complete: 5ms
03-25 23:12:37.197 10499 10499 I SystemServer: StartNetworkTimeUpdateService
03-25 23:12:37.199 10499 10499 I Xposed  : X-APM-S-VERBOSE-****************** addService: network_time_update_service *****************
03-25 23:12:37.199 10499 10499 D SystemServerTiming: StartNetworkTimeUpdateService took to complete: 2ms
03-25 23:12:37.199 10499 10499 I SystemServer: StartCommonTimeManagementService
03-25 23:12:37.203 10499 10499 I Xposed  : X-APM-S-VERBOSE-****************** addService: commontime_management *****************
03-25 23:12:37.204 10499 10499 D SystemServerTiming: StartCommonTimeManagementService took to complete: 4ms
03-25 23:12:37.204 10499 10499 I SystemServer: CertBlacklister
03-25 23:12:37.205 10499 10499 D SystemServerTiming: CertBlacklister took to complete: 2ms
03-25 23:12:37.205 10499 10499 I SystemServer: StartEmergencyAffordanceService
03-25 23:12:37.208 10499 10499 I SystemServiceManager: Starting com.android.server.emergency.EmergencyAffordanceService
03-25 23:12:37.209 10499 10499 D SystemServerTiming: StartEmergencyAffordanceService took to complete: 4ms
03-25 23:12:37.209 10499 10499 I SystemServer: StartDreamManager
03-25 23:12:37.212 10499 10499 I SystemServiceManager: Starting com.android.server.dreams.DreamManagerService
03-25 23:12:37.215 10499 10499 I Xposed  : X-APM-S-VERBOSE-****************** addService: dreams *****************
03-25 23:12:37.215 10499 10499 D SystemServerTiming: StartDreamManager took to complete: 6ms
03-25 23:12:37.215 10499 10499 I SystemServer: AddGraphicsStatsService
03-25 23:12:37.218 10499 10499 I Xposed  : X-APM-S-VERBOSE-****************** addService: graphicsstats *****************
03-25 23:12:37.218 10499 10499 D SystemServerTiming: AddGraphicsStatsService took to complete: 2ms
03-25 23:12:37.218 10499 10499 I SystemServer: StartPrintManager
03-25 23:12:37.219 10499 10499 I SystemServiceManager: Starting com.android.server.print.PrintManagerService
03-25 23:12:37.224 10499 10499 I Xposed  : X-APM-S-VERBOSE-****************** addService: print *****************
03-25 23:12:37.224 10499 10499 D SystemServerTiming: StartPrintManager took to complete: 5ms
03-25 23:12:37.224 10499 10499 I SystemServer: StartCompanionDeviceManager
03-25 23:12:37.225 10499 10499 I SystemServiceManager: Starting com.android.server.companion.CompanionDeviceManagerService
03-25 23:12:37.227 10499 10499 I Xposed  : X-APM-S-VERBOSE-****************** addService: companiondevice *****************
03-25 23:12:37.227 10499 10499 D SystemServerTiming: StartCompanionDeviceManager took to complete: 4ms
03-25 23:12:37.227 10499 10499 I SystemServer: StartRestrictionManager
03-25 23:12:37.228 10499 10499 I SystemServiceManager: Starting com.android.server.restrictions.RestrictionsManagerService
03-25 23:12:37.231 10499 10499 I Xposed  : X-APM-S-VERBOSE-****************** addService: restrictions *****************
03-25 23:12:37.231 10499 10499 D SystemServerTiming: StartRestrictionManager took to complete: 4ms
03-25 23:12:37.231 10499 10499 I SystemServer: StartMediaSessionService
03-25 23:12:37.233 10499 10499 I SystemServiceManager: Starting com.android.server.media.MediaSessionService
03-25 23:12:37.235 10499 10499 I Xposed  : X-APM-S-VERBOSE-****************** addService: media_session *****************
03-25 23:12:37.239 10499 10499 D SystemServerTiming: StartMediaSessionService took to complete: 7ms
03-25 23:12:37.239 10499 10499 I SystemServer: StartMediaResourceMonitor
03-25 23:12:37.239 10499 10499 I SystemServiceManager: Starting com.android.server.media.MediaResourceMonitorService
03-25 23:12:37.240 10499 10499 I Xposed  : X-APM-S-VERBOSE-****************** addService: media_resource_monitor *****************
03-25 23:12:37.240 10499 10499 D SystemServerTiming: StartMediaResourceMonitor took to complete: 1ms
03-25 23:12:37.240 10499 10499 I SystemServer: StartMediaRouterService
03-25 23:12:37.242 10499 10499 I Xposed  : X-APM-S-VERBOSE-****************** addService: media_router *****************
03-25 23:12:37.242 10499 10499 D SystemServerTiming: StartMediaRouterService took to complete: 3ms
03-25 23:12:37.242 10499 10499 I SystemServer: StartFingerprintSensor
03-25 23:12:37.244 10499 10499 I SystemServiceManager: Starting com.android.server.fingerprint.FingerprintService
03-25 23:12:37.247 10499 10499 I Xposed  : X-APM-S-VERBOSE-****************** addService: fingerprint *****************
03-25 23:12:37.248 10499 10519 D SystemServerInitThreadPool: Started executing FingerprintService.onStart
03-25 23:12:37.248 10499 10519 V FingerprintService: mDeamon was null, reconnect to fingerprint
03-25 23:12:37.248 10499 10519 I system_server: Looking for service android.hardware.biometrics.fingerprint@2.1::IBiometricsFingerprint/default
03-25 23:12:37.249 10499 10499 D SystemServerTiming: StartFingerprintSensor took to complete: 6ms
03-25 23:12:37.249 10499 10499 I SystemServer: StartBackgroundDexOptService
03-25 23:12:37.250 10499 10519 I system_server: Starting thread pool.
03-25 23:12:37.251 10499 10499 W BackgroundDexOptService: SysProp pm.dexopt.downgrade_after_inactive_days not set
03-25 23:12:37.251 10499 10499 D SystemServerTiming: StartBackgroundDexOptService took to complete: 2ms
03-25 23:12:37.251 10499 10499 I SystemServer: StartPruneInstantAppsJobService
03-25 23:12:37.252 10499 10499 D SystemServerTiming: StartPruneInstantAppsJobService took to complete: 0ms
03-25 23:12:37.252 10499 10499 I SystemServer: StartShortcutServiceLifecycle
03-25 23:12:37.252 10499 10499 I SystemServiceManager: Starting com.android.server.pm.ShortcutService$Lifecycle
03-25 23:12:37.255   680   680 D fpc_fingerprint_hal: fpc_set_active_group
03-25 23:12:37.255   680   680 E fpc_tac : Set cancel success
03-25 23:12:37.255   680   753 E fpc_tac : [WYQ] fpc_ree_device_wait_irq, --- 281 ---
03-25 23:12:37.255   680   753 E fpc_tac : [WYQ] Cancel
