01-07 18:52:07.760   368   368 I ThermalEngine: device cpu
01-07 18:52:07.760   368   368 I ThermalEngine: set_point 68000
01-07 18:52:07.760   368   368 I ThermalEngine: set_point_clr 55000
01-07 18:52:07.760   368   368 I ThermalEngine: time_constant 16
01-07 18:52:07.761   368   368 I ThermalEngine: [SS-CPU3]
01-07 18:52:07.761   368   368 I ThermalEngine: #algo_type ss
01-07 18:52:07.761   368   368 I ThermalEngine: sampling 65
01-07 18:52:07.761   368   368 I ThermalEngine: sensor cpu3
01-07 18:52:07.761   368   368 I ThermalEngine: device cpu
01-07 18:52:07.761   368   368 I ThermalEngine: set_point 85000
01-07 18:52:07.761   368   368 I ThermalEngine: set_point_clr 65000
01-07 18:52:07.761   368   368 I ThermalEngine: time_constant 0
01-07 18:52:07.761   368   368 I ThermalEngine: override 20000
01-07 18:52:07.761   368   368 I ThermalEngine: [SS-CPU2]
01-07 18:52:07.761   368   368 I ThermalEngine: #algo_type ss
01-07 18:52:07.761   368   368 I ThermalEngine: sampling 65
01-07 18:52:07.761   368   368 I ThermalEngine: sensor cpu2
01-07 18:52:07.761   368   368 I ThermalEngine: device cpu
01-07 18:52:07.761   368   368 I ThermalEngine: set_point 85000
01-07 18:52:07.761   368   368 I ThermalEngine: set_point_clr 65000
01-07 18:52:07.761   368   368 I ThermalEngine: time_constant 0
01-07 18:52:07.761   368   368 I ThermalEngine: override 20000
01-07 18:52:07.762   368   368 I ThermalEngine: [SS-CPU1]
01-07 18:52:07.762   368   368 I ThermalEngine: #algo_type ss
01-07 18:52:07.762   368   368 I ThermalEngine: sampling 65
01-07 18:52:07.762   368   368 I ThermalEngine: sensor cpu1
01-07 18:52:07.762   368   368 I ThermalEngine: device cpu
01-07 18:52:07.762   368   368 I ThermalEngine: set_point 85000
01-07 18:52:07.762   368   368 I ThermalEngine: set_point_clr 65000
01-07 18:52:07.762   368   368 I ThermalEngine: time_constant 0
01-07 18:52:07.762   368   368 I ThermalEngine: override 20000
01-07 18:52:07.762   368   368 I ThermalEngine: [SS-CPU0]
01-07 18:52:07.762   368   368 I ThermalEngine: #algo_type ss
01-07 18:52:07.762   368   368 I ThermalEngine: sampling 65
01-07 18:52:07.762   368   368 I ThermalEngine: sensor cpu0
01-07 18:52:07.762   368   368 I ThermalEngine: device cpu
01-07 18:52:07.762   368   368 I ThermalEngine: set_point 85000
01-07 18:52:07.762   368   368 I ThermalEngine: set_point_clr 65000
01-07 18:52:07.762   368   368 I ThermalEngine: time_constant 0
01-07 18:52:07.762   368   368 I ThermalEngine: override 20000
01-07 18:52:07.763   368   409 E ThermalEngine: ********start open RQ_MPCTL 
01-07 18:52:07.763   368   409 E ThermalEngine: ********Unable to open mpctl_fd file, errno=No such file or directory
01-07 18:52:07.764   368   368 I ThermalEngine: [SPEAKER-CAL]
01-07 18:52:07.764   368   368 I ThermalEngine: sampling 30000 30000 10 1800000
01-07 18:52:07.764   368   368 I ThermalEngine: sensor pm8941_tz
01-07 18:52:07.764   368   368 I ThermalEngine: sensors tsens_tz_sensor1 tsens_tz_sensor2 tsens_tz_sensor3 tsens_tz_sensor4 tsens_tz_sensor7 tsens_tz_sensor8 tsens_tz_sensor9 tsens_tz_sensor10
01-07 18:52:07.764   368   368 I ThermalEngine: temp_range 6000 10000 2000
01-07 18:52:07.764   368   368 I ThermalEngine: max_temp 45000
01-07 18:52:07.764   368   368 I ThermalEngine: offset -4000
01-07 18:52:07.768   368   407 I ThermalEngine: vdd_restrict_qmi_request: MODEM req level(0) is recorded and waiting for completing QMI registration
01-07 18:52:07.768   368   407 I ThermalEngine: vdd_restrict_qmi_request: ADSP req level(0) is recorded and waiting for completing QMI registration
01-07 18:52:07.768   368   407 I ThermalEngine: hotplug_ktm_disable_cb: write out 0
01-07 18:52:07.772   284   318 I qdhwcomposer: handle_blank_event: dpy:0 panel power state: 1
01-07 18:52:07.773   371   411 E adsprpc : vendor/qcom/proprietary/adsprpc/src/listener_android.c:109:listener using ion heap: -1
01-07 18:52:07.774   328   328 E qdutils : Failed to open msm_fb_panel_info node
01-07 18:52:07.774   371   411 E adsprpc : vendor/qcom/proprietary/adsprpc/src/apps_std_imp.c:33:apps_std fopen failed: ./oemconfig.so No such file or directory
01-07 18:52:07.774   371   411 E adsprpc : vendor/qcom/proprietary/adsprpc/src/apps_std_imp.c:33:apps_std fopen failed: /system/lib/rfsa/adsp/./oemconfig.so No such file or directory
01-07 18:52:07.774   371   411 E adsprpc : vendor/qcom/proprietary/adsprpc/src/apps_std_imp.c:33:apps_std fopen failed: /system/vendor/lib/rfsa/adsp/./oemconfig.so No such file or directory
01-07 18:52:07.774   371   411 E adsprpc : vendor/qcom/proprietary/adsprpc/src/../inc/mod_table_imp.h:346::error: 2: 0 == (nErr = invoke_func_ptr(sc, pra))
01-07 18:52:07.775   371   411 E adsprpc : vendor/qcom/proprietary/adsprpc/src/apps_std_imp.c:33:apps_std fopen failed: ./voiceproc_tx.so No such file or directory
01-07 18:52:07.775   371   411 E adsprpc : vendor/qcom/proprietary/adsprpc/src/apps_std_imp.c:33:apps_std fopen failed: /system/lib/rfsa/adsp/./voiceproc_tx.so No such file or directory
01-07 18:52:07.775   371   411 E adsprpc : vendor/qcom/proprietary/adsprpc/src/apps_std_imp.c:33:apps_std fopen failed: /system/vendor/lib/rfsa/adsp/./voiceproc_tx.so No such file or directory
01-07 18:52:07.775   371   411 E adsprpc : vendor/qcom/proprietary/adsprpc/src/../inc/mod_table_imp.h:346::error: 2: 0 == (nErr = invoke_func_ptr(sc, pra))
01-07 18:52:07.775   328   328 E qdutils : getHDMINode: Failed to open fb node 2
01-07 18:52:07.775   328   328 E qdutils : getHDMINode: Failed to open fb node 3
01-07 18:52:07.775   328   328 E qdutils : getHDMINode: Failed to find HDMI node
01-07 18:52:07.775   328   328 E qdutils : init:not able to open /sys/devices/virtual/graphics/fb0/idle_time node Permission denied
01-07 18:52:07.776   371   411 E adsprpc : vendor/qcom/proprietary/adsprpc/src/apps_std_imp.c:33:apps_std fopen failed: ./voiceproc_rx.so No such file or directory
01-07 18:52:07.776   371   411 E adsprpc : vendor/qcom/proprietary/adsprpc/src/apps_std_imp.c:33:apps_std fopen failed: /system/lib/rfsa/adsp/./voiceproc_rx.so No such file or directory
01-07 18:52:07.776   371   411 E adsprpc : vendor/qcom/proprietary/adsprpc/src/apps_std_imp.c:33:apps_std fopen failed: /system/vendor/lib/rfsa/adsp/./voiceproc_rx.so No such file or directory
01-07 18:52:07.776   371   411 E adsprpc : vendor/qcom/proprietary/adsprpc/src/../inc/mod_table_imp.h:346::error: 2: 0 == (nErr = invoke_func_ptr(sc, pra))
01-07 18:52:07.776   328   328 I qdhwcomposer: Initializing Qualcomm Hardware Composer
01-07 18:52:07.776   328   328 I qdhwcomposer: MDP version: 500
01-07 18:52:07.776   328   328 I SurfaceFlinger: Using composer version 1.5
01-07 18:52:07.776   328   328 I qdhwcomposer: hwc_registerProcs
01-07 18:52:07.776   328   328 I qdhwcomposer: Initializing UEVENT Thread
01-07 18:52:07.776   328   328 I qdhwcomposer: Initializing VSYNC Thread
01-07 18:52:07.778   328   415 I qdhwcomposer: vsync_loop: Reading event 0 for dpy 0 from /sys/class/graphics/fb0/vsync_event
01-07 18:52:07.778   328   415 I qdhwcomposer: vsync_loop: Reading event 1 for dpy 0 from /sys/class/graphics/fb0/show_blank_event
01-07 18:52:07.778   328   328 E qdutils : getHDMINode: Failed to open fb node 2
01-07 18:52:07.778   328   415 I qdhwcomposer: vsync_loop: Reading event 0 for dpy 1 from /sys/class/graphics/fb-1/vsync_event
01-07 18:52:07.778   328   328 E qdutils : getHDMINode: Failed to open fb node 3
01-07 18:52:07.778   328   328 E qdutils : getHDMINode: Failed to find HDMI node
01-07 18:52:07.778   328   415 I qdhwcomposer: vsync_loop: Reading event 1 for dpy 1 from /sys/class/graphics/fb-1/show_blank_event
01-07 18:52:07.778   328   415 I qdhwcomposer: vsync_loop: Reading event 0 for dpy 2 from /sys/class/graphics/fb-1/vsync_event
01-07 18:52:07.778   328   415 I qdhwcomposer: vsync_loop: Reading event 1 for dpy 2 from /sys/class/graphics/fb-1/show_blank_event
01-07 18:52:07.778   328   328 E qdutils : getHDMINode: Failed to open fb node 2
01-07 18:52:07.778   328   328 E qdutils : getHDMINode: Failed to open fb node 3
01-07 18:52:07.778   328   328 E qdutils : getHDMINode: Failed to find HDMI node
01-07 18:52:07.779   328   328 E qdutils : getHDMINode: Failed to open fb node 2
01-07 18:52:07.779   328   328 E qdutils : getHDMINode: Failed to open fb node 3
01-07 18:52:07.779   328   328 E qdutils : getHDMINode: Failed to find HDMI node
01-07 18:52:07.779   328   328 D qdhwcomposer: hwc_getDisplayAttributes disp = 0, width = 1080
01-07 18:52:07.779   328   328 D qdhwcomposer: hwc_getDisplayAttributes disp = 0, height = 1920
01-07 18:52:07.779   328   328 E qdhwcomposer: hwc_getDisplayConfigs display (1) is inactive
01-07 18:52:07.782   328   328 I SurfaceFlinger: EGL information:
01-07 18:52:07.782   328   328 I SurfaceFlinger: vendor    : Android
01-07 18:52:07.782   328   328 I SurfaceFlinger: version   : 1.4 Android META-EGL
01-07 18:52:07.782   328   328 I SurfaceFlinger: extensions: EGL_KHR_get_all_proc_addresses EGL_ANDROID_presentation_time EGL_KHR_swap_buffers_with_damage EGL_ANDROID_get_native_client_buffer EGL_ANDROID_front_buffer_auto_refresh EGL_ANDROID_get_frame_timestamps EGL_KHR_image EGL_KHR_image_base EGL_KHR_lock_surface EGL_KHR_gl_colorspace EGL_KHR_gl_texture_2D_image EGL_KHR_gl_texture_3D_image EGL_KHR_gl_texture_cubemap_image EGL_KHR_gl_renderbuffer_image EGL_KHR_fence_sync EGL_KHR_create_context EGL_EXT_create_context_robustness EGL_ANDROID_image_native_buffer EGL_KHR_wait_sync EGL_ANDROID_recordable EGL_KHR_partial_update EGL_IMG_context_priority 
01-07 18:52:07.782   328   328 I SurfaceFlinger: Client API: OpenGL_ES
01-07 18:52:07.782   328   328 I SurfaceFlinger: EGLSurface: 8-8-8-8, config=0x5
01-07 18:52:07.782   328   328 W Adreno-EGL: <qeglDrvAPI_eglGetConfigAttrib:607>: EGL_BAD_ATTRIBUTE
01-07 18:52:07.783   328   328 I SurfaceFlinger: OpenGL ES informations:
01-07 18:52:07.783   328   328 I SurfaceFlinger: vendor    : Qualcomm
01-07 18:52:07.783   328   328 I SurfaceFlinger: renderer  : Adreno (TM) 330
01-07 18:52:07.783   328   328 I SurfaceFlinger: version   : OpenGL ES 3.0 V@140.0 AU@ (GIT@I741a3d36ca)
01-07 18:52:07.783   328   328 I SurfaceFlinger: extensions: GL_AMD_compressed_ATC_texture GL_AMD_performance_monitor GL_AMD_program_binary_Z400 GL_EXT_debug_label GL_EXT_debug_marker GL_EXT_discard_framebuffer GL_EXT_robustness GL_EXT_texture_format_BGRA8888 GL_EXT_texture_type_2_10_10_10_REV GL_NV_fence GL_OES_compressed_ETC1_RGB8_texture GL_OES_depth_texture GL_OES_depth24 GL_OES_EGL_image GL_OES_EGL_sync GL_OES_EGL_image_external GL_OES_element_index_uint GL_OES_fbo_render_mipmap GL_OES_fragment_precision_high GL_OES_get_program_binary GL_OES_packed_depth_stencil GL_OES_depth_texture_cube_map GL_OES_rgb8_rgba8 GL_OES_standard_derivatives GL_OES_texture_3D GL_OES_texture_float GL_OES_texture_half_float GL_OES_texture_half_float_linear GL_OES_texture_npot GL_OES_vertex_half_float GL_OES_vertex_type_10_10_10_2 GL_OES_vertex_array_object GL_QCOM_alpha_test GL_QCOM_binning_control GL_QCOM_driver_control GL_QCOM_perfmon_global_mode GL_QCOM_extended_get GL_QCOM_extended_get2 GL_QCOM_tiled_rendering GL_QCOM_writeonly_rendering GL_EXT_sRGB GL_EXT_sRGB_write_con
01-07 18:52:07.783   328   328 I SurfaceFlinger: GL_MAX_TEXTURE_SIZE = 4096
01-07 18:52:07.783   328   328 I SurfaceFlinger: GL_MAX_VIEWPORT_DIMS = 4096
01-07 18:52:07.788   328   328 W Adreno-EGL: <qeglDrvAPI_eglGetConfigAttrib:607>: EGL_BAD_ATTRIBUTE
01-07 18:52:07.789   328   328 D vndksupport: Loading /vendor/lib/hw/gralloc.msm8974.so from current namespace instead of sphal namespace.
01-07 18:52:07.790   328   328 D vndksupport: Loading /vendor/lib/hw/android.hardware.graphics.mapper@2.0-impl.so from current namespace instead of sphal namespace.
01-07 18:52:07.792   328   328 D vndksupport: Loading /vendor/lib/hw/gralloc.msm8974.so from current namespace instead of sphal namespace.
01-07 18:52:07.793   328   328 D vndksupport: Loading /vendor/lib/hw/android.hardware.graphics.allocator@2.0-impl.so from current namespace instead of sphal namespace.
01-07 18:52:07.794   328   328 D vndksupport: Loading /vendor/lib/hw/gralloc.msm8974.so from current namespace instead of sphal namespace.
01-07 18:52:07.809   328   328 E qdutils : getHDMINode: Failed to open fb node 2
01-07 18:52:07.809   328   328 E qdutils : getHDMINode: Failed to open fb node 3
01-07 18:52:07.809   328   328 E qdutils : getHDMINode: Failed to find HDMI node
01-07 18:52:07.958   328   328 D SurfaceFlinger: shader cache generated - 24 shaders in 146.868805 ms
01-07 18:52:07.959   328   328 D SurfaceFlinger: Set power mode=2, type=0 flinger=0xab24f000
01-07 18:52:07.959   328   328 D qdhwcomposer: hwc_setPowerMode: Setting mode 2 on display: 0
01-07 18:52:07.959   328   415 I qdhwcomposer: handle_blank_event: dpy:0 panel power state: 1
01-07 18:52:07.959   284   318 I qdhwcomposer: handle_blank_event: dpy:0 panel power state: 1
01-07 18:52:08.055   328   328 D qdhwcomposer: hwc_setPowerMode: Done setting mode 2 on display 0
01-07 18:52:08.061   328   328 D qdutils : DEBUG_CALC_FPS: 0
01-07 18:52:08.061   328   328 D qdutils : period: 10
01-07 18:52:08.061   328   328 D qdutils : ignorethresh_us: 500000
01-07 18:52:08.112   427   427 I installd: installd firing up
01-07 18:52:08.112   368   370 E QC-QMI  : qmi_client [368]: unable to connect to server, errno=[2:No such file or directory], attempt=1
01-07 18:52:08.118   423   423 I FastMixerState: sMaxFastTracks = 8
01-07 18:52:08.120   423   423 I audioserver: ServiceManager: 0xab9984a0
01-07 18:52:08.121   423   423 W BatteryNotifier: batterystats service unavailable!
01-07 18:52:08.121   423   423 E cutils-trace: Error opening trace file: No such file or directory (2)
01-07 18:52:08.122   423   423 D vndksupport: Loading /vendor/lib/hw/android.hardware.audio@2.0-impl.so from current namespace instead of sphal namespace.
01-07 18:52:08.138   423   423 D vndksupport: Loading /vendor/lib/hw/android.hardware.audio.effect@2.0-impl.so from current namespace instead of sphal namespace.
01-07 18:52:08.145   423   423 I AudioFlinger: Using default 3000 mSec as standby time.
01-07 18:52:08.158   423   423 W APM::Devices: DeviceVector::add device 80000040 already in
01-07 18:52:08.159   423   423 I APM::ConfigParsingUtils: loadAudioPolicyConfig() loaded /vendor/etc/audio_policy.conf
01-07 18:52:08.159   423   423 D vndksupport: Loading /vendor/lib/hw/audio.primary.msm8974.so from current namespace instead of sphal namespace.
01-07 18:52:08.165   423   423 D audio_hw_primary: adev_open: enter
01-07 18:52:08.182   424   424 I cameraserver: ServiceManager: 0xada98500
01-07 18:52:08.182   424   424 I CameraService: CameraService started (pid=424)
01-07 18:52:08.182   424   424 I CameraService: CameraService process starting
01-07 18:52:08.183   424   424 W BatteryNotifier: batterystats service unavailable!
01-07 18:52:08.183   424   424 W BatteryNotifier: batterystats service unavailable!
01-07 18:52:08.183   424   424 E cutils-trace: Error opening trace file: No such file or directory (2)
01-07 18:52:08.184   424   424 D vndksupport: Loading /vendor/lib/hw/android.hardware.camera.provider@2.4-impl-legacy.so from current namespace instead of sphal namespace.
01-07 18:52:08.191   424   424 D vndksupport: Loading /vendor/lib/hw/camera.msm8974.so from current namespace instead of sphal namespace.
01-07 18:52:08.190   424   424 I cameraserver: type=1400 audit(0.0:90): avc: denied { read write } for name="media0" dev="tmpfs" ino=7950 scontext=u:r:cameraserver:s0 tcontext=u:object_r:device:s0 tclass=chr_file permissive=1
01-07 18:52:08.190   424   424 I cameraserver: type=1400 audit(0.0:91): avc: denied { open } for name="media0" dev="tmpfs" ino=7950 scontext=u:r:cameraserver:s0 tcontext=u:object_r:device:s0 tclass=chr_file permissive=1
01-07 18:52:08.190   424   424 I cameraserver: type=1400 audit(0.0:92): avc: denied { ioctl } for path="/dev/media0" dev="tmpfs" ino=7950 ioctlcmd=7c00 scontext=u:r:cameraserver:s0 tcontext=u:object_r:device:s0 tclass=chr_file permissive=1
01-07 18:52:08.200   424   424 E mm-camera-intf: entity id 1
01-07 18:52:08.200   424   424 E mm-camera-intf: entity name video0 type 65537 group id 2
01-07 18:52:08.200   424   424 E mm-camera-intf: entity id 2
01-07 18:52:08.200   424   424 E mm-camera-intf: entity name msm_cci type 131072 group id 0
01-07 18:52:08.200   424   424 E mm-camera-intf: entity id 3
01-07 18:52:08.200   424   424 E mm-camera-intf: entity name v4l-subdev0 type 131072 group id 0
01-07 18:52:08.200   424   424 E mm-camera-intf: entity id 4
01-07 18:52:08.200   424   424 E mm-camera-intf: entity name v4l-subdev1 type 131072 group id 0
01-07 18:52:08.200   424   424 E mm-camera-intf: entity id 5
01-07 18:52:08.200   424   424 E mm-camera-intf: entity name v4l-subdev2 type 131072 group id 0
01-07 18:52:08.200   424   424 E mm-camera-intf: entity id 6
01-07 18:52:08.200   424   424 E mm-camera-intf: entity name v4l-subdev3 type 131072 group id 1
01-07 18:52:08.200   424   424 E mm-camera-intf: entity id 7
01-07 18:52:08.200   424   424 E mm-camera-intf: entity name v4l-subdev4 type 131072 group id 1
01-07 18:52:08.200   424   424 E mm-camera-intf: entity id 8
01-07 18:52:08.200   424   424 E mm-camera-intf: entity name v4l-subdev5 type 131072 group id 1
01-07 18:52:08.200   424   424 E mm-camera-intf: entity id 9
01-07 18:52:08.200   424   424 E mm-camera-intf: entity name v4l-subdev6 type 131072 group id 1
01-07 18:52:08.200   424   424 E mm-camera-intf: entity id 10
01-07 18:52:08.200   424   424 E mm-camera-intf: entity name v4l-subdev7 type 131072 group id 7
01-07 18:52:08.200   424   424 E mm-camera-intf: entity id 11
01-07 18:52:08.200   424   424 E mm-camera-intf: entity name v4l-subdev8 type 131072 group id 11
01-07 18:52:08.200   424   424 E mm-camera-intf: entity id 12
01-07 18:52:08.200   424   424 E mm-camera-intf: entity name v4l-subdev9 type 131072 group id 8
01-07 18:52:08.200   424   424 E mm-camera-intf: entity id 13
01-07 18:52:08.201   424   424 E mm-camera-intf: entity name v4l-subdev10 type 131072 group id 8
01-07 18:52:08.201   424   424 E mm-camera-intf: entity id 14
01-07 18:52:08.201   424   424 E mm-camera-intf: entity name v4l-subdev11 type 131072 group id 14
01-07 18:52:08.190   419   419 I rild    : type=1400 audit(0.0:93): avc: denied { read write } for name="diag" dev="tmpfs" ino=3071 scontext=u:r:rild:s0 tcontext=u:object_r:device:s0 tclass=chr_file permissive=1
01-07 18:52:08.190   419   419 I rild    : type=1400 audit(0.0:94): avc: denied { open } for name="diag" dev="tmpfs" ino=3071 scontext=u:r:rild:s0 tcontext=u:object_r:device:s0 tclass=chr_file permissive=1
01-07 18:52:08.203   423   423 D msm8974_platform: platform_init: snd_card_name: msm8974-taiko-mtp-snd-card
01-07 18:52:08.210   409   409 I thermal-engine: type=1400 audit(0.0:95): avc: denied { read } for scontext=u:r:init:s0 tcontext=u:r:init:s0 tclass=netlink_kobject_uevent_socket permissive=1
01-07 18:52:08.210   298   298 I rmt_storage: type=1400 audit(0.0:96): avc: denied { write } for scontext=u:r:init:s0 tcontext=u:r:init:s0 tclass=socket permissive=1
01-07 18:52:08.218   298   298 I rmt_storage: rmt_storage_connect_cb: clnt_h=0x1 conn_h=0xb51190c8
01-07 18:52:08.218   298   298 I rmt_storage: rmt_storage_open_cb: /boot/modem_fs1: clnt_h=0x1: req_h=0x1 msg_id=1: Client found
01-07 18:52:08.218   298   298 I rmt_storage: rmt_storage_open_cb: /boot/modem_fs1: clnt_h=0x1: req_h=0x1 msg_id=1: Send response: res=0 err=0
01-07 18:52:08.218   298   298 I rmt_storage: rmt_storage_connect_cb: clnt_h=0x2 conn_h=0xb51190d0
01-07 18:52:08.218   298   298 I rmt_storage: rmt_storage_open_cb: /boot/modem_fs2: clnt_h=0x2: req_h=0x2 msg_id=1: Client found
01-07 18:52:08.218   298   298 I rmt_storage: rmt_storage_open_cb: /boot/modem_fs2: clnt_h=0x2: req_h=0x2 msg_id=1: Send response: res=0 err=0
01-07 18:52:08.218   298   298 I rmt_storage: rmt_storage_connect_cb: clnt_h=0x3 conn_h=0xb51190d8
01-07 18:52:08.218   298   298 I rmt_storage: rmt_storage_open_cb: /boot/modem_fsg: clnt_h=0x3: req_h=0x3 msg_id=1: Client found
01-07 18:52:08.218   298   298 I rmt_storage: rmt_storage_open_cb: /boot/modem_fsg: clnt_h=0x3: req_h=0x3 msg_id=1: Send response: res=0 err=0
01-07 18:52:08.218   298   298 I rmt_storage: rmt_storage_connect_cb: clnt_h=0x4 conn_h=0xb51190e0
01-07 18:52:08.218   298   298 I rmt_storage: rmt_storage_open_cb: /boot/modem_fsc: clnt_h=0x4: req_h=0x4 msg_id=1: Client found
01-07 18:52:08.218   298   298 I rmt_storage: rmt_storage_open_cb: /boot/modem_fsc: clnt_h=0x4: req_h=0x4 msg_id=1: Send response: res=0 err=0
01-07 18:52:08.219   298   298 I rmt_storage: rmt_storage_alloc_buff_cb: /boot/modem_fs1: clnt_h=0x1: req_h=0x5 msg_id=4: Alloc request received: Size: 1572864
01-07 18:52:08.219   298   298 I rmt_storage: rmt_storage_alloc_buff_cb: /boot/modem_fs1: clnt_h=0x1: req_h=0x5 msg_id=4: Send response: res=0 err=0
01-07 18:52:08.210   298   298 I rmt_storage: type=1400 audit(0.0:97): avc: denied { write } for path="/dev/uio0" dev="tmpfs" ino=3061 scontext=u:r:init:s0 tcontext=u:object_r:uio_device:s0 tclass=chr_file permissive=1
01-07 18:52:08.219   298   298 I rmt_storage: rmt_storage_rw_iovec_cb: /boot/modem_fs1: clnt_h=0x1: req_h=0x6 msg_id=3: R/W request received
01-07 18:52:08.219   298   298 I rmt_storage: Shared mem address set to 0xb4b55000
01-07 18:52:08.219   298   298 I rmt_storage: wakelock acquired: 1, error no: 42
01-07 18:52:08.221   431   431 E cutils-trace: Error opening trace file: No such file or directory (2)
01-07 18:52:08.221   298   449 I rmt_storage: rmt_storage_client_thread: /boot/modem_fsg: clnt_h=0x3 Worker thread started
01-07 18:52:08.221   298   449 I rmt_storage: wake lock name: rmt_storage_-1259542160, name creation success: 23
01-07 18:52:08.222   298   447 I rmt_storage: rmt_storage_client_thread: /boot/modem_fs1: clnt_h=0x1 Worker thread started
01-07 18:52:08.222   298   447 I rmt_storage: wake lock name: rmt_storage_-1257469584, name creation success: 23
01-07 18:52:08.222   298   448 I rmt_storage: rmt_storage_client_thread: /boot/modem_fs2: clnt_h=0x2 Worker thread started
01-07 18:52:08.222   298   448 I rmt_storage: wake lock name: rmt_storage_-1258505872, name creation success: 23
01-07 18:52:08.222   431   431 D vndksupport: Loading /vendor/lib/hw/android.hardware.keymaster@3.0-impl.so from current namespace instead of sphal namespace.
01-07 18:52:08.222   298   447 I rmt_storage: rmt_storage_client_thread: /boot/modem_fs1: clnt_h=0x1: req_h=0x6 msg_id=3: Bytes read = 512
01-07 18:52:08.222   298   447 I rmt_storage: rmt_storage_client_thread: /boot/modem_fs1: clnt_h=0x1: req_h=0x6 msg_id=3: Send response: res=0 err=0
01-07 18:52:08.222   298   447 I rmt_storage: rmt_storage_client_thread: /boot/modem_fs1: clnt_h=0x1 About to block rmt_storage client thread (th_id: -1257469584) wakelock released: 0, error no: 22
01-07 18:52:08.222   298   447 I rmt_storage: 
01-07 18:52:08.222   298   298 I rmt_storage: rmt_storage_rw_iovec_cb: /boot/modem_fs2: clnt_h=0x2: req_h=0x7 msg_id=3: R/W request received
01-07 18:52:08.222   298   298 I rmt_storage: Shared mem address set to 0xb4b55000
01-07 18:52:08.222   298   298 I rmt_storage: wakelock acquired: 1, error no: 42
01-07 18:52:08.222   298   450 I rmt_storage: rmt_storage_client_thread: /boot/modem_fsc: clnt_h=0x4 Worker thread started
01-07 18:52:08.222   298   450 I rmt_storage: wake lock name: rmt_storage_-1260578448, name creation success: 23
01-07 18:52:08.228   431   431 I android.hardware.keymaster@3.0-impl: Fetching keymaster device name default
01-07 18:52:08.228   298   448 I rmt_storage: rmt_storage_client_thread: /boot/modem_fs2: clnt_h=0x2 Unblock worker thread (th_id: -1258505872)
01-07 18:52:08.229   298   448 I rmt_storage: rmt_storage_client_thread: /boot/modem_fs2: clnt_h=0x2: req_h=0x7 msg_id=3: Bytes read = 512
01-07 18:52:08.229   298   448 I rmt_storage: rmt_storage_client_thread: /boot/modem_fs2: clnt_h=0x2: req_h=0x7 msg_id=3: Send response: res=0 err=0
01-07 18:52:08.229   298   448 I rmt_storage: rmt_storage_client_thread: /boot/modem_fs2: clnt_h=0x2 About to block rmt_storage client thread (th_id: -1258505872) wakelock released: 1, error no: 0
01-07 18:52:08.229   298   448 I rmt_storage: 
01-07 18:52:08.230   431   431 I android.hardware.keymaster@3.0-impl: Found keymaster0 module Keymaster QCOM HAL, version 3
01-07 18:52:08.220   431   431 I keystore: type=1400 audit(0.0:98): avc: denied { read write } for name="qseecom" dev="tmpfs" ino=4148 scontext=u:r:keystore:s0 tcontext=u:object_r:device:s0 tclass=chr_file permissive=1
01-07 18:52:08.220   431   431 I keystore: type=1400 audit(0.0:99): avc: denied { open } for name="qseecom" dev="tmpfs" ino=4148 scontext=u:r:keystore:s0 tcontext=u:object_r:device:s0 tclass=chr_file permissive=1
01-07 18:52:08.220   431   431 I keystore: type=1400 audit(0.0:100): avc: denied { ioctl } for path="/dev/qseecom" dev="tmpfs" ino=4148 ioctlcmd=970a scontext=u:r:keystore:s0 tcontext=u:object_r:device:s0 tclass=chr_file permissive=1
01-07 18:52:08.230   298   298 I rmt_storage: rmt_storage_rw_iovec_cb: /boot/modem_fs1: clnt_h=0x1: req_h=0x8 msg_id=3: R/W request received
01-07 18:52:08.230   298   298 I rmt_storage: wakelock acquired: 1, error no: 42
01-07 18:52:08.230   298   447 I rmt_storage: rmt_storage_client_thread: /boot/modem_fs1: clnt_h=0x1 Unblock worker thread (th_id: -1257469584)
01-07 18:52:08.232   431   431 D QSEECOMAPI: : QSEECom_get_handle sb_length = 0x2000
01-07 18:52:08.232   431   431 D QSEECOMAPI: : App is already loaded QSEE and app id = 2
01-07 18:52:08.239   431   431 D android.hardware.keymaster@3.0-impl: Wrapping keymaster0 module Keymaster QCOM HAL with SoftKeymasterDevice
01-07 18:52:08.247   298   447 I rmt_storage: rmt_storage_client_thread: /boot/modem_fs1: clnt_h=0x1: req_h=0x8 msg_id=3: Bytes read = 1571840
01-07 18:52:08.247   298   447 I rmt_storage: rmt_storage_client_thread: /boot/modem_fs1: clnt_h=0x1: req_h=0x8 msg_id=3: Send response: res=0 err=0
01-07 18:52:08.248   298   447 I rmt_storage: rmt_storage_client_thread: /boot/modem_fs1: clnt_h=0x1 About to block rmt_storage client thread (th_id: -1257469584) wakelock released: 1, error no: 22
01-07 18:52:08.248   298   447 I rmt_storage: 
01-07 18:52:08.283   443   443 I mediaserver: ServiceManager: 0xb0398500
01-07 18:52:08.309   423   423 E audio_route: Control 'SLIMBUS_0_RX Port Mixer INT_BT_SCO_TX' doesn't exist - skipping
01-07 18:52:08.309   423   423 E audio_route: unknown enum value string 8000 for ctl Internal BTSCO SampleRate
01-07 18:52:08.310   423   423 E audio_route: Control 'INTERNAL_BT_SCO_RX Audio Mixer Multimedia6' doesn't exist - skipping
01-07 18:52:08.310   423   423 E audio_route: Control 'MultiMedia4 Mixer MI2S_TX' doesn't exist - skipping
01-07 18:52:08.311   423   423 E audio_route: Control 'RX4 DSM MUX' doesn't exist - skipping
01-07 18:52:08.311   423   423 E audio_route: Control 'RX6 DSM MUX' doesn't exist - skipping
01-07 18:52:08.312   423   423 E audio_route: unknown enum value string 16000 for ctl Internal BTSCO SampleRate
01-07 18:52:08.314   423   423 I chatty  : uid=1041(audioserver) /system/bin/audioserver identical 11 lines
01-07 18:52:08.314   423   423 E audio_route: unknown enum value string 16000 for ctl Internal BTSCO SampleRate
01-07 18:52:08.310   456   456 I getprop : type=1400 audit(0.0:101): avc: denied { open } for name="u:object_r:wifi_prop:s0" dev="tmpfs" ino=8197 scontext=u:r:shell:s0 tcontext=u:object_r:wifi_prop:s0 tclass=file permissive=1
01-07 18:52:08.317   423   423 E audio_route: unknown enum value string 16000 for ctl Internal BTSCO SampleRate
01-07 18:52:08.310   456   456 I getprop : type=1400 audit(0.0:102): avc: denied { getattr } for path="/dev/__properties__/u:object_r:wifi_prop:s0" dev="tmpfs" ino=8197 scontext=u:r:shell:s0 tcontext=u:object_r:wifi_prop:s0 tclass=file permissive=1
01-07 18:52:08.310   456   456 I getprop : type=1400 audit(0.0:103): avc: denied { open } for name="u:object_r:firstboot_prop:s0" dev="tmpfs" ino=8205 scontext=u:r:shell:s0 tcontext=u:object_r:firstboot_prop:s0 tclass=file permissive=1
01-07 18:52:08.310   456   456 I getprop : type=1400 audit(0.0:104): avc: denied { getattr } for path="/dev/__properties__/u:object_r:firstboot_prop:s0" dev="tmpfs" ino=8205 scontext=u:r:shell:s0 tcontext=u:object_r:firstboot_prop:s0 tclass=file permissive=1
01-07 18:52:08.310   456   456 I getprop : type=1400 audit(0.0:105): avc: denied { open } for name="u:object_r:persistent_properties_ready_prop:s0" dev="tmpfs" ino=8206 scontext=u:r:shell:s0 tcontext=u:object_r:persistent_properties_ready_prop:s0 tclass=file permissive=1
01-07 18:52:08.310   456   456 I getprop : type=1400 audit(0.0:106): avc: denied { getattr } for path="/dev/__properties__/u:object_r:persistent_properties_ready_prop:s0" dev="tmpfs" ino=8206 scontext=u:r:shell:s0 tcontext=u:object_r:persistent_properties_ready_prop:s0 tclass=file permissive=1
01-07 18:52:08.310   456   456 I getprop : type=1400 audit(0.0:107): avc: denied { open } for name="u:object_r:boottime_prop:s0" dev="tmpfs" ino=8209 scontext=u:r:shell:s0 tcontext=u:object_r:boottime_prop:s0 tclass=file permissive=1
01-07 18:52:08.310   456   456 I getprop : type=1400 audit(0.0:108): avc: denied { getattr } for path="/dev/__properties__/u:object_r:boottime_prop:s0" dev="tmpfs" ino=8209 scontext=u:r:shell:s0 tcontext=u:object_r:boottime_prop:s0 tclass=file permissive=1
01-07 18:52:08.310   456   456 I getprop : type=1400 audit(0.0:109): avc: denied { open } for name="u:object_r:overlay_prop:s0" dev="tmpfs" ino=8211 scontext=u:r:shell:s0 tcontext=u:object_r:overlay_prop:s0 tclass=file permissive=1
01-07 18:52:08.324   423   423 E audio_route: Control 'RX4 DSM MUX' doesn't exist - skipping
01-07 18:52:08.324   423   423 E audio_route: Control 'RX6 DSM MUX' doesn't exist - skipping
01-07 18:52:08.328   351   351 E qdutils : Failed to open msm_fb_panel_info node
01-07 18:52:08.328   351   351 D PPDaemon: CABL version 1.1.20130401
01-07 18:52:08.347   423   423 D msm8974_platform: platform_init: Opened sound card:0
01-07 18:52:08.353   423   423 D ACDB-LOADER: ACDB -> Load file: /etc/acdbdata/MTP/MTP_Handset_cal.acdb
01-07 18:52:08.354   423   423 D ACDB-LOADER: ACDB -> Load file: /etc/acdbdata/MTP/MTP_Global_cal.acdb
01-07 18:52:08.354   423   423 D ACDB-LOADER: ACDB -> Load file: /etc/acdbdata/MTP/MTP_General_cal.acdb
01-07 18:52:08.354   423   423 D ACDB-LOADER: ACDB -> Load file: /etc/acdbdata/MTP/MTP_Headset_cal.acdb
01-07 18:52:08.354   423   423 D ACDB-LOADER: ACDB -> Load file: /etc/acdbdata/MTP/MTP_Bluetooth_cal.acdb
01-07 18:52:08.354   423   423 D ACDB-LOADER: ACDB -> Load file: /etc/acdbdata/MTP/MTP_Hdmi_cal.acdb
01-07 18:52:08.354   423   423 D ACDB-LOADER: ACDB -> Load file: /etc/acdbdata/MTP/MTP_Speaker_cal.acdb
01-07 18:52:08.354   423   423 D ACDB-LOADER: ACDB -> ACDB_CMD_INITIALIZE_V2
01-07 18:52:08.356   423   423 D         : [ACDB Command]->SW Minor/Major/Revision version mismatch warning /etc/acdbdata/MTP/MTP_Handset_cal.acdb
01-07 18:52:08.356   423   423 D         : [ACDB Command]->ACDB Sw Major = 3, ACDB Sw Minor = 0, ACDB Sw Revision = 0
01-07 18:52:08.356   423   423 D         : [ACDB Command]->ACDB File Major = 3, ACDB File Minor = 0, ACDB File Revision = 2
01-07 18:52:08.356   423   423 D         : [ACDB Command]->SW Minor/Major/Revision version mismatch warning /etc/acdbdata/MTP/MTP_Global_cal.acdb
01-07 18:52:08.356   423   423 D         : [ACDB Command]->ACDB Sw Major = 3, ACDB Sw Minor = 0, ACDB Sw Revision = 0
01-07 18:52:08.356   423   423 D         : [ACDB Command]->ACDB File Major = 3, ACDB File Minor = 0, ACDB File Revision = 2
01-07 18:52:08.357   423   423 D         : [ACDB Command]->SW Minor/Major/Revision version mismatch warning /etc/acdbdata/MTP/MTP_General_cal.acdb
01-07 18:52:08.357   423   423 D         : [ACDB Command]->ACDB Sw Major = 3, ACDB Sw Minor = 0, ACDB Sw Revision = 0
01-07 18:52:08.357   423   423 D         : [ACDB Command]->ACDB File Major = 3, ACDB File Minor = 0, ACDB File Revision = 2
01-07 18:52:08.357   423   423 D         : [ACDB Command]->SW Minor/Major/Revision version mismatch warning /etc/acdbdata/MTP/MTP_Headset_cal.acdb
01-07 18:52:08.357   423   423 D         : [ACDB Command]->ACDB Sw Major = 3, ACDB Sw Minor = 0, ACDB Sw Revision = 0
01-07 18:52:08.357   423   423 D         : [ACDB Command]->ACDB File Major = 3, ACDB File Minor = 0, ACDB File Revision = 2
01-07 18:52:08.358   423   423 D         : [ACDB Command]->SW Minor/Major/Revision version mismatch warning /etc/acdbdata/MTP/MTP_Bluetooth_cal.acdb
01-07 18:52:08.358   423   423 D         : [ACDB Command]->ACDB Sw Major = 3, ACDB Sw Minor = 0, ACDB Sw Revision = 0
01-07 18:52:08.358   423   423 D         : [ACDB Command]->ACDB File Major = 3, ACDB File Minor = 0, ACDB File Revision = 2
01-07 18:52:08.358   423   423 D         : [ACDB Command]->SW Minor/Major/Revision version mismatch warning /etc/acdbdata/MTP/MTP_Hdmi_cal.acdb
01-07 18:52:08.358   423   423 D         : [ACDB Command]->ACDB Sw Major = 3, ACDB Sw Minor = 0, ACDB Sw Revision = 0
01-07 18:52:08.358   423   423 D         : [ACDB Command]->ACDB File Major = 3, ACDB File Minor = 0, ACDB File Revision = 2
01-07 18:52:08.360   423   423 D         : [ACDB Command]->SW Minor/Major/Revision version mismatch warning /etc/acdbdata/MTP/MTP_Speaker_cal.acdb
01-07 18:52:08.360   423   423 D         : [ACDB Command]->ACDB Sw Major = 3, ACDB Sw Minor = 0, ACDB Sw Revision = 0
01-07 18:52:08.360   423   423 D         : [ACDB Command]->ACDB File Major = 3, ACDB File Minor = 0, ACDB File Revision = 2
01-07 18:52:08.360   423   423 D ACDB-LOADER: ACDB -> ACPH INIT
01-07 18:52:08.360   423   423 D         : [ACPH]->Online service registered with ACPH
01-07 18:52:08.360   423   423 E Diag_Lib:  Diag_LSM_Init: Failed to open handle to diag driver, error = 13
01-07 18:52:08.360   423   423 E Diag_Lib:  diagpkt_tbl_reg: Registration failed.
01-07 18:52:08.360   423   423 D         : [ACPH]->ACPH init success
01-07 18:52:08.360   423   423 D ACDB-LOADER: ACDB -> RTAC INIT
01-07 18:52:08.360   423   423 D         : [ACPH]->DSP RTC service registered with ACPH
01-07 18:52:08.360   423   423 D ACDB-LOADER: ACDB -> ADIE RTAC INIT
01-07 18:52:08.360   423   423 D         : [ACPH]->ADIE RTC service registered with ACPH
01-07 18:52:08.360   423   423 D ACDB-LOADER: No existing ION info in ACDB driver
01-07 18:52:08.360   423   423 D ACDB-LOADER: ACDB -> ION_IOC_ALLOC
01-07 18:52:08.361   423   423 D ACDB-LOADER: ACDB -> ION_IOC_SHARE
01-07 18:52:08.361   423   423 D ACDB-LOADER: ACDB -> MMAP ADDR
01-07 18:52:08.361   423   423 D ACDB-LOADER: ACDB -> register MEM to ACDB driver: 0xad1c5000
01-07 18:52:08.361   423   423 D ACDB-LOADER: ACDB -> send_asm_topology
01-07 18:52:08.361   423   423 D ACDB-LOADER: ACDB -> ACDB_CMD_GET_AUDPROC_STREAM_TOPOLOGY_ID
01-07 18:52:08.361   423   423 D ACDB-LOADER: ACDB -> send_adm_custom_topology
01-07 18:52:08.362   423   423 D ACDB-LOADER: ACDB -> ACDB_CMD_GET_AUDIO_COPP_TOPOLOGIES
01-07 18:52:08.362   423   423 D ACDB-LOADER: ACDB -> AUDIO_SET_ADM_CUSTOM_TOPOLOGY
01-07 18:52:08.362   423   423 D ACDB-LOADER: ACDB -> send_asm_custom_topology
01-07 18:52:08.362   423   423 D ACDB-LOADER: ACDB -> ACDB_CMD_GET_AUDIO_POPP_TOPOLOGIES
01-07 18:52:08.362   423   423 D ACDB-LOADER: ACDB -> AUDIO_SET_ASM_CUSTOM_TOPOLOGY
01-07 18:52:08.362   423   423 D ACDB-LOADER: ACDB -> init done!
01-07 18:52:08.362   423   423 E msm8974_platform: find_index: Could not find index for name = SND_DEVICE_IN_AANC_HEADSET_MIC
01-07 18:52:08.362   423   423 E platform_info: process_acdb_id: Device SND_DEVICE_IN_AANC_HEADSET_MIC in /vendor/etc/audio_platform_info.xml not found, no ACDB ID set!
01-07 18:52:08.363   423   423 E msm8974_platform: hw_util_open Opening device /dev/snd/hwC0D1000
01-07 18:52:08.363   423   423 E msm8974_platform: hw_util_open success
01-07 18:52:08.363   423   423 D ACDB-LOADER: ACDB -> ACDB_CMD_GET_ANC_SETTING
01-07 18:52:08.363   423   423 I chatty  : uid=1041(audioserver) /system/bin/audioserver identical 5 lines
01-07 18:52:08.363   423   423 D ACDB-LOADER: ACDB -> ACDB_CMD_GET_ANC_SETTING
01-07 18:52:08.363   423   423 E msm8974_platform:  send_codec_cal cal sent for anc_cal
01-07 18:52:08.363   423   423 E ACDB-LOADER: ACDB -> send_codec_cal
01-07 18:52:08.363   423   423 D ACDB-LOADER: ACDB -> ACDB_CMD_GET_CODEC_CAL_DATA
01-07 18:52:08.363   423   423 E msm8974_platform:  send_codec_cal cal sent for mad_cal
01-07 18:52:08.363   423   423 D ACDB-LOADER: send mbhc data
01-07 18:52:08.363   423   423 D ACDB-LOADER: ACDB -> MBHC ACDB_PID_GENERAL_CONFIG
01-07 18:52:08.363   423   423 D ACDB-LOADER: ACDB -> MBHC ACDB_PID_PLUG_REMOVAL_DETECTION
01-07 18:52:08.363   423   423 D ACDB-LOADER: ACDB -> MBHC ACDB_PID_PLUG_TYPE_DETECTION
01-07 18:52:08.363   423   423 D ACDB-LOADER: ACDB -> MBHC ACDB_PID_BUTTON_PRESS_DETECTION
01-07 18:52:08.363   423   423 D ACDB-LOADER: ACDB -> MBHC ACDB_PID_IMPEDANCE_DETECTION
01-07 18:52:08.363   423   423 E msm8974_platform:  send_codec_cal cal sent for mbhc_cal
01-07 18:52:08.369   423   423 D vndksupport: Loading /vendor/lib/hw/audio_amplifier.msm8974.so from current namespace instead of sphal namespace.
01-07 18:52:08.371   423   423 D TFA9890 : [audio_smartpa_enable_clk: 169]To ENABLE_MI2S_CLK
01-07 18:52:08.378   423   423 I TFA9890 : init +
01-07 18:52:08.384   423   423 D TFA9890 : [coldStartup: 661]Waiting for IC to start up
01-07 18:52:08.385   423   423 D TFA9890 : [coldStartup: 687]status: 0x8b5f, tries: 0
01-07 18:52:08.389   423   423 D TFA9890 : [coldStartup: 714]ready: 0x0001, tries: 0, err: 0
01-07 18:52:08.389   423   423 D TFA9890 : [dspPatch: 495]Loading patch file /etc/tfa98xx/coldboot.patch
01-07 18:52:08.392   423   423 D TFA9890 : [dspPatch: 495]Loading patch file /etc/tfa98xx/TFA9890_N1C3_2_1_1.patch
01-07 18:52:08.442   451   451 V MediaUtils: physMem: 2982252544
01-07 18:52:08.443   451   451 V MediaUtils: requested limit: 596450500
01-07 18:52:08.443   451   451 V MediaUtils: actual limit: 596450500
01-07 18:52:08.443   451   451 V MediaUtils: original limits: 4294967295/4294967295
01-07 18:52:08.443   451   451 V MediaUtils: new limits: 596450500/4294967295
01-07 18:52:08.443   451   451 D vndksupport: Loading libutils.so from current namespace instead of sphal namespace.
01-07 18:52:08.444   451   451 W /system/bin/mediaextractor: Could not read additional policy file '/vendor/etc/seccomp_policy/mediaextractor.policy'
01-07 18:52:08.444   451   451 W /system/bin/mediaextractor: libminijail[451]: allowing syscall: clock_gettime
01-07 18:52:08.444   451   451 W /system/bin/mediaextractor: libminijail[451]: allowing syscall: connect
01-07 18:52:08.444   451   451 W /system/bin/mediaextractor: libminijail[451]: allowing syscall: fcntl64
01-07 18:52:08.444   451   451 W /system/bin/mediaextractor: libminijail[451]: allowing syscall: socket
01-07 18:52:08.444   451   451 W /system/bin/mediaextractor: libminijail[451]: allowing syscall: writev
01-07 18:52:08.445   451   451 W /system/bin/mediaextractor: libminijail[451]: logging seccomp filter failures
01-07 18:52:08.451   455   455 I mediametrics: ServiceManager: 0xad018540
01-07 18:52:08.451   455   455 D MediaAnalyticsService: MediaAnalyticsService created
01-07 18:52:08.451   455   455 D MediaAnalyticsService: MediaAnalyticsService::newSummarizerSet
01-07 18:52:08.508   464   465 I /system/bin/storaged: storaged: Start
01-07 18:52:08.543   466   466 I wificond: wificond is starting up...
01-07 18:52:08.580   458   458 I mediaserver: ServiceManager: 0xa64985a0
01-07 18:52:08.580   458   458 W BatteryNotifier: batterystats service unavailable!
01-07 18:52:08.607   423   423 D TFA9890 : using speaker /etc/tfa98xx/shenqi.speaker
01-07 18:52:08.609   423   423 D TFA9890 : [init: 693]DSP already calibrated. Calibration skipped and previous calibration results loaded from MTP.
01-07 18:52:08.648   469   469 I /vendor/bin/hw/android.hardware.media.omx@1.0-service: mediacodecservice starting
01-07 18:52:08.649   469   469 W /vendor/bin/hw/android.hardware.media.omx@1.0-service: Could not read additional policy file '/vendor/etc/seccomp_policy/mediacodec.policy'
01-07 18:52:08.649   469   469 W /vendor/bin/hw/android.hardware.media.omx@1.0-service: libminijail[469]: allowing syscall: clock_gettime
01-07 18:52:08.650   469   469 W /vendor/bin/hw/android.hardware.media.omx@1.0-service: libminijail[469]: allowing syscall: connect
01-07 18:52:08.650   469   469 W /vendor/bin/hw/android.hardware.media.omx@1.0-service: libminijail[469]: allowing syscall: fcntl64
01-07 18:52:08.650   469   469 W /vendor/bin/hw/android.hardware.media.omx@1.0-service: libminijail[469]: allowing syscall: socket
01-07 18:52:08.650   469   469 W /vendor/bin/hw/android.hardware.media.omx@1.0-service: libminijail[469]: allowing syscall: writev
01-07 18:52:08.650   469   469 W /vendor/bin/hw/android.hardware.media.omx@1.0-service: libminijail[469]: logging seccomp filter failures
01-07 18:52:08.651   469   469 I /vendor/bin/hw/android.hardware.media.omx@1.0-service: Non-Treble OMX service created.
01-07 18:52:08.653   423   423 D TFA9890 : [setConfig: 122]using config /etc/tfa98xx/TFA9890_N1B12_N1C3_v2.config
01-07 18:52:08.654   413   413 E wcnss_qmi: wcnss_init_qmi: Initialize wcnss QMI Interface
01-07 18:52:08.655   413   413 E Diag_Lib:  Diag_LSM_Init: Failed to open handle to diag driver, error = 13
01-07 18:52:08.655   413   413 E QC-QMI  : qmi_client [413]: unable to bind to client socket, rc = -1 errno[13:Permission denied]
01-07 18:52:08.655   413   413 E QC-QMI  : qmi_qmux_if_pwr_up_init_ex:  Initialization failed, rc = -1
01-07 18:52:08.655   413   413 E QMI_FW  : QMUXD: WARNING qmi_qmux_if_pwr_up_init failed! rc=-1
01-07 18:52:08.656   413   413 E QC-QMI  : qmi_client [413]: unable to bind to client socket, rc = -1 errno[13:Permission denied]
01-07 18:52:08.656   413   413 E QC-QMI  : qmi_qmux_if_pwr_up_init_ex:  Initialization failed, rc = -1
01-07 18:52:08.656   413   413 E QMI_FW  : QMUXD: WARNING qmi_qmux_if_pwr_up_init failed! rc=-1
01-07 18:52:08.656   413   413 E QC-QMI  : qmi_client [413]: unable to bind to client socket, rc = -1 errno[13:Permission denied]
01-07 18:52:08.656   413   413 E QC-QMI  : qmi_qmux_if_pwr_up_init_ex:  Initialization failed, rc = -1
01-07 18:52:08.656   413   413 E QMI_FW  : QMUXD: WARNING qmi_qmux_if_pwr_up_init failed! rc=-1
01-07 18:52:08.656   413   413 E QC-QMI  : qmi_client [413]: unable to bind to client socket, rc = -1 errno[13:Permission denied]
01-07 18:52:08.656   413   413 E QC-QMI  : qmi_qmux_if_pwr_up_init_ex:  Initialization failed, rc = -1
01-07 18:52:08.656   413   413 E QMI_FW  : QMUXD: WARNING qmi_qmux_if_pwr_up_init failed! rc=-1
01-07 18:52:08.657   413   413 E QC-QMI  : qmi_client [413]: unable to bind to client socket, rc = -1 errno[13:Permission denied]
01-07 18:52:08.657   413   413 E QC-QMI  : qmi_qmux_if_pwr_up_init_ex:  Initialization failed, rc = -1
01-07 18:52:08.657   413   413 E QMI_FW  : QMUXD: WARNING qmi_qmux_if_pwr_up_init failed! rc=-1
01-07 18:52:08.658   413   413 E QC-QMI  : qmi_client [413]: unable to bind to client socket, rc = -1 errno[13:Permission denied]
01-07 18:52:08.658   413   413 E QC-QMI  : qmi_qmux_if_pwr_up_init_ex:  Initialization failed, rc = -1
01-07 18:52:08.658   413   413 E QMI_FW  : QMUXD: WARNING qmi_qmux_if_pwr_up_init failed! rc=-1
01-07 18:52:08.658   413   413 E QC-QMI  : qmi_client [413]: unable to bind to client socket, rc = -1 errno[13:Permission denied]
01-07 18:52:08.658   413   413 E QC-QMI  : qmi_qmux_if_pwr_up_init_ex:  Initialization failed, rc = -1
01-07 18:52:08.658   413   413 E QMI_FW  : QMUXD: WARNING qmi_qmux_if_pwr_up_init failed! rc=-1
01-07 18:52:08.658   413   413 E QC-QMI  : qmi_client [413]: unable to bind to client socket, rc = -1 errno[13:Permission denied]
01-07 18:52:08.658   413   413 E QC-QMI  : qmi_qmux_if_pwr_up_init_ex:  Initialization failed, rc = -1
01-07 18:52:08.659   413   413 E QMI_FW  : QMUXD: WARNING qmi_qmux_if_pwr_up_init failed! rc=-1
01-07 18:52:08.659   413   413 E QC-QMI  : qmi_client [413]: unable to bind to client socket, rc = -1 errno[13:Permission denied]
01-07 18:52:08.659   413   413 E QC-QMI  : qmi_qmux_if_pwr_up_init_ex:  Initialization failed, rc = -1
01-07 18:52:08.659   413   413 E QMI_FW  : QMUXD: WARNING qmi_qmux_if_pwr_up_init failed! rc=-1
01-07 18:52:08.659   413   413 E QC-QMI  : qmi_client [413]: unable to bind to client socket, rc = -1 errno[13:Permission denied]
01-07 18:52:08.659   413   413 E QC-QMI  : qmi_qmux_if_pwr_up_init_ex:  Initialization failed, rc = -1
01-07 18:52:08.659   413   413 E QMI_FW  : QMUXD: WARNING qmi_qmux_if_pwr_up_init failed! rc=-1
01-07 18:52:08.660   413   413 E QC-QMI  : qmi_client [413]: unable to bind to client socket, rc = -1 errno[13:Permission denied]
01-07 18:52:08.660   413   413 E QC-QMI  : qmi_qmux_if_pwr_up_init_ex:  Initialization failed, rc = -1
01-07 18:52:08.660   413   413 E QMI_FW  : QMUXD: WARNING qmi_qmux_if_pwr_up_init failed! rc=-1
01-07 18:52:08.660   413   413 E QC-QMI  : qmi_client [413]: unable to bind to client socket, rc = -1 errno[13:Permission denied]
01-07 18:52:08.660   413   413 E QC-QMI  : qmi_qmux_if_pwr_up_init_ex:  Initialization failed, rc = -1
01-07 18:52:08.660   413   413 E QMI_FW  : QMUXD: WARNING qmi_qmux_if_pwr_up_init failed! rc=-1
01-07 18:52:08.673   423   423 D TFA9890 : [setPreset: 333]using preset /etc/tfa98xx/shenqi_music.preset
01-07 18:52:08.686   423   423 D TFA9890 : [setEQ: 443]using EQ /etc/tfa98xx/shenqi_music.eq
01-07 18:52:08.692   423   423 D TFA9890 : [setEQ: 466]Loaded biquad 1
01-07 18:52:08.697   423   423 D TFA9890 : [setEQ: 473]Disabled biquad 2
01-07 18:52:08.702   423   423 D TFA9890 : [setEQ: 473]Disabled biquad 3
01-07 18:52:08.707   423   423 D TFA9890 : [setEQ: 473]Disabled biquad 4
01-07 18:52:08.712   423   423 D TFA9890 : [setEQ: 473]Disabled biquad 5
01-07 18:52:08.717   423   423 D TFA9890 : [setEQ: 473]Disabled biquad 6
01-07 18:52:08.722   423   423 D TFA9890 : [setEQ: 473]Disabled biquad 7
01-07 18:52:08.729   423   423 D TFA9890 : [setEQ: 473]Disabled biquad 8
01-07 18:52:08.734   423   423 D TFA9890 : [setEQ: 473]Disabled biquad 9
01-07 18:52:08.740   423   423 D TFA9890 : [setEQ: 466]Loaded biquad 10
01-07 18:52:08.740   423   423 D TFA9890 : [setEQ: 477]error parsing file, line 11
01-07 18:52:08.742   423   423 D TFA9890 : [waitCalibration: 92]waiting for TFA98XX_MTP, tries: 0
01-07 18:52:08.749   423   423 D TFA9890 : [init: 709]Calibration value is 6.46 ohm
01-07 18:52:08.752   423   423 D TFA9890 : [init: 720]Calibration TFA98XX_NOMINAL_IMPEDANCE:6.50 ohm
01-07 18:52:08.752   423   423 D TFA9890 : [init: 721]Calibration TFA98XX_NOMINAL_IMPEDANCE_MIN:5.20 ohm TFA98XX_NOMINAL_IMPEDANCE_MAX:7.80
01-07 18:52:08.795   423   423 D TFA9890 : [init: 734]current calibration tCoefA: 0.003150
01-07 18:52:08.797   423   423 I TFA9890 : init init ok
01-07 18:52:08.797   423   423 I TFA9890 : init -
01-07 18:52:08.797   423   423 D TFA9890 : [audio_smartpa_enable_clk: 176]To DISABLE_MI2S_CLK
01-07 18:52:08.802   423   423 D audio_hw_primary: select_devices: out_snd_device(2: speaker) in_snd_device(0: )
01-07 18:52:08.802   423   423 W msm8974_platform: Codec backend bitwidth 16, samplerate 48000
01-07 18:52:08.802   423   423 D hardware_info: hw_info_append_hw_type : device_name = speaker
01-07 18:52:08.802   423   423 I msm8974_platform: platform_send_audio_calibration: sending audio calibration for snd_device(2) acdb_id(14)
01-07 18:52:08.802   423   423 D ACDB-LOADER: ACDB -> send_audio_cal, acdb_id = 14, path =  0
01-07 18:52:08.802   423   423 D ACDB-LOADER: ACDB -> send_adm_topology
01-07 18:52:08.802   423   423 D ACDB-LOADER: ACDB -> ACDB_CMD_GET_AUDPROC_COMMON_TOPOLOGY_ID
01-07 18:52:08.802   423   423 D ACDB-LOADER: ACDB -> send_asm_topology
01-07 18:52:08.802   423   423 D ACDB-LOADER: ACDB -> ACDB_CMD_GET_AUDPROC_STREAM_TOPOLOGY_ID
01-07 18:52:08.802   423   423 D ACDB-LOADER: ACDB -> send_audtable
01-07 18:52:08.802   423   423 D ACDB-LOADER: ACDB -> ACDB_CMD_GET_AUDPROC_COMMON_TABLE
01-07 18:52:08.802   423   423 D ACDB-LOADER: ACDB -> AUDIO_SET_AUDPROC_CAL
01-07 18:52:08.802   423   423 D ACDB-LOADER: ACDB -> send_audvoltable
01-07 18:52:08.802   423   423 D ACDB-LOADER: ACDB -> ACDB_CMD_GET_AUDPROC_GAIN_DEP_STEP_TABLE
01-07 18:52:08.802   423   423 D         : Failed to fetch the lookup information of the device 0000000E 
01-07 18:52:08.802   423   423 E ACDB-LOADER: Error: ACDB AudProc vol returned = -19
01-07 18:52:08.802   423   423 D ACDB-LOADER: ACDB -> AUDIO_SET_AUDPROC_VOL_CAL
01-07 18:52:08.802   423   423 D ACDB-LOADER: ACDB -> send_afe_cal
01-07 18:52:08.802   423   423 D ACDB-LOADER: ACDB -> ACDB_CMD_GET_AFE_COMMON_TABLE
01-07 18:52:08.802   423   423 D ACDB-LOADER: ACDB -> AUDIO_SET_AFE_CAL
01-07 18:52:08.802   423   423 D TFA9890 : [audio_smartpa_enable: 143]audio_smartpa_enable = 1
01-07 18:52:08.802   423   423 D TFA9890 : [audio_smartpa_enable_clk: 169]To ENABLE_MI2S_CLK
01-07 18:52:08.804   484   484 D QC-time-services: Daemon:genoff_pre_init::Base = 0
01-07 18:52:08.804   484   484 D QC-time-services: Daemon:ats_rtc_init: Time read from RTC -- year = 70, month = 0,day = 7
01-07 18:52:08.804   484   484 D QC-time-services: Daemon:Value read from RTC seconds = 557529000
01-07 18:52:08.804   484   484 D QC-time-services: Daemon:genoff_init_config: ATS_RTC initialized
01-07 18:52:08.804   484   484 D QC-time-services: Daemon:genoff_pre_init::Base = 1
01-07 18:52:08.804   484   484 D QC-time-services: Daemon: Storage Name: ats_1 
01-07 18:52:08.804   484   484 D QC-time-services: Daemon:Opening File: /data/time/ats_1
01-07 18:52:08.804   484   484 D QC-time-services: Daemon:time_persistent_memory_opr:Genoff Read operation 
01-07 18:52:08.806   484   484 D QC-time-services: Daemon:genoff_pre_init::Base = 2
