--------- beginning of main
01-07 18:52:04.107   230   230 W auditd  : type=2000 audit(0.0:1): initialized
01-07 18:52:05.550   230   230 I auditd  : type=1403 audit(0.0:2): policy loaded auid=4294967295 ses=4294967295
01-07 18:52:05.810     1     1 I init    : type=1400 audit(0.0:3): avc: denied { create } for name="sdcard" scontext=u:r:init:s0 tcontext=u:object_r:tmpfs:s0 tclass=lnk_file permissive=1
01-07 18:52:05.960   217   217 I e2fsck  : type=1400 audit(0.0:4): avc: denied { read } for name="mmcblk0p22" dev="tmpfs" ino=8377 scontext=u:r:fsck:s0 tcontext=u:object_r:block_device:s0 tclass=blk_file permissive=1
01-07 18:52:05.960   217   217 I e2fsck  : type=1400 audit(0.0:5): avc: denied { open } for name="mmcblk0p22" dev="tmpfs" ino=8377 scontext=u:r:fsck:s0 tcontext=u:object_r:block_device:s0 tclass=blk_file permissive=1
01-07 18:52:05.960   217   217 I e2fsck  : type=1400 audit(0.0:6): avc: denied { write } for name="mmcblk0p22" dev="tmpfs" ino=8377 scontext=u:r:fsck:s0 tcontext=u:object_r:block_device:s0 tclass=blk_file permissive=1
01-07 18:52:05.960   217   217 I e2fsck  : type=1400 audit(0.0:7): avc: denied { ioctl } for path="/dev/block/mmcblk0p22" dev="tmpfs" ino=8377 ioctlcmd=127c scontext=u:r:fsck:s0 tcontext=u:object_r:block_device:s0 tclass=blk_file permissive=1
01-07 18:52:06.108   231   231 I SELinux : SELinux: Loaded service_contexts from:
01-07 18:52:06.109   231   231 I SELinux :     /plat_service_contexts
01-07 18:52:06.109   231   231 I SELinux :     /nonplat_service_contexts
01-07 18:52:06.151   239   239 I SELinux : SELinux: Loaded service_contexts from:
01-07 18:52:06.152   239   239 I SELinux :     /vndservice_contexts
01-07 18:52:06.152   238   238 E hwservicemanager: BINDER_SET_INHERIT_FIFO_PRIO failed with error -1
--------- beginning of system
01-07 18:52:06.232   240   240 I vold    : Vold 3.0 (the awakening) firing up
01-07 18:52:06.233   240   240 V vold    : Detected support for: exfat ext4 ntfs vfat
01-07 18:52:06.235   240   240 I vold    : [libfs_mgr]fs_mgr_read_fstab_dt(): failed to read fstab from dt
01-07 18:52:06.244   240   244 D vold    : e4crypt_init_user0
01-07 18:52:06.244   240   244 D vold    : e4crypt_prepare_user_storage for volume null, user 0, serial 0, flags 1
01-07 18:52:06.244   240   244 D vold    : Preparing: /data/system/users/0
01-07 18:52:06.244   240   244 D vold    : Preparing: /data/misc/profiles/cur/0
01-07 18:52:06.245   240   244 D vold    : Preparing: /data/system_de/0
01-07 18:52:06.245   240   244 D vold    : Preparing: /data/misc_de/0
01-07 18:52:06.246   240   244 D vold    : Preparing: /data/user_de/0
01-07 18:52:06.246   240   244 D vold    : e4crypt_unlock_user_key 0 serial=0 token_present=0
01-07 18:52:06.264   245   245 I /system/bin/tzdatacheck: timezone distro dir /data/misc/zoneinfo/current does not exist. No action required.
01-07 18:52:06.339   246   246 I Netd    : Netd 1.0 starting
01-07 18:52:06.344   246   246 D TetherController: Setting IP forward enable = 0
01-07 18:52:06.372   246   246 I Netd    : Creating child chains: 19.4ms
01-07 18:52:06.372   246   246 I Netd    : Setting up OEM hooks: 0.1ms
01-07 18:52:06.377   246   246 I Netd    : Setting up FirewallController hooks: 5.2ms
01-07 18:52:06.380   246   246 I Netd    : Setting up NatController hooks: 2.9ms
01-07 18:52:06.382   246   246 I Netd    : Setting up BandwidthController hooks: 2.2ms
01-07 18:52:06.382   246   246 I Netd    : Setting up IdletimerController hooks: 0.0ms
01-07 18:52:06.386   246   246 I Netd    : Disabling bandwidth control: 3.9ms
01-07 18:52:06.388   246   246 I Netd    : Initializing RouteController: 1.9ms
01-07 18:52:06.389   246   246 D MDnsDS  : MDnsSdListener::Hander starting up
01-07 18:52:06.390   246   256 D MDnsDS  : MDnsSdListener starting to monitor
01-07 18:52:06.390   246   256 D MDnsDS  : Going to poll with pollCount 1
01-07 18:52:06.391   246   246 I Netd    : Registering NetdNativeService: 1.2ms
01-07 18:52:06.391   246   246 I Netd    : Starting CommandListener: 0.2ms
01-07 18:52:06.392   246   246 E cutils-trace: Error opening trace file: No such file or directory (2)
01-07 18:52:06.392   238   238 E cutils-trace: Error opening trace file: No such file or directory (2)
01-07 18:52:06.393   246   246 I Netd    : Registering NetdHwService: 1.5ms
01-07 18:52:06.393   246   246 I Netd    : Netd started in 53ms
01-07 18:52:06.440   264   264 I ueventd : type=1400 audit(0.0:8): avc: denied { read } for name="adsp.mdt" dev="mmcblk0p1" ino=3 scontext=u:r:ueventd:s0 tcontext=u:object_r:vfat:s0 tclass=file permissive=1
01-07 18:52:06.440   264   264 I ueventd : type=1400 audit(0.0:9): avc: denied { open } for name="adsp.mdt" dev="mmcblk0p1" ino=3 scontext=u:r:ueventd:s0 tcontext=u:object_r:vfat:s0 tclass=file permissive=1
01-07 18:52:06.440   264   264 I ueventd : type=1400 audit(0.0:10): avc: denied { getattr } for path="/firmware/image/adsp.mdt" dev="mmcblk0p1" ino=3 scontext=u:r:ueventd:s0 tcontext=u:object_r:vfat:s0 tclass=file permissive=1
01-07 18:52:06.789   276   276 I ServiceManagement: Removing namespace from process name android.hidl.allocator@1.0-service to allocator@1.0-s.
01-07 18:52:06.790   276   276 E cutils-trace: Error opening trace file: No such file or directory (2)
01-07 18:52:06.826   277   277 D android.hardware.cas@1.0-service: android.hardware.cas@1.0-service starting...
01-07 18:52:06.827   277   277 I ServiceManagement: Removing namespace from process name android.hardware.cas@1.0-service to cas@1.0-service.
01-07 18:52:06.827   277   277 E cutils-trace: Error opening trace file: No such file or directory (2)
01-07 18:52:06.871   278   278 W /vendor/bin/hw/android.hardware.configstore@1.0-service: Could not find seccomp policy file at: /vendor/etc/seccomp_policy/configstore@1.0.policy
01-07 18:52:06.871   278   278 I ServiceManagement: Removing namespace from process name android.hardware.configstore@1.0-service to configstore@1.0.
01-07 18:52:06.871   278   278 E cutils-trace: Error opening trace file: No such file or directory (2)
01-07 18:52:06.910   281   281 I android.hardwar: type=1400 audit(0.0:11): avc: denied { read write } for name="vndbinder" dev="tmpfs" ino=8315 scontext=u:r:hal_drm_default:s0 tcontext=u:object_r:vndbinder_device:s0 tclass=chr_file permissive=1
01-07 18:52:06.910   281   281 I android.hardwar: type=1400 audit(0.0:12): avc: denied { open } for name="vndbinder" dev="tmpfs" ino=8315 scontext=u:r:hal_drm_default:s0 tcontext=u:object_r:vndbinder_device:s0 tclass=chr_file permissive=1
01-07 18:52:06.910   281   281 I android.hardwar: type=1400 audit(0.0:13): avc: denied { ioctl } for path="/dev/vndbinder" dev="tmpfs" ino=8315 ioctlcmd=6209 scontext=u:r:hal_drm_default:s0 tcontext=u:object_r:vndbinder_device:s0 tclass=chr_file permissive=1
01-07 18:52:06.926   281   281 D android.hardware.drm@1.0-service: android.hardware.drm@1.0-service starting...
01-07 18:52:06.926   281   281 E cutils-trace: Error opening trace file: No such file or directory (2)
01-07 18:52:06.930   281   281 D vndksupport: Loading /vendor/lib/hw/android.hardware.drm@1.0-impl.so from current namespace instead of sphal namespace.
01-07 18:52:06.962   282   282 E cutils-trace: Error opening trace file: No such file or directory (2)
01-07 18:52:06.963   282   282 D vndksupport: Loading /vendor/lib/hw/android.hardware.graphics.allocator@2.0-impl.so from current namespace instead of sphal namespace.
01-07 18:52:06.986   282   282 D vndksupport: Loading /vendor/lib/hw/gralloc.msm8974.so from current namespace instead of sphal namespace.
01-07 18:52:07.006   281   281 I ServiceManagement: Removing namespace from process name android.hardware.drm@1.0-service to drm@1.0-service.
01-07 18:52:07.006   282   282 I ServiceManagement: Removing namespace from process name android.hardware.graphics.allocator@2.0-service to allocator@2.0-s.
01-07 18:52:07.007   281   281 I android.hardware.drm@1.0-service: Registration complete for android.hardware.drm@1.0::IDrmFactory/default.
01-07 18:52:07.008   282   282 I android.hardware.graphics.allocator@2.0-service: Registration complete for android.hardware.graphics.allocator@2.0::IAllocator/default.
01-07 18:52:07.008   281   281 D vndksupport: Loading /vendor/lib/hw/android.hardware.drm@1.0-impl.so from current namespace instead of sphal namespace.
01-07 18:52:07.009   281   281 I ServiceManagement: Removing namespace from process name android.hardware.drm@1.0-service to drm@1.0-service.
01-07 18:52:07.010   281   281 I android.hardware.drm@1.0-service: Registration complete for android.hardware.drm@1.0::ICryptoFactory/default.
01-07 18:52:07.039   247   247 D XposedStartupMarker: Current time: 557527, PID: 247
01-07 18:52:07.039   247   247 I Xposed  : -----------------
01-07 18:52:07.039   247   247 I Xposed  : Starting Xposed version 90-beta1, compiled for SDK 27
01-07 18:52:07.039   247   247 I Xposed  : Device: ZUK Z1 (ZUK), Android version 8.1.0 (SDK 27)
01-07 18:52:07.039   247   247 I Xposed  : ROM: OPM1.171019.011
01-07 18:52:07.039   247   247 I Xposed  : Build fingerprint: google/walleye/walleye:8.1.0/OPM1.171019.011/4448085:user/release-keys
01-07 18:52:07.039   247   247 I Xposed  : Platform: armeabi-v7a, 32-bit binary, system server: yes
01-07 18:52:07.039   247   247 I Xposed  : SELinux enabled: yes, enforcing: no
01-07 18:52:07.040   247   247 I zygote  : type=1400 audit(0.0:14): avc: denied { read } for name="input" dev="tmpfs" ino=4118 scontext=u:r:zygote:s0 tcontext=u:object_r:input_device:s0 tclass=dir permissive=1
01-07 18:52:07.040   247   247 I zygote  : type=1400 audit(0.0:15): avc: denied { open } for name="input" dev="tmpfs" ino=4118 scontext=u:r:zygote:s0 tcontext=u:object_r:input_device:s0 tclass=dir permissive=1
01-07 18:52:07.040   247   247 I zygote  : type=1400 audit(0.0:16): avc: denied { read write } for name="event3" dev="tmpfs" ino=9243 scontext=u:r:zygote:s0 tcontext=u:object_r:input_device:s0 tclass=chr_file permissive=1
01-07 18:52:07.040   247   247 I zygote  : type=1400 audit(0.0:17): avc: denied { open } for name="event3" dev="tmpfs" ino=9243 scontext=u:r:zygote:s0 tcontext=u:object_r:input_device:s0 tclass=chr_file permissive=1
01-07 18:52:07.040   247   247 I zygote  : type=1400 audit(0.0:18): avc: denied { ioctl } for path="/dev/input/event3" dev="tmpfs" ino=9243 ioctlcmd=4521 scontext=u:r:zygote:s0 tcontext=u:object_r:input_device:s0 tclass=chr_file permissive=1
01-07 18:52:07.040   284   284 I android.hardwar: type=1400 audit(0.0:19): avc: denied { read write } for name="vndbinder" dev="tmpfs" ino=8315 scontext=u:r:hal_graphics_composer_default:s0 tcontext=u:object_r:vndbinder_device:s0 tclass=chr_file permissive=1
01-07 18:52:07.040   284   284 I android.hardwar: type=1400 audit(0.0:20): avc: denied { open } for name="vndbinder" dev="tmpfs" ino=8315 scontext=u:r:hal_graphics_composer_default:s0 tcontext=u:object_r:vndbinder_device:s0 tclass=chr_file permissive=1
01-07 18:52:07.040   284   284 I android.hardwar: type=1400 audit(0.0:21): avc: denied { ioctl } for path="/dev/vndbinder" dev="tmpfs" ino=8315 ioctlcmd=6209 scontext=u:r:hal_graphics_composer_default:s0 tcontext=u:object_r:vndbinder_device:s0 tclass=chr_file permissive=1
01-07 18:52:07.058   284   284 E cutils-trace: Error opening trace file: No such file or directory (2)
01-07 18:52:07.059   284   284 D vndksupport: Loading /vendor/lib/hw/android.hardware.graphics.composer@2.1-impl.so from current namespace instead of sphal namespace.
01-07 18:52:07.071   284   284 D vndksupport: Loading /vendor/lib/hw/hwcomposer.msm8974.so from current namespace instead of sphal namespace.
01-07 18:52:07.070   247   247 I zygote  : type=1400 audit(0.0:22): avc: denied { read write } for name="event0" dev="tmpfs" ino=4155 scontext=u:r:zygote:s0 tcontext=u:object_r:input_device:s0 tclass=chr_file permissive=1
01-07 18:52:07.070   247   247 I zygote  : type=1400 audit(0.0:23): avc: denied { open } for name="event0" dev="tmpfs" ino=4155 scontext=u:r:zygote:s0 tcontext=u:object_r:input_device:s0 tclass=chr_file permissive=1
01-07 18:52:07.070   247   247 I zygote  : type=1400 audit(0.0:24): avc: denied { ioctl } for path="/dev/input/event0" dev="tmpfs" ino=4155 ioctlcmd=4521 scontext=u:r:zygote:s0 tcontext=u:object_r:input_device:s0 tclass=chr_file permissive=1
01-07 18:52:07.099   294   294 I ServiceManagement: Removing namespace from process name android.hardware.usb@1.0-service to usb@1.0-service.
01-07 18:52:07.099   294   294 E cutils-trace: Error opening trace file: No such file or directory (2)
01-07 18:52:07.100   294   294 I android.hardware.usb@1.0-service: USB HAL Ready.
01-07 18:52:07.127   297   297 E cutils-trace: Error opening trace file: No such file or directory (2)
01-07 18:52:07.130   298   298 I init    : type=1400 audit(0.0:25): avc: denied { execute_no_trans } for path="/system/vendor/bin/rmt_storage" dev="mmcblk0p21" ino=752 scontext=u:r:init:s0 tcontext=u:object_r:vendor_file:s0 tclass=file permissive=1
01-07 18:52:07.154   295   295 I android.hardware.wifi@1.0-service: Wifi Hal is booting up...
01-07 18:52:07.155   295   295 E cutils-trace: Error opening trace file: No such file or directory (2)
01-07 18:52:07.140   298   298 I rmt_storage: type=1400 audit(0.0:26): avc: denied { write } for name="uio0" dev="tmpfs" ino=3061 scontext=u:r:init:s0 tcontext=u:object_r:uio_device:s0 tclass=chr_file permissive=1
01-07 18:52:07.140   298   298 W rmt_storage: type=1400 audit(0.0:27): avc: granted { read open } for name="uio0" dev="tmpfs" ino=3061 scontext=u:r:init:s0 tcontext=u:object_r:uio_device:s0 tclass=chr_file
01-07 18:52:07.140   298   298 I rmt_storage: type=1400 audit(0.0:28): avc: denied { write } for name="mmcblk0p15" dev="tmpfs" ino=9270 scontext=u:r:init:s0 tcontext=u:object_r:block_device:s0 tclass=blk_file permissive=1
01-07 18:52:07.157   298   298 I rmt_storage: No EBR found
01-07 18:52:07.157   298   298 I rmt_storage: Error (-1) parsing MBR partitions
01-07 18:52:07.157   298   298 I rmt_storage: Registering modemst1: 0x4a /boot/modem_fs1
01-07 18:52:07.157   298   298 I rmt_storage: Registering modemst2: 0x4b /boot/modem_fs2
01-07 18:52:07.157   298   298 I rmt_storage: Registering fsg: 0x58 /boot/modem_fsg
01-07 18:52:07.157   298   298 I rmt_storage: Registering ssd: 0x5d ssd
01-07 18:52:07.157   298   298 I rmt_storage: Registering fsc: 0xff /boot/modem_fsc
01-07 18:52:07.157   298   298 I rmt_storage: 5 GPT partitions found
01-07 18:52:07.150   298   298 I rmt_storage: type=1400 audit(0.0:29): avc: denied { create } for scontext=u:r:init:s0 tcontext=u:r:init:s0 tclass=socket permissive=1
01-07 18:52:07.150   298   298 I rmt_storage: type=1400 audit(0.0:30): avc: denied { ioctl } for path="socket:[8684]" dev="sockfs" ino=8684 ioctlcmd=c304 scontext=u:r:init:s0 tcontext=u:r:init:s0 tclass=socket permissive=1
01-07 18:52:07.150   298   298 I rmt_storage: type=1400 audit(0.0:31): avc: denied { bind } for scontext=u:r:init:s0 tcontext=u:r:init:s0 tclass=socket permissive=1
01-07 18:52:07.267   284   284 E qdutils : Failed to open msm_fb_panel_info node
01-07 18:52:07.250   284   284 I android.hardwar: type=1400 audit(0.0:32): avc: denied { read } for name="msm_fb_type" dev="sysfs" ino=11115 scontext=u:r:hal_graphics_composer_default:s0 tcontext=u:object_r:sysfs:s0 tclass=file permissive=1
01-07 18:52:07.250   284   284 I android.hardwar: type=1400 audit(0.0:33): avc: denied { open } for name="msm_fb_type" dev="sysfs" ino=11115 scontext=u:r:hal_graphics_composer_default:s0 tcontext=u:object_r:sysfs:s0 tclass=file permissive=1
01-07 18:52:07.250   284   284 I android.hardwar: type=1400 audit(0.0:34): avc: denied { getattr } for path="/sys/devices/virtual/graphics/fb0/msm_fb_type" dev="sysfs" ino=11115 scontext=u:r:hal_graphics_composer_default:s0 tcontext=u:object_r:sysfs:s0 tclass=file permissive=1
01-07 18:52:07.268   301   301 I rfs_access: Initialized RFS server
01-07 18:52:07.270   284   284 I android.hardwar: type=1400 audit(0.0:35): avc: denied { read write } for name="kgsl-3d0" dev="tmpfs" ino=8305 scontext=u:r:hal_graphics_composer_default:s0 tcontext=u:object_r:device:s0 tclass=chr_file permissive=1
01-07 18:52:07.270   284   284 I android.hardwar: type=1400 audit(0.0:36): avc: denied { open } for name="kgsl-3d0" dev="tmpfs" ino=8305 scontext=u:r:hal_graphics_composer_default:s0 tcontext=u:object_r:device:s0 tclass=chr_file permissive=1
01-07 18:52:07.290   314   314 I init    : type=1400 audit(0.0:37): avc: denied { execute_no_trans } for path="/system/bin/sh" dev="mmcblk0p21" ino=242 scontext=u:r:init:s0 tcontext=u:object_r:shell_exec:s0 tclass=file permissive=1
01-07 18:52:07.290   284   284 I android.hardwar: type=1400 audit(0.0:38): avc: denied { ioctl } for path="/dev/kgsl-3d0" dev="tmpfs" ino=8305 ioctlcmd=902 scontext=u:r:hal_graphics_composer_default:s0 tcontext=u:object_r:device:s0 tclass=chr_file permissive=1
01-07 18:52:07.300   284   284 I android.hardwar: type=1400 audit(0.0:39): avc: denied { ioctl } for path="/dev/vndbinder" dev="tmpfs" ino=8315 ioctlcmd=6201 scontext=u:r:hal_graphics_composer_default:s0 tcontext=u:object_r:vndbinder_device:s0 tclass=chr_file permissive=1
01-07 18:52:07.310   284   284 E qdutils : getHDMINode: Failed to open fb node 2
01-07 18:52:07.310   284   284 E qdutils : getHDMINode: Failed to open fb node 3
01-07 18:52:07.310   284   284 E qdutils : getHDMINode: Failed to find HDMI node
01-07 18:52:07.310   284   284 E qdutils : init:not able to open /sys/devices/virtual/graphics/fb0/idle_time node Permission denied
01-07 18:52:07.300   284   284 I android.hardwar: type=1400 audit(0.0:40): avc: denied { call } for scontext=u:r:hal_graphics_composer_default:s0 tcontext=u:r:vndservicemanager:s0 tclass=binder permissive=1
01-07 18:52:07.300   284   284 I android.hardwar: type=1400 audit(0.0:41): avc: denied { transfer } for scontext=u:r:hal_graphics_composer_default:s0 tcontext=u:r:vndservicemanager:s0 tclass=binder permissive=1
01-07 18:52:07.300   239   239 I vndservicemanag: type=1400 audit(0.0:42): avc: denied { search } for name="284" dev="proc" ino=9897 scontext=u:r:vndservicemanager:s0 tcontext=u:r:hal_graphics_composer_default:s0 tclass=dir permissive=1
01-07 18:52:07.300   239   239 I vndservicemanag: type=1400 audit(0.0:43): avc: denied { read } for name="current" dev="proc" ino=4595 scontext=u:r:vndservicemanager:s0 tcontext=u:r:hal_graphics_composer_default:s0 tclass=file permissive=1
01-07 18:52:07.300   239   239 I vndservicemanag: type=1400 audit(0.0:44): avc: denied { open } for name="current" dev="proc" ino=4595 scontext=u:r:vndservicemanager:s0 tcontext=u:r:hal_graphics_composer_default:s0 tclass=file permissive=1
01-07 18:52:07.300   239   239 I vndservicemanag: type=1400 audit(0.0:45): avc: denied { getattr } for scontext=u:r:vndservicemanager:s0 tcontext=u:r:hal_graphics_composer_default:s0 tclass=process permissive=1
01-07 18:52:07.312   239   239 E SELinux : avc:  denied  { add } for service=display.qservice pid=284 uid=1000 scontext=u:r:hal_graphics_composer_default:s0 tcontext=u:object_r:default_android_vndservice:s0 tclass=service_manager permissive=1
01-07 18:52:07.312   239   239 E SELinux : avc:  denied  { find } for service=display.qservice pid=284 uid=1000 scontext=u:r:hal_graphics_composer_default:s0 tcontext=u:object_r:default_android_vndservice:s0 tclass=service_manager permissive=1
01-07 18:52:07.312   284   284 I qdhwcomposer: Initializing Qualcomm Hardware Composer
01-07 18:52:07.312   284   284 I qdhwcomposer: MDP version: 500
01-07 18:52:07.312   284   284 I HwcPassthrough: Found HWC implementation v1.5
01-07 18:52:07.312   304   304 D QSEECOMD: : qseecom listener services process entry PPID = 1
01-07 18:52:07.312   304   304 E QSEECOMD: : Listener: index = 0, hierarchy = 0
01-07 18:52:07.313   284   284 E qdutils : getHDMINode: Failed to open fb node 2
01-07 18:52:07.313   284   284 E qdutils : getHDMINode: Failed to open fb node 3
01-07 18:52:07.313   284   284 E qdutils : getHDMINode: Failed to find HDMI node
01-07 18:52:07.313   284   284 E qdutils : getHDMINode: Failed to open fb node 2
01-07 18:52:07.313   284   284 E qdutils : getHDMINode: Failed to open fb node 3
01-07 18:52:07.313   284   284 E qdutils : getHDMINode: Failed to find HDMI node
01-07 18:52:07.313   284   284 D qdhwcomposer: hwc_getDisplayAttributes disp = 0, width = 1080
01-07 18:52:07.313   284   284 D qdhwcomposer: hwc_getDisplayAttributes disp = 0, height = 1920
01-07 18:52:07.313   284   284 E qdutils : getHDMINode: Failed to open fb node 2
01-07 18:52:07.313   284   284 E qdutils : getHDMINode: Failed to open fb node 3
01-07 18:52:07.313   284   284 E qdutils : getHDMINode: Failed to find HDMI node
01-07 18:52:07.313   284   284 E HWC2On1Adapter: Setting active config to 0 for HWC1 config 0
01-07 18:52:07.313   284   284 I qdhwcomposer: hwc_registerProcs
01-07 18:52:07.313   284   284 I qdhwcomposer: Initializing UEVENT Thread
01-07 18:52:07.313   284   284 I qdhwcomposer: Initializing VSYNC Thread
01-07 18:52:07.314   284   318 I qdhwcomposer: vsync_loop: Reading event 0 for dpy 0 from /sys/class/graphics/fb0/vsync_event
01-07 18:52:07.314   284   318 I qdhwcomposer: vsync_loop: Reading event 1 for dpy 0 from /sys/class/graphics/fb0/show_blank_event
01-07 18:52:07.314   284   318 I qdhwcomposer: vsync_loop: Reading event 0 for dpy 1 from /sys/class/graphics/fb-1/vsync_event
01-07 18:52:07.314   284   318 I qdhwcomposer: vsync_loop: Reading event 1 for dpy 1 from /sys/class/graphics/fb-1/show_blank_event
01-07 18:52:07.314   284   318 I qdhwcomposer: vsync_loop: Reading event 0 for dpy 2 from /sys/class/graphics/fb-1/vsync_event
01-07 18:52:07.314   284   318 I qdhwcomposer: vsync_loop: Reading event 1 for dpy 2 from /sys/class/graphics/fb-1/show_blank_event
01-07 18:52:07.314   284   284 I ServiceManagement: Removing namespace from process name android.hardware.graphics.composer@2.1-service to composer@2.1-se.
01-07 18:52:07.315   304   304 D QSEECOMD: : Init dlopen(librpmb.so, RTLD_NOW) succeeds
01-07 18:52:07.315   304   304 D QSEECOMD: : Init::Init dlsym(g_FSHandle rpmb_init_service) succeeds
01-07 18:52:07.315   284   284 I android.hardware.graphics.composer@2.1-service: Registration complete for android.hardware.graphics.composer@2.1::IComposer/default.
01-07 18:52:07.315   304   304 I rpmb    : RPMB Mult = 16384, Rel_sec_cnt = 1
01-07 18:52:07.315   304   304 E DrmLibRpmb: rpmb_init succeeded! with ret = 0
01-07 18:52:07.315   304   304 D QSEECOMD: : Init rpmb_init_service ret = 0
01-07 18:52:07.315   304   304 D QSEECOMD: : RPMB system services: init (Listener ID = 8192)
01-07 18:52:07.315   304   304 E QSEECOMD: : Listener: index = 1, hierarchy = 0
01-07 18:52:07.317   304   304 D QSEECOMD: : Init dlopen(libssd.so, RTLD_NOW) succeeds
01-07 18:52:07.317   304   304 D QSEECOMD: : Init::Init dlsym(g_FSHandle ssd_init_service) succeeds
01-07 18:52:07.317   304   304 E SSD     : ssd_init_service succeeded!
01-07 18:52:07.317   304   304 D QSEECOMD: : Init ssd_init_service ret = 0
01-07 18:52:07.317   304   304 D QSEECOMD: : SSD system services: init (Listener ID = 12288)
01-07 18:52:07.317   304   304 E QSEECOMD: : Listener: index = 2, hierarchy = 0
01-07 18:52:07.317   304   304 E QSEECOMD: : Init dlopen(libsecureui.so, RLTD_NOW) is failed....
01-07 18:52:07.317   304   304 D QSEECOMD: : SEC_UI_INIT failed, shall not start secure ui listener
01-07 18:52:07.317   304   304 D QSEECOMD: : Parent qseecom daemon process paused!! 
01-07 18:52:07.300   317   317 I hwcUeventThread: type=1400 audit(0.0:46): avc: denied { create } for scontext=u:r:hal_graphics_composer_default:s0 tcontext=u:r:hal_graphics_composer_default:s0 tclass=netlink_kobject_uevent_socket permissive=1
01-07 18:52:07.318   319   319 D QSEECOMD: : qseecom listener service threads starting!!! 
01-07 18:52:07.318   319   319 D QSEECOMD: : Total listener services to start = 5
01-07 18:52:07.318   319   319 E QSEECOMD: : Listener: index = 0, hierarchy = 1
01-07 18:52:07.318   319   319 D QSEECOMD: : Init dlopen(librpmb.so, RTLD_NOW) succeeds
01-07 18:52:07.318   319   319 D QSEECOMD: : Init::Init dlsym(g_FSHandle rpmb_start) succeeds
01-07 18:52:07.318   319   319 D QSEECOMAPI: : QSEECom_register_listener 8192 sb_length = 0x5000
01-07 18:52:07.322   319   319 D QSEECOMD: : Init rpmb_start ret = 0
01-07 18:52:07.322   319   319 D QSEECOMD: : RPMB system services: Started (Listener ID = 8192)
01-07 18:52:07.322   319   319 E QSEECOMD: : Listener: index = 1, hierarchy = 1
01-07 18:52:07.322   319   319 D QSEECOMD: : Init dlopen(libssd.so, RTLD_NOW) succeeds
01-07 18:52:07.322   319   319 D QSEECOMD: : Init::Init dlsym(g_FSHandle ssd_start) succeeds
01-07 18:52:07.322   319   319 D QSEECOMAPI: : QSEECom_register_listener 12288 sb_length = 0x5000
01-07 18:52:07.322   319   319 D QSEECOMD: : Init ssd_start ret = 0
01-07 18:52:07.323   319   319 D QSEECOMD: : SSD system services: Started (Listener ID = 12288)
01-07 18:52:07.323   319   319 E QSEECOMD: : Listener: index = 2, hierarchy = 1
01-07 18:52:07.323   319   319 E QSEECOMD: : Init dlopen(libsecureui.so, RLTD_NOW) is failed....
01-07 18:52:07.323   319   319 E QSEECOMD: : Listener: index = 3, hierarchy = 1
01-07 18:52:07.364   319   319 D QSEECOMD: : Init dlopen(libdrmtime.so, RTLD_NOW) succeeds
01-07 18:52:07.364   319   319 D QSEECOMD: : Init::Init dlsym(g_FSHandle atime_start) succeeds
01-07 18:52:07.364   319   319 D QSEECOMAPI: : QSEECom_register_listener 11 sb_length = 0x5000
01-07 18:52:07.365   319   319 D QSEECOMD: : Init atime_start ret = 0
01-07 18:52:07.365   319   319 D QSEECOMD: : time services: Started (Listener ID = 11)
01-07 18:52:07.365   319   319 E QSEECOMD: : Listener: index = 4, hierarchy = 1
01-07 18:52:07.365   319   319 D QSEECOMD: : Init dlopen(libdrmfs.so, RTLD_NOW) succeeds
01-07 18:52:07.365   319   319 D QSEECOMD: : Init::Init dlsym(g_FSHandle fs_start) succeeds
01-07 18:52:07.365   319   319 D QSEECOMAPI: : QSEECom_register_listener 10 sb_length = 0x5000
01-07 18:52:07.366   319   319 D QSEECOMD: : Init fs_start ret = 0
01-07 18:52:07.366   319   319 D QSEECOMD: : file system services: Started (Listener ID = 10)
01-07 18:52:07.397   324   324 I lowmemorykiller: Using in-kernel low memory killer interface
01-07 18:52:07.446   329   329 E cutils-trace: Error opening trace file: No such file or directory (2)
01-07 18:52:07.447   329   329 W thermalserviced: Unable to get Thermal HAL V1.1, vendor thermal event notification not available
01-07 18:52:07.473   328   328 E cutils-trace: Error opening trace file: No such file or directory (2)
01-07 18:52:07.476   319   319 D QSEECOMAPI: : QSEECom_get_handle sb_length = 0x400
01-07 18:52:07.476   319   319 D QSEECOMAPI: : App is not loaded in QSEE
01-07 18:52:07.477   328   328 I /system/bin/surfaceflinger: android::hardware::configstore::V1_0::ISurfaceFlingerConfigs::maxFrameBufferAcquiredBuffers retrieved: 3
01-07 18:52:07.480   328   328 I /system/bin/surfaceflinger: android::hardware::configstore::V1_0::ISurfaceFlingerConfigs::startGraphicsAllocatorService retrieved: 0
01-07 18:52:07.482   328   328 I SurfaceFlinger: SurfaceFlinger is starting
01-07 18:52:07.482   328   328 I /system/bin/surfaceflinger: android::hardware::configstore::V1_0::ISurfaceFlingerConfigs::vsyncEventPhaseOffsetNs retrieved: 1000000 (default)
01-07 18:52:07.483   328   328 I /system/bin/surfaceflinger: android::hardware::configstore::V1_0::ISurfaceFlingerConfigs::vsyncSfEventPhaseOffsetNs retrieved: 1000000 (default)
01-07 18:52:07.483   328   328 I /system/bin/surfaceflinger: android::hardware::configstore::V1_0::ISurfaceFlingerConfigs::maxVirtualDisplaySize retrieved: 0 (default)
01-07 18:52:07.483   328   328 I /system/bin/surfaceflinger: android::hardware::configstore::V1_0::ISurfaceFlingerConfigs::hasSyncFramework retrieved: 1
01-07 18:52:07.483   328   328 I /system/bin/surfaceflinger: android::hardware::configstore::V1_0::ISurfaceFlingerConfigs::useContextPriority retrieved: 0 (default)
01-07 18:52:07.483   328   328 I /system/bin/surfaceflinger: android::hardware::configstore::V1_0::ISurfaceFlingerConfigs::presentTimeOffsetFromVSyncNs retrieved: 0
01-07 18:52:07.483   328   328 I /system/bin/surfaceflinger: android::hardware::configstore::V1_0::ISurfaceFlingerConfigs::useHwcForRGBtoYUV retrieved: 0
01-07 18:52:07.483   328   328 I /system/bin/surfaceflinger: android::hardware::configstore::V1_0::ISurfaceFlingerConfigs::maxFrameBufferAcquiredBuffers retrieved: 3
01-07 18:52:07.484   328   328 I SurfaceFlinger: Enabling HWC virtual displays
01-07 18:52:07.484   328   328 I SurfaceFlinger: Disabling Triple Buffering
01-07 18:52:07.484   328   328 I SurfaceFlinger: SurfaceFlinger's main thread ready to run. Initializing graphics H/W...
01-07 18:52:07.485   328   328 D vndksupport: Loading /vendor/lib/egl/libEGL_adreno.so from current namespace instead of sphal namespace.
01-07 18:52:07.488   328   328 D libEGL  : loaded /vendor/lib/egl/libEGL_adreno.so
01-07 18:52:07.489   328   328 D vndksupport: Loading /vendor/lib/egl/libGLESv1_CM_adreno.so from current namespace instead of sphal namespace.
01-07 18:52:07.495   328   328 D libEGL  : loaded /vendor/lib/egl/libGLESv1_CM_adreno.so
01-07 18:52:07.511   328   328 D vndksupport: Loading /vendor/lib/egl/libGLESv2_adreno.so from current namespace instead of sphal namespace.
01-07 18:52:07.515   339   339 I sysinit : Running /system/etc/init.d/00banner
01-07 18:52:07.541   343   352 E cutils-trace: Error opening trace file: No such file or directory (2)
01-07 18:52:07.543   319   319 D QSEECOMAPI: : Loaded image: APP id = 2
01-07 18:52:07.557   319   319 D QSEECOMD: : QSEECOM DAEMON RUNNING 
01-07 18:52:07.565   328   328 D libEGL  : loaded /vendor/lib/egl/libGLESv2_adreno.so
01-07 18:52:07.587   328   328 I Adreno-EGL: <qeglDrvAPI_eglInitialize:379>: EGL 1.4 QUALCOMM build: Nondeterministic_AU_msm8974_LA.BF.1.1.3_RB1__release_AU (I741a3d36ca)
01-07 18:52:07.587   328   328 I Adreno-EGL: OpenGL ES Shader Compiler Version: E031.29.00.00
01-07 18:52:07.587   328   328 I Adreno-EGL: Build Date: 04/04/16 Mon
01-07 18:52:07.587   328   328 I Adreno-EGL: Local Branch: mybranch19053788
01-07 18:52:07.587   328   328 I Adreno-EGL: Remote Branch: quic/LA.BF.1.1.3_rb1.12
01-07 18:52:07.587   328   328 I Adreno-EGL: Local Patches: NONE
01-07 18:52:07.587   328   328 I Adreno-EGL: Reconstruct Branch: NOTHING
01-07 18:52:07.592   328   328 I /system/bin/surfaceflinger: android::hardware::configstore::V1_0::ISurfaceFlingerConfigs::hasWideColorDisplay retrieved: 0
01-07 18:52:07.593   328   328 D vndksupport: Loading /vendor/lib/hw/gralloc.msm8974.so from current namespace instead of sphal namespace.
01-07 18:52:07.596   328   328 D vndksupport: Loading /vendor/lib/hw/hwcomposer.msm8974.so from current namespace instead of sphal namespace.
01-07 18:52:07.618   355   355 E QC-QMI  : qmuxd: linux_qmi_read_sysfs_config: couldn't open file /sys/module/f_rmnet/parameters/rmnet_ctl_ch
01-07 18:52:07.618   355   355 E QC-QMI  : qmuxd: linux_qmi_read_sysfs_config: couldn't open /sys/module/rmnet/parameters/rmnet_ctl_ch
01-07 18:52:07.654   365   365 I irsc_util: irsc tool created:0xad322000
01-07 18:52:07.654   365   365 I irsc_util: Starting irsc tool
01-07 18:52:07.654   365   365 I irsc_util: Trying to open sec config file
01-07 18:52:07.654   365   365 D irsc_util: file_parser Number of element :0
01-07 18:52:07.654   365   365 D irsc_util: file_parser Invalid Format or Comment - '/* IPC Security Config */
01-07 18:52:07.654   365   365 D irsc_util: '
01-07 18:52:07.654   365   365 D irsc_util: file_parser Number of element :0
01-07 18:52:07.654   365   365 D irsc_util: file_parser Invalid Format or Comment - '/* <GPS QMI Service ID - 16>:<GPS QMI Instance ID - all instances>:<Client Group ID> */
01-07 18:52:07.654   365   365 D irsc_util: '
01-07 18:52:07.655   365   365 D irsc_util: file_parser Number of element :4
01-07 18:52:07.655   365   365 D irsc_util: file_parser Number of element :0
01-07 18:52:07.655   365   365 D irsc_util: file_parser Invalid Format or Comment - '/* Allow SS CTL service to be used by system and net_raw processes */
01-07 18:52:07.655   365   365 D irsc_util: '
01-07 18:52:07.655   365   365 D irsc_util: file_parser Number of element :4
01-07 18:52:07.655   365   365 D irsc_util: file_parser Number of element :0
01-07 18:52:07.655   365   365 D irsc_util: file_parser Invalid Format or Comment - '/* Allow Sensor services to be used by sensor process */
01-07 18:52:07.655   365   365 D irsc_util: '
01-07 18:52:07.655   365   365 D irsc_util: file_parser Number of element :2
01-07 18:52:07.655   365   365 D irsc_util: file_parser Invalid Format or Comment - '256:4294967295
01-07 18:52:07.655   365   365 D irsc_util: '
01-07 18:52:07.655   365   365 D irsc_util: file_parser Number of element :2
01-07 18:52:07.655   365   365 D irsc_util: file_parser Invalid Format or Comment - '257:4294967295
01-07 18:52:07.655   365   365 D irsc_util: '
01-07 18:52:07.655   365   365 D irsc_util: file_parser Number of element :2
01-07 18:52:07.655   365   365 D irsc_util: file_parser Invalid Format or Comment - '258:4294967295
01-07 18:52:07.655   365   365 D irsc_util: '
01-07 18:52:07.655   365   365 D irsc_util: file_parser Number of element :2
01-07 18:52:07.655   365   365 D irsc_util: file_parser Invalid Format or Comment - '259:4294967295
01-07 18:52:07.655   365   365 D irsc_util: '
01-07 18:52:07.655   365   365 D irsc_util: file_parser Number of element :2
01-07 18:52:07.655   365   365 D irsc_util: file_parser Invalid Format or Comment - '260:4294967295
01-07 18:52:07.655   365   365 D irsc_util: '
01-07 18:52:07.655   365   365 D irsc_util: file_parser Number of element :2
01-07 18:52:07.655   365   365 D irsc_util: file_parser Invalid Format or Comment - '261:4294967295
01-07 18:52:07.655   365   365 D irsc_util: '
01-07 18:52:07.655   365   365 D irsc_util: file_parser Number of element :2
01-07 18:52:07.655   365   365 D irsc_util: file_parser Invalid Format or Comment - '262:4294967295
01-07 18:52:07.655   365   365 D irsc_util: '
01-07 18:52:07.655   365   365 D irsc_util: file_parser Number of element :2
01-07 18:52:07.655   365   365 D irsc_util: file_parser Invalid Format or Comment - '263:4294967295
01-07 18:52:07.655   365   365 D irsc_util: '
01-07 18:52:07.655   365   365 D irsc_util: file_parser Number of element :2
01-07 18:52:07.655   365   365 D irsc_util: file_parser Invalid Format or Comment - '264:4294967295
01-07 18:52:07.655   365   365 D irsc_util: '
01-07 18:52:07.655   365   365 D irsc_util: file_parser Number of element :2
01-07 18:52:07.655   365   365 D irsc_util: file_parser Invalid Format or Comment - '265:4294967295
01-07 18:52:07.655   365   365 D irsc_util: '
01-07 18:52:07.655   365   365 D irsc_util: file_parser Number of element :2
01-07 18:52:07.655   365   365 D irsc_util: file_parser Invalid Format or Comment - '266:4294967295
01-07 18:52:07.655   365   365 D irsc_util: '
01-07 18:52:07.655   365   365 D irsc_util: file_parser Number of element :2
01-07 18:52:07.655   365   365 D irsc_util: file_parser Invalid Format or Comment - '267:4294967295
01-07 18:52:07.655   365   365 D irsc_util: '
01-07 18:52:07.655   365   365 D irsc_util: file_parser Number of element :2
01-07 18:52:07.655   365   365 D irsc_util: file_parser Invalid Format or Comment - '268:4294967295
01-07 18:52:07.655   365   365 D irsc_util: '
01-07 18:52:07.655   365   365 D irsc_util: file_parser Number of element :2
01-07 18:52:07.655   365   365 D irsc_util: file_parser Invalid Format or Comment - '269:4294967295
01-07 18:52:07.655   365   365 D irsc_util: '
01-07 18:52:07.655   365   365 D irsc_util: file_parser Number of element :2
01-07 18:52:07.655   365   365 D irsc_util: file_parser Invalid Format or Comment - '270:4294967295
01-07 18:52:07.655   365   365 D irsc_util: '
01-07 18:52:07.655   365   365 D irsc_util: file_parser Number of element :2
01-07 18:52:07.655   365   365 D irsc_util: file_parser Invalid Format or Comment - '271:4294967295
01-07 18:52:07.655   365   365 D irsc_util: '
01-07 18:52:07.655   365   365 D irsc_util: file_parser Number of element :2
01-07 18:52:07.655   365   365 D irsc_util: file_parser Invalid Format or Comment - '272:4294967295
01-07 18:52:07.655   365   365 D irsc_util: '
01-07 18:52:07.655   365   365 D irsc_util: file_parser Number of element :2
01-07 18:52:07.655   365   365 D irsc_util: file_parser Invalid Format or Comment - '273:4294967295
01-07 18:52:07.655   365   365 D irsc_util: '
01-07 18:52:07.655   365   365 D irsc_util: file_parser Number of element :2
01-07 18:52:07.655   365   365 D irsc_util: file_parser Invalid Format or Comment - '274:4294967295
01-07 18:52:07.655   365   365 D irsc_util: '
01-07 18:52:07.655   365   365 D irsc_util: file_parser Number of element :2
01-07 18:52:07.655   365   365 D irsc_util: file_parser Invalid Format or Comment - '275:4294967295
01-07 18:52:07.655   365   365 D irsc_util: '
01-07 18:52:07.655   365   365 D irsc_util: file_parser Number of element :2
01-07 18:52:07.655   365   365 D irsc_util: file_parser Invalid Format or Comment - '276:4294967295
01-07 18:52:07.655   365   365 D irsc_util: '
01-07 18:52:07.655   365   365 D irsc_util: file_parser Number of element :2
01-07 18:52:07.655   365   365 D irsc_util: file_parser Invalid Format or Comment - '277:4294967295
01-07 18:52:07.655   365   365 D irsc_util: '
01-07 18:52:07.655   365   365 D irsc_util: file_parser Number of element :2
01-07 18:52:07.655   365   365 D irsc_util: file_parser Invalid Format or Comment - '278:4294967295
01-07 18:52:07.655   365   365 D irsc_util: '
01-07 18:52:07.655   365   365 D irsc_util: file_parser Number of element :2
01-07 18:52:07.655   365   365 D irsc_util: file_parser Invalid Format or Comment - '279:4294967295
01-07 18:52:07.655   365   365 D irsc_util: '
01-07 18:52:07.655   365   365 D irsc_util: file_parser Number of element :2
01-07 18:52:07.655   365   365 D irsc_util: file_parser Invalid Format or Comment - '280:4294967295
01-07 18:52:07.655   365   365 D irsc_util: '
01-07 18:52:07.655   365   365 D irsc_util: file_parser Number of element :2
01-07 18:52:07.655   365   365 D irsc_util: file_parser Invalid Format or Comment - '281:4294967295
01-07 18:52:07.655   365   365 D irsc_util: '
01-07 18:52:07.655   365   365 D irsc_util: file_parser Number of element :2
01-07 18:52:07.655   365   365 D irsc_util: file_parser Invalid Format or Comment - '282:4294967295
01-07 18:52:07.655   365   365 D irsc_util: '
01-07 18:52:07.655   365   365 D irsc_util: file_parser Number of element :2
01-07 18:52:07.655   365   365 D irsc_util: file_parser Invalid Format or Comment - '283:4294967295
01-07 18:52:07.655   365   365 D irsc_util: '
01-07 18:52:07.655   365   365 D irsc_util: file_parser Number of element :2
01-07 18:52:07.655   365   365 D irsc_util: file_parser Invalid Format or Comment - '284:4294967295
01-07 18:52:07.655   365   365 D irsc_util: '
01-07 18:52:07.655   365   365 D irsc_util: file_parser Number of element :2
01-07 18:52:07.655   365   365 D irsc_util: file_parser Invalid Format or Comment - '285:4294967295
01-07 18:52:07.655   365   365 D irsc_util: '
01-07 18:52:07.655   365   365 D irsc_util: file_parser Number of element :2
01-07 18:52:07.655   365   365 D irsc_util: file_parser Invalid Format or Comment - '286:4294967295
01-07 18:52:07.655   365   365 D irsc_util: '
01-07 18:52:07.655   365   365 D irsc_util: file_parser Number of element :2
01-07 18:52:07.655   365   365 D irsc_util: file_parser Invalid Format or Comment - '287:4294967295
01-07 18:52:07.655   365   365 D irsc_util: '
01-07 18:52:07.655   365   365 D irsc_util: file_parser Number of element :2
01-07 18:52:07.655   365   365 D irsc_util: file_parser Invalid Format or Comment - '288:4294967295
01-07 18:52:07.655   365   365 D irsc_util: '
01-07 18:52:07.655   365   365 D irsc_util: file_parser Number of element :2
01-07 18:52:07.655   365   365 D irsc_util: file_parser Invalid Format or Comment - '289:4294967295
01-07 18:52:07.655   365   365 D irsc_util: '
01-07 18:52:07.655   365   365 D irsc_util: file_parser Number of element :2
01-07 18:52:07.655   365   365 D irsc_util: file_parser Invalid Format or Comment - '290:4294967295
01-07 18:52:07.655   365   365 D irsc_util: '
01-07 18:52:07.655   365   365 D irsc_util: file_parser Number of element :2
01-07 18:52:07.655   365   365 D irsc_util: file_parser Invalid Format or Comment - '291:4294967295
01-07 18:52:07.655   365   365 D irsc_util: '
01-07 18:52:07.655   365   365 D irsc_util: file_parser Number of element :2
01-07 18:52:07.655   365   365 D irsc_util: file_parser Invalid Format or Comment - '292:4294967295
01-07 18:52:07.655   365   365 D irsc_util: '
01-07 18:52:07.655   365   365 D irsc_util: file_parser Number of element :2
01-07 18:52:07.655   365   365 D irsc_util: file_parser Invalid Format or Comment - '293:4294967295
01-07 18:52:07.655   365   365 D irsc_util: '
01-07 18:52:07.655   365   365 D irsc_util: file_parser Number of element :2
01-07 18:52:07.655   365   365 D irsc_util: file_parser Invalid Format or Comment - '294:4294967295
01-07 18:52:07.655   365   365 D irsc_util: '
01-07 18:52:07.655   365   365 D irsc_util: file_parser Number of element :2
01-07 18:52:07.655   365   365 D irsc_util: file_parser Invalid Format or Comment - '295:4294967295
01-07 18:52:07.655   365   365 D irsc_util: '
01-07 18:52:07.655   365   365 D irsc_util: file_parser Number of element :2
01-07 18:52:07.656   365   365 D irsc_util: file_parser Invalid Format or Comment - '296:4294967295
01-07 18:52:07.656   365   365 D irsc_util: '
01-07 18:52:07.656   365   365 D irsc_util: file_parser Number of element :2
01-07 18:52:07.656   365   365 D irsc_util: file_parser Invalid Format or Comment - '297:4294967295
01-07 18:52:07.656   365   365 D irsc_util: '
01-07 18:52:07.656   365   365 D irsc_util: file_parser Number of element :2
01-07 18:52:07.656   365   365 D irsc_util: file_parser Invalid Format or Comment - '298:4294967295
01-07 18:52:07.656   365   365 D irsc_util: '
01-07 18:52:07.656   365   365 D irsc_util: file_parser Number of element :2
01-07 18:52:07.656   365   365 D irsc_util: file_parser Invalid Format or Comment - '299:4294967295
01-07 18:52:07.656   365   365 D irsc_util: '
01-07 18:52:07.656   365   365 D irsc_util: file_parser Number of element :2
01-07 18:52:07.656   365   365 D irsc_util: file_parser Invalid Format or Comment - '300:4294967295
01-07 18:52:07.656   365   365 D irsc_util: '
01-07 18:52:07.656   365   365 D irsc_util: file_parser Number of element :2
01-07 18:52:07.656   365   365 D irsc_util: file_parser Invalid Format or Comment - '301:4294967295
01-07 18:52:07.656   365   365 D irsc_util: '
01-07 18:52:07.656   365   365 D irsc_util: file_parser Number of element :2
01-07 18:52:07.656   365   365 D irsc_util: file_parser Invalid Format or Comment - '302:4294967295
01-07 18:52:07.656   365   365 D irsc_util: '
01-07 18:52:07.656   365   365 D irsc_util: file_parser Number of element :2
01-07 18:52:07.656   365   365 D irsc_util: file_parser Invalid Format or Comment - '303:4294967295
01-07 18:52:07.656   365   365 D irsc_util: '
01-07 18:52:07.656   365   365 D irsc_util: file_parser Number of element :2
01-07 18:52:07.656   365   365 D irsc_util: file_parser Invalid Format or Comment - '304:4294967295
01-07 18:52:07.656   365   365 D irsc_util: '
01-07 18:52:07.656   365   365 D irsc_util: file_parser Number of element :2
01-07 18:52:07.656   365   365 D irsc_util: file_parser Invalid Format or Comment - '305:4294967295
01-07 18:52:07.656   365   365 D irsc_util: '
01-07 18:52:07.656   365   365 D irsc_util: file_parser Number of element :2
01-07 18:52:07.656   365   365 D irsc_util: file_parser Invalid Format or Comment - '306:4294967295
01-07 18:52:07.656   365   365 D irsc_util: '
01-07 18:52:07.656   365   365 D irsc_util: file_parser Number of element :2
01-07 18:52:07.656   365   365 D irsc_util: file_parser Invalid Format or Comment - '307:4294967295
01-07 18:52:07.656   365   365 D irsc_util: '
01-07 18:52:07.656   365   365 D irsc_util: file_parser Number of element :2
01-07 18:52:07.656   365   365 D irsc_util: file_parser Invalid Format or Comment - '308:4294967295
01-07 18:52:07.656   365   365 D irsc_util: '
01-07 18:52:07.656   365   365 D irsc_util: file_parser Number of element :2
01-07 18:52:07.656   365   365 D irsc_util: file_parser Invalid Format or Comment - '309:4294967295
01-07 18:52:07.656   365   365 D irsc_util: '
01-07 18:52:07.656   365   365 D irsc_util: file_parser Number of element :2
01-07 18:52:07.656   365   365 D irsc_util: file_parser Invalid Format or Comment - '310:4294967295
01-07 18:52:07.656   365   365 D irsc_util: '
01-07 18:52:07.656   365   365 D irsc_util: file_parser Number of element :2
01-07 18:52:07.656   365   365 D irsc_util: file_parser Invalid Format or Comment - '311:4294967295
01-07 18:52:07.656   365   365 D irsc_util: '
01-07 18:52:07.656   365   365 D irsc_util: file_parser Number of element :2
01-07 18:52:07.656   365   365 D irsc_util: file_parser Invalid Format or Comment - '312:4294967295
01-07 18:52:07.656   365   365 D irsc_util: '
01-07 18:52:07.656   365   365 D irsc_util: file_parser Number of element :2
01-07 18:52:07.656   365   365 D irsc_util: file_parser Invalid Format or Comment - '313:4294967295
01-07 18:52:07.656   365   365 D irsc_util: '
01-07 18:52:07.656   365   365 D irsc_util: file_parser Number of element :2
01-07 18:52:07.656   365   365 D irsc_util: file_parser Invalid Format or Comment - '314:4294967295
01-07 18:52:07.656   365   365 D irsc_util: '
01-07 18:52:07.656   365   365 D irsc_util: file_parser Number of element :2
01-07 18:52:07.656   365   365 D irsc_util: file_parser Invalid Format or Comment - '315:4294967295
01-07 18:52:07.656   365   365 D irsc_util: '
01-07 18:52:07.656   365   365 D irsc_util: file_parser Number of element :2
01-07 18:52:07.656   365   365 D irsc_util: file_parser Invalid Format or Comment - '316:4294967295
01-07 18:52:07.656   365   365 D irsc_util: '
01-07 18:52:07.656   365   365 D irsc_util: file_parser Number of element :2
01-07 18:52:07.656   365   365 D irsc_util: file_parser Invalid Format or Comment - '317:4294967295
01-07 18:52:07.656   365   365 D irsc_util: '
01-07 18:52:07.656   365   365 D irsc_util: file_parser Number of element :2
01-07 18:52:07.656   365   365 D irsc_util: file_parser Invalid Format or Comment - '318:4294967295
01-07 18:52:07.656   365   365 D irsc_util: '
01-07 18:52:07.656   365   365 D irsc_util: file_parser Number of element :2
01-07 18:52:07.656   365   365 D irsc_util: file_parser Invalid Format or Comment - '319:4294967295
01-07 18:52:07.656   365   365 D irsc_util: '
01-07 18:52:07.656   365   365 D irsc_util: file_parser Number of element :2
01-07 18:52:07.656   365   365 D irsc_util: file_parser Invalid Format or Comment - '320:4294967295
01-07 18:52:07.656   365   365 D irsc_util: '
01-07 18:52:07.656   365   365 D irsc_util: file_parser Number of element :2
01-07 18:52:07.656   365   365 D irsc_util: file_parser Invalid Format or Comment - '321:4294967295
01-07 18:52:07.656   365   365 D irsc_util: '
01-07 18:52:07.656   365   365 D irsc_util: file_parser Number of element :2
01-07 18:52:07.656   365   365 D irsc_util: file_parser Invalid Format or Comment - '322:4294967295
01-07 18:52:07.656   365   365 D irsc_util: '
01-07 18:52:07.656   365   365 D irsc_util: file_parser Number of element :2
01-07 18:52:07.656   365   365 D irsc_util: file_parser Invalid Format or Comment - '323:4294967295
01-07 18:52:07.656   365   365 D irsc_util: '
01-07 18:52:07.656   365   365 D irsc_util: file_parser Number of element :2
01-07 18:52:07.656   365   365 D irsc_util: file_parser Invalid Format or Comment - '324:4294967295
01-07 18:52:07.656   365   365 D irsc_util: '
01-07 18:52:07.656   365   365 D irsc_util: file_parser Number of element :2
01-07 18:52:07.656   365   365 D irsc_util: file_parser Invalid Format or Comment - '325:4294967295
01-07 18:52:07.656   365   365 D irsc_util: '
01-07 18:52:07.656   365   365 D irsc_util: file_parser Number of element :2
01-07 18:52:07.656   365   365 D irsc_util: file_parser Invalid Format or Comment - '326:4294967295
01-07 18:52:07.656   365   365 D irsc_util: '
01-07 18:52:07.656   365   365 D irsc_util: file_parser Number of element :2
01-07 18:52:07.656   365   365 D irsc_util: file_parser Invalid Format or Comment - '327:4294967295
01-07 18:52:07.656   365   365 D irsc_util: '
01-07 18:52:07.656   365   365 D irsc_util: file_parser Number of element :2
01-07 18:52:07.656   365   365 D irsc_util: file_parser Invalid Format or Comment - '328:4294967295
01-07 18:52:07.656   365   365 D irsc_util: '
01-07 18:52:07.656   365   365 D irsc_util: file_parser Number of element :2
01-07 18:52:07.656   365   365 D irsc_util: file_parser Invalid Format or Comment - '329:4294967295
01-07 18:52:07.656   365   365 D irsc_util: '
01-07 18:52:07.656   365   365 D irsc_util: file_parser Number of element :2
01-07 18:52:07.660   365   365 D irsc_util: file_parser Invalid Format or Comment - '330:4294967295
01-07 18:52:07.660   365   365 D irsc_util: '
01-07 18:52:07.660   365   365 D irsc_util: file_parser Number of element :2
01-07 18:52:07.660   365   365 D irsc_util: file_parser Invalid Format or Comment - '331:4294967295
01-07 18:52:07.660   365   365 D irsc_util: '
01-07 18:52:07.660   365   365 D irsc_util: file_parser Number of element :2
01-07 18:52:07.660   365   365 D irsc_util: file_parser Invalid Format or Comment - '332:4294967295
01-07 18:52:07.660   365   365 D irsc_util: '
01-07 18:52:07.660   365   365 D irsc_util: file_parser Number of element :2
01-07 18:52:07.660   365   365 D irsc_util: file_parser Invalid Format or Comment - '333:4294967295
01-07 18:52:07.660   365   365 D irsc_util: '
