01-07 07:13:15.640  3352  3352 I Xposed  : X-APM-S-4.1.5-WARN-Error getPermissionControlBlockModeForPkg: java.lang.NullPointerException: Attempt to invoke virtual method 'github.tornaco.xposedmoduletest.xposed.repo.SetRepo github.tornaco.xposedmoduletest.xposed.repo.RepoProxy.getPerms()' on a null object reference
01-07 07:13:15.640  3352  3352 I Xposed  : 	at github.tornaco.xposedmoduletest.xposed.service.XAshmanServiceImpl.isInPermissionBlockList(XAshmanServiceImpl.java:3773)
01-07 07:13:15.640  3352  3352 I Xposed  : 	at github.tornaco.xposedmoduletest.xposed.service.XAshmanServiceImpl.getPermissionControlBlockModeForPkg(XAshmanServiceImpl.java:2785)
01-07 07:13:15.640  3352  3352 I Xposed  : 	at github.tornaco.xposedmoduletest.xposed.app.XAshmanManager.getPermissionControlBlockModeForPkg(XAshmanManager.java:520)
01-07 07:13:15.640  3352  3352 I Xposed  : 	at github.tornaco.xposedmoduletest.xposed.submodules.WakelockSubModule$1.beforeHookedMethod(WakelockSubModule.java:66)
01-07 07:13:15.640  3352  3352 I Xposed  : 	at de.robv.android.xposed.XposedBridge.handleHookedMethod(XposedBridge.java:341)
01-07 07:13:15.640  3352  3352 I Xposed  : 	at android.os.PowerManager$WakeLock.acquire(<Xposed>)
01-07 07:13:15.640  3352  3352 I Xposed  : 	at com.android.internal.telephony.RIL.acquireWakeLock(RIL.java:4121)
01-07 07:13:15.640  3352  3352 I Xposed  : 	at com.android.internal.telephony.RIL.addRequest(RIL.java:664)
01-07 07:13:15.640  3352  3352 I Xposed  : 	at com.android.internal.telephony.RIL.obtainRequest(RIL.java:673)
01-07 07:13:15.640  3352  3352 I Xposed  : 	at com.android.internal.telephony.RIL.sendDeviceState(RIL.java:3707)
01-07 07:13:15.640  3352  3352 I Xposed  : 	at com.android.internal.telephony.DeviceStateMonitor.sendDeviceState(DeviceStateMonitor.java:330)
01-07 07:13:15.640  3352  3352 I Xposed  : 	at com.android.internal.telephony.DeviceStateMonitor.onRilConnected(DeviceStateMonitor.java:303)
01-07 07:13:15.640  3352  3352 I Xposed  : 	at com.android.internal.telephony.DeviceStateMonitor.handleMessage(DeviceStateMonitor.java:234)
01-07 07:13:15.640  3352  3352 I Xposed  : 	at android.os.Handler.dispatchMessage(Handler.java:106)
01-07 07:13:15.640  3352  3352 I Xposed  : 	at android.os.Looper.loop(Looper.java:164)
01-07 07:13:15.640  3352  3352 I Xposed  : 	at android.app.ActivityThread.main(ActivityThread.java:6494)
01-07 07:13:15.640  3352  3352 I Xposed  : 	at java.lang.reflect.Method.invoke(Native Method)
01-07 07:13:15.640  3352  3352 I Xposed  : 	at com.android.internal.os.RuntimeInit$MethodAndArgsCaller.run(RuntimeInit.java:440)
01-07 07:13:15.640  3352  3352 I Xposed  : 	at com.android.internal.os.ZygoteInit.main(ZygoteInit.java:807)
01-07 07:13:15.640  3352  3352 I Xposed  : 	at de.robv.android.xposed.XposedBridge.main(XposedBridge.java:108)
01-07 07:13:15.642  3352  3352 I Xposed  : X-APM-S-4.1.5-WARN-Error getPermissionControlBlockModeForPkg: java.lang.NullPointerException: Attempt to invoke virtual method 'github.tornaco.xposedmoduletest.xposed.repo.SetRepo github.tornaco.xposedmoduletest.xposed.repo.RepoProxy.getPerms()' on a null object reference
01-07 07:13:15.642  3352  3352 I Xposed  : 	at github.tornaco.xposedmoduletest.xposed.service.XAshmanServiceImpl.isInPermissionBlockList(XAshmanServiceImpl.java:3773)
01-07 07:13:15.642  3352  3352 I Xposed  : 	at github.tornaco.xposedmoduletest.xposed.service.XAshmanServiceImpl.getPermissionControlBlockModeForPkg(XAshmanServiceImpl.java:2785)
01-07 07:13:15.642  3352  3352 I Xposed  : 	at github.tornaco.xposedmoduletest.xposed.app.XAshmanManager.getPermissionControlBlockModeForPkg(XAshmanManager.java:520)
01-07 07:13:15.642  3352  3352 I Xposed  : 	at github.tornaco.xposedmoduletest.xposed.submodules.WakelockSubModule$1.beforeHookedMethod(WakelockSubModule.java:66)
01-07 07:13:15.642  3352  3352 I Xposed  : 	at de.robv.android.xposed.XposedBridge.handleHookedMethod(XposedBridge.java:341)
01-07 07:13:15.642  3352  3352 I Xposed  : 	at android.os.PowerManager$WakeLock.acquire(<Xposed>)
01-07 07:13:15.642  3352  3352 I Xposed  : 	at com.android.internal.telephony.RIL.acquireWakeLock(RIL.java:4121)
01-07 07:13:15.642  3352  3352 I Xposed  : 	at com.android.internal.telephony.RIL.addRequest(RIL.java:664)
01-07 07:13:15.642  3352  3352 I Xposed  : 	at com.android.internal.telephony.RIL.obtainRequest(RIL.java:673)
01-07 07:13:15.642  3352  3352 I Xposed  : 	at com.android.internal.telephony.RIL.setUnsolResponseFilter(RIL.java:3727)
01-07 07:13:15.642  3352  3352 I Xposed  : 	at com.android.internal.telephony.DeviceStateMonitor.setUnsolResponseFilter(DeviceStateMonitor.java:342)
01-07 07:13:15.642  3352  3352 I Xposed  : 	at com.android.internal.telephony.DeviceStateMonitor.onRilConnected(DeviceStateMonitor.java:304)
01-07 07:13:15.642  3352  3352 I Xposed  : 	at com.android.internal.telephony.DeviceStateMonitor.handleMessage(DeviceStateMonitor.java:234)
01-07 07:13:15.642  3352  3352 I Xposed  : 	at android.os.Handler.dispatchMessage(Handler.java:106)
01-07 07:13:15.642  3352  3352 I Xposed  : 	at android.os.Looper.loop(Looper.java:164)
01-07 07:13:15.642  3352  3352 I Xposed  : 	at android.app.ActivityThread.main(ActivityThread.java:6494)
01-07 07:13:15.642  3352  3352 I Xposed  : 	at java.lang.reflect.Method.invoke(Native Method)
01-07 07:13:15.642  3352  3352 I Xposed  : 	at com.android.internal.os.RuntimeInit$MethodAndArgsCaller.run(RuntimeInit.java:440)
01-07 07:13:15.642  3352  3352 I Xposed  : 	at com.android.internal.os.ZygoteInit.main(ZygoteInit.java:807)
01-07 07:13:15.642  3352  3352 I Xposed  : 	at de.robv.android.xposed.XposedBridge.main(XposedBridge.java:108)
01-07 07:13:15.644  3173  3173 I Xposed  : X-APM-S-4.1.5-VERBOSE-****************** getService: bluetooth_manager *****************
01-07 07:13:15.651  3352  3352 I Xposed  : X-APM-S-4.1.5-WARN-Error getPermissionControlBlockModeForPkg: java.lang.NullPointerException: Attempt to invoke virtual method 'github.tornaco.xposedmoduletest.xposed.repo.SetRepo github.tornaco.xposedmoduletest.xposed.repo.RepoProxy.getPerms()' on a null object reference
01-07 07:13:15.651  3352  3352 I Xposed  : 	at github.tornaco.xposedmoduletest.xposed.service.XAshmanServiceImpl.isInPermissionBlockList(XAshmanServiceImpl.java:3773)
01-07 07:13:15.651  3352  3352 I Xposed  : 	at github.tornaco.xposedmoduletest.xposed.service.XAshmanServiceImpl.getPermissionControlBlockModeForPkg(XAshmanServiceImpl.java:2785)
01-07 07:13:15.651  3352  3352 I Xposed  : 	at github.tornaco.xposedmoduletest.xposed.app.XAshmanManager.getPermissionControlBlockModeForPkg(XAshmanManager.java:520)
01-07 07:13:15.651  3352  3352 I Xposed  : 	at github.tornaco.xposedmoduletest.xposed.submodules.WakelockSubModule$1.beforeHookedMethod(WakelockSubModule.java:66)
01-07 07:13:15.651  3352  3352 I Xposed  : 	at de.robv.android.xposed.XposedBridge.handleHookedMethod(XposedBridge.java:341)
01-07 07:13:15.651  3352  3352 I Xposed  : 	at android.os.PowerManager$WakeLock.acquire(<Xposed>)
01-07 07:13:15.651  3352  3352 I Xposed  : 	at com.android.internal.telephony.RIL.acquireWakeLock(RIL.java:4121)
01-07 07:13:15.651  3352  3352 I Xposed  : 	at com.android.internal.telephony.RIL.addRequest(RIL.java:664)
01-07 07:13:15.651  3352  3352 I Xposed  : 	at com.android.internal.telephony.RIL.obtainRequest(RIL.java:673)
01-07 07:13:15.651  3352  3352 I Xposed  : 	at com.android.internal.telephony.RIL.queryTTYMode(RIL.java:2428)
01-07 07:13:15.651  3352  3352 I Xposed  : 	at com.android.internal.telephony.Phone.queryTTYMode(Phone.java:2003)
01-07 07:13:15.651  3352  3352 I Xposed  : 	at com.android.services.telephony.TtyManager$1.handleMessage(TtyManager.java:50)
01-07 07:13:15.651  3352  3352 I Xposed  : 	at android.os.Handler.dispatchMessage(Handler.java:106)
01-07 07:13:15.651  3352  3352 I Xposed  : 	at android.os.Looper.loop(Looper.java:164)
01-07 07:13:15.651  3352  3352 I Xposed  : 	at android.app.ActivityThread.main(ActivityThread.java:6494)
01-07 07:13:15.651  3352  3352 I Xposed  : 	at java.lang.reflect.Method.invoke(Native Method)
01-07 07:13:15.651  3352  3352 I Xposed  : 	at com.android.internal.os.RuntimeInit$MethodAndArgsCaller.run(RuntimeInit.java:440)
01-07 07:13:15.651  3352  3352 I Xposed  : 	at com.android.internal.os.ZygoteInit.main(ZygoteInit.java:807)
01-07 07:13:15.651  3352  3352 I Xposed  : 	at de.robv.android.xposed.XposedBridge.main(XposedBridge.java:108)
01-07 07:13:15.653  3352  3352 I Xposed  : X-APM-S-4.1.5-WARN-Error getPermissionControlBlockModeForPkg: java.lang.NullPointerException: Attempt to invoke virtual method 'github.tornaco.xposedmoduletest.xposed.repo.SetRepo github.tornaco.xposedmoduletest.xposed.repo.RepoProxy.getPerms()' on a null object reference
01-07 07:13:15.653  3352  3352 I Xposed  : 	at github.tornaco.xposedmoduletest.xposed.service.XAshmanServiceImpl.isInPermissionBlockList(XAshmanServiceImpl.java:3773)
01-07 07:13:15.653  3352  3352 I Xposed  : 	at github.tornaco.xposedmoduletest.xposed.service.XAshmanServiceImpl.getPermissionControlBlockModeForPkg(XAshmanServiceImpl.java:2785)
01-07 07:13:15.653  3352  3352 I Xposed  : 	at github.tornaco.xposedmoduletest.xposed.app.XAshmanManager.getPermissionControlBlockModeForPkg(XAshmanManager.java:520)
01-07 07:13:15.653  3352  3352 I Xposed  : 	at github.tornaco.xposedmoduletest.xposed.submodules.WakelockSubModule$1.beforeHookedMethod(WakelockSubModule.java:66)
01-07 07:13:15.653  3352  3352 I Xposed  : 	at de.robv.android.xposed.XposedBridge.handleHookedMethod(XposedBridge.java:341)
01-07 07:13:15.653  3352  3352 I Xposed  : 	at android.os.PowerManager$WakeLock.acquire(<Xposed>)
01-07 07:13:15.653  3352  3352 I Xposed  : 	at com.android.internal.telephony.RIL.acquireWakeLock(RIL.java:4121)
01-07 07:13:15.653  3352  3352 I Xposed  : 	at com.android.internal.telephony.RIL.addRequest(RIL.java:664)
01-07 07:13:15.653  3352  3352 I Xposed  : 	at com.android.internal.telephony.RIL.obtainRequest(RIL.java:673)
01-07 07:13:15.653  3352  3352 I Xposed  : 	at com.android.internal.telephony.RIL.queryTTYMode(RIL.java:2428)
01-07 07:13:15.653  3352  3352 I Xposed  : 	at com.android.internal.telephony.Phone.queryTTYMode(Phone.java:2003)
01-07 07:13:15.653  3352  3352 I Xposed  : 	at com.android.services.telephony.TtyManager$1.handleMessage(TtyManager.java:50)
01-07 07:13:15.653  3352  3352 I Xposed  : 	at android.os.Handler.dispatchMessage(Handler.java:106)
01-07 07:13:15.653  3352  3352 I Xposed  : 	at android.os.Looper.loop(Looper.java:164)
01-07 07:13:15.653  3352  3352 I Xposed  : 	at android.app.ActivityThread.main(ActivityThread.java:6494)
01-07 07:13:15.653  3352  3352 I Xposed  : 	at java.lang.reflect.Method.invoke(Native Method)
01-07 07:13:15.653  3352  3352 I Xposed  : 	at com.android.internal.os.RuntimeInit$MethodAndArgsCaller.run(RuntimeInit.java:440)
01-07 07:13:15.653  3352  3352 I Xposed  : 	at com.android.internal.os.ZygoteInit.main(ZygoteInit.java:807)
01-07 07:13:15.653  3352  3352 I Xposed  : 	at de.robv.android.xposed.XposedBridge.main(XposedBridge.java:108)
01-07 07:13:15.657  3352  3352 I Xposed  : X-APM-S-4.1.5-VERBOSE-****************** getService: carrier_config *****************
01-07 07:13:15.660  3352  3352 I Xposed  : X-APM-S-4.1.5-VERBOSE-****************** getService: isub *****************
01-07 07:13:15.660  3352  3352 I Xposed  : X-APM-S-4.1.5-VERBOSE-****************** getService: isub *****************
01-07 07:13:15.661  2105  3181 I Xposed  : X-APM-S-4.1.5-VERBOSE-checkBroadcastIntent: Intent { act=android.provider.Telephony.SPN_STRINGS_UPDATED (has extras) }, callingUid 1001
01-07 07:13:15.664  3352  3352 I Xposed  : X-APM-S-4.1.5-VERBOSE-****************** getService: telephony.registry *****************
01-07 07:13:15.665  2105  3281 I Xposed  : X-APM-S-4.1.5-VERBOSE-****************** getService: isub *****************
01-07 07:13:15.665  3173  3502 I Xposed  : X-APM-S-4.1.5-VERBOSE-****************** getService: isub *****************
01-07 07:13:15.665  2105  3511 I Xposed  : X-APM-S-4.1.5-VERBOSE-checkBroadcastIntent: Intent { act=android.intent.action.ACTION_SUBINFO_CONTENT_CHANGE }, callingUid 1001
01-07 07:13:15.665  2105  2619 I Xposed  : X-APM-S-4.1.5-VERBOSE-****************** getService: isub *****************
01-07 07:13:15.667  2105  3527 I Xposed  : X-APM-S-4.1.5-VERBOSE-checkBroadcastIntent: Intent { act=android.intent.action.ACTION_SUBINFO_RECORD_UPDATED }, callingUid 1001
01-07 07:13:15.670  2105  2619 I Xposed  : X-APM-S-4.1.5-VERBOSE-****************** getService: isub *****************
01-07 07:13:15.670  3173  3502 I Xposed  : X-APM-S-4.1.5-VERBOSE-****************** getService: isub *****************
01-07 07:13:15.670  2105  3511 I Xposed  : X-APM-S-4.1.5-VERBOSE-****************** getService: isub *****************
01-07 07:13:15.672  2105  3511 I Xposed  : X-APM-S-4.1.5-VERBOSE-****************** getService: isub *****************
01-07 07:13:15.672  2105  3511 I Xposed  : X-APM-S-4.1.5-VERBOSE-checkBroadcastIntent: Intent { act=android.intent.action.SERVICE_STATE flg=0x1000000 (has extras) }, callingUid 1001
01-07 07:13:15.675  3173  3502 I Xposed  : X-APM-S-4.1.5-VERBOSE-****************** getService: isub *****************
01-07 07:13:15.676  3173  3173 I Xposed  : X-APM-S-4.1.5-VERBOSE-****************** getService: media_projection *****************
01-07 07:13:15.680  2105  2619 I Xposed  : X-APM-S-4.1.5-VERBOSE-****************** getService: isub *****************
01-07 07:13:15.681  2105  2619 I Xposed  : X-APM-S-4.1.5-VERBOSE-****************** getService: isub *****************
01-07 07:13:15.683  3173  3502 I Xposed  : X-APM-S-4.1.5-VERBOSE-****************** getService: isub *****************
01-07 07:13:15.683  3352  3352 I Xposed  : X-APM-S-4.1.5-WARN-Error getPermissionControlBlockModeForPkg: java.lang.NullPointerException: Attempt to invoke virtual method 'github.tornaco.xposedmoduletest.xposed.repo.SetRepo github.tornaco.xposedmoduletest.xposed.repo.RepoProxy.getPerms()' on a null object reference
01-07 07:13:15.683  3352  3352 I Xposed  : 	at github.tornaco.xposedmoduletest.xposed.service.XAshmanServiceImpl.isInPermissionBlockList(XAshmanServiceImpl.java:3773)
01-07 07:13:15.683  3352  3352 I Xposed  : 	at github.tornaco.xposedmoduletest.xposed.service.XAshmanServiceImpl.getPermissionControlBlockModeForPkg(XAshmanServiceImpl.java:2785)
01-07 07:13:15.683  3352  3352 I Xposed  : 	at github.tornaco.xposedmoduletest.xposed.app.XAshmanManager.getPermissionControlBlockModeForPkg(XAshmanManager.java:520)
01-07 07:13:15.683  3352  3352 I Xposed  : 	at github.tornaco.xposedmoduletest.xposed.submodules.WakelockSubModule$1.beforeHookedMethod(WakelockSubModule.java:66)
01-07 07:13:15.683  3352  3352 I Xposed  : 	at de.robv.android.xposed.XposedBridge.handleHookedMethod(XposedBridge.java:341)
01-07 07:13:15.683  3352  3352 I Xposed  : 	at android.os.PowerManager$WakeLock.acquire(<Xposed>)
01-07 07:13:15.683  3352  3352 I Xposed  : 	at com.android.internal.telephony.RIL.acquireWakeLock(RIL.java:4121)
01-07 07:13:15.683  3352  3352 I Xposed  : 	at com.android.internal.telephony.RIL.addRequest(RIL.java:664)
01-07 07:13:15.683  3352  3352 I Xposed  : 	at com.android.internal.telephony.RIL.obtainRequest(RIL.java:673)
01-07 07:13:15.683  3352  3352 I Xposed  : 	at com.android.internal.telephony.RIL.getOperator(RIL.java:1154)
01-07 07:13:15.683  3352  3352 I Xposed  : 	at com.android.internal.telephony.ServiceStateTracker.pollState(ServiceStateTracker.java:2624)
01-07 07:13:15.683  3352  3352 I Xposed  : 	at com.android.internal.telephony.ServiceStateTracker.modemTriggeredPollState(ServiceStateTracker.java:2586)
01-07 07:13:15.683  3352  3352 I Xposed  : 	at com.android.internal.telephony.ServiceStateTracker.handleMessage(ServiceStateTracker.java:1148)
01-07 07:13:15.683  3352  3352 I Xposed  : 	at android.os.Handler.dispatchMessage(Handler.java:106)
01-07 07:13:15.683  3352  3352 I Xposed  : 	at android.os.Looper.loop(Looper.java:164)
01-07 07:13:15.683  3352  3352 I Xposed  : 	at android.app.ActivityThread.main(ActivityThread.java:6494)
01-07 07:13:15.683  3352  3352 I Xposed  : 	at java.lang.reflect.Method.invoke(Native Method)
01-07 07:13:15.683  3352  3352 I Xposed  : 	at com.android.internal.os.RuntimeInit$MethodAndArgsCaller.run(RuntimeInit.java:440)
01-07 07:13:15.683  3352  3352 I Xposed  : 	at com.android.internal.os.ZygoteInit.main(ZygoteInit.java:807)
01-07 07:13:15.683  3352  3352 I Xposed  : 	at de.robv.android.xposed.XposedBridge.main(XposedBridge.java:108)
01-07 07:13:15.684  3173  3502 I Xposed  : X-APM-S-4.1.5-VERBOSE-****************** getService: isub *****************
01-07 07:13:15.686  3173  3502 I Xposed  : X-APM-S-4.1.5-VERBOSE-****************** getService: isub *****************
01-07 07:13:15.687  3352  3352 I Xposed  : X-APM-S-4.1.5-WARN-Error getPermissionControlBlockModeForPkg: java.lang.NullPointerException: Attempt to invoke virtual method 'github.tornaco.xposedmoduletest.xposed.repo.SetRepo github.tornaco.xposedmoduletest.xposed.repo.RepoProxy.getPerms()' on a null object reference
01-07 07:13:15.687  3352  3352 I Xposed  : 	at github.tornaco.xposedmoduletest.xposed.service.XAshmanServiceImpl.isInPermissionBlockList(XAshmanServiceImpl.java:3773)
01-07 07:13:15.687  3352  3352 I Xposed  : 	at github.tornaco.xposedmoduletest.xposed.service.XAshmanServiceImpl.getPermissionControlBlockModeForPkg(XAshmanServiceImpl.java:2785)
01-07 07:13:15.687  3352  3352 I Xposed  : 	at github.tornaco.xposedmoduletest.xposed.app.XAshmanManager.getPermissionControlBlockModeForPkg(XAshmanManager.java:520)
01-07 07:13:15.687  3352  3352 I Xposed  : 	at github.tornaco.xposedmoduletest.xposed.submodules.WakelockSubModule$1.beforeHookedMethod(WakelockSubModule.java:66)
01-07 07:13:15.687  3352  3352 I Xposed  : 	at de.robv.android.xposed.XposedBridge.handleHookedMethod(XposedBridge.java:341)
01-07 07:13:15.687  3352  3352 I Xposed  : 	at android.os.PowerManager$WakeLock.acquire(<Xposed>)
01-07 07:13:15.687  3352  3352 I Xposed  : 	at com.android.internal.telephony.RIL.acquireWakeLock(RIL.java:4121)
01-07 07:13:15.687  3352  3352 I Xposed  : 	at com.android.internal.telephony.RIL.addRequest(RIL.java:664)
01-07 07:13:15.687  3352  3352 I Xposed  : 	at com.android.internal.telephony.RIL.obtainRequest(RIL.java:673)
01-07 07:13:15.687  3352  3352 I Xposed  : 	at com.android.internal.telephony.RIL.getDataRegistrationState(RIL.java:1137)
01-07 07:13:15.687  3352  3352 I Xposed  : 	at com.android.internal.telephony.ServiceStateTracker.pollState(ServiceStateTracker.java:2627)
01-07 07:13:15.687  3352  3352 I Xposed  : 	at com.android.internal.telephony.ServiceStateTracker.modemTriggeredPollState(ServiceStateTracker.java:2586)
01-07 07:13:15.687  3352  3352 I Xposed  : 	at com.android.internal.telephony.ServiceStateTracker.handleMessage(ServiceStateTracker.java:1148)
01-07 07:13:15.687  3352  3352 I Xposed  : 	at android.os.Handler.dispatchMessage(Handler.java:106)
01-07 07:13:15.687  3352  3352 I Xposed  : 	at android.os.Looper.loop(Looper.java:164)
01-07 07:13:15.687  3352  3352 I Xposed  : 	at android.app.ActivityThread.main(ActivityThread.java:6494)
01-07 07:13:15.687  3352  3352 I Xposed  : 	at java.lang.reflect.Method.invoke(Native Method)
01-07 07:13:15.687  3352  3352 I Xposed  : 	at com.android.internal.os.RuntimeInit$MethodAndArgsCaller.run(RuntimeInit.java:440)
01-07 07:13:15.687  3352  3352 I Xposed  : 	at com.android.internal.os.ZygoteInit.main(ZygoteInit.java:807)
01-07 07:13:15.687  3352  3352 I Xposed  : 	at de.robv.android.xposed.XposedBridge.main(XposedBridge.java:108)
01-07 07:13:15.689  3352  3352 I Xposed  : X-APM-S-4.1.5-WARN-Error getPermissionControlBlockModeForPkg: java.lang.NullPointerException: Attempt to invoke virtual method 'github.tornaco.xposedmoduletest.xposed.repo.SetRepo github.tornaco.xposedmoduletest.xposed.repo.RepoProxy.getPerms()' on a null object reference
01-07 07:13:15.689  3352  3352 I Xposed  : 	at github.tornaco.xposedmoduletest.xposed.service.XAshmanServiceImpl.isInPermissionBlockList(XAshmanServiceImpl.java:3773)
01-07 07:13:15.689  3352  3352 I Xposed  : 	at github.tornaco.xposedmoduletest.xposed.service.XAshmanServiceImpl.getPermissionControlBlockModeForPkg(XAshmanServiceImpl.java:2785)
01-07 07:13:15.689  3352  3352 I Xposed  : 	at github.tornaco.xposedmoduletest.xposed.app.XAshmanManager.getPermissionControlBlockModeForPkg(XAshmanManager.java:520)
01-07 07:13:15.689  3352  3352 I Xposed  : 	at github.tornaco.xposedmoduletest.xposed.submodules.WakelockSubModule$1.beforeHookedMethod(WakelockSubModule.java:66)
01-07 07:13:15.689  3352  3352 I Xposed  : 	at de.robv.android.xposed.XposedBridge.handleHookedMethod(XposedBridge.java:341)
01-07 07:13:15.689  3352  3352 I Xposed  : 	at android.os.PowerManager$WakeLock.acquire(<Xposed>)
01-07 07:13:15.689  3352  3352 I Xposed  : 	at com.android.internal.telephony.RIL.acquireWakeLock(RIL.java:4121)
01-07 07:13:15.689  3352  3352 I Xposed  : 	at com.android.internal.telephony.RIL.addRequest(RIL.java:664)
01-07 07:13:15.689  3352  3352 I Xposed  : 	at com.android.internal.telephony.RIL.obtainRequest(RIL.java:673)
01-07 07:13:15.689  3352  3352 I Xposed  : 	at com.android.internal.telephony.RIL.getVoiceRegistrationState(RIL.java:1120)
01-07 07:13:15.689  3352  3352 I Xposed  : 	at com.android.internal.telephony.ServiceStateTracker.pollState(ServiceStateTracker.java:2630)
01-07 07:13:15.689  3352  3352 I Xposed  : 	at com.android.internal.telephony.ServiceStateTracker.modemTriggeredPollState(ServiceStateTracker.java:2586)
01-07 07:13:15.689  3352  3352 I Xposed  : 	at com.android.internal.telephony.ServiceStateTracker.handleMessage(ServiceStateTracker.java:1148)
01-07 07:13:15.689  3352  3352 I Xposed  : 	at android.os.Handler.dispatchMessage(Handler.java:106)
01-07 07:13:15.689  3352  3352 I Xposed  : 	at android.os.Looper.loop(Looper.java:164)
01-07 07:13:15.689  3352  3352 I Xposed  : 	at android.app.ActivityThread.main(ActivityThread.java:6494)
01-07 07:13:15.689  3352  3352 I Xposed  : 	at java.lang.reflect.Method.invoke(Native Method)
01-07 07:13:15.689  3352  3352 I Xposed  : 	at com.android.internal.os.RuntimeInit$MethodAndArgsCaller.run(RuntimeInit.java:440)
01-07 07:13:15.689  3352  3352 I Xposed  : 	at com.android.internal.os.ZygoteInit.main(ZygoteInit.java:807)
01-07 07:13:15.689  3352  3352 I Xposed  : 	at de.robv.android.xposed.XposedBridge.main(XposedBridge.java:108)
01-07 07:13:15.692  3352  3352 I Xposed  : X-APM-S-4.1.5-WARN-Error getPermissionControlBlockModeForPkg: java.lang.NullPointerException: Attempt to invoke virtual method 'github.tornaco.xposedmoduletest.xposed.repo.SetRepo github.tornaco.xposedmoduletest.xposed.repo.RepoProxy.getPerms()' on a null object reference
01-07 07:13:15.692  3352  3352 I Xposed  : 	at github.tornaco.xposedmoduletest.xposed.service.XAshmanServiceImpl.isInPermissionBlockList(XAshmanServiceImpl.java:3773)
01-07 07:13:15.692  3352  3352 I Xposed  : 	at github.tornaco.xposedmoduletest.xposed.service.XAshmanServiceImpl.getPermissionControlBlockModeForPkg(XAshmanServiceImpl.java:2785)
01-07 07:13:15.692  3352  3352 I Xposed  : 	at github.tornaco.xposedmoduletest.xposed.app.XAshmanManager.getPermissionControlBlockModeForPkg(XAshmanManager.java:520)
01-07 07:13:15.692  3352  3352 I Xposed  : 	at github.tornaco.xposedmoduletest.xposed.submodules.WakelockSubModule$1.beforeHookedMethod(WakelockSubModule.java:66)
01-07 07:13:15.692  3352  3352 I Xposed  : 	at de.robv.android.xposed.XposedBridge.handleHookedMethod(XposedBridge.java:341)
01-07 07:13:15.692  3352  3352 I Xposed  : 	at android.os.PowerManager$WakeLock.acquire(<Xposed>)
01-07 07:13:15.692  3352  3352 I Xposed  : 	at com.android.internal.telephony.RIL.acquireWakeLock(RIL.java:4121)
01-07 07:13:15.692  3352  3352 I Xposed  : 	at com.android.internal.telephony.RIL.addRequest(RIL.java:664)
01-07 07:13:15.692  3352  3352 I Xposed  : 	at com.android.internal.telephony.RIL.obtainRequest(RIL.java:673)
01-07 07:13:15.692  3352  3352 I Xposed  : 	at com.android.internal.telephony.RIL.getNetworkSelectionMode(RIL.java:1748)
01-07 07:13:15.692  3352  3352 I Xposed  : 	at com.android.internal.telephony.ServiceStateTracker.pollState(ServiceStateTracker.java:2635)
01-07 07:13:15.692  3352  3352 I Xposed  : 	at com.android.internal.telephony.ServiceStateTracker.modemTriggeredPollState(ServiceStateTracker.java:2586)
01-07 07:13:15.692  3352  3352 I Xposed  : 	at com.android.internal.telephony.ServiceStateTracker.handleMessage(ServiceStateTracker.java:1148)
01-07 07:13:15.692  3352  3352 I Xposed  : 	at android.os.Handler.dispatchMessage(Handler.java:106)
01-07 07:13:15.692  3352  3352 I Xposed  : 	at android.os.Looper.loop(Looper.java:164)
01-07 07:13:15.692  3352  3352 I Xposed  : 	at android.app.ActivityThread.main(ActivityThread.java:6494)
01-07 07:13:15.692  3352  3352 I Xposed  : 	at java.lang.reflect.Method.invoke(Native Method)
01-07 07:13:15.692  3352  3352 I Xposed  : 	at com.android.internal.os.RuntimeInit$MethodAndArgsCaller.run(RuntimeInit.java:440)
01-07 07:13:15.692  3352  3352 I Xposed  : 	at com.android.internal.os.ZygoteInit.main(ZygoteInit.java:807)
01-07 07:13:15.692  3352  3352 I Xposed  : 	at de.robv.android.xposed.XposedBridge.main(XposedBridge.java:108)
01-07 07:13:15.695  3352  3352 I Xposed  : X-APM-S-4.1.5-WARN-Error getPermissionControlBlockModeForPkg: java.lang.NullPointerException: Attempt to invoke virtual method 'github.tornaco.xposedmoduletest.xposed.repo.SetRepo github.tornaco.xposedmoduletest.xposed.repo.RepoProxy.getPerms()' on a null object reference
01-07 07:13:15.695  3352  3352 I Xposed  : 	at github.tornaco.xposedmoduletest.xposed.service.XAshmanServiceImpl.isInPermissionBlockList(XAshmanServiceImpl.java:3773)
01-07 07:13:15.695  3352  3352 I Xposed  : 	at github.tornaco.xposedmoduletest.xposed.service.XAshmanServiceImpl.getPermissionControlBlockModeForPkg(XAshmanServiceImpl.java:2785)
01-07 07:13:15.695  3352  3352 I Xposed  : 	at github.tornaco.xposedmoduletest.xposed.app.XAshmanManager.getPermissionControlBlockModeForPkg(XAshmanManager.java:520)
01-07 07:13:15.695  3352  3352 I Xposed  : 	at github.tornaco.xposedmoduletest.xposed.submodules.WakelockSubModule$1.beforeHookedMethod(WakelockSubModule.java:66)
01-07 07:13:15.695  3352  3352 I Xposed  : 	at de.robv.android.xposed.XposedBridge.handleHookedMethod(XposedBridge.java:341)
01-07 07:13:15.695  3352  3352 I Xposed  : 	at android.os.PowerManager$WakeLock.acquire(<Xposed>)
01-07 07:13:15.695  3352  3352 I Xposed  : 	at com.android.internal.telephony.RIL.acquireWakeLock(RIL.java:4121)
01-07 07:13:15.695  3352  3352 I Xposed  : 	at com.android.internal.telephony.RIL.addRequest(RIL.java:664)
01-07 07:13:15.695  3352  3352 I Xposed  : 	at com.android.internal.telephony.RIL.obtainRequest(RIL.java:673)
01-07 07:13:15.695  3352  3352 I Xposed  : 	at com.android.internal.telephony.RIL.getCurrentCalls(RIL.java:902)
01-07 07:13:15.695  3352  3352 I Xposed  : 	at com.android.internal.telephony.CallTracker.pollCallsWhenSafe(CallTracker.java:78)
01-07 07:13:15.695  3352  3352 I Xposed  : 	at com.android.internal.telephony.CallTracker.handleRadioAvailable(CallTracker.java:130)
01-07 07:13:15.695  3352  3352 I Xposed  : 	at com.android.internal.telephony.GsmCdmaCallTracker.handleMessage(GsmCdmaCallTracker.java:1482)
01-07 07:13:15.695  3352  3352 I Xposed  : 	at android.os.Handler.dispatchMessage(Handler.java:106)
01-07 07:13:15.695  3352  3352 I Xposed  : 	at android.os.Looper.loop(Looper.java:164)
01-07 07:13:15.695  3352  3352 I Xposed  : 	at android.app.ActivityThread.main(ActivityThread.java:6494)
01-07 07:13:15.695  3352  3352 I Xposed  : 	at java.lang.reflect.Method.invoke(Native Method)
01-07 07:13:15.695  3352  3352 I Xposed  : 	at com.android.internal.os.RuntimeInit$MethodAndArgsCaller.run(RuntimeInit.java:440)
01-07 07:13:15.695  3352  3352 I Xposed  : 	at com.android.internal.os.ZygoteInit.main(ZygoteInit.java:807)
01-07 07:13:15.695  3352  3352 I Xposed  : 	at de.robv.android.xposed.XposedBridge.main(XposedBridge.java:108)
01-07 07:13:15.699  3352  3352 I Xposed  : X-APM-S-4.1.5-WARN-Error getPermissionControlBlockModeForPkg: java.lang.NullPointerException: Attempt to invoke virtual method 'github.tornaco.xposedmoduletest.xposed.repo.SetRepo github.tornaco.xposedmoduletest.xposed.repo.RepoProxy.getPerms()' on a null object reference
01-07 07:13:15.699  3352  3352 I Xposed  : 	at github.tornaco.xposedmoduletest.xposed.service.XAshmanServiceImpl.isInPermissionBlockList(XAshmanServiceImpl.java:3773)
01-07 07:13:15.699  3352  3352 I Xposed  : 	at github.tornaco.xposedmoduletest.xposed.service.XAshmanServiceImpl.getPermissionControlBlockModeForPkg(XAshmanServiceImpl.java:2785)
01-07 07:13:15.699  3352  3352 I Xposed  : 	at github.tornaco.xposedmoduletest.xposed.app.XAshmanManager.getPermissionControlBlockModeForPkg(XAshmanManager.java:520)
01-07 07:13:15.699  3352  3352 I Xposed  : 	at github.tornaco.xposedmoduletest.xposed.submodules.WakelockSubModule$1.beforeHookedMethod(WakelockSubModule.java:66)
01-07 07:13:15.699  3352  3352 I Xposed  : 	at de.robv.android.xposed.XposedBridge.handleHookedMethod(XposedBridge.java:341)
01-07 07:13:15.699  3352  3352 I Xposed  : 	at android.os.PowerManager$WakeLock.acquire(<Xposed>)
01-07 07:13:15.699  3352  3352 I Xposed  : 	at com.android.internal.telephony.RIL.acquireWakeLock(RIL.java:4121)
01-07 07:13:15.699  3352  3352 I Xposed  : 	at com.android.internal.telephony.RIL.addRequest(RIL.java:664)
01-07 07:13:15.699  3352  3352 I Xposed  : 	at com.android.internal.telephony.RIL.obtainRequest(RIL.java:673)
01-07 07:13:15.699  3352  3352 I Xposed  : 	at com.android.internal.telephony.RIL.getImsRegistrationState(RIL.java:3089)
01-07 07:13:15.699  3352  3352 I Xposed  : 	at com.android.internal.telephony.ImsSMSDispatcher.handleMessage(ImsSMSDispatcher.java:106)
01-07 07:13:15.699  3352  3352 I Xposed  : 	at android.os.Handler.dispatchMessage(Handler.java:106)
01-07 07:13:15.699  3352  3352 I Xposed  : 	at android.os.Looper.loop(Looper.java:164)
01-07 07:13:15.699  3352  3352 I Xposed  : 	at android.app.ActivityThread.main(ActivityThread.java:6494)
01-07 07:13:15.699  3352  3352 I Xposed  : 	at java.lang.reflect.Method.invoke(Native Method)
01-07 07:13:15.699  3352  3352 I Xposed  : 	at com.android.internal.os.RuntimeInit$MethodAndArgsCaller.run(RuntimeInit.java:440)
01-07 07:13:15.699  3352  3352 I Xposed  : 	at com.android.internal.os.ZygoteInit.main(ZygoteInit.java:807)
01-07 07:13:15.699  3352  3352 I Xposed  : 	at de.robv.android.xposed.XposedBridge.main(XposedBridge.java:108)
01-07 07:13:15.702  3352  3352 I Xposed  : X-APM-S-4.1.5-WARN-Error getPermissionControlBlockModeForPkg: java.lang.NullPointerException: Attempt to invoke virtual method 'github.tornaco.xposedmoduletest.xposed.repo.SetRepo github.tornaco.xposedmoduletest.xposed.repo.RepoProxy.getPerms()' on a null object reference
01-07 07:13:15.702  3352  3352 I Xposed  : 	at github.tornaco.xposedmoduletest.xposed.service.XAshmanServiceImpl.isInPermissionBlockList(XAshmanServiceImpl.java:3773)
01-07 07:13:15.702  3352  3352 I Xposed  : 	at github.tornaco.xposedmoduletest.xposed.service.XAshmanServiceImpl.getPermissionControlBlockModeForPkg(XAshmanServiceImpl.java:2785)
01-07 07:13:15.702  3352  3352 I Xposed  : 	at github.tornaco.xposedmoduletest.xposed.app.XAshmanManager.getPermissionControlBlockModeForPkg(XAshmanManager.java:520)
01-07 07:13:15.702  3352  3352 I Xposed  : 	at github.tornaco.xposedmoduletest.xposed.submodules.WakelockSubModule$1.beforeHookedMethod(WakelockSubModule.java:66)
01-07 07:13:15.702  3352  3352 I Xposed  : 	at de.robv.android.xposed.XposedBridge.handleHookedMethod(XposedBridge.java:341)
01-07 07:13:15.702  3352  3352 I Xposed  : 	at android.os.PowerManager$WakeLock.acquire(<Xposed>)
01-07 07:13:15.702  3352  3352 I Xposed  : 	at com.android.internal.telephony.RIL.acquireWakeLock(RIL.java:4121)
01-07 07:13:15.702  3352  3352 I Xposed  : 	at com.android.internal.telephony.RIL.addRequest(RIL.java:664)
01-07 07:13:15.702  3352  3352 I Xposed  : 	at com.android.internal.telephony.RIL.obtainRequest(RIL.java:673)
01-07 07:13:15.702  3352  3352 I Xposed  : 	at com.android.internal.telephony.RIL.getVoiceRadioTechnology(RIL.java:3006)
01-07 07:13:15.702  3352  3352 I Xposed  : 	at com.android.internal.telephony.GsmCdmaPhone.handleRadioOn(GsmCdmaPhone.java:2089)
01-07 07:13:15.702  3352  3352 I Xposed  : 	at com.android.internal.telephony.GsmCdmaPhone.handleMessage(GsmCdmaPhone.java:2173)
01-07 07:13:15.702  3352  3352 I Xposed  : 	at android.os.Handler.dispatchMessage(Handler.java:106)
01-07 07:13:15.702  3352  3352 I Xposed  : 	at android.os.Looper.loop(Looper.java:164)
01-07 07:13:15.702  3352  3352 I Xposed  : 	at android.app.ActivityThread.main(ActivityThread.java:6494)
01-07 07:13:15.702  3352  3352 I Xposed  : 	at java.lang.reflect.Method.invoke(Native Method)
01-07 07:13:15.702  3352  3352 I Xposed  : 	at com.android.internal.os.RuntimeInit$MethodAndArgsCaller.run(RuntimeInit.java:440)
01-07 07:13:15.702  3352  3352 I Xposed  : 	at com.android.internal.os.ZygoteInit.main(ZygoteInit.java:807)
01-07 07:13:15.702  3352  3352 I Xposed  : 	at de.robv.android.xposed.XposedBridge.main(XposedBridge.java:108)
01-07 07:13:15.706  3352  3352 I Xposed  : X-APM-S-4.1.5-WARN-Error getPermissionControlBlockModeForPkg: java.lang.NullPointerException: Attempt to invoke virtual method 'github.tornaco.xposedmoduletest.xposed.repo.SetRepo github.tornaco.xposedmoduletest.xposed.repo.RepoProxy.getPerms()' on a null object reference
01-07 07:13:15.706  3352  3352 I Xposed  : 	at github.tornaco.xposedmoduletest.xposed.service.XAshmanServiceImpl.isInPermissionBlockList(XAshmanServiceImpl.java:3773)
01-07 07:13:15.706  3352  3352 I Xposed  : 	at github.tornaco.xposedmoduletest.xposed.service.XAshmanServiceImpl.getPermissionControlBlockModeForPkg(XAshmanServiceImpl.java:2785)
01-07 07:13:15.706  3352  3352 I Xposed  : 	at github.tornaco.xposedmoduletest.xposed.app.XAshmanManager.getPermissionControlBlockModeForPkg(XAshmanManager.java:520)
01-07 07:13:15.706  3352  3352 I Xposed  : 	at github.tornaco.xposedmoduletest.xposed.submodules.WakelockSubModule$1.beforeHookedMethod(WakelockSubModule.java:66)
01-07 07:13:15.706  3352  3352 I Xposed  : 	at de.robv.android.xposed.XposedBridge.handleHookedMethod(XposedBridge.java:341)
01-07 07:13:15.706  3352  3352 I Xposed  : 	at android.os.PowerManager$WakeLock.acquire(<Xposed>)
01-07 07:13:15.706  3352  3352 I Xposed  : 	at com.android.internal.telephony.RIL.acquireWakeLock(RIL.java:4121)
01-07 07:13:15.706  3352  3352 I Xposed  : 	at com.android.internal.telephony.RIL.addRequest(RIL.java:664)
01-07 07:13:15.706  3352  3352 I Xposed  : 	at com.android.internal.telephony.RIL.obtainRequest(RIL.java:673)
01-07 07:13:15.706  3352  3352 I Xposed  : 	at com.android.internal.telephony.RIL.getOperator(RIL.java:1154)
01-07 07:13:15.706  3352  3352 I Xposed  : 	at com.android.internal.telephony.ServiceStateTracker.pollState(ServiceStateTracker.java:2624)
01-07 07:13:15.706  3352  3352 I Xposed  : 	at com.android.internal.telephony.ServiceStateTracker.modemTriggeredPollState(ServiceStateTracker.java:2586)
01-07 07:13:15.706  3352  3352 I Xposed  : 	at com.android.internal.telephony.ServiceStateTracker.handleMessage(ServiceStateTracker.java:1148)
01-07 07:13:15.706  3352  3352 I Xposed  : 	at android.os.Handler.dispatchMessage(Handler.java:106)
01-07 07:13:15.706  3352  3352 I Xposed  : 	at android.os.Looper.loop(Looper.java:164)
01-07 07:13:15.706  3352  3352 I Xposed  : 	at android.app.ActivityThread.main(ActivityThread.java:6494)
01-07 07:13:15.706  3352  3352 I Xposed  : 	at java.lang.reflect.Method.invoke(Native Method)
01-07 07:13:15.706  3352  3352 I Xposed  : 	at com.android.internal.os.RuntimeInit$MethodAndArgsCaller.run(RuntimeInit.java:440)
01-07 07:13:15.706  3352  3352 I Xposed  : 	at com.android.internal.os.ZygoteInit.main(ZygoteInit.java:807)
01-07 07:13:15.706  3352  3352 I Xposed  : 	at de.robv.android.xposed.XposedBridge.main(XposedBridge.java:108)
01-07 07:13:15.709  3352  3352 I Xposed  : X-APM-S-4.1.5-WARN-Error getPermissionControlBlockModeForPkg: java.lang.NullPointerException: Attempt to invoke virtual method 'github.tornaco.xposedmoduletest.xposed.repo.SetRepo github.tornaco.xposedmoduletest.xposed.repo.RepoProxy.getPerms()' on a null object reference
01-07 07:13:15.709  3352  3352 I Xposed  : 	at github.tornaco.xposedmoduletest.xposed.service.XAshmanServiceImpl.isInPermissionBlockList(XAshmanServiceImpl.java:3773)
01-07 07:13:15.709  3352  3352 I Xposed  : 	at github.tornaco.xposedmoduletest.xposed.service.XAshmanServiceImpl.getPermissionControlBlockModeForPkg(XAshmanServiceImpl.java:2785)
01-07 07:13:15.709  3352  3352 I Xposed  : 	at github.tornaco.xposedmoduletest.xposed.app.XAshmanManager.getPermissionControlBlockModeForPkg(XAshmanManager.java:520)
01-07 07:13:15.709  3352  3352 I Xposed  : 	at github.tornaco.xposedmoduletest.xposed.submodules.WakelockSubModule$1.beforeHookedMethod(WakelockSubModule.java:66)
01-07 07:13:15.709  3352  3352 I Xposed  : 	at de.robv.android.xposed.XposedBridge.handleHookedMethod(XposedBridge.java:341)
01-07 07:13:15.709  3352  3352 I Xposed  : 	at android.os.PowerManager$WakeLock.acquire(<Xposed>)
01-07 07:13:15.709  3352  3352 I Xposed  : 	at com.android.internal.telephony.RIL.acquireWakeLock(RIL.java:4121)
01-07 07:13:15.709  3352  3352 I Xposed  : 	at com.android.internal.telephony.RIL.addRequest(RIL.java:664)
01-07 07:13:15.709  3352  3352 I Xposed  : 	at com.android.internal.telephony.RIL.obtainRequest(RIL.java:673)
01-07 07:13:15.709  3352  3352 I Xposed  : 	at com.android.internal.telephony.RIL.getDataRegistrationState(RIL.java:1137)
01-07 07:13:15.709  3352  3352 I Xposed  : 	at com.android.internal.telephony.ServiceStateTracker.pollState(ServiceStateTracker.java:2627)
01-07 07:13:15.709  3352  3352 I Xposed  : 	at com.android.internal.telephony.ServiceStateTracker.modemTriggeredPollState(ServiceStateTracker.java:2586)
01-07 07:13:15.709  3352  3352 I Xposed  : 	at com.android.internal.telephony.ServiceStateTracker.handleMessage(ServiceStateTracker.java:1148)
01-07 07:13:15.709  3352  3352 I Xposed  : 	at android.os.Handler.dispatchMessage(Handler.java:106)
01-07 07:13:15.709  3352  3352 I Xposed  : 	at android.os.Looper.loop(Looper.java:164)
01-07 07:13:15.709  3352  3352 I Xposed  : 	at android.app.ActivityThread.main(ActivityThread.java:6494)
01-07 07:13:15.709  3352  3352 I Xposed  : 	at java.lang.reflect.Method.invoke(Native Method)
01-07 07:13:15.709  3352  3352 I Xposed  : 	at com.android.internal.os.RuntimeInit$MethodAndArgsCaller.run(RuntimeInit.java:440)
01-07 07:13:15.709  3352  3352 I Xposed  : 	at com.android.internal.os.ZygoteInit.main(ZygoteInit.java:807)
01-07 07:13:15.709  3352  3352 I Xposed  : 	at de.robv.android.xposed.XposedBridge.main(XposedBridge.java:108)
01-07 07:13:15.709  3173  3502 I Xposed  : X-APM-S-4.1.5-VERBOSE-****************** getService: isub *****************
01-07 07:13:15.710  3173  3173 I Xposed  : X-APM-S-4.1.5-VERBOSE-****************** getService: notification *****************
01-07 07:13:15.712  3352  3352 I Xposed  : X-APM-S-4.1.5-WARN-Error getPermissionControlBlockModeForPkg: java.lang.NullPointerException: Attempt to invoke virtual method 'github.tornaco.xposedmoduletest.xposed.repo.SetRepo github.tornaco.xposedmoduletest.xposed.repo.RepoProxy.getPerms()' on a null object reference
01-07 07:13:15.712  3352  3352 I Xposed  : 	at github.tornaco.xposedmoduletest.xposed.service.XAshmanServiceImpl.isInPermissionBlockList(XAshmanServiceImpl.java:3773)
01-07 07:13:15.712  3352  3352 I Xposed  : 	at github.tornaco.xposedmoduletest.xposed.service.XAshmanServiceImpl.getPermissionControlBlockModeForPkg(XAshmanServiceImpl.java:2785)
01-07 07:13:15.712  3352  3352 I Xposed  : 	at github.tornaco.xposedmoduletest.xposed.app.XAshmanManager.getPermissionControlBlockModeForPkg(XAshmanManager.java:520)
01-07 07:13:15.712  3352  3352 I Xposed  : 	at github.tornaco.xposedmoduletest.xposed.submodules.WakelockSubModule$1.beforeHookedMethod(WakelockSubModule.java:66)
01-07 07:13:15.712  3352  3352 I Xposed  : 	at de.robv.android.xposed.XposedBridge.handleHookedMethod(XposedBridge.java:341)
01-07 07:13:15.712  3352  3352 I Xposed  : 	at android.os.PowerManager$WakeLock.acquire(<Xposed>)
01-07 07:13:15.712  3352  3352 I Xposed  : 	at com.android.internal.telephony.RIL.acquireWakeLock(RIL.java:4121)
01-07 07:13:15.712  3352  3352 I Xposed  : 	at com.android.internal.telephony.RIL.addRequest(RIL.java:664)
01-07 07:13:15.712  3352  3352 I Xposed  : 	at com.android.internal.telephony.RIL.obtainRequest(RIL.java:673)
01-07 07:13:15.712  3352  3352 I Xposed  : 	at com.android.internal.telephony.RIL.getVoiceRegistrationState(RIL.java:1120)
01-07 07:13:15.712  3352  3352 I Xposed  : 	at com.android.internal.telephony.ServiceStateTracker.pollState(ServiceStateTracker.java:2630)
01-07 07:13:15.712  3352  3352 I Xposed  : 	at com.android.internal.telephony.ServiceStateTracker.modemTriggeredPollState(ServiceStateTracker.java:2586)
01-07 07:13:15.712  3352  3352 I Xposed  : 	at com.android.internal.telephony.ServiceStateTracker.handleMessage(ServiceStateTracker.java:1148)
01-07 07:13:15.712  3352  3352 I Xposed  : 	at android.os.Handler.dispatchMessage(Handler.java:106)
01-07 07:13:15.712  3352  3352 I Xposed  : 	at android.os.Looper.loop(Looper.java:164)
01-07 07:13:15.712  3352  3352 I Xposed  : 	at android.app.ActivityThread.main(ActivityThread.java:6494)
01-07 07:13:15.712  3352  3352 I Xposed  : 	at java.lang.reflect.Method.invoke(Native Method)
01-07 07:13:15.712  3352  3352 I Xposed  : 	at com.android.internal.os.RuntimeInit$MethodAndArgsCaller.run(RuntimeInit.java:440)
01-07 07:13:15.712  3352  3352 I Xposed  : 	at com.android.internal.os.ZygoteInit.main(ZygoteInit.java:807)
01-07 07:13:15.712  3352  3352 I Xposed  : 	at de.robv.android.xposed.XposedBridge.main(XposedBridge.java:108)
01-07 07:13:15.714  3352  3352 I Xposed  : X-APM-S-4.1.5-WARN-Error getPermissionControlBlockModeForPkg: java.lang.NullPointerException: Attempt to invoke virtual method 'github.tornaco.xposedmoduletest.xposed.repo.SetRepo github.tornaco.xposedmoduletest.xposed.repo.RepoProxy.getPerms()' on a null object reference
01-07 07:13:15.714  3352  3352 I Xposed  : 	at github.tornaco.xposedmoduletest.xposed.service.XAshmanServiceImpl.isInPermissionBlockList(XAshmanServiceImpl.java:3773)
01-07 07:13:15.714  3352  3352 I Xposed  : 	at github.tornaco.xposedmoduletest.xposed.service.XAshmanServiceImpl.getPermissionControlBlockModeForPkg(XAshmanServiceImpl.java:2785)
01-07 07:13:15.714  3352  3352 I Xposed  : 	at github.tornaco.xposedmoduletest.xposed.app.XAshmanManager.getPermissionControlBlockModeForPkg(XAshmanManager.java:520)
01-07 07:13:15.714  3352  3352 I Xposed  : 	at github.tornaco.xposedmoduletest.xposed.submodules.WakelockSubModule$1.beforeHookedMethod(WakelockSubModule.java:66)
01-07 07:13:15.714  3352  3352 I Xposed  : 	at de.robv.android.xposed.XposedBridge.handleHookedMethod(XposedBridge.java:341)
01-07 07:13:15.714  3352  3352 I Xposed  : 	at android.os.PowerManager$WakeLock.acquire(<Xposed>)
01-07 07:13:15.714  3352  3352 I Xposed  : 	at com.android.internal.telephony.RIL.acquireWakeLock(RIL.java:4121)
01-07 07:13:15.714  3352  3352 I Xposed  : 	at com.android.internal.telephony.RIL.addRequest(RIL.java:664)
01-07 07:13:15.714  3352  3352 I Xposed  : 	at com.android.internal.telephony.RIL.obtainRequest(RIL.java:673)
01-07 07:13:15.714  3352  3352 I Xposed  : 	at com.android.internal.telephony.RIL.getNetworkSelectionMode(RIL.java:1748)
01-07 07:13:15.714  3352  3352 I Xposed  : 	at com.android.internal.telephony.ServiceStateTracker.pollState(ServiceStateTracker.java:2635)
01-07 07:13:15.714  3352  3352 I Xposed  : 	at com.android.internal.telephony.ServiceStateTracker.modemTriggeredPollState(ServiceStateTracker.java:2586)
01-07 07:13:15.714  3352  3352 I Xposed  : 	at com.android.internal.telephony.ServiceStateTracker.handleMessage(ServiceStateTracker.java:1148)
01-07 07:13:15.714  3352  3352 I Xposed  : 	at android.os.Handler.dispatchMessage(Handler.java:106)
01-07 07:13:15.714  3352  3352 I Xposed  : 	at android.os.Looper.loop(Looper.java:164)
01-07 07:13:15.714  3352  3352 I Xposed  : 	at android.app.ActivityThread.main(ActivityThread.java:6494)
01-07 07:13:15.714  3352  3352 I Xposed  : 	at java.lang.reflect.Method.invoke(Native Method)
01-07 07:13:15.714  3352  3352 I Xposed  : 	at com.android.internal.os.RuntimeInit$MethodAndArgsCaller.run(RuntimeInit.java:440)
01-07 07:13:15.714  3352  3352 I Xposed  : 	at com.android.internal.os.ZygoteInit.main(ZygoteInit.java:807)
01-07 07:13:15.714  3352  3352 I Xposed  : 	at de.robv.android.xposed.XposedBridge.main(XposedBridge.java:108)
01-07 07:13:15.716  3173  3173 I Xposed  : X-APM-S-4.1.5-VERBOSE-****************** getService: vrmanager *****************
01-07 07:13:15.718  3352  3352 I Xposed  : X-APM-S-4.1.5-WARN-Error getPermissionControlBlockModeForPkg: java.lang.NullPointerException: Attempt to invoke virtual method 'github.tornaco.xposedmoduletest.xposed.repo.SetRepo github.tornaco.xposedmoduletest.xposed.repo.RepoProxy.getPerms()' on a null object reference
01-07 07:13:15.718  3352  3352 I Xposed  : 	at github.tornaco.xposedmoduletest.xposed.service.XAshmanServiceImpl.isInPermissionBlockList(XAshmanServiceImpl.java:3773)
01-07 07:13:15.718  3352  3352 I Xposed  : 	at github.tornaco.xposedmoduletest.xposed.service.XAshmanServiceImpl.getPermissionControlBlockModeForPkg(XAshmanServiceImpl.java:2785)
01-07 07:13:15.718  3352  3352 I Xposed  : 	at github.tornaco.xposedmoduletest.xposed.app.XAshmanManager.getPermissionControlBlockModeForPkg(XAshmanManager.java:520)
01-07 07:13:15.718  3352  3352 I Xposed  : 	at github.tornaco.xposedmoduletest.xposed.submodules.WakelockSubModule$1.beforeHookedMethod(WakelockSubModule.java:66)
01-07 07:13:15.718  3352  3352 I Xposed  : 	at de.robv.android.xposed.XposedBridge.handleHookedMethod(XposedBridge.java:341)
01-07 07:13:15.718  3352  3352 I Xposed  : 	at android.os.PowerManager$WakeLock.acquire(<Xposed>)
01-07 07:13:15.718  3352  3352 I Xposed  : 	at com.android.internal.telephony.RIL.acquireWakeLock(RIL.java:4121)
01-07 07:13:15.718  3352  3352 I Xposed  : 	at com.android.internal.telephony.RIL.addRequest(RIL.java:664)
01-07 07:13:15.718  3352  3352 I Xposed  : 	at com.android.internal.telephony.RIL.obtainRequest(RIL.java:673)
01-07 07:13:15.718  3352  3352 I Xposed  : 	at com.android.internal.telephony.RIL.getCurrentCalls(RIL.java:902)
01-07 07:13:15.718  3352  3352 I Xposed  : 	at com.android.internal.telephony.CallTracker.pollCallsWhenSafe(CallTracker.java:78)
01-07 07:13:15.718  3352  3352 I Xposed  : 	at com.android.internal.telephony.CallTracker.handleRadioAvailable(CallTracker.java:130)
01-07 07:13:15.718  3352  3352 I Xposed  : 	at com.android.internal.telephony.GsmCdmaCallTracker.handleMessage(GsmCdmaCallTracker.java:1482)
01-07 07:13:15.718  3352  3352 I Xposed  : 	at android.os.Handler.dispatchMessage(Handler.java:106)
01-07 07:13:15.718  3352  3352 I Xposed  : 	at android.os.Looper.loop(Looper.java:164)
01-07 07:13:15.718  3352  3352 I Xposed  : 	at android.app.ActivityThread.main(ActivityThread.java:6494)
01-07 07:13:15.718  3352  3352 I Xposed  : 	at java.lang.reflect.Method.invoke(Native Method)
01-07 07:13:15.718  3352  3352 I Xposed  : 	at com.android.internal.os.RuntimeInit$MethodAndArgsCaller.run(RuntimeInit.java:440)
01-07 07:13:15.718  3352  3352 I Xposed  : 	at com.android.internal.os.ZygoteInit.main(ZygoteInit.java:807)
01-07 07:13:15.718  3352  3352 I Xposed  : 	at de.robv.android.xposed.XposedBridge.main(XposedBridge.java:108)
01-07 07:13:15.720  3352  3352 I Xposed  : X-APM-S-4.1.5-WARN-Error getPermissionControlBlockModeForPkg: java.lang.NullPointerException: Attempt to invoke virtual method 'github.tornaco.xposedmoduletest.xposed.repo.SetRepo github.tornaco.xposedmoduletest.xposed.repo.RepoProxy.getPerms()' on a null object reference
01-07 07:13:15.720  3352  3352 I Xposed  : 	at github.tornaco.xposedmoduletest.xposed.service.XAshmanServiceImpl.isInPermissionBlockList(XAshmanServiceImpl.java:3773)
01-07 07:13:15.720  3352  3352 I Xposed  : 	at github.tornaco.xposedmoduletest.xposed.service.XAshmanServiceImpl.getPermissionControlBlockModeForPkg(XAshmanServiceImpl.java:2785)
01-07 07:13:15.720  3352  3352 I Xposed  : 	at github.tornaco.xposedmoduletest.xposed.app.XAshmanManager.getPermissionControlBlockModeForPkg(XAshmanManager.java:520)
01-07 07:13:15.720  3352  3352 I Xposed  : 	at github.tornaco.xposedmoduletest.xposed.submodules.WakelockSubModule$1.beforeHookedMethod(WakelockSubModule.java:66)
01-07 07:13:15.720  3352  3352 I Xposed  : 	at de.robv.android.xposed.XposedBridge.handleHookedMethod(XposedBridge.java:341)
01-07 07:13:15.720  3352  3352 I Xposed  : 	at android.os.PowerManager$WakeLock.acquire(<Xposed>)
01-07 07:13:15.720  3352  3352 I Xposed  : 	at com.android.internal.telephony.RIL.acquireWakeLock(RIL.java:4121)
01-07 07:13:15.720  3352  3352 I Xposed  : 	at com.android.internal.telephony.RIL.addRequest(RIL.java:664)
01-07 07:13:15.720  3352  3352 I Xposed  : 	at com.android.internal.telephony.RIL.obtainRequest(RIL.java:673)
01-07 07:13:15.720  3352  3352 I Xposed  : 	at com.android.internal.telephony.RIL.getImsRegistrationState(RIL.java:3089)
01-07 07:13:15.720  3352  3352 I Xposed  : 	at com.android.internal.telephony.ImsSMSDispatcher.handleMessage(ImsSMSDispatcher.java:106)
01-07 07:13:15.720  3352  3352 I Xposed  : 	at android.os.Handler.dispatchMessage(Handler.java:106)
01-07 07:13:15.720  3352  3352 I Xposed  : 	at android.os.Looper.loop(Looper.java:164)
01-07 07:13:15.720  3352  3352 I Xposed  : 	at android.app.ActivityThread.main(ActivityThread.java:6494)
01-07 07:13:15.720  3352  3352 I Xposed  : 	at java.lang.reflect.Method.invoke(Native Method)
