05-04 14:40:00.866 20530 20750 I chatty  : uid=1000 system_server expire 11 lines
05-04 14:40:01.080 20530 20917 I chatty  : uid=1000 system_server expire 1 line
05-04 14:40:01.732 20530 23044 I chatty  : uid=1000 system_server expire 8 lines
05-04 14:40:02.748 20530 20553 I chatty  : uid=1000 system_server expire 2 lines
05-04 14:40:03.323 20530 21857 I chatty  : uid=1000 system_server expire 14 lines
05-04 14:40:07.100 23603 23603 D ActivityThread: Loading provider com.google.android.gm.sapi: com.google.android.gm.sapi.SapiUiProvider
05-04 14:40:07.898 20530 21849 I chatty  : uid=1000 system_server expire 13 lines
05-04 14:40:08.003 20530 20953 I chatty  : uid=1000 system_server expire 4 lines
05-04 14:40:08.068 20530 20919 I chatty  : uid=1000 system_server expire 2 lines
05-04 14:40:08.533 20530 20595 I chatty  : uid=1000 system_server expire 7 lines
05-04 14:40:08.587 20530 23698 I chatty  : uid=1000 system_server expire 7 lines
05-04 14:40:09.533 20530 20530 I chatty  : uid=1000 system_server expire 12 lines
05-04 14:40:09.538 20530 20950 I chatty  : uid=1000 system_server expire 8 lines
05-04 14:40:09.599 20530 20808 I chatty  : uid=1000 system_server expire 12 lines
05-04 14:40:11.486 20530 20821 I chatty  : uid=1000 system_server expire 5 lines
05-04 14:40:13.203 20530 20700 I chatty  : uid=1000 system_server expire 1 line
05-04 14:40:13.245 20530 20613 I chatty  : uid=1000 system_server expire 2 lines
05-04 14:40:13.298 20530 21850 I chatty  : uid=1000 system_server expire 1 line
05-04 14:40:13.319 21810 21810 W ContextImpl: Calling a method in the system process without a qualified user: android.app.ContextImpl.startService:1487 android.content.ContextWrapper.startService:644 android.content.ContextWrapper.startService:644 com.motorola.bach.modemstats.ModemStatsReceiver.startDataStallDetectService:124 com.motorola.bach.modemstats.ModemStatsReceiver.onReceive:76 
05-04 14:40:13.333 21810 21810 W ContextImpl: Calling a method in the system process without a qualified user: android.app.ContextImpl.startService:1487 android.content.ContextWrapper.startService:644 android.content.ContextWrapper.startService:644 com.motorola.bach.modemstats.ModemStatsReceiver.startModemStatsService:113 com.motorola.bach.modemstats.ModemStatsReceiver.onReceive:98 
05-04 14:40:13.347 20530 20700 E ConnectivityService: RemoteException caught trying to send a callback msg for NetworkRequest [ LISTEN id=14, [ Capabilities: INTERNET&NOT_RESTRICTED&TRUSTED] ]
05-04 14:40:13.352 20530 24409 I ActivityManager: Start proc 24430:com.motorola.camera2/u0a49 for broadcast com.motorola.camera2/com.motorola.camera.BootReceiver
05-04 14:40:13.490 20530 23044 I ActivityManager: Start proc 24452:com.motorola.cameramod/u0a115 for broadcast com.motorola.cameramod/.BootReceiver
05-04 14:40:13.492 20530 23044 I ActivityManager: Killing 23272:com.google.android.apps.translate/u0a127 (adj 906): empty #22
05-04 14:40:13.608 20530 20541 I ActivityManager: Start proc 24468:com.motorola.ccc/u0a2 for broadcast com.motorola.ccc.checkin/com.motorola.blur.service.blur.StartupReceiver
05-04 14:40:13.609 20530 20541 I ActivityManager: Killing 23344:com.google.android.apps.wallpaper/u0a106 (adj 906): empty #22
05-04 14:40:14.070 21771 21771 E ActivityThread: Failed to find provider info for com.motorola.motoalexa.provider
05-04 14:40:14.601 20896 20896 W ContextImpl: Calling a method in the system process without a qualified user: android.app.ContextImpl.startService:1487 android.content.ContextWrapper.startService:644 android.content.ContextWrapper.startService:644 com.motorola.ccc.plm.launchmanager.LaunchManagerReceiver.onReceive:18 android.app.ActivityThread.handleReceiver:3327 
05-04 14:40:14.912 20530 20953 I ActivityManager: Killing 23409:com.google.android.calendar/u0a89 (adj 906): empty #22
05-04 14:40:15.454 20530 20950 W BroadcastQueue: Permission Denial: receiving Intent { act=android.intent.action.BOOT_COMPLETED flg=0x9000010 (has extras) } to com.motorola.colorprofiles/.checkin.ColorProfileCheckinReceiver requires android.permission.RECEIVE_BOOT_COMPLETED due to sender null (uid 1000)
05-04 14:40:15.471 20530 20546 I ActivityManager: Start proc 24511:com.motorola.modservice:ui/u0a47 for broadcast com.motorola.modservice/.ui.ModMgrPublicReceiver
05-04 14:40:15.569 20530 20919 I ActivityManager: Start proc 24526:com.motorola.moto/u0a51 for broadcast com.motorola.moto/com.motorola.assist.engine.ModeUpdateReceiver
05-04 14:40:15.708 20530 20950 I ActivityManager: Start proc 24547:com.motorola.moto:context_engine/u0a51 for broadcast com.motorola.moto/com.motorola.context.receiver.BootComplete
05-04 14:40:15.757 20530 20960 I ActivityManager: Killing 23544:com.google.android.configupdater/u0a15 (adj 906): empty #22
05-04 14:40:15.791 20530 20960 W ActivityManager: Unable to start service Intent { act=com.motorola.android.fota.FOTA_INITIALIZATION pkg=com.motorola.android.fota } U=0: not found
05-04 14:40:15.893 20530 20950 I ActivityManager: Start proc 24575:com.motorola.motocare/u0a48 for broadcast com.motorola.motocare/.MotoCareReceiver
05-04 14:40:15.900 20530 20950 I ActivityManager: Killing 23583:com.google.android.deskclock/u0a90 (adj 906): empty #22
05-04 14:40:15.906 20530 20950 I ActivityManager: Killing 23603:com.google.android.gm/u0a100 (adj 906): empty #22
05-04 14:40:15.997 20530 24409 I ActivityManager: Start proc 24590:com.motorola.motocit/u0a10 for broadcast com.motorola.motocit/.CQATestBootReceiver
05-04 14:40:15.998 20530 24409 I ActivityManager: Killing 23700:com.android.chrome/u0a88 (adj 906): empty #22
05-04 14:40:16.149 20530 20950 I ActivityManager: Start proc 24606:com.motorola.motodisplay/u0a53 for broadcast com.motorola.motodisplay/.events.EventReceiver
05-04 14:40:16.150 20530 20950 I ActivityManager: Killing 23787:com.google.android.gms.ui/u0a29 (adj 906): empty #22
05-04 14:40:16.286 20530 20950 I ActivityManager: Killing 23136:com.google.android.tts/u0a105 (adj 906): empty #22
05-04 14:40:16.319 20530 21849 W ActivityManager: Scheduling restart of crashed service com.google.android.tts/.service.GoogleTTSService in 1000ms
05-04 14:40:16.372 20530 24409 I ActivityManager: Start proc 24629:com.qualcomm.telephony/1000 for broadcast com.qualcomm.atfwd/.AtFwdAutoboot
05-04 14:40:16.473 24629 24629 W ContextImpl: Calling a method in the system process without a qualified user: android.app.ContextImpl.startService:1487 android.content.ContextWrapper.startService:644 android.content.ContextWrapper.startService:644 com.qualcomm.atfwd.AtFwdAutoboot.onReceive:24 android.app.ActivityThread.handleReceiver:3327 
05-04 14:40:16.504 20530 20530 I ActivityManager: Start proc 24646:com.qualcomm.qti.radioconfiginterface/1001 for broadcast com.qualcomm.qti.radioconfiginterface/.RadioConfigBootReceiver
05-04 14:40:16.596 20530 21849 I ActivityManager: Killing 23111:com.google.android.apps.messaging/u0a114 (adj 906): empty #22
05-04 14:40:16.607 20877 20877 W ContextImpl: Calling a method in the system process without a qualified user: android.app.ContextImpl.startService:1487 android.content.ContextWrapper.startService:644 android.content.ContextWrapper.startService:644 com.qualcomm.qti.uceShimService.RCSReceiver.onReceive:42 android.app.ActivityThread.handleReceiver:3327 
05-04 14:40:16.621 20530 21849 W BroadcastQueue: Permission Denial: receiving Intent { act=android.intent.action.BOOT_COMPLETED flg=0x9000010 (has extras) } to cn.wps.moffice_eng/com.igexin.sdk.PushReceiver requires android.permission.RECEIVE_BOOT_COMPLETED due to sender null (uid 1000)
05-04 14:40:16.657 20530 20546 I ActivityManager: Finished processing BOOT_COMPLETED for u0
05-04 14:40:16.679 20530 20546 I ActivityManager: Start proc 24666:com.android.sprint.hiddenmenuapp/u0a36 for broadcast com.android.sprint.hiddenmenuapp/.MipLteVsncpErrorNotification
05-04 14:40:16.797 20530 20542 I ActivityManager: Start proc 24681:com.android.cellbroadcastreceiver/u0a14 for broadcast com.android.cellbroadcastreceiver/.CellBroadcastAreaInfoReceiver
05-04 14:40:16.798 20530 20542 I ActivityManager: Killing 23196:com.google.android.apps.photos/u0a122 (adj 906): empty #22
05-04 14:40:16.916 20530 20546 W BroadcastQueue: Permission Denial: receiving Intent { act=android.cellbroadcastreceiver.CB_AREA_INFO_RECEIVED flg=0x10 (has extras) } to ProcessRecord{858a04b 20744:com.android.systemui/u0a70} (pid=20744, uid=10070) requires android.permission.READ_PHONE_STATE due to sender com.android.cellbroadcastreceiver (uid 10014)
05-04 14:40:16.922 20530 21850 I ActivityManager: Killing 24094:com.google.android.inputmethod.korean/u0a110 (adj 906): empty #22
05-04 14:40:16.974 20530 23044 I ActivityManager: Start proc 24698:com.android.sdm.plugins.sprintdm/1001 for broadcast com.android.sdm.plugins.sprintdm/.SprintDMReceiver
05-04 14:40:17.108 20530 23044 I ActivityManager: Start proc 24713:com.android.settings/1000 for broadcast com.android.settings/.sim.SimSelectNotification
05-04 14:40:17.109 20530 23044 I ActivityManager: Killing 24119:com.google.android.inputmethod.latin/u0a111 (adj 906): empty #22
05-04 14:40:17.109 20530 23044 I ActivityManager: Killing 24013:com.google.android.inputmethod.japanese/u0a108 (adj 906): empty #23
05-04 14:40:17.231 20530 23698 I ActivityManager: Killing 24165:com.google.android.onetimeinitializer/u0a31 (adj 906): empty #22
05-04 14:40:17.309 20530 24409 I ActivityManager: Start proc 24733:com.motorola.carriersettingsext/u0a12 for broadcast com.motorola.carriersettingsext/.wfc.WFCReceiver
05-04 14:40:17.446 20530 20808 I ActivityManager: Start proc 24754:com.motorola.config.wifi/u0a75 for broadcast com.motorola.config.wifi/.SimStateReceiver
05-04 14:40:17.447 20530 20808 I ActivityManager: Killing 24185:com.google.android.packageinstaller/u0a32 (adj 906): empty #22
05-04 14:40:17.565 20530 20808 I ActivityManager: Start proc 24775:com.motorola.contacts.preloadcontacts/u0a58 for broadcast com.motorola.contacts.preloadcontacts/.PreloadContactsReceiver
05-04 14:40:17.645 20530 20530 D JobSchedulerService: Error executing JobStatus{554b0d8 #u0a145/148223 com.zhihu.android/.app.jobservice.AdTracksPushService u=0 s=10145 TIME=-8m17s678ms:+5h40m33s822ms PERSISTED READY}
05-04 14:40:17.667 20530 20530 I ActivityManager: Start proc 24792:com.google.android.apps.photos/u0a122 for service com.google.android.apps.photos/com.google.android.libraries.social.mediamonitor.MediaMonitorJobSchedulerService
05-04 14:40:17.692 20530 23698 I ActivityManager: Start proc 24808:com.motorola.coresettingsext/u0a17 for broadcast com.motorola.coresettingsext/.SimSwapReceiver
05-04 14:40:17.721 20530 20530 D JobSchedulerService: Error executing JobStatus{554b0d8 #u0a145/148223 com.zhihu.android/.app.jobservice.AdTracksPushService u=0 s=10145 TIME=-8m17s753ms:+5h40m33s747ms PERSISTED READY}
05-04 14:40:17.724 20530 23698 I ActivityManager: Killing 24203:com.google.process.gapps/u0a96 (adj 906): empty #22
05-04 14:40:17.832 20530 20546 W BroadcastQueue: Permission Denial: receiving Intent { act=android.cellbroadcastreceiver.CB_AREA_INFO_RECEIVED flg=0x10 (has extras) } to ProcessRecord{858a04b 20744:com.android.systemui/u0a70} (pid=20744, uid=10070) requires android.permission.READ_PHONE_STATE due to sender com.android.cellbroadcastreceiver (uid 10014)
05-04 14:40:17.843 20530 20950 I ActivityManager: Killing 24259:com.google.vr.vrcore/u0a34 (adj 906): empty #22
05-04 14:40:17.863 20530 23698 W ActivityManager: Scheduling restart of crashed service com.google.vr.vrcore/.common.VrCoreSdkService in 1000ms
05-04 14:40:17.922 20530 20595 D BatteryService: uevent={POWER_SUPPLY_DP_DM=0, POWER_SUPPLY_VOLTAGE_QNOVO=-22, POWER_SUPPLY_VOLTAGE_NOW=4417225, POWER_SUPPLY_SW_JEITA_ENABLED=0, POWER_SUPPLY_HEALTH=Good, POWER_SUPPLY_TECHNOLOGY=Li-ion, POWER_SUPPLY_CHARGER_TEMP_MAX=803, SEQNUM=4957, POWER_SUPPLY_INPUT_CURRENT_LIMITED=1, POWER_SUPPLY_STATUS=Charging, POWER_SUPPLY_BATTERY_CHARGING_ENABLED=1, POWER_SUPPLY_CURRENT_MAX=3000000, POWER_SUPPLY_CAPACITY=100, DEVPATH=/devices/soc/800f000.qcom,spmi/spmi-0/spmi0-02/800f000.qcom,spmi:qcom,pmi8998@2:qcom,qpnp-smb2/power_supply/battery, POWER_SUPPLY_CHARGE_DONE=0, POWER_SUPPLY_CHARGE_TYPE=Fast, POWER_SUPPLY_CHARGER_TEMP=386, POWER_SUPPLY_CHARGE_RATE=Normal, POWER_SUPPLY_CURRENT_QNOVO=-22, POWER_SUPPLY_CURRENT_NOW=-156249, POWER_SUPPLY_SYSTEM_TEMP_LEVEL=0, POWER_SUPPLY_PRESENT=1, POWER_SUPPLY_PARALLEL_DISABLE=0, SUBSYSTEM=power_supply, POWER_SUPPLY_SET_SHIP_MODE=0, POWER_SUPPLY_TEMP=380, ACTION=change, POWER_SUPPLY_RERUN_AICL=0, POWER_SUPPLY_AGE=100, POWER_SUPPLY_NAME=battery, POWER_SUPPLY_VOLTAGE_MAX=-22, POWER_SUPPLY_CONSTANT_CHARGE_CURRENT_MAX=3000000, POWER_SUPPLY_CHARGE_COUNTER=2910673, POWER_SUPPLY_STEP_CHARGING_ENABLED=0, POWER_SUPPLY_NUM_SYSTEM_TEMP_LEVELS=6, POWER_SUPPLY_DIE_HEALTH=Cool, POWER_SUPPLY_INPUT_SUSPEND=0}
05-04 14:40:17.968 20530 20530 D JobSchedulerService: Error executing JobStatus{554b0d8 #u0a145/148223 com.zhihu.android/.app.jobservice.AdTracksPushService u=0 s=10145 TIME=-8m18s1ms:+5h40m33s499ms PERSISTED READY}
05-04 14:40:17.986 20530 20530 D JobSchedulerService: Error executing JobStatus{554b0d8 #u0a145/148223 com.zhihu.android/.app.jobservice.AdTracksPushService u=0 s=10145 TIME=-8m18s19ms:+5h40m33s481ms PERSISTED READY}
05-04 14:40:18.790 20530 20595 D BatteryService: uevent={POWER_SUPPLY_DP_DM=0, POWER_SUPPLY_VOLTAGE_QNOVO=-22, POWER_SUPPLY_VOLTAGE_NOW=4405750, POWER_SUPPLY_SW_JEITA_ENABLED=0, POWER_SUPPLY_HEALTH=Good, POWER_SUPPLY_TECHNOLOGY=Li-ion, POWER_SUPPLY_CHARGER_TEMP_MAX=803, SEQNUM=4958, POWER_SUPPLY_INPUT_CURRENT_LIMITED=1, POWER_SUPPLY_STATUS=Charging, POWER_SUPPLY_BATTERY_CHARGING_ENABLED=1, POWER_SUPPLY_CURRENT_MAX=3000000, POWER_SUPPLY_CAPACITY=100, DEVPATH=/devices/soc/800f000.qcom,spmi/spmi-0/spmi0-02/800f000.qcom,spmi:qcom,pmi8998@2:qcom,qpnp-smb2/power_supply/battery, POWER_SUPPLY_CHARGE_DONE=0, POWER_SUPPLY_CHARGE_TYPE=Taper, POWER_SUPPLY_CHARGER_TEMP=386, POWER_SUPPLY_CHARGE_RATE=Normal, POWER_SUPPLY_CURRENT_QNOVO=-22, POWER_SUPPLY_CURRENT_NOW=-16601, POWER_SUPPLY_SYSTEM_TEMP_LEVEL=0, POWER_SUPPLY_PRESENT=1, POWER_SUPPLY_PARALLEL_DISABLE=0, SUBSYSTEM=power_supply, POWER_SUPPLY_SET_SHIP_MODE=0, POWER_SUPPLY_TEMP=380, ACTION=change, POWER_SUPPLY_RERUN_AICL=0, POWER_SUPPLY_AGE=100, POWER_SUPPLY_NAME=battery, POWER_SUPPLY_VOLTAGE_MAX=-22, POWER_SUPPLY_CONSTANT_CHARGE_CURRENT_MAX=3000000, POWER_SUPPLY_CHARGE_COUNTER=2910680, POWER_SUPPLY_STEP_CHARGING_ENABLED=0, POWER_SUPPLY_NUM_SYSTEM_TEMP_LEVELS=6, POWER_SUPPLY_DIE_HEALTH=Cool, POWER_SUPPLY_INPUT_SUSPEND=0}
05-04 14:40:18.915 20530 20546 I ActivityManager: Start proc 24873:com.google.vr.vrcore/u0a34 for service com.google.vr.vrcore/.common.VrCoreSdkService
05-04 14:40:18.936 20530 20953 I ActivityManager: Start proc 24886:com.google.android.music:main/u0a119 for service com.google.android.music/.browse.MediaBrowserService
05-04 14:40:18.950 20530 23044 I ActivityManager: Start proc 24899:com.google.android.apps.messaging/u0a114 for service com.google.android.apps.messaging/.rcsmigration.RcsMigrationService
05-04 14:40:19.137 20530 24726 W BroadcastQueue: Background execution not allowed: receiving Intent { act=android.speech.action.GET_LANGUAGE_DETAILS flg=0x10 } to com.google.android.googlequicksearchbox/com.google.android.voicesearch.intentapi.IntentApiReceiver
05-04 14:40:19.138 20530 20546 W BroadcastQueue: Failure [background] sending broadcast result of Intent { act=android.speech.action.GET_LANGUAGE_DETAILS flg=0x10 }
05-04 14:40:19.138 20530 20546 W BroadcastQueue: android.os.RemoteException: app.thread must not be null
05-04 14:40:19.138 20530 20546 W BroadcastQueue: 	at com.android.server.am.BroadcastQueue.performReceiveLocked(BroadcastQueue.java:519)
05-04 14:40:19.138 20530 20546 W BroadcastQueue: 	at de.robv.android.xposed.XposedBridge.invokeOriginalMethodNative(Native Method)
05-04 14:40:19.138 20530 20546 W BroadcastQueue: 	at de.robv.android.xposed.XposedBridge.handleHookedMethod(XposedBridge.java:361)
05-04 14:40:19.138 20530 20546 W BroadcastQueue: 	at com.android.server.am.BroadcastQueue.performReceiveLocked(<Xposed>)
05-04 14:40:19.138 20530 20546 W BroadcastQueue: 	at com.android.server.am.BroadcastQueue.processNextBroadcast(BroadcastQueue.java:965)
05-04 14:40:19.138 20530 20546 W BroadcastQueue: 	at com.android.server.am.BroadcastQueue$BroadcastHandler.handleMessage(BroadcastQueue.java:176)
05-04 14:40:19.138 20530 20546 W BroadcastQueue: 	at android.os.Handler.dispatchMessage(Handler.java:105)
05-04 14:40:19.138 20530 20546 W BroadcastQueue: 	at android.os.Looper.loop(Looper.java:164)
05-04 14:40:19.138 20530 20546 W BroadcastQueue: 	at android.os.HandlerThread.run(HandlerThread.java:65)
05-04 14:40:19.138 20530 20546 W BroadcastQueue: 	at com.android.server.ServiceThread.run(ServiceThread.java:46)
05-04 14:40:19.180 20530 20545 I ActivityManager: Start proc 24943:com.android.printspooler/u0a124 for service com.android.printspooler/.model.PrintSpoolerService
05-04 14:40:19.190 20530 20530 I TelecomService: DefaultDialerCache: Refreshing default dialer for user 0: now com.android.dialer: DDC.oR@ADw
05-04 14:40:19.220 20530 21849 W ActivityManager: Permission Denial: opening provider com.google.android.gsf.gservices.GservicesProvider from ProcessRecord{635829c 24873:com.google.vr.vrcore/u0a34} (pid=24873, uid=10034) requires com.google.android.providers.gsf.permission.READ_GSERVICES or com.google.android.providers.gsf.permission.WRITE_GSERVICES
05-04 14:40:19.223 20530 20595 D BatteryService: uevent={POWER_SUPPLY_DP_DM=0, POWER_SUPPLY_VOLTAGE_QNOVO=-22, POWER_SUPPLY_VOLTAGE_NOW=4405750, POWER_SUPPLY_SW_JEITA_ENABLED=0, POWER_SUPPLY_HEALTH=Good, POWER_SUPPLY_TECHNOLOGY=Li-ion, POWER_SUPPLY_CHARGER_TEMP_MAX=803, SEQNUM=4959, POWER_SUPPLY_INPUT_CURRENT_LIMITED=1, POWER_SUPPLY_STATUS=Charging, POWER_SUPPLY_BATTERY_CHARGING_ENABLED=1, POWER_SUPPLY_CURRENT_MAX=3000000, POWER_SUPPLY_CAPACITY=100, DEVPATH=/devices/soc/800f000.qcom,spmi/spmi-0/spmi0-02/800f000.qcom,spmi:qcom,pmi8998@2:qcom,qpnp-smb2/power_supply/battery, POWER_SUPPLY_CHARGE_DONE=0, POWER_SUPPLY_CHARGE_TYPE=Fast, POWER_SUPPLY_CHARGER_TEMP=386, POWER_SUPPLY_CHARGE_RATE=Normal, POWER_SUPPLY_CURRENT_QNOVO=-22, POWER_SUPPLY_CURRENT_NOW=-16601, POWER_SUPPLY_SYSTEM_TEMP_LEVEL=0, POWER_SUPPLY_PRESENT=1, POWER_SUPPLY_PARALLEL_DISABLE=0, SUBSYSTEM=power_supply, POWER_SUPPLY_SET_SHIP_MODE=0, POWER_SUPPLY_TEMP=380, ACTION=change, POWER_SUPPLY_RERUN_AICL=0, POWER_SUPPLY_AGE=100, POWER_SUPPLY_NAME=battery, POWER_SUPPLY_VOLTAGE_MAX=-22, POWER_SUPPLY_CONSTANT_CHARGE_CURRENT_MAX=3000000, POWER_SUPPLY_CHARGE_COUNTER=2910680, POWER_SUPPLY_STEP_CHARGING_ENABLED=0, POWER_SUPPLY_NUM_SYSTEM_TEMP_LEVELS=6, POWER_SUPPLY_DIE_HEALTH=Cool, POWER_SUPPLY_INPUT_SUSPEND=0}
05-04 14:40:19.238 20530 23698 W ActivityManager: Permission Denial: opening provider com.google.android.gsf.gservices.GservicesProvider from ProcessRecord{635829c 24873:com.google.vr.vrcore/u0a34} (pid=24873, uid=10034) requires com.google.android.providers.gsf.permission.READ_GSERVICES or com.google.android.providers.gsf.permission.WRITE_GSERVICES
05-04 14:40:19.330 20530 23044 W ActivityManager: Background start not allowed: service Intent { cmp=com.google.vr.vrcore/.common.VrCoreSdkService } to com.google.vr.vrcore/.common.VrCoreSdkService from pid=24873 uid=10034 pkg=com.google.vr.vrcore
05-04 14:40:19.363 20530 24409 I ActivityManager: Start proc 24981:com.google.android.apps.maps/u0a113 for broadcast com.google.android.apps.maps/com.google.android.apps.gmm.ugc.ataplace.AtAPlaceService
05-04 14:40:19.382 20530 23044 I ActivityManager: Start proc 24987:com.google.android.tts/u0a105 for service com.google.android.tts/.service.GoogleTTSService
05-04 14:40:19.700 20530 24409 W ActivityManager: Background start not allowed: service Intent { cmp=com.google.android.apps.messaging/.shared.datamodel.action.ActionExecutorImpl$EmptyService } to com.google.android.apps.messaging/.shared.datamodel.action.ActionExecutorImpl$EmptyService from pid=24899 uid=10114 pkg=com.google.android.apps.messaging
05-04 14:40:19.705 20530 20808 W ActivityManager: Background start not allowed: service Intent { cmp=com.google.android.apps.messaging/.shared.datamodel.action.ActionExecutorImpl$EmptyService } to com.google.android.apps.messaging/.shared.datamodel.action.ActionExecutorImpl$EmptyService from pid=24899 uid=10114 pkg=com.google.android.apps.messaging
05-04 14:40:21.847 20530 24726 I chatty  : uid=1000 system_server expire 2 lines
05-04 14:40:22.393 25174 25174 D ActivityThread: Loading provider com.google.android.gm.sapi: com.google.android.gm.sapi.SapiUiProvider
05-04 14:40:24.256 20896 20896 W ContextImpl: Calling a method in the system process without a qualified user: android.app.ContextImpl.startService:1487 android.content.ContextWrapper.startService:644 android.content.ContextWrapper.startService:644 com.motorola.ccc.main.StartUpReceiver.onReceive:21 android.app.ActivityThread.handleReceiver:3327 
05-04 14:40:24.730 20896 25308 D ProcSpeedReader: Failed load GPU rate stats file
05-04 14:40:24.745 20896 25308 D ProcSpeedReader: Failed to read freq stats from null
05-04 14:40:24.789 20896 25308 I chatty  : uid=1000(system) com.motorola.process.system identical 11 lines
05-04 14:40:24.790 20896 25308 D ProcSpeedReader: Failed to read freq stats from null
05-04 14:40:24.956 20530 24409 I chatty  : uid=1000 system_server expire 9 lines
05-04 14:40:26.668 20530 20863 I chatty  : uid=1000 system_server expire 3 lines
05-04 14:40:40.434 21810 21810 W ContextImpl: Calling a method in the system process without a qualified user: android.app.ContextImpl.sendBroadcast:965 android.content.ContextWrapper.sendBroadcast:431 com.motorola.bach.modemstats.ModemStatsUtils$MyLocationListener.onLocationChanged:334 android.location.LocationManager$ListenerTransport._handleMessage:291 android.location.LocationManager$ListenerTransport.-wrap0:0 
05-04 14:40:46.021 20530 20530 I chatty  : uid=1000 system_server expire 5 lines
05-04 14:40:54.379 20530 25518 I chatty  : uid=1000 system_server expire 1 line
05-04 14:40:56.122 20530 20565 I chatty  : uid=1000 system_server expire 8 lines
05-04 14:40:57.481 20530 20546 I chatty  : uid=1000 system_server expire 2 lines
05-04 14:40:58.447 20530 20808 I chatty  : uid=1000 system_server expire 2 lines
05-04 14:40:58.512 20530 21850 I ActivityManager: Killing 24981:com.google.android.apps.maps/u0a113 (adj 904): empty #22
05-04 14:40:58.542 20530 25518 D ConnectivityService: ConnectivityService NetworkRequestInfo binderDied(NetworkRequest [ LISTEN id=18, [ Capabilities: INTERNET&NOT_RESTRICTED&TRUSTED&FOREGROUND] ], android.os.BinderProxy@998ace3)
05-04 14:40:58.543 20530 20700 E ConnectivityService: RemoteException caught trying to send a callback msg for NetworkRequest [ LISTEN id=18, [ Capabilities: INTERNET&NOT_RESTRICTED&TRUSTED&FOREGROUND] ]
05-04 14:40:58.606 20530 20919 I ActivityManager: START u0 {act=android.intent.action.MAIN cat=[android.intent.category.LAUNCHER] flg=0x10000000 cmp=github.tornaco.xposedmoduletest/.ui.activity.NavigatorActivityBottomNav} from uid 2000
05-04 14:40:58.612 20896 25308 D ProcSpeedReader: Failed to read freq stats from null
05-04 14:40:58.635 20530 21849 I ActivityManager: Start proc 25665:github.tornaco.xposedmoduletest/u0a142 for activity github.tornaco.xposedmoduletest/.ui.activity.NavigatorActivityBottomNav
05-04 14:40:58.650 20530 20530 I TelecomService: DefaultDialerCache: Refreshing default dialer for user 0: now com.android.dialer: DDC.oR@AEI
05-04 14:40:58.722 20896 25308 D ProcSpeedReader: Failed to read freq stats from null
05-04 14:40:58.741 20530 20808 W BroadcastQueue: Background execution not allowed: receiving Intent { act=android.intent.action.PACKAGE_REMOVED dat=package:github.tornaco.xposedmoduletest flg=0x4000010 (has extras) } to com.google.android.googlequicksearchbox/com.google.android.apps.gsa.googlequicksearchbox.GelStubAppWatcher
05-04 14:40:58.763 20530 20546 I ActivityManager: Start proc 25709:de.robv.android.xposed.installer/u0a137 for broadcast de.robv.android.xposed.installer/.receivers.PackageChangeReceiver
05-04 14:40:58.917 20530 20595 D BatteryService: uevent={POWER_SUPPLY_DP_DM=0, POWER_SUPPLY_VOLTAGE_QNOVO=-22, POWER_SUPPLY_VOLTAGE_NOW=4416004, POWER_SUPPLY_SW_JEITA_ENABLED=0, POWER_SUPPLY_HEALTH=Good, POWER_SUPPLY_TECHNOLOGY=Li-ion, POWER_SUPPLY_CHARGER_TEMP_MAX=803, SEQNUM=4969, POWER_SUPPLY_INPUT_CURRENT_LIMITED=1, POWER_SUPPLY_STATUS=Charging, POWER_SUPPLY_BATTERY_CHARGING_ENABLED=1, POWER_SUPPLY_CURRENT_MAX=3000000, POWER_SUPPLY_CAPACITY=100, DEVPATH=/devices/soc/800f000.qcom,spmi/spmi-0/spmi0-02/800f000.qcom,spmi:qcom,pmi8998@2:qcom,qpnp-smb2/power_supply/battery, POWER_SUPPLY_CHARGE_DONE=0, POWER_SUPPLY_CHARGE_TYPE=Fast, POWER_SUPPLY_CHARGER_TEMP=381, POWER_SUPPLY_CHARGE_RATE=Normal, POWER_SUPPLY_CURRENT_QNOVO=-22, POWER_SUPPLY_CURRENT_NOW=-139160, POWER_SUPPLY_SYSTEM_TEMP_LEVEL=0, POWER_SUPPLY_PRESENT=1, POWER_SUPPLY_PARALLEL_DISABLE=0, SUBSYSTEM=power_supply, POWER_SUPPLY_SET_SHIP_MODE=0, POWER_SUPPLY_TEMP=380, ACTION=change, POWER_SUPPLY_RERUN_AICL=0, POWER_SUPPLY_AGE=100, POWER_SUPPLY_NAME=battery, POWER_SUPPLY_VOLTAGE_MAX=-22, POWER_SUPPLY_CONSTANT_CHARGE_CURRENT_MAX=3000000, POWER_SUPPLY_CHARGE_COUNTER=2911986, POWER_SUPPLY_STEP_CHARGING_ENABLED=0, POWER_SUPPLY_NUM_SYSTEM_TEMP_LEVELS=6, POWER_SUPPLY_DIE_HEALTH=Cool, POWER_SUPPLY_INPUT_SUSPEND=0}
05-04 14:40:59.014 20530 20919 W BroadcastQueue: Background execution not allowed: receiving Intent { act=android.intent.action.PACKAGE_ADDED dat=package:github.tornaco.xposedmoduletest flg=0x4000010 (has extras) } to com.google.android.googlequicksearchbox/com.google.android.apps.gsa.googlequicksearchbox.GelStubAppWatcher
05-04 14:40:59.015 20530 20546 W BroadcastQueue: Background execution not allowed: receiving Intent { act=android.intent.action.PACKAGE_ADDED dat=package:github.tornaco.xposedmoduletest flg=0x4000010 (has extras) } to com.google.android.ims/.receivers.RcsAutoStartReceiver
05-04 14:40:59.027 20530 20546 I ActivityManager: Start proc 25797:com.motorola.invisiblenet/u0a41 for broadcast com.motorola.invisiblenet/.PackageAddedReceiver
05-04 14:40:59.033 20530 20919 I ActivityManager: Killing 22508:com.android.providers.calendar/u0a7 (adj 904): empty #22
05-04 14:40:59.157 20530 20530 E NotificationService: Error creating vibration waveform with pattern: [0]
05-04 14:40:59.157 20530 20546 W BroadcastQueue: Background execution not allowed: receiving Intent { act=android.intent.action.PACKAGE_REPLACED dat=package:github.tornaco.xposedmoduletest flg=0x4000010 (has extras) } to com.google.android.apps.photos/.account.full.FetchAccountPropertiesAppUpgradeBroadcastReceiver
05-04 14:40:59.158 20530 20546 W BroadcastQueue: Background execution not allowed: receiving Intent { act=android.intent.action.PACKAGE_REPLACED dat=package:github.tornaco.xposedmoduletest flg=0x4000010 (has extras) } to com.google.android.apps.photos/.account.full.SyncAccountsForLoginBroadcastReceiver
05-04 14:40:59.158 20530 20546 W BroadcastQueue: Background execution not allowed: receiving Intent { act=android.intent.action.PACKAGE_REPLACED dat=package:github.tornaco.xposedmoduletest flg=0x4000010 (has extras) } to com.google.android.apps.photos/.experiments.phenotype.full.PhenotypeAppUpgradeBroadcastReceiver
05-04 14:40:59.159 20530 20919 I ActivityManager: Killing 23963:com.google.android.gms.unstable/u0a29 (adj 904): empty #22
05-04 14:40:59.161 20530 20546 W BroadcastQueue: Background execution not allowed: receiving Intent { act=android.intent.action.PACKAGE_REPLACED dat=package:github.tornaco.xposedmoduletest flg=0x4000010 (has extras) } to com.google.android.apps.photos/.notificationchannels.AppUpdateBroadcastReceiver
05-04 14:40:59.182 20530 21849 W BroadcastQueue: Background execution not allowed: receiving Intent { act=android.intent.action.PACKAGE_REPLACED dat=package:github.tornaco.xposedmoduletest flg=0x4000010 (has extras) } to com.google.android.googlequicksearchbox/com.google.android.apps.gsa.googlequicksearchbox.GelStubAppWatcher
05-04 14:40:59.185 20530 20546 W BroadcastQueue: Background execution not allowed: receiving Intent { act=android.intent.action.PACKAGE_REPLACED dat=package:github.tornaco.xposedmoduletest flg=0x4000010 (has extras) } to com.google.android.ims/.receivers.RcsAutoStartReceiver
05-04 14:40:59.186 20530 20546 W BroadcastQueue: Background execution not allowed: receiving Intent { act=android.intent.action.PACKAGE_REPLACED dat=package:github.tornaco.xposedmoduletest flg=0x4000010 (has extras) } to com.motorola.ccc.notification/.gcm.GCMAdminReceiver
05-04 14:40:59.222 20232 20242 I SFPerfTracer:      triggers: (rate: 0:0) (0 sw vsyncs) (0 skipped) (26:1035 vsyncs) (28:1197)
05-04 14:40:59.496 20530 20542 W ActivityManager: Unbind failed: could not find connection for android.os.BinderProxy@3c916d9
05-04 14:40:59.499 20530 20542 W ActivityManager: Unbind failed: could not find connection for android.os.BinderProxy@66b089e
05-04 14:40:59.500 20530 25841 W ActivityManager: Unbind failed: could not find connection for android.os.BinderProxy@66ff7f
05-04 14:40:59.502 20530 20542 W ActivityManager: Unbind failed: could not find connection for android.os.BinderProxy@8edab4c
05-04 14:40:59.524 20530 20542 I ActivityManager: Killing 25219:com.google.android.gms.ui/u0a29 (adj 904): empty #22
05-04 14:41:00.583 20232 20232 I SFPerfTracer:      triggers: (rate: 2:289) (compose: 0:0) (post: 0:0) (render: 0:0) (43:722 frames) (44:805)
05-04 14:41:00.583 20232 20232 D SFPerfTracer:        layers: (2:7) (com.android.settings/com.android.settings.FallbackHome#0 (0x7f9fc31000): 0:38)- (StatusBar#0 (0x7f9fc84000): 44:464) (com.android.systemui.ImageWallpaper#0 (0x7f9ff24000): 0:19)* (ch.deletescape.lawnchair/ch.deletescape.lawnchair.Launcher#0 (0x7f9fe47000): 0:37)* (ch.deletescape.lawnchair/ch.deletescape.lawnchair.Launcher#1 (0x7f9fe55000): 0:9)* (Splash Screen github.tornaco.xposedmoduletest#0 (0x7f9fc31000): 0:24) (animation background stackId=1#0 (0x7f9fc34000): 0:2)* 
05-04 14:41:00.922  2248  2248 I imsrcsd : UceServiceImpl serviceDied cookie[35933442612920320]
05-04 14:41:00.922  2248  2248 I imsrcsd : UceServiceImpl destroyServicesForCookie cookie[35933442612920320] start
05-04 14:41:00.922  2248  2248 I imsrcsd : UceServiceImpl mDeathListObjectList is empty
05-04 14:41:00.932 25970 25970 I wificond: wificond is starting up...
05-04 14:41:01.009 25969 25969 I chatty  : uid=1000(system) expire 25 lines
05-04 14:41:05.958 26003 26003 I wificond: wificond is starting up...
05-04 14:41:10.518 26260 26260 I chatty  : uid=1000 system_server expire 490 lines
05-04 14:41:11.034 26260 26272 I chatty  : uid=1000 system_server expire 6 lines
05-04 14:41:11.273 26260 26282 I chatty  : uid=1000 system_server expire 18 lines
--------- beginning of crash
05-04 14:41:13.224 20596 20676 F libc    : Fatal signal 6 (SIGABRT), code -6 in tid 20676 (android.hardwar)
05-04 14:41:13.521 26260 26317 I chatty  : uid=1000 system_server expire 3 lines
05-04 14:41:15.777 26260 26276 I chatty  : uid=1000 system_server expire 8 lines
05-04 14:41:15.778 26260 26321 I chatty  : uid=1000 system_server expire 4 lines
05-04 14:41:15.853 26260 26274 I chatty  : uid=1000 system_server expire 12 lines
05-04 14:41:15.890 26260 26414 I chatty  : uid=1000 system_server expire 19 lines
05-04 14:41:15.891   685   692 E Cryptfs : Cannot get field when file encrypted
05-04 14:41:15.892 26260 26416 I chatty  : uid=1000 system_server expire 5 lines
05-04 14:41:15.894 26260 26415 I chatty  : uid=1000 system_server expire 15 lines
05-04 14:41:15.899 26260 26320 I chatty  : uid=1000 system_server expire 2 lines
05-04 14:41:16.025 26260 26417 I chatty  : uid=1000 system_server expire 1 line
05-04 14:41:16.264 26260 26293 I chatty  : uid=1000 system_server expire 1 line
05-04 14:41:16.444 26260 26429 I chatty  : uid=1000 system_server expire 10 lines
05-04 14:41:16.477 26260 26290 I chatty  : uid=1000 system_server expire 13 lines
05-04 14:41:16.552 25969 25969 I chatty  : uid=1000(system) expire 12 lines
05-04 14:41:16.643  1091  1091 I android.hardware.wifi@1.0-service: Wifi HAL stopped
05-04 14:41:16.648  1091  1091 I android.hardware.wifi@1.0-service: Wifi HAL started
05-04 14:41:16.650  1091  1091 E android.hardware.wifi@1.0-service:  User build,dont Start logging service.
05-04 14:41:16.679 26003 26003 I wificond: create scanner for interface with index: 24
05-04 14:41:16.679 26003 26003 I wificond: subscribe scan result for interface with index: 24
05-04 14:41:16.715 26260 26275 I chatty  : uid=1000 system_server expire 32 lines
05-04 14:41:16.721 26260 26437 I chatty  : uid=1000 system_server expire 1 line
05-04 14:41:16.723 26260 26439 I chatty  : uid=1000 system_server expire 6 lines
05-04 14:41:16.744 26260 26280 I chatty  : uid=1000 system_server expire 11 lines
05-04 14:41:16.828 26260 26278 I chatty  : uid=1000 system_server expire 6 lines
05-04 14:41:16.877 26260 26419 I chatty  : uid=1000 system_server expire 1 line
05-04 14:41:16.919 26260 26323 I chatty  : uid=1000 system_server expire 12 lines
05-04 14:41:17.014   685   691 V vold    : sdcardfs: Waiting for sdcard exit...
05-04 14:41:17.024   685   691 V vold    : sdcardfs: Waiting for sdcard exit...
05-04 14:41:17.182 26260 26542 I chatty  : uid=1000 system_server expire 13 lines
05-04 14:41:17.182 26260 26591 I chatty  : uid=1000 system_server expire 18 lines
05-04 14:41:17.183 26260 26271 I chatty  : uid=1000 system_server expire 12 lines
05-04 14:41:17.264 26260 26624 I chatty  : uid=1000 system_server expire 21 lines
05-04 14:41:17.323 26003 26003 I wificond: New interface event callback registered
05-04 14:41:17.361 26260 26718 I chatty  : uid=1000 system_server expire 1 line
05-04 14:41:17.372 26260 26721 I chatty  : uid=1000 system_server expire 1 line
05-04 14:41:17.373 26260 26719 I chatty  : uid=1000 system_server expire 1 line
05-04 14:41:17.407 26260 26319 I chatty  : uid=1000 system_server expire 4 lines
05-04 14:41:17.611 26260 26436 I chatty  : uid=1000 system_server expire 3 lines
05-04 14:41:17.728 26664 26664 W SystemConfig: No directory /oem/etc/sysconfig, skipping
05-04 14:41:17.729 26664 26664 W SystemConfig: No directory /system/etc/motorola/sysconfig, skipping
05-04 14:41:17.729 26664 26664 W SystemConfig: No directory /oem/etc/motorola/sysconfig, skipping
05-04 14:41:17.730 26664 26664 W SystemConfig: No directory /oem/etc/motorola/bgintents, skipping
05-04 14:41:17.768 26260 26270 I chatty  : uid=1000 system_server expire 27 lines
05-04 14:41:17.784 26664 26793 E ActivityThread: Failed to find provider info for com.android.contacts
05-04 14:41:17.791 26260 26570 I chatty  : uid=1000 system_server expire 21 lines
05-04 14:41:17.945 26468 26468 I StatusBar: isKeyguardShowing() called before startKeyguard(), returning true
05-04 14:41:17.946 26468 26468 W StatusBar: isKeyguardSecure() called before startKeyguard(), returning false
05-04 14:41:17.946 26468 26468 W StatusBar: java.lang.Throwable
05-04 14:41:17.946 26468 26468 W StatusBar: 	at com.android.systemui.statusbar.phone.StatusBar.isKeyguardSecure(StatusBar.java:7693)
05-04 14:41:17.946 26468 26468 W StatusBar: 	at com.android.systemui.statusbar.phone.StatusBar.isCameraAllowedByAdmin(StatusBar.java:5548)
05-04 14:41:17.946 26468 26468 W StatusBar: 	at com.android.systemui.statusbar.phone.KeyguardBottomAreaView$DefaultRightButton.getIcon(KeyguardBottomAreaView.java:967)
05-04 14:41:17.946 26468 26468 W StatusBar: 	at com.android.systemui.statusbar.phone.KeyguardBottomAreaView.updateCameraVisibility(KeyguardBottomAreaView.java:385)
05-04 14:41:17.946 26468 26468 W StatusBar: 	at com.android.systemui.statusbar.phone.KeyguardBottomAreaView.setStatusBar(KeyguardBottomAreaView.java:354)
05-04 14:41:17.946 26468 26468 W StatusBar: 	at com.android.systemui.statusbar.phone.StatusBar.makeStatusBarView(StatusBar.java:1237)
05-04 14:41:17.946 26468 26468 W StatusBar: 	at com.android.systemui.statusbar.phone.StatusBar.addStatusBarWindow(StatusBar.java:3729)
05-04 14:41:17.946 26468 26468 W StatusBar: 	at com.android.systemui.statusbar.phone.StatusBar.createAndAddWindows(StatusBar.java:3725)
05-04 14:41:17.946 26468 26468 W StatusBar: 	at com.android.systemui.statusbar.phone.StatusBar.start(StatusBar.java:938)
05-04 14:41:17.946 26468 26468 W StatusBar: 	at com.android.systemui.SystemBars.createStatusBarFromConfig(SystemBars.java:83)
05-04 14:41:17.946 26468 26468 W StatusBar: 	at com.android.systemui.SystemBars.start(SystemBars.java:43)
05-04 14:41:17.946 26468 26468 W StatusBar: 	at com.android.systemui.SystemUIApplication.startServicesIfNeeded(SystemUIApplication.java:208)
05-04 14:41:17.946 26468 26468 W StatusBar: 	at com.android.systemui.SystemUIApplication.startServicesIfNeeded(SystemUIApplication.java:163)
05-04 14:41:17.946 26468 26468 W StatusBar: 	at com.android.systemui.SystemUIService.onCreate(SystemUIService.java:33)
05-04 14:41:17.946 26468 26468 W StatusBar: 	at android.app.ActivityThread.handleCreateService(ActivityThread.java:3479)
05-04 14:41:17.946 26468 26468 W StatusBar: 	at android.app.ActivityThread.-wrap4(Unknown Source:0)
05-04 14:41:17.946 26468 26468 W StatusBar: 	at android.app.ActivityThread$H.handleMessage(ActivityThread.java:1745)
05-04 14:41:17.946 26468 26468 W StatusBar: 	at android.os.Handler.dispatchMessage(Handler.java:105)
05-04 14:41:17.946 26468 26468 W StatusBar: 	at android.os.Looper.loop(Looper.java:164)
05-04 14:41:17.946 26468 26468 W StatusBar: 	at android.app.ActivityThread.main(ActivityThread.java:6665)
05-04 14:41:17.946 26468 26468 W StatusBar: 	at java.lang.reflect.Method.invoke(Native Method)
05-04 14:41:17.946 26468 26468 W StatusBar: 	at com.android.internal.os.Zygote$MethodAndArgsCaller.run(Zygote.java:240)
05-04 14:41:17.946 26468 26468 W StatusBar: 	at com.android.internal.os.ZygoteInit.main(ZygoteInit.java:772)
05-04 14:41:17.946 26468 26468 W StatusBar: 	at de.robv.android.xposed.XposedBridge.main(XposedBridge.java:108)
05-04 14:41:17.946 26468 26468 I StatusBar: isKeyguardShowing() called before startKeyguard(), returning true
05-04 14:41:17.947 26468 26468 W StatusBar: isKeyguardSecure() called before startKeyguard(), returning false
05-04 14:41:17.947 26468 26468 W StatusBar: java.lang.Throwable
05-04 14:41:17.947 26468 26468 W StatusBar: 	at com.android.systemui.statusbar.phone.StatusBar.isKeyguardSecure(StatusBar.java:7693)
05-04 14:41:17.947 26468 26468 W StatusBar: 	at com.android.systemui.statusbar.phone.StatusBar.isCameraAllowedByAdmin(StatusBar.java:5548)
05-04 14:41:17.947 26468 26468 W StatusBar: 	at com.android.systemui.statusbar.phone.KeyguardBottomAreaView$DefaultRightButton.getIcon(KeyguardBottomAreaView.java:967)
05-04 14:41:17.947 26468 26468 W StatusBar: 	at com.android.systemui.statusbar.phone.KeyguardBottomAreaView.updateCameraVisibility(KeyguardBottomAreaView.java:385)
05-04 14:41:17.947 26468 26468 W StatusBar: 	at com.android.systemui.statusbar.phone.KeyguardBottomAreaView.setUserSetupComplete(KeyguardBottomAreaView.java:363)
05-04 14:41:17.947 26468 26468 W StatusBar: 	at com.android.systemui.statusbar.phone.StatusBar.makeStatusBarView(StatusBar.java:1238)
05-04 14:41:17.947 26468 26468 W StatusBar: 	at com.android.systemui.statusbar.phone.StatusBar.addStatusBarWindow(StatusBar.java:3729)
05-04 14:41:17.947 26468 26468 W StatusBar: 	at com.android.systemui.statusbar.phone.StatusBar.createAndAddWindows(StatusBar.java:3725)
05-04 14:41:17.947 26468 26468 W StatusBar: 	at com.android.systemui.statusbar.phone.StatusBar.start(StatusBar.java:938)
05-04 14:41:17.947 26468 26468 W StatusBar: 	at com.android.systemui.SystemBars.createStatusBarFromConfig(SystemBars.java:83)
05-04 14:41:17.947 26468 26468 W StatusBar: 	at com.android.systemui.SystemBars.start(SystemBars.java:43)
05-04 14:41:17.947 26468 26468 W StatusBar: 	at com.android.systemui.SystemUIApplication.startServicesIfNeeded(SystemUIApplication.java:208)
05-04 14:41:17.947 26468 26468 W StatusBar: 	at com.android.systemui.SystemUIApplication.startServicesIfNeeded(SystemUIApplication.java:163)
05-04 14:41:17.947 26468 26468 W StatusBar: 	at com.android.systemui.SystemUIService.onCreate(SystemUIService.java:33)
05-04 14:41:17.947 26468 26468 W StatusBar: 	at android.app.ActivityThread.handleCreateService(ActivityThread.java:3479)
05-04 14:41:17.947 26468 26468 W StatusBar: 	at android.app.ActivityThread.-wrap4(Unknown Source:0)
05-04 14:41:17.947 26468 26468 W StatusBar: 	at android.app.ActivityThread$H.handleMessage(ActivityThread.java:1745)
05-04 14:41:17.947 26468 26468 W StatusBar: 	at android.os.Handler.dispatchMessage(Handler.java:105)
05-04 14:41:17.947 26468 26468 W StatusBar: 	at android.os.Looper.loop(Looper.java:164)
05-04 14:41:17.947 26468 26468 W StatusBar: 	at android.app.ActivityThread.main(ActivityThread.java:6665)
05-04 14:41:17.947 26468 26468 W StatusBar: 	at java.lang.reflect.Method.invoke(Native Method)
05-04 14:41:17.947 26468 26468 W StatusBar: 	at com.android.internal.os.Zygote$MethodAndArgsCaller.run(Zygote.java:240)
05-04 14:41:17.947 26468 26468 W StatusBar: 	at com.android.internal.os.ZygoteInit.main(ZygoteInit.java:772)
05-04 14:41:17.947 26468 26468 W StatusBar: 	at de.robv.android.xposed.XposedBridge.main(XposedBridge.java:108)
05-04 14:41:17.985 26468 26468 I StatusBar: isKeyguardShowing() called before startKeyguard(), returning true
05-04 14:41:17.985 26468 26468 W StatusBar: isKeyguardSecure() called before startKeyguard(), returning false
05-04 14:41:17.985 26468 26468 W StatusBar: java.lang.Throwable
05-04 14:41:17.985 26468 26468 W StatusBar: 	at com.android.systemui.statusbar.phone.StatusBar.isKeyguardSecure(StatusBar.java:7693)
05-04 14:41:17.985 26468 26468 W StatusBar: 	at com.android.systemui.statusbar.phone.StatusBar.isCameraAllowedByAdmin(StatusBar.java:5548)
05-04 14:41:17.985 26468 26468 W StatusBar: 	at com.android.systemui.statusbar.phone.KeyguardBottomAreaView$DefaultRightButton.getIcon(KeyguardBottomAreaView.java:967)
05-04 14:41:17.985 26468 26468 W StatusBar: 	at com.android.systemui.statusbar.phone.KeyguardBottomAreaView.updateCameraVisibility(KeyguardBottomAreaView.java:385)
05-04 14:41:17.985 26468 26468 W StatusBar: 	at com.android.systemui.statusbar.phone.KeyguardBottomAreaView.setUserSetupComplete(KeyguardBottomAreaView.java:363)
05-04 14:41:17.985 26468 26468 W StatusBar: 	at com.android.systemui.statusbar.phone.StatusBar$1.onUserSetupChanged(StatusBar.java:538)
05-04 14:41:17.985 26468 26468 W StatusBar: 	at com.android.systemui.statusbar.policy.DeviceProvisionedControllerImpl.addCallback(DeviceProvisionedControllerImpl.java:69)
05-04 14:41:17.985 26468 26468 W StatusBar: 	at com.android.systemui.statusbar.policy.DeviceProvisionedControllerImpl.addCallback(DeviceProvisionedControllerImpl.java:63)
05-04 14:41:17.985 26468 26468 W StatusBar: 	at com.android.systemui.statusbar.phone.StatusBar.makeStatusBarView(StatusBar.java:1329)
05-04 14:41:17.985 26468 26468 W StatusBar: 	at com.android.systemui.statusbar.phone.StatusBar.addStatusBarWindow(StatusBar.java:3729)
05-04 14:41:17.985 26468 26468 W StatusBar: 	at com.android.systemui.statusbar.phone.StatusBar.createAndAddWindows(StatusBar.java:3725)
05-04 14:41:17.985 26468 26468 W StatusBar: 	at com.android.systemui.statusbar.phone.StatusBar.start(StatusBar.java:938)
05-04 14:41:17.985 26468 26468 W StatusBar: 	at com.android.systemui.SystemBars.createStatusBarFromConfig(SystemBars.java:83)
05-04 14:41:17.985 26468 26468 W StatusBar: 	at com.android.systemui.SystemBars.start(SystemBars.java:43)
05-04 14:41:17.985 26468 26468 W StatusBar: 	at com.android.systemui.SystemUIApplication.startServicesIfNeeded(SystemUIApplication.java:208)
05-04 14:41:17.985 26468 26468 W StatusBar: 	at com.android.systemui.SystemUIApplication.startServicesIfNeeded(SystemUIApplication.java:163)
05-04 14:41:17.985 26468 26468 W StatusBar: 	at com.android.systemui.SystemUIService.onCreate(SystemUIService.java:33)
05-04 14:41:17.985 26468 26468 W StatusBar: 	at android.app.ActivityThread.handleCreateService(ActivityThread.java:3479)
05-04 14:41:17.985 26468 26468 W StatusBar: 	at android.app.ActivityThread.-wrap4(Unknown Source:0)
05-04 14:41:17.985 26468 26468 W StatusBar: 	at android.app.ActivityThread$H.handleMessage(ActivityThread.java:1745)
05-04 14:41:17.985 26468 26468 W StatusBar: 	at android.os.Handler.dispatchMessage(Handler.java:105)
05-04 14:41:17.985 26468 26468 W StatusBar: 	at android.os.Looper.loop(Looper.java:164)
05-04 14:41:17.985 26468 26468 W StatusBar: 	at android.app.ActivityThread.main(ActivityThread.java:6665)
05-04 14:41:17.985 26468 26468 W StatusBar: 	at java.lang.reflect.Method.invoke(Native Method)
05-04 14:41:17.985 26468 26468 W StatusBar: 	at com.android.internal.os.Zygote$MethodAndArgsCaller.run(Zygote.java:240)
05-04 14:41:17.985 26468 26468 W StatusBar: 	at com.android.internal.os.ZygoteInit.main(ZygoteInit.java:772)
05-04 14:41:17.985 26468 26468 W StatusBar: 	at de.robv.android.xposed.XposedBridge.main(XposedBridge.java:108)
05-04 14:41:18.044 26468 26794 E ActivityThread: Failed to find provider info for com.android.contacts
05-04 14:41:18.073 26468 26820 E ActivityThread: Failed to find provider info for com.android.contacts
05-04 14:41:18.081   685   692 D VoldCryptCmdListener: cryptfs getpw
05-04 14:41:18.081   685   692 E Cryptfs : cryptfs_get_password not valid for file encryption
05-04 14:41:18.082   685   692 D VoldCryptCmdListener: cryptfs clearpw
05-04 14:41:18.146 26468 26833 E ActivityThread: Failed to find provider info for com.android.contacts
05-04 14:41:18.190 26260 26421 I chatty  : uid=1000 system_server expire 1 line
05-04 14:41:20.832 25969 25983 I chatty  : uid=1000(system) expire 10 lines
05-04 14:41:20.948 26260 26281 I chatty  : uid=1000 system_server expire 20 lines
05-04 14:41:20.976 26260 26906 I chatty  : uid=1000 system_server expire 1 line
05-04 14:41:21.572 26631 26631 W ContextImpl: Calling a method in the system process without a qualified user: android.app.ContextImpl.startService:1487 android.content.ContextWrapper.startService:644 android.content.ContextWrapper.startService:644 com.motorola.android.nativedropboxagent.Utils.startService:27 com.motorola.android.nativedropboxagent.BootReceiver.onReceive:39 
05-04 14:41:21.695 26631 26631 W ContextImpl: Calling a method in the system process without a qualified user: android.app.ContextImpl.startService:1487 android.content.ContextWrapper.startService:644 android.content.ContextWrapper.startService:644 com.motorola.modservice.fmwkwrapper.BootReceiver.onReceive:34 android.app.ActivityThread.handleReceiver:3327 
05-04 14:41:21.704 26631 26631 W ContextImpl: Calling a method in the system process without a qualified user: android.app.ContextImpl.startService:1487 android.content.ContextWrapper.startService:644 com.motorola.modservice.fmwkwrapper.FrameworkProxyService.startModService:95 com.motorola.modservice.fmwkwrapper.FrameworkProxyService.-wrap2:0 com.motorola.modservice.fmwkwrapper.FrameworkProxyService$H.handleMessage:73 
05-04 14:41:21.858 26631 26631 W ContextImpl: Calling a method in the system process without a qualified user: android.app.ContextImpl.startService:1487 android.content.ContextWrapper.startService:644 android.content.ContextWrapper.startService:644 com.motorola.mya.fmwkwrapper.BootReceiver.onReceive:22 android.app.ActivityThread.handleReceiver:3327 
05-04 14:41:21.863 26631 26631 W ContextImpl: Calling a method in the system process without a qualified user: android.app.ContextImpl.bindService:1567 android.content.ContextWrapper.bindService:678 com.motorola.mya.fmwkwrapper.MayaFrameworkProxyService.bindMayaService:63 com.motorola.mya.fmwkwrapper.MayaFrameworkProxyService.-wrap0:0 com.motorola.mya.fmwkwrapper.MayaFrameworkProxyService$H.handleMessage:164 
05-04 14:41:21.894 26604 26604 W ContextImpl: Calling a method in the system process without a qualified user: android.app.ContextImpl.startService:1487 android.content.ContextWrapper.startService:644 android.content.ContextWrapper.startService:644 com.qualcomm.qti.uceShimService.RCSReceiver.onReceive:42 android.app.ActivityThread.handleReceiver:3327 
05-04 14:41:21.901 26631 26631 W ContextImpl: Calling a method in the system process without a qualified user: android.app.ContextImpl.bindService:1567 android.content.ContextWrapper.bindService:678 com.motorola.modservice.fmwkwrapper.IntentReceiver.onReceive:158 android.app.ActivityThread.handleReceiver:3327 android.app.ActivityThread.-wrap17:0 
05-04 14:41:21.919  2248  2248 I imsrcsd : UceServiceImpl linking to death listener[0x7faa8780e0], cookie[35933442612920320]
05-04 14:41:21.919  2248  2248 I imsrcsd : UceServiceImpl linking 02
05-04 14:41:21.919  2248  2248 I imsrcsd : UceServiceImpl linking 03
05-04 14:41:23.042 26260 26422 I chatty  : uid=1000 system_server expire 2 lines
05-04 14:41:46.129   685   692 D vold    : e4crypt_unlock_user_key 0 serial=0 token_present=1
05-04 14:41:46.129   685   692 W vold    : Tried to unlock already-unlocked key for user 0
05-04 14:41:46.132   685   692 D vold    : e4crypt_prepare_user_storage for volume null, user 0, serial 0, flags 2
05-04 14:41:46.132   685   692 D vold    : Preparing: /data/system_ce/0
05-04 14:41:46.133   685   692 D vold    : Preparing: /data/misc_ce/0
05-04 14:41:46.133   685   692 D vold    : Preparing: /data/media/0
05-04 14:41:46.133   685   692 D vold    : Preparing: /data/data
05-04 14:41:46.133   685   692 I vold    : Found policy d1ff8fd8f0ff23de at /data/system_ce/0 which matches expected value
05-04 14:41:46.133   685   692 I vold    : Found policy d1ff8fd8f0ff23de at /data/misc_ce/0 which matches expected value
05-04 14:41:46.133   685   692 I vold    : Found policy d1ff8fd8f0ff23de at /data/media/0 which matches expected value
05-04 14:41:46.134   685   692 I vold    : Found policy d1ff8fd8f0ff23de at /data/data which matches expected value
