04-30 11:19:06.694 13031 13047 I zygote  : WaitForGcToComplete blocked for 35.831ms for cause ProfileSaver
04-30 11:19:06.699 13638 13725 I Bugle   : GServicesValues:
04-30 11:19:06.699 13638 13725 I Bugle   : bugle_enable_primes_crash_metrics: true
04-30 11:19:06.699 13638 13725 I Bugle   : bugle_enable_wap_push_si: true
04-30 11:19:06.699 13638 13725 I Bugle   : bugle_max_telemetry_upload_retries: 10
04-30 11:19:06.699 13638 13725 I Bugle   : bugle_sticker_set_list_version: 3
04-30 11:19:06.699 12175 13594 D X-APM-S-: updateConfiguration: com.google.android.gms-544--2147483648
04-30 11:19:06.700 10170 10180 D ConnectivityService: requestNetwork for uid/pid:10011/13638 NetworkRequest [ TRACK_DEFAULT id=17, [ Capabilities: INTERNET&NOT_RESTRICTED&TRUSTED&NOT_VPN] ]
04-30 11:19:06.701 10170 10263 I chatty  : uid=1000(system) WifiStateMachin expire 2 lines
04-30 11:19:06.702 10170 10287 I chatty  : uid=1000(system) EthernetService expire 1 line
04-30 11:19:06.704 10469 10469 D PhoneSwitcherNetworkRequstListener: got request NetworkRequest [ TRACK_DEFAULT id=17, [ Capabilities: INTERNET&NOT_RESTRICTED&TRUSTED&NOT_VPN] ] with score 0
04-30 11:19:06.709 12535 13079 I Finsky  : [225] com.google.android.finsky.contentfilterui.m.a(8): Received content filters request from sharedUserId=com.google.uid.shared:10029
04-30 11:19:06.709 11030 11447 W GCoreFlp: No location to return for getLastLocation()
04-30 11:19:06.710 10170 10489 I chatty  : uid=1000(system) Binder:10170_9 expire 15 lines
04-30 11:19:06.713 10170 12924 I chatty  : uid=1000(system) Binder:10170_14 expire 7 lines
04-30 11:19:06.716 13707 13707 W linker  : "/data/app/com.google.android.gms-YV1wfKUnDkkS078Xe1I4jw==/lib/arm64/libconscrypt_gmscore_jni.so" unused DT entry: type 0xf arg 0x8a
04-30 11:19:06.717 13707 13707 V NativeCrypto: Registering com/google/android/gms/org/conscrypt/NativeCrypto's 279 native methods...
04-30 11:19:06.717 10170 11244 I chatty  : uid=1000(system) Binder:10170_D expire 15 lines
04-30 11:19:06.718 10170 10198 I chatty  : uid=1000(system) ASHMAN-H expire 50 lines
04-30 11:19:06.718 10170 10286 I chatty  : uid=1000(system) pool-2-thread-1 expire 100 lines
04-30 11:19:06.728 13707 13707 D NetworkSecurityConfig: No Network Security Config specified, using platform default
04-30 11:19:06.730 13707 13707 I ProviderInstaller: Installed default security provider GmsCore_OpenSSL
04-30 11:19:06.735 10170 11236 I chatty  : uid=1000(system) Binder:10170_C expire 10 lines
04-30 11:19:06.740 11030 11030 D X-APM-S-: updateConfiguration: com.google.android.gms-544--2147483648
04-30 11:19:06.746 10170 10181 I chatty  : uid=1000(system) Binder:10170_2 expire 12 lines
04-30 11:19:06.752 10724 10997 V Avrcp   : AvrcpMessageHandler: received message=20
04-30 11:19:06.753 10724 10997 V Avrcp   : MSG_UPDATE_MEDIA
04-30 11:19:06.753 10724 10997 V Avrcp   : Media update: id -1-1? currentAttribute : [MediaAttributes: none]previousAttribute: [MediaAttributes: none]
04-30 11:19:06.753 10724 10997 V Avrcp   : updatePlayPauseState, state: PlaybackState {state=2, position=-1, buffered position=0, speed=0.0, updated=195012, actions=0, custom actions=[], active item id=-1, error=null} device: null
04-30 11:19:06.753 10724 10997 V Avrcp   : Device: no name: 
04-30 11:19:06.753 10724 10997 V Avrcp   : updatePlayerPlayPauseState, old=PlaybackState {state=2, position=-1, buffered position=0, speed=0.0, updated=183941, actions=0, custom actions=[], active item id=-1, error=null}, state=PlaybackState {state=2, position=-1, buffered position=0, speed=0.0, updated=195012, actions=0, custom actions=[], active item id=-1, error=null}
04-30 11:19:06.753 10724 10997 V Avrcp   : old state = PlaybackState {state=2, position=-1, buffered position=0, speed=0.0, updated=183941, actions=0, custom actions=[], active item id=-1, error=null}, new state= PlaybackState {state=2, position=-1, buffered position=0, speed=0.0, updated=195012, actions=0, custom actions=[], active item id=-1, error=null}
04-30 11:19:06.753 10724 10997 I Avrcp   : updatePlayStatusForDevice: device: null
04-30 11:19:06.753 10724 10997 V Avrcp   : updatePlaybackState (1): old=PlaybackState {state=2, position=-1, buffered position=0, speed=0.0, updated=183941, actions=0, custom actions=[], active item id=-1, error=null}(2), new=PlaybackState {state=2, position=-1, buffered position=0, speed=0.0, updated=195012, actions=0, custom actions=[], active item id=-1, error=null}(2)
04-30 11:19:06.753 10724 10997 I Avrcp   : Exit updatePlayStatusForDevice
04-30 11:19:06.753 10724 10997 D Avrcp   : Enter sendPlayPosNotificationRsp
04-30 11:19:06.753 10724 10997 D Avrcp   : sendPlayPosNotificationRsp: Not registered or requesting.
04-30 11:19:06.753 10724 10997 V Avrcp   : Exit updatePlayerStateAndPosition
04-30 11:19:06.753 10724 10997 V Avrcp   : Exit handleMessage
04-30 11:19:06.758 12175 13659 I ProcessCheckinRequest: Get token from PseudonymousIdApi: 129=fjfwOzgQJandAgPdFVHGrxWA1uWXmO4PXpU706Z9FjcTMbr0Qn1S5p6VX2YQRG45AqVtBA8K9e1KwTmvObOxHmBphiSXP2WSePr4aQMEsmhe_dTP8zCSCsbFz52J6Oaq
04-30 11:19:06.766 12114 12114 E WindowManager: 
04-30 11:19:06.766 12114 12114 E WindowManager: android.view.WindowLeaked: Activity github.tornaco.xposedmoduletest.ui.activity.comp.PackageViewerActivity has leaked window com.shahroz.svlibrary.widgets.MaterialSearchView{3654654 G.E...... ......ID 0,0-1440,0} that was originally added here
04-30 11:19:06.766 12114 12114 E WindowManager: 	at android.view.ViewRootImpl.<init>(ViewRootImpl.java:498)
04-30 11:19:06.766 12114 12114 E WindowManager: 	at android.view.WindowManagerGlobal.addView(WindowManagerGlobal.java:346)
04-30 11:19:06.766 12114 12114 E WindowManager: 	at android.view.WindowManagerImpl.addView(WindowManagerImpl.java:92)
04-30 11:19:06.766 12114 12114 E WindowManager: 	at github.tornaco.xposedmoduletest.ui.activity.WithSearchActivity.lambda$setupToolbar$0$WithSearchActivity(WithSearchActivity.java:53)
04-30 11:19:06.766 12114 12114 E WindowManager: 	at github.tornaco.xposedmoduletest.ui.activity.WithSearchActivity$$Lambda$0.run(Unknown Source:2)
04-30 11:19:06.766 12114 12114 E WindowManager: 	at github.tornaco.xposedmoduletest.xposed.service.ErrorCatchRunnable.run(ErrorCatchRunnable.java:22)
04-30 11:19:06.766 12114 12114 E WindowManager: 	at android.os.Handler.handleCallback(Handler.java:789)
04-30 11:19:06.766 12114 12114 E WindowManager: 	at android.os.Handler.dispatchMessage(Handler.java:98)
04-30 11:19:06.766 12114 12114 E WindowManager: 	at android.os.Looper.loop(Looper.java:164)
04-30 11:19:06.766 12114 12114 E WindowManager: 	at android.app.ActivityThread.main(ActivityThread.java:6665)
04-30 11:19:06.766 12114 12114 E WindowManager: 	at java.lang.reflect.Method.invoke(Native Method)
04-30 11:19:06.766 12114 12114 E WindowManager: 	at com.android.internal.os.Zygote$MethodAndArgsCaller.run(Zygote.java:240)
04-30 11:19:06.766 12114 12114 E WindowManager: 	at com.android.internal.os.ZygoteInit.main(ZygoteInit.java:772)
04-30 11:19:06.766 12114 12114 E WindowManager: 	at de.robv.android.xposed.XposedBridge.main(XposedBridge.java:108)
04-30 11:19:06.768 10170 11236 W WindowManager: Failed looking up window callers=com.android.server.wm.WindowManagerService.windowForClientLocked:5826 com.android.server.wm.WindowManagerService.removeWindow:1745 com.android.server.wm.Session.remove:216 
04-30 11:19:06.773 11030 11130 I MagicTether: [HostValidator] InvalidHost. MobileData: true, Tethering: true, whitelist: false, ble: true
04-30 11:19:06.774 10170 11253 I chatty  : uid=1000(system) Binder:10170_10 expire 10 lines
04-30 11:19:06.778 13638 13638 I CarrierServices: [2] CarrierServicesReleaseApp.onCreate: Primes set up successful
04-30 11:19:06.802 12175 12175 D X-APM-S-: updateConfiguration: com.google.android.gms-544--2147483648
04-30 11:19:06.807 12175 12175 D X-APM-S-: updateConfiguration: com.google.android.gms-544--2147483648
04-30 11:19:06.812 10170 10193 I chatty  : uid=1000(system) android.io expire 3 lines
04-30 11:19:06.813 10170 10199 I chatty  : uid=1000(system) ASHMAN-LAZY-H expire 2 lines
04-30 11:19:06.825 12175 13659 I CheckinRequestBuilder: Checkin reason type: 1 attempt count: 1
04-30 11:19:06.821 12175 12175 W lowpool[1]: type=1400 audit(0.0:447): avc: denied { read } for uid=10029 name="stat" dev="proc" ino=4026532065 scontext=u:r:priv_app:s0:c512,c768 tcontext=u:object_r:proc_stat:s0 tclass=file permissive=0
04-30 11:19:06.832 10170 10193 I ActivityManager: Start proc 13762:com.google.android.ext.services/u0a28 for service com.google.android.ext.services/android.ext.services.storage.CacheQuotaServiceImpl
04-30 11:19:06.834 11030 11030 W ChimeraUtils: Non Chimera context
04-30 11:19:06.834 11030 11030 W ChimeraUtils: Non Chimera context
04-30 11:19:06.840 13707 13707 D X-APM-S-: updateConfiguration: com.google.android.gms-544--2147483648
04-30 11:19:06.846 13707 13707 D X-APM-S-: updateConfiguration: com.google.android.gms-544--2147483648
04-30 11:19:06.850 10170 11262 I chatty  : uid=1000(system) Binder:10170_12 expire 11 lines
04-30 11:19:06.855 10170 10380 I chatty  : uid=1000(system) Binder:10170_4 expire 4 lines
04-30 11:19:06.855 10170 13466 I chatty  : uid=1000(system) Binder:10170_15 expire 4 lines
04-30 11:19:06.856 11030 13581 D X-APM-S-: updateConfiguration: com.google.android.gms-544--2147483648
04-30 11:19:06.858 11030 11030 D X-APM-S-: updateConfiguration: com.google.android.gms-544--2147483648
04-30 11:19:06.858 11030 13583 I NetRec  : [169] BootCompletedOrAppUpdatedIntentOperation.onHandleIntent: onBootCompleted()
04-30 11:19:06.862 11030 11338 D X-APM-DANGER-: get ANDROID_ID, pkg:com.google.android.gms
04-30 11:19:06.864 13762 13762 I Xposed  : X-APM-S-VERBOSE-handleLoadPackage: com.google.android.ext.services
04-30 11:19:06.865 13638 13749 D CrashMetricService: onPrimesInitialize
04-30 11:19:06.867 12175 13633 D X-APM-S-: set alarm: com.google.android.gms
04-30 11:19:06.868 12175 13633 D X-APM-S-: set alarm: com.google.android.gms, greening: false
04-30 11:19:06.868 13707 13780 D X-APM-S-: updateConfiguration: com.google.android.gms-544--2147483648
04-30 11:19:06.871 11030 13583 I NetRec  : [169] BootCompletedOrAppUpdatedIntentOperation.onHandleIntent: Scheduling CleanupDatabaseTask
04-30 11:19:06.872 12175 12175 D X-APM-S-: updateConfiguration: com.google.android.gms-544--2147483648
04-30 11:19:06.875 12175 12175 D X-APM-S-: updateConfiguration: com.google.android.gms-544--2147483648
04-30 11:19:06.875 10170 11249 I chatty  : uid=1000(system) Binder:10170_E expire 6 lines
04-30 11:19:06.877 11030 11035 I zygote64: Do partial code cache collection, code=247KB, data=180KB
04-30 11:19:06.877 11030 11035 I zygote64: After code cache collection, code=245KB, data=180KB
04-30 11:19:06.877 11030 11035 I zygote64: Increasing code cache capacity to 1024KB
04-30 11:19:06.878 10170 10180 I chatty  : uid=1000(system) Binder:10170_1 expire 16 lines
04-30 11:19:06.878 13762 13762 D X-APM-S-: handleBindApplication: com.google.android.ext.services-544--2147483648
04-30 11:19:06.880 13762 13762 D X-APM-S-: updateConfiguration: com.google.android.ext.services-544--2147483648
04-30 11:19:06.881 11030 13581 D X-APM-S-: updateConfiguration: com.google.android.gms-544--2147483648
04-30 11:19:06.882 11030 11030 D X-APM-S-: updateConfiguration: com.google.android.gms-544--2147483648
04-30 11:19:06.888 13762 13762 D X-APM-S-: updateConfiguration: com.google.android.ext.services-544--2147483648
04-30 11:19:06.892 11030 11030 W ChimeraUtils: Module com.google.android.gms.nearby has empty metadata display_name_string_id
04-30 11:19:06.908 12175 12175 D X-APM-S-: updateConfiguration: com.google.android.gms-544--2147483648
04-30 11:19:06.911 11030 13583 I NetRec  : [169] abns.b: onConfigChanged()
04-30 11:19:06.911 12175 12175 D X-APM-S-: updateConfiguration: com.google.android.gms-544--2147483648
04-30 11:19:06.917 11030 11030 W ChimeraUtils: Module com.google.android.gms.nearby has empty metadata display_name_string_id
04-30 11:19:06.917 11030 13583 I NetRec  : [169] abns.b: Cancelling all NetRec GCM tasks
04-30 11:19:06.921 12175 13580 E IndexManagementDelegate: Rebuild index is disabled.
04-30 11:19:06.930 13638 13638 W Bugle   : Factory.getPhoneUtils: invalid subId = -1
04-30 11:19:06.936 13638 13638 I Xposed  : X-APM-S-VERBOSE-getDeviceId: com.google.android.ims
04-30 11:19:06.940 13707 13780 D X-APM-S-: updateConfiguration: com.google.android.gms-544--2147483648
04-30 11:19:06.942 13638 13638 W RcsProvisioning: Failed to read configuration: /data/user/0/com.google.android.ims/files/hvconfig (No such file or directory)
04-30 11:19:06.942 13638 13638 D RcsProvisioning: Retrieving backup token
04-30 11:19:06.942 13638 13638 W Bugle   : Factory.getPhoneUtils: invalid subId = -1
04-30 11:19:06.951 12175 13630 D X-APM-S-: set alarm: com.google.android.gms
04-30 11:19:06.952 12175 13630 D X-APM-S-: set alarm: com.google.android.gms, greening: false
04-30 11:19:06.966 13511 13516 I zygote64: Do partial code cache collection, code=22KB, data=25KB
04-30 11:19:06.968 13707 13787 I MagicTether: [HostValidator] InvalidHost. MobileData: true, Tethering: true, whitelist: false, ble: true
04-30 11:19:06.970 12175 13630 D X-APM-S-: set alarm: com.google.android.gms
04-30 11:19:06.970 12175 13630 D X-APM-S-: set alarm: com.google.android.gms, greening: false
04-30 11:19:06.972 12175 12175 D X-APM-S-: updateConfiguration: com.google.android.gms-544--2147483648
04-30 11:19:06.974 11030 13583 I NetRec  : [169] ClearDatabaseService.onHandleIntent: Clearing score cache
04-30 11:19:06.975 11030 11030 D X-APM-S-: updateConfiguration: com.google.android.gms-544--2147483648
04-30 11:19:06.990 13511 13516 I zygote64: After code cache collection, code=19KB, data=25KB
04-30 11:19:06.990 13511 13516 I zygote64: Increasing code cache capacity to 128KB
04-30 11:19:06.990 13511 13516 I zygote64: Compiler allocated 5MB to compile void aanb.a(java.lang.Object, aann, aald)
04-30 11:19:06.992 10170 10198 I chatty  : uid=1000(system) ASHMAN-H expire 52 lines
04-30 11:19:06.993 10170 10286 I chatty  : uid=1000(system) pool-2-thread-1 expire 106 lines
04-30 11:19:06.994 10170 11244 I chatty  : uid=1000(system) Binder:10170_D expire 11 lines
04-30 11:19:07.000 12175 13628 W ChimeraUtils: Module com.google.android.gms.smartdevice has empty metadata display_name_string_id
04-30 11:19:07.000 10170 13466 I chatty  : uid=1000(system) Binder:10170_15 expire 7 lines
04-30 11:19:07.001 10170 11253 I chatty  : uid=1000(system) Binder:10170_10 expire 7 lines
04-30 11:19:07.007 10170 11262 I chatty  : uid=1000(system) Binder:10170_12 expire 3 lines
04-30 11:19:07.010 10170 10489 I chatty  : uid=1000(system) Binder:10170_9 expire 11 lines
04-30 11:19:07.017 10170 11249 I chatty  : uid=1000(system) Binder:10170_E expire 13 lines
04-30 11:19:07.018 11030 11852 W WearableService: onGetService - Wear is not available on this device.
04-30 11:19:07.020 12175 13805 E MDM     : [304] zmp.a: Couldn't connect to Google API client: mmb{statusCode=API_UNAVAILABLE, resolution=null, message=null}
04-30 11:19:07.021 11030 13581 D X-APM-S-: updateConfiguration: com.google.android.gms-544--2147483648
04-30 11:19:07.024 12175 13594 D X-APM-S-: updateConfiguration: com.google.android.gms-544--2147483648
04-30 11:19:07.024 12535 12535 I Finsky  : [2] com.google.android.finsky.setup.bg.run(17): Handling intent Intent { dat=restoreservicev2://:/recovery cmp=com.android.vending/com.google.android.finsky.setup.RestoreServiceV2 (has extras) }
04-30 11:19:07.024 11030 11030 D X-APM-S-: updateConfiguration: com.google.android.gms-544--2147483648
04-30 11:19:07.024 12175 12660 W Herrevad: [226] vph.b: Invalid mccmnc 
04-30 11:19:07.024 12535 12535 I Finsky  : [2] com.google.android.finsky.setup.RestoreServiceV2.e(140): Restore complete with 0 success and 0 failed.
04-30 11:19:07.027 10170 10181 I chatty  : uid=1000(system) Binder:10170_2 expire 10 lines
04-30 11:19:07.028 12175 13633 D X-APM-S-: updateConfiguration: com.google.android.gms-544--2147483648
04-30 11:19:07.029 10170 11236 I chatty  : uid=1000(system) Binder:10170_C expire 5 lines
04-30 11:19:07.032 11030 11030 D X-APM-S-: updateConfiguration: com.google.android.gms-544--2147483648
04-30 11:19:07.033 10170 11236 I ActivityManager: Killing 12674:com.aura.oobe.ml/u0a1 (adj 904): empty #22
04-30 11:19:07.034 12175 13580 E GcmNetworkManager: com.google.android.gms.semanticlocation.service.WhamScheduleTaskService is not available. This may cause the task to be lost.
04-30 11:19:07.034 12175 12660 W Herrevad: [226] vph.b: Invalid mccmnc 
04-30 11:19:07.048 10170 12924 I chatty  : uid=1000(system) Binder:10170_14 expire 8 lines
04-30 11:19:07.059 12175 13636 I CmaSystemUpdateService: Runtime init receiver: Intent { act=android.intent.action.BOOT_COMPLETED flg=0x9000010 cmp=com.google.android.gms/.chimera.GmsIntentOperationService (has extras) } with flags: 2
04-30 11:19:07.059 12175 13659 I Xposed  : X-APM-S-VERBOSE-getDeviceId: com.google.android.gms
04-30 11:19:07.062 13638 13638 D RcsProvisioning: No backup token found
04-30 11:19:07.066 11030 11030 D X-APM-S-: updateConfiguration: com.google.android.gms-544--2147483648
04-30 11:19:07.066 12175 13636 I CmaSystemUpdateService: receiver: Intent { act=android.intent.action.BOOT_COMPLETED flg=0x9000010 cmp=com.google.android.gms/.chimera.GmsIntentOperationService (has extras) }
04-30 11:19:07.075 10170 10186 I chatty  : uid=1000(system) android.bg expire 2 lines
04-30 11:19:07.084 11030 13581 D X-APM-S-: updateConfiguration: com.google.android.gms-544--2147483648
04-30 11:19:07.085 10170 10181 D ConnectivityService: ConnectivityService NetworkRequestInfo binderDied(NetworkRequest [ LISTEN id=12, [ Capabilities: INTERNET&NOT_RESTRICTED&TRUSTED] ], android.os.BinderProxy@fb6eff6)
04-30 11:19:07.085 10170 10270 E ConnectivityService: RemoteException caught trying to send a callback msg for NetworkRequest [ LISTEN id=12, [ Capabilities: INTERNET&NOT_RESTRICTED&TRUSTED] ]
04-30 11:19:07.089 10170 12924 I ActivityManager: Killing 12852:com.android.chrome:sandboxed_process0/u0a1i0 (adj 0): isolated not needed
04-30 11:19:07.089 10170 10189 I chatty  : uid=1000(system) ActivityManager expire 1 line
04-30 11:19:07.094 13638 13638 I CarrierServices: [2] CarrierServicesReleaseApp.c: CarrierServices.apk is not sim call manager. Not enabling MMTel.
04-30 11:19:07.096 13638 13638 I CarrierServices: [2] g.a: Calling bind service
04-30 11:19:07.099 12175 12175 D X-APM-S-: updateConfiguration: com.google.android.gms-544--2147483648
04-30 11:19:07.102 13006 13006 I Bugle   : returning RCS state provider.
04-30 11:19:07.109 12175 13659 I CheckinRequestBuilder: Unknown state of subscriptions on the device
04-30 11:19:07.111 11030 11030 D X-APM-S-: updateConfiguration: com.google.android.gms-544--2147483648
04-30 11:19:07.118 11030 11844 I Auth    : [ReflectiveChannelBinder] Successfully bound channel!
04-30 11:19:07.119 13638 13638 I CarrierServices: [2] BootCompletedReceiver.b: Boot completed, Triggering provisioning if needed.
04-30 11:19:07.119 10170 10190 E KernelUidCpuFreqTimeReader: Failed to read /proc/uid_time_in_state: java.io.FileNotFoundException: /proc/uid_time_in_state (No such file or directory)
04-30 11:19:07.120 13638 13638 I CarrierServices: [2] ProvisioningService.a: Cs.apk is not sim call manager. Not scheduling provisioning.
04-30 11:19:07.133 10170 10187 I chatty  : uid=1000(system) ActivityManager expire 1 line
04-30 11:19:07.139 10170 10250 I chatty  : uid=1000(system) InputReader expire 2 lines
04-30 11:19:07.139 10170 10199 I chatty  : uid=1000(system) ASHMAN-LAZY-H expire 24 lines
04-30 11:19:07.141 13006 13259 I CarrierServices: [260] hkm.a: Sim state is not ready. Returning last known operation mode.
04-30 11:19:07.156 12175 13579 I Vision  : Supported ABIS: [arm64-v8a, armeabi-v7a, armeabi]
04-30 11:19:07.157 12175 12182 I zygote64: Do partial code cache collection, code=116KB, data=97KB
04-30 11:19:07.159 12175 12182 I zygote64: After code cache collection, code=116KB, data=97KB
04-30 11:19:07.159 12175 12182 I zygote64: Increasing code cache capacity to 512KB
04-30 11:19:07.159 13638 13638 I CarrierServices: [2] q.<init>: (MMTel): IMS module initialization with instance: "urn:gsma:imei:35331208-065477-0"
04-30 11:19:07.166 12175 13635 I Wear_Controller: onStartup - Wear is not available on this device.
04-30 11:19:07.174 13638 13829 I CarrierServices: [288] bo.a: Saving RCS State
04-30 11:19:07.175 13707 13712 I zygote64: Compiler allocated 4MB to compile boolean nvb.a(android.content.Context, java.io.File)
04-30 11:19:07.182 11030 13833 I CheckinUtil: Classify the device as Phone.
04-30 11:19:07.186 11030 11030 D X-APM-S-: set alarm: com.google.android.gms
04-30 11:19:07.186 11030 11030 D X-APM-S-: set alarm: com.google.android.gms, greening: false
04-30 11:19:07.190 13638 13829 I CarrierServices: [288] bo.a: Operation mode: 0
04-30 11:19:07.200 11030 11030 D X-APM-S-: updateConfiguration: com.google.android.gms-544--2147483648
04-30 11:19:07.201 11030 13788 I PaymentBundleManager: Maintaining payment bundles
04-30 11:19:07.203 11030 13581 D X-APM-S-: updateConfiguration: com.google.android.gms-544--2147483648
04-30 11:19:07.206 11030 13816 D X-APM-S-: set alarm: com.google.android.gms
04-30 11:19:07.207 11030 13816 D X-APM-S-: set alarm: com.google.android.gms, greening: false
04-30 11:19:07.207 11030 13788 I PaymentBundleManager: Finished maintaining payment bundles
04-30 11:19:07.208 11030 11030 D X-APM-S-: updateConfiguration: com.google.android.gms-544--2147483648
04-30 11:19:07.211 13638 13638 I CarrierServices: [2] e.b: CellMonitor.register
04-30 11:19:07.217 13086 13086 I CarrierServices: [2] gfu.a: Initializing Carrier Services Library.
04-30 11:19:07.226 13638 13638 I CarrierServices: [2] n.a: CellServiceUtils.getRegisteredCellInfo, no coarse location permission.
04-30 11:19:07.233 13086 13838 I Bugle   : GServicesValues:
04-30 11:19:07.233 13086 13838 I Bugle   : bugle_enable_primes_crash_metrics: true
04-30 11:19:07.233 13086 13838 I Bugle   : bugle_enable_wap_push_si: true
04-30 11:19:07.233 13086 13838 I Bugle   : bugle_max_telemetry_upload_retries: 10
04-30 11:19:07.233 13086 13838 I Bugle   : bugle_sticker_set_list_version: 3
04-30 11:19:07.240 13638 13638 D ConnectivityManager: getMobileDataEnabled()+ subId=-1
04-30 11:19:07.240 13638 13638 D ConnectivityManager: getMobileDataEnabled()- subId=-1 retVal=false
04-30 11:19:07.244 13638 13638 I CarrierServices: [2] e.a: CellMonitor.updateState, (null) -> (CellState.serviceState: 1, CellState.signalLevelPercent: 0, CellState.phoneType: 1, CellState.networkOperator: , CellState.networkType: 0, CellState.systemId: -1)
04-30 11:19:07.277 13086 13100 I zygote64: Waiting for a blocking GC ProfileSaver
04-30 11:19:07.280 13086 13086 I CarrierServices: [2] gfu.c: Initializing Carrier Services Logging.
04-30 11:19:07.293 13086 13086 I hlu     : LogSaver new instance with filename: carrier_services
04-30 11:19:07.301 13511 13516 I zygote64: Do partial code cache collection, code=61KB, data=37KB
04-30 11:19:07.302 13511 13516 I zygote64: After code cache collection, code=61KB, data=37KB
04-30 11:19:07.302 13511 13516 I zygote64: Increasing code cache capacity to 256KB
04-30 11:19:07.322 13086 13100 I zygote64: WaitForGcToComplete blocked for 44.882ms for cause ProfileSaver
04-30 11:19:07.330 10170 11249 I chatty  : uid=1000(system) Binder:10170_E expire 24 lines
04-30 11:19:07.331 10170 10198 I chatty  : uid=1000(system) ASHMAN-H expire 35 lines
04-30 11:19:07.331 10170 10286 I chatty  : uid=1000(system) pool-2-thread-1 expire 72 lines
04-30 11:19:07.346 13086 13086 I BugleRcsEngine: [2] hkm.shouldUseCarrierServicesApkForV1Apis: Checking if using CarrierServices.apk is possible. Enabled: true, isAtLeastM: true, runningInsideBugle: true
04-30 11:19:07.348 13086 13086 I BugleRcsEngine: [2] gqw.a: Using CarrierServicesNetworkFactory
04-30 11:19:07.351 10170 10181 I chatty  : uid=1000(system) Binder:10170_2 expire 21 lines
04-30 11:19:07.356 13086 13086 I BugleRcsEngine: [2] hkm.shouldUseCarrierServicesApkForV1Apis: Checking if using CarrierServices.apk is possible. Enabled: true, isAtLeastM: true, runningInsideBugle: true
04-30 11:19:07.411 13086 13086 W Bugle   : SubscriptionMetadataUtils get: invalid subId = -1
04-30 11:19:07.413 13086 13086 I Xposed  : X-APM-S-VERBOSE-getDeviceId: com.google.android.apps.messaging
04-30 11:19:07.419 13086 13086 W RcsProvisioning: Failed to read configuration: /data/user/0/com.google.android.apps.messaging/files/rcsconfig (No such file or directory)
04-30 11:19:07.419 13086 13086 D RcsProvisioning: Retrieving backup token
04-30 11:19:07.420 13086 13086 W Bugle   : SubscriptionMetadataUtils get: invalid subId = -1
04-30 11:19:07.489 10170 10250 I chatty  : uid=1000(system) InputReader expire 5 lines
04-30 11:19:07.489 10170 13849 I chatty  : uid=1000 system_server expire 1 line
04-30 11:19:07.515 11030 13816 I GCoreUlr: Starting service, intent=Intent { act=com.google.android.location.reporting.ACTION_UPDATE_WORLD cmp=com.google.android.gms/com.google.android.location.reporting.service.DispatchingService (has extras) }, extras=Bundle[{receiverAction=com.google.android.gms.location.init.INIT_ACTION, is_boot=true}]
04-30 11:19:07.517 13638 13760 D SharedPreferencesImpl: Time required to fsync /data/user/0/com.google.android.ims/shared_prefs/dialer_hangouts_preferences.xml: [<1: 0, <2: 0, <4: 0, <8: 0, <16: 0, <32: 0, <64: 0, <128: 0, <256: 0, <512: 1, <1024: 0, <2048: 0, <4096: 0, <8192: 0, <16384: 0, >=16384: 0]
04-30 11:19:07.521 10170 11244 I chatty  : uid=1000(system) Binder:10170_D expire 9 lines
04-30 11:19:07.521 10170 10489 I chatty  : uid=1000(system) Binder:10170_9 expire 23 lines
04-30 11:19:07.522 12175 13636 D SharedPreferencesImpl: Time required to fsync /data/user/0/com.google.android.gms/shared_prefs/com.google.android.gms.wallet.service.ib.ParcelableCryptoKeys.xml: [<1: 0, <2: 0, <4: 0, <8: 0, <16: 0, <32: 0, <64: 0, <128: 0, <256: 0, <512: 1, <1024: 0, <2048: 0, <4096: 0, <8192: 0, <16384: 0, >=16384: 0]
04-30 11:19:07.527 10170 11253 I chatty  : uid=1000(system) Binder:10170_10 expire 14 lines
04-30 11:19:07.529 10170 12924 I chatty  : uid=1000(system) Binder:10170_14 expire 13 lines
04-30 11:19:07.541 10170 10180 I chatty  : uid=1000(system) Binder:10170_1 expire 10 lines
04-30 11:19:07.561 13086 13086 D RcsProvisioning: No backup token found
04-30 11:19:07.565 13086 13086 I BugleRcsEngine: [2] ggp.<init>: RcsEngine: Constructor running in com.google.android.apps.messaging
04-30 11:19:07.572 13638 13638 I CarrierServices: [2] RcsAutoStartReceiver.b: carrierServicesJibeServiceEnabled changed from true to true
04-30 11:19:07.573 13638 13638 I CarrierServices: [2] RcsAutoStartReceiver.b: enableRcs changed from true to true
04-30 11:19:07.573 13638 13638 I CarrierServices: [2] RcsAutoStartReceiver.b: RcsAutoStartReceiver triggered. Fetching RCS State. Action: android.intent.action.BOOT_COMPLETED
04-30 11:19:07.575 13638 13638 I CarrierServices: [2] g.a: Calling bind service
04-30 11:19:07.577 11030 11030 D X-APM-S-: updateConfiguration: com.google.android.gms-544--2147483648
04-30 11:19:07.589 13006 13259 I CarrierServices: [260] hkm.a: Sim state is not ready. Returning last known operation mode.
04-30 11:19:07.592 11030 11040 I zygote64: Background concurrent copying GC freed 46098(3MB) AllocSpace objects, 24(480KB) LOS objects, 49% free, 6MB/12MB, paused 276.992ms total 356.567ms
04-30 11:19:07.592 13638 13862 I CarrierServices: [293] bo.a: Saving RCS State
04-30 11:19:07.592 10170 11253 I ActivityManager: Start proc 13860:com.google.android.inputmethod.japanese/u0a108 for broadcast com.google.android.inputmethod.japanese/com.google.android.apps.inputmethod.libs.framework.core.LauncherIconVisibilityInitializer
04-30 11:19:07.597 13086 13086 W BugleRcsEngine: [2] hag.a: No config URL. RCS will be disabled!
04-30 11:19:07.600 11030 11030 D X-APM-S-: set alarm: com.google.android.gms
04-30 11:19:07.600 11030 11030 D X-APM-S-: set alarm: com.google.android.gms, greening: false
04-30 11:19:07.603 10170 10247 W ActivityManager: Unable to start service Intent { act=com.google.android.gms.drive.ApiService.RESET_AFTER_BOOT flg=0x4 cmp=com.google.android.gms/.drive.api.ApiService (has extras) } U=0: not found
04-30 11:19:07.611 13638 13862 I CarrierServices: [293] bo.a: Operation mode: 0
04-30 11:19:07.621 11030 11030 D X-APM-S-: updateConfiguration: com.google.android.gms-544--2147483648
04-30 11:19:07.627 11030 13833 W FetchTask: exception on config fetch: java.net.UnknownHostException: Unable to resolve host "cloudconfig.googleapis.com": No address associated with hostname
04-30 11:19:07.629 11030 11041 E Auth    : [GoogleAccountDataServiceImpl] getToken() -> NETWORK_ERROR. Account: <ELLIDED:-995590464>, App: com.google.android.gms, Service: AndroidCheckInServer
04-30 11:19:07.632 11030 11041 W Auth    : [GetToken] GetToken failed with status code: NetworkError
04-30 11:19:07.634 12175 13659 W CheckinRequestBuilder: error reading account token
04-30 11:19:07.634 12175 13659 W CheckinRequestBuilder: java.io.IOException: NetworkError
04-30 11:19:07.634 12175 13659 W CheckinRequestBuilder: 	at ffx.a(:com.google.android.gms@12529021@12.5.29 (040400-192802242):13)
04-30 11:19:07.634 12175 13659 W CheckinRequestBuilder: 	at ffw.a(:com.google.android.gms@12529021@12.5.29 (040400-192802242):2)
04-30 11:19:07.634 12175 13659 W CheckinRequestBuilder: 	at ffw.e(:com.google.android.gms@12529021@12.5.29 (040400-192802242):6)
04-30 11:19:07.634 12175 13659 W CheckinRequestBuilder: 	at ffu.f(:com.google.android.gms@12529021@12.5.29 (040400-192802242):3)
04-30 11:19:07.634 12175 13659 W CheckinRequestBuilder: 	at ffu.a(:com.google.android.gms@12529021@12.5.29 (040400-192802242):4)
04-30 11:19:07.634 12175 13659 W CheckinRequestBuilder: 	at lva.a(:com.google.android.gms@12529021@12.5.29 (040400-192802242):152)
04-30 11:19:07.634 12175 13659 W CheckinRequestBuilder: 	at lvy.a(:com.google.android.gms@12529021@12.5.29 (040400-192802242):147)
04-30 11:19:07.634 12175 13659 W CheckinRequestBuilder: 	at com.google.android.gms.checkin.CheckinChimeraService.a(:com.google.android.gms@12529021@12.5.29 (040400-192802242):90)
04-30 11:19:07.634 12175 13659 W CheckinRequestBuilder: 	at luw.run(:com.google.android.gms@12529021@12.5.29 (040400-192802242):2)
04-30 11:19:07.634 12175 13659 W CheckinRequestBuilder: 	at nsg.run(:com.google.android.gms@12529021@12.5.29 (040400-192802242):27)
04-30 11:19:07.634 12175 13659 W CheckinRequestBuilder: 	at java.util.concurrent.ThreadPoolExecutor.runWorker(ThreadPoolExecutor.java:1162)
04-30 11:19:07.634 12175 13659 W CheckinRequestBuilder: 	at java.util.concurrent.ThreadPoolExecutor$Worker.run(ThreadPoolExecutor.java:636)
04-30 11:19:07.634 12175 13659 W CheckinRequestBuilder: 	at nya.run(Unknown Source:7)
04-30 11:19:07.634 12175 13659 W CheckinRequestBuilder: 	at java.lang.Thread.run(Thread.java:764)
04-30 11:19:07.634 10170 10187 I chatty  : uid=1000(system) ActivityManager expire 2 lines
04-30 11:19:07.649 11030 11844 E Auth    : [GoogleAccountDataServiceImpl] getToken() -> NETWORK_ERROR. Account: <ELLIDED:-995590464>, App: com.google.android.gms, Service: oauth2:https://www.googleapis.com/auth/playatoms
04-30 11:19:07.650 11030 11844 W Auth    : [GetToken] GetToken failed with status code: NetworkError
04-30 11:19:07.650 11030 11844 W GLSActivity: 
04-30 11:19:07.650 11030 11844 W GLSActivity: java.io.IOException: NetworkError
04-30 11:19:07.650 11030 11844 W GLSActivity: 	at ffx.a(:com.google.android.gms@12529021@12.5.29 (040400-192802242):13)
04-30 11:19:07.650 11030 11844 W GLSActivity: 	at ffw.a(:com.google.android.gms@12529021@12.5.29 (040400-192802242):2)
04-30 11:19:07.650 11030 11844 W GLSActivity: 	at ffw.e(:com.google.android.gms@12529021@12.5.29 (040400-192802242):6)
04-30 11:19:07.650 11030 11844 W GLSActivity: 	at ffv.a(:com.google.android.gms@12529021@12.5.29 (040400-192802242):1)
04-30 11:19:07.650 11030 11844 W GLSActivity: 	at fhs.getAuthToken(:com.google.android.gms@12529021@12.5.29 (040400-192802242):7)
04-30 11:19:07.650 11030 11844 W GLSActivity: 	at android.accounts.AbstractAccountAuthenticator$Transport.getAuthToken(AbstractAccountAuthenticator.java:244)
04-30 11:19:07.650 11030 11844 W GLSActivity: 	at android.accounts.IAccountAuthenticator$Stub.onTransact(IAccountAuthenticator.java:113)
04-30 11:19:07.650 11030 11844 W GLSActivity: 	at android.os.Binder.transact(Binder.java:604)
04-30 11:19:07.650 11030 11844 W GLSActivity: 	at cwl.onTransact(:com.google.android.gms@12529021@12.5.29 (040400-192802242):3)
04-30 11:19:07.650 11030 11844 W GLSActivity: 	at android.os.Binder.execTransact(Binder.java:674)
04-30 11:19:07.652 11030 11338 E InstantApps: getTokenWithNotification failed
04-30 11:19:07.652 11030 11338 E InstantApps: java.io.IOException: NetworkError
04-30 11:19:07.652 11030 11338 E InstantApps: 	at android.accounts.AccountManager.convertErrorToException(AccountManager.java:2496)
04-30 11:19:07.652 11030 11338 E InstantApps: 	at android.accounts.AccountManager.-wrap0(Unknown Source:0)
04-30 11:19:07.652 11030 11338 E InstantApps: 	at android.accounts.AccountManager$AmsTask$Response.onError(AccountManager.java:2347)
04-30 11:19:07.652 11030 11338 E InstantApps: 	at android.accounts.IAccountManagerResponse$Stub.onTransact(IAccountManagerResponse.java:69)
04-30 11:19:07.652 11030 11338 E InstantApps: 	at android.os.Binder.execTransact(Binder.java:674)
04-30 11:19:07.658 11030 11136 E InstantApps: DomainFilterImpl: Error while reading domain filter from WHAPI
04-30 11:19:07.658 11030 11136 E InstantApps: java.util.concurrent.ExecutionException: bikm: UNAUTHENTICATED
04-30 11:19:07.658 11030 11136 E InstantApps: 	at java.util.concurrent.FutureTask.report(FutureTask.java:123)
04-30 11:19:07.658 11030 11136 E InstantApps: 	at java.util.concurrent.FutureTask.get(FutureTask.java:193)
04-30 11:19:07.658 11030 11136 E InstantApps: 	at xak.get(:com.google.android.gms@12529021@12.5.29 (040400-192802242):2)
04-30 11:19:07.658 11030 11136 E InstantApps: 	at xfq.a(:com.google.android.gms@12529021@12.5.29 (040400-192802242):7)
04-30 11:19:07.658 11030 11136 E InstantApps: 	at xfq.a(:com.google.android.gms@12529021@12.5.29 (040400-192802242):54)
04-30 11:19:07.658 11030 11136 E InstantApps: 	at xfq.a(:com.google.android.gms@12529021@12.5.29 (040400-192802242):157)
04-30 11:19:07.658 11030 11136 E InstantApps: 	at xfn.a(:com.google.android.gms@12529021@12.5.29 (040400-192802242):1)
04-30 11:19:07.658 11030 11136 E InstantApps: 	at com.google.android.gms.instantapps.routing.DomainFilterUpdateChimeraService.a(:com.google.android.gms@12529021@12.5.29 (040400-192802242):11)
04-30 11:19:07.658 11030 11136 E InstantApps: 	at xft.run(Unknown Source:9)
04-30 11:19:07.658 11030 11136 E InstantApps: 	at nsg.run(:com.google.android.gms@12529021@12.5.29 (040400-192802242):27)
04-30 11:19:07.658 11030 11136 E InstantApps: 	at java.util.concurrent.ThreadPoolExecutor.runWorker(ThreadPoolExecutor.java:1162)
04-30 11:19:07.658 11030 11136 E InstantApps: 	at java.util.concurrent.ThreadPoolExecutor$Worker.run(ThreadPoolExecutor.java:636)
04-30 11:19:07.658 11030 11136 E InstantApps: 	at nya.run(Unknown Source:7)
04-30 11:19:07.658 11030 11136 E InstantApps: 	at java.lang.Thread.run(Thread.java:764)
04-30 11:19:07.658 11030 11136 E InstantApps: Caused by: bikm: UNAUTHENTICATED
04-30 11:19:07.658 11030 11136 E InstantApps: 	at wzy.b(:com.google.android.gms@12529021@12.5.29 (040400-192802242):40)
04-30 11:19:07.658 11030 11136 E InstantApps: 	at wzy.a(Unknown Source:0)
04-30 11:19:07.658 11030 11136 E InstantApps: 	at xal.call(:com.google.android.gms@12529021@12.5.29 (040400-192802242):2)
04-30 11:19:07.658 11030 11136 E InstantApps: 	at java.util.concurrent.FutureTask.run(FutureTask.java:266)
04-30 11:19:07.658 11030 11136 E InstantApps: 	... 5 more
04-30 11:19:07.658 11030 13882 I CheckinUtil: Classify the device as Phone.
04-30 11:19:07.658 11030 11136 W InstantApps: DomainFilterUpdateChimeraService: Will not retry
04-30 11:19:07.660 13860 13860 I Xposed  : X-APM-S-VERBOSE-handleLoadPackage: com.google.android.inputmethod.japanese
04-30 11:19:07.661 11030 13882 W FetchTask: exception on config fetch: java.net.UnknownHostException: Unable to resolve host "cloudconfig.googleapis.com": No address associated with hostname
04-30 11:19:07.676 12175 13580 I Vision  : Engine already satisfied by existing download for face
04-30 11:19:07.693 10170 11249 I ActivityManager: Start proc 13886:com.google.android.gms.unstable/u0a29 for service com.google.android.gms/.droidguard.DroidGuardService
04-30 11:19:07.693 13086 13086 D BugleRcsEngine: log_saver already enabled
04-30 11:19:07.694 11030 13885 I CheckinUtil: Classify the device as Phone.
04-30 11:19:07.699 11030 13885 W FetchTask: exception on config fetch: java.net.UnknownHostException: Unable to resolve host "cloudconfig.googleapis.com": No address associated with hostname
04-30 11:19:07.716 11030 13903 I CheckinUtil: Classify the device as Phone.
04-30 11:19:07.721 11030 13903 W FetchTask: exception on config fetch: java.net.UnknownHostException: Unable to resolve host "cloudconfig.googleapis.com": No address associated with hostname
04-30 11:19:07.729 12175 13580 I Vision  : Engine already satisfied by existing download for barcode
04-30 11:19:07.735 13086 13086 I BugleRcsEngine: [2] hkm.e: Network Operator: 
04-30 11:19:07.736 13086 13086 I BugleRcsEngine: [2] hkm.f: Dialer not on device.
04-30 11:19:07.736 13086 13086 I BugleRcsEngine: [2] hkm.e: carrierWithOldEcApis: false
04-30 11:19:07.737 13086 13086 I BugleRcsEngine: [2] hkm.e: hasDialerThatSupportsNewEc: false
04-30 11:19:07.737 13860 13860 D X-APM-S-: handleBindApplication: com.google.android.inputmethod.japanese-544--2147483648
04-30 11:19:07.737 13086 13086 I BugleRcsEngine: [2] hkm.b: Not using CS JibeService because the CS migration has not completed.
04-30 11:19:07.740 13860 13860 D X-APM-S-: updateConfiguration: com.google.android.inputmethod.japanese-544--2147483648
04-30 11:19:07.741 11030 13905 I CheckinUtil: Classify the device as Phone.
04-30 11:19:07.741 13886 13886 I Xposed  : X-APM-S-VERBOSE-handleLoadPackage: com.google.android.gms
04-30 11:19:07.743 11030 13905 W FetchTask: exception on config fetch: java.net.UnknownHostException: Unable to resolve host "cloudconfig.googleapis.com": No address associated with hostname
04-30 11:19:07.746 11030 11030 W Nearby  : Bind call too late - someone already tried to get: interface bdmt -- metadata{ service_id: 0 }
04-30 11:19:07.748 13511 13511 W ssm     : Failed to find local clusters.
04-30 11:19:07.750 13886 13886 D X-APM-S-: handleBindApplication: com.google.android.gms-544--2147483648
04-30 11:19:07.752 11030 11030 D X-APM-S-: updateConfiguration: com.google.android.gms-544--2147483648
04-30 11:19:07.756 13886 13886 D X-APM-S-: updateConfiguration: com.google.android.gms-544--2147483648
04-30 11:19:07.765 13886 13886 D X-APM-S-: updateConfiguration: com.google.android.gms-544--2147483648
04-30 11:19:07.774 11030 13879 I GCoreUlr: WorldUpdater received intent Intent { act=com.google.android.location.reporting.ACTION_UPDATE_WORLD cmp=com.google.android.gms/com.google.android.location.reporting.service.DispatchingService (has extras) } with receiverAction com.google.android.gms.location.init.INIT_ACTION
04-30 11:19:07.776 13860 13860 D X-APM-S-: updateConfiguration: com.google.android.inputmethod.japanese-544--2147483648
04-30 11:19:07.785 11030 13909 I CheckinUtil: Classify the device as Phone.
04-30 11:19:07.797 11030 13909 W FetchTask: exception on config fetch: java.net.UnknownHostException: Unable to resolve host "cloudconfig.googleapis.com": No address associated with hostname
04-30 11:19:07.800 10170 10250 I PowerManagerService: Going to sleep by application request (uid 1000)...
04-30 11:19:07.809 10170 10186 I chatty  : uid=1000(system) android.bg expire 1 line
04-30 11:19:07.811 12175 13580 I Vision  : Engine already satisfied by existing download for ocr
04-30 11:19:07.816 10170 10202 I chatty  : uid=1000(system) PowerManagerSer expire 4 lines
04-30 11:19:07.817 13886 13886 W linker  : "/data/app/com.google.android.gms-YV1wfKUnDkkS078Xe1I4jw==/lib/arm64/libconscrypt_gmscore_jni.so" unused DT entry: type 0xf arg 0x8a
04-30 11:19:07.818 13886 13886 V NativeCrypto: Registering com/google/android/gms/org/conscrypt/NativeCrypto's 279 native methods...
04-30 11:19:07.814 10170 10170 I chatty  : uid=1000 system_server expire 39 lines
04-30 11:19:07.826 13886 13886 D NetworkSecurityConfig: No Network Security Config specified, using platform default
04-30 11:19:07.827 13886 13886 I ProviderInstaller: Installed default security provider GmsCore_OpenSSL
04-30 11:19:07.831 11030 13879 I GCoreUlr: WorldUpdater:com.google.android.gms.location.init.INIT_ACTION: Ensuring that reporting is stopped because of reasons: {account#10#=[InactiveReason{mIdentifier=6, mName='ReportingNotEnabled'}, InactiveReason{mIdentifier=14, mName='HistoryNotEnabled'}]}
04-30 11:19:07.833 11030 13879 I GCoreUlr: Unbound from all location providers
04-30 11:19:07.850 13511 13544 I Xposed  : X-APM-S-VERBOSE-handleLoadPackage: com.google.android.gms
04-30 11:19:07.850 10170 10170 V FingerprintService: startAuthentication(com.android.systemui)
04-30 11:19:07.850 10170 10170 V FingerprintService: starting client AuthenticationClient(com.android.systemui), initiatedByClient = true)
04-30 11:19:07.856 10170 10170 W FingerprintService: client com.android.systemui is authenticating...
04-30 11:19:07.857 10170 10170 D StatusBarManagerService: showing navigation bar...
04-30 11:19:07.857 11030 13879 I GCoreUlr: DispatchingService ignoring Intent { act=android.net.wifi.WIFI_STATE_CHANGED flg=0x4000010 (has extras) } because ULR inactive
04-30 11:19:07.858 10325 10325 D StatusBar: setNavigationBarVisibility: vis=true
04-30 11:19:07.873 13886 13886 D X-APM-S-: updateConfiguration: com.google.android.gms-544--2147483648
04-30 11:19:07.878 13886 13886 D X-APM-S-: updateConfiguration: com.google.android.gms-544--2147483648
04-30 11:19:07.883 11030 11030 I GeofencerStateMachine: removeGeofences: removeRequest=RemoveGeofencingRequest[REMOVE_BY_PENDING_INTENT pendingIntent=PendingIntent[creatorPackage=com.google.android.gms], packageName=null]
04-30 11:19:07.884 13511 13544 D X-APM-S-: updateConfiguration: com.google.android.gm-544--2147483648
04-30 11:19:07.885 11030 11030 I GeofencerStateMachine: removeGeofences: removeRequest=RemoveGeofencingRequest[REMOVE_BY_PENDING_INTENT pendingIntent=PendingIntent[creatorPackage=com.google.android.gms], packageName=null]
04-30 11:19:07.888 10325 10325 D X-APM-S-: handleBindApplication: com.android.systemui-544--2147483648
04-30 11:19:07.910 13511 13544 W common.FileUtils: Failed to set dir world executable: java.io.FileNotFoundException: /data/user_de/0/com.google.android.gms/files/gmscore_global_dirs.txt: open failed: EACCES (Permission denied)
04-30 11:19:07.916 13511 13544 W common.FileUtils: Failed to set dir world executable: java.io.FileNotFoundException: /data/user_de/0/com.google.android.gms/files/gmscore_global_dirs.txt: open failed: EACCES (Permission denied)
04-30 11:19:07.951 13511 13544 W common.FileUtils: Failed to set dir world executable: java.io.FileNotFoundException: /data/user_de/0/com.google.android.gms/files/gmscore_global_dirs.txt: open failed: EACCES (Permission denied)
04-30 11:19:07.953 13511 13544 W common.FileUtils: Failed to set dir world executable: java.io.FileNotFoundException: /data/user_de/0/com.google.android.gms/files/gmscore_global_dirs.txt: open failed: EACCES (Permission denied)
04-30 11:19:07.954 13511 13544 W linker  : "/data/app/com.google.android.gms-YV1wfKUnDkkS078Xe1I4jw==/lib/arm64/libconscrypt_gmscore_jni.so" unused DT entry: type 0xf arg 0x8a
04-30 11:19:07.958  1314  1468 I DrmHal  : makeDrmFactories: factory instance default is Remote
04-30 11:19:07.961  1314  1468 I DrmHal  : makeDrmFactories: factory instance widevine is Remote
04-30 11:19:07.964  1080 12579 D WVCdm   : Instantiating CDM.
04-30 11:19:07.965  1081  5645 D WVCdm   : Instantiating CDM.
04-30 11:19:07.969 13511 13544 V NativeCrypto: Registering com/google/android/gms/org/conscrypt/NativeCrypto's 279 native methods...
04-30 11:19:07.971  1081  5645 I WVCdm   : CdmEngine::OpenSession
04-30 11:19:07.971  1081  5645 I WVCdm   : Level3 Library 4445 May 19 2017 17:17:20
04-30 11:19:07.973 13886 13892 I zygote64: Compiler allocated 4MB to compile boolean nvb.a(android.content.Context, java.io.File)
04-30 11:19:07.976  1081  5645 D DrmWidevineDash: OEMCrypto_Initialize: starts! g_qsee_apps_version = 0x38
04-30 11:19:07.976  1081  5645 D         : CPPF_ServiceInitialize: start!
04-30 11:19:07.976  1081  5645 D         : CPPF_ServiceInitialize: g_cppf_session_cnt = 1
04-30 11:19:07.976  1081  5645 D QSEECOMAPI: QSEECom_get_handle sb_length = 0x2800
04-30 11:19:07.977  1081  5645 D QSEECOMAPI: App is not loaded in QSEE
04-30 11:19:07.977  1081  5645 E QSEECOMAPI: Error::Cannot open the file /vendor/firmware/cppf.mdt errno = 2
04-30 11:19:07.977  1081  5645 E QSEECOMAPI: Error::Loading image failed with ret = -1
04-30 11:19:07.977  1081  5645 D QSEECOMAPI: QSEECom_get_handle sb_length = 0x2800
04-30 11:19:07.977  1081  5645 D QSEECOMAPI: App is not loaded in QSEE
04-30 11:19:07.981  1081  5645 D QSEECOMAPI: app_arch = 2, total_files = 9
04-30 11:19:08.025 13511 13544 D NetworkSecurityConfig: Using Network Security Config from resource network_security_config debugBuild: false
04-30 11:19:08.026  1081  5645 D QSEECOMAPI: Loaded image: APP id = 327685
04-30 11:19:08.027  1081  5645 D         : CPPF_ServiceInitialize: end! returns 0, g_cppf_session_cnt = 1
04-30 11:19:08.027  1081  5645 D DrmWidevineDash: Service_Initialize: starts!
04-30 11:19:08.027  1081  5645 D QSEECOMAPI: QSEECom_get_handle sb_length = 0x19000
04-30 11:19:08.027  1081  5645 D QSEECOMAPI: App is not loaded in QSEE
04-30 11:19:08.027  1081  5645 E QSEECOMAPI: Error::Cannot open the file /vendor/firmware/widevine.mdt errno = 2
04-30 11:19:08.027  1081  5645 E QSEECOMAPI: Error::Loading image failed with ret = -1
04-30 11:19:08.027  1081  5645 D QSEECOMAPI: QSEECom_get_handle sb_length = 0x19000
04-30 11:19:08.027  1081  5645 D QSEECOMAPI: App is not loaded in QSEE
04-30 11:19:08.027  1081  5645 E QSEECOMAPI: Error::Cannot open the file /system/etc/firmware/widevine.mdt errno = 2
04-30 11:19:08.027  1081  5645 E QSEECOMAPI: Error::Loading image failed with ret = -1
04-30 11:19:08.027  1081  5645 D QSEECOMAPI: QSEECom_get_handle sb_length = 0x19000
04-30 11:19:08.027  1081  5645 D QSEECOMAPI: App is not loaded in QSEE
04-30 11:19:08.028  1081  5645 D QSEECOMAPI: app_arch = 2, total_files = 9
04-30 11:19:08.029 13511 13544 I ProviderInstaller: Installed default security provider GmsCore_OpenSSL
04-30 11:19:08.035 10170 12924 I ActivityManager: Start proc 13940:com.google.android.inputmethod.korean/u0a110 for broadcast com.google.android.inputmethod.korean/com.google.android.apps.inputmethod.libs.framework.core.LauncherIconVisibilityInitializer
04-30 11:19:08.070 11030 13836 D BluetoothAdapter: isLeEnabled(): ON
04-30 11:19:08.086 11030 11041 D BluetoothLeScanner: onScannerRegistered() - status=0 scannerId=5 mScannerId=0
04-30 11:19:08.087  1081  5645 D QSEECOMAPI: Loaded image: APP id = 393222
04-30 11:19:08.091  1081  5645 D DrmWidevineDash: Service_Initialize: ends! returns 0
04-30 11:19:08.092  1081  5645 D QSAPPSVER: qsapps_get_capabilities: Capability from secure side: 0x1
04-30 11:19:08.092  1081  5645 D QSAPPSVER: qsapps_get_capabilities: returns 0
04-30 11:19:08.092  1081  5645 D DrmWidevineDash: OEMCrypto_Initialize sion_buffer g_wv_fhandle->ion_sbuffer  0x0xeb1d2000
04-30 11:19:08.092  1081  5645 E DrmWidevineDash: sion_buffer g_wv_fhandle->ion_sbuffer  0x0xeb1d2000
04-30 11:19:08.095 11030 11030 I GCoreUlr: Stopping handler for UlrDispSvcFast
04-30 11:19:08.103 11030 11030 I GCoreUlr: Unbound from all location providers
04-30 11:19:08.107 11030 13836 I BeaconBle: Client requested scan, settings=BleSettings [scanMode=LOW_LATENCY, callbackType=ALL_MATCHES, reportDelayMillis=0, 6 filters, 1 clients, callingClientName=Nearby]
04-30 11:19:08.107 10724 10810 D BluetoothAdapterService: getAdapterService() - returning com.android.bluetooth.btservice.AdapterService@3df30c5
04-30 11:19:08.107 13940 13940 I Xposed  : X-APM-S-VERBOSE-handleLoadPackage: com.google.android.inputmethod.korean
04-30 11:19:08.109  1077  1077 I vendor.qti.bluetooth@1.0-ibs_handler: SerialClockVote: vote for UART CLK ON
04-30 11:19:08.110  1077  1077 D vendor.qti.bluetooth@1.0-wake_lock: Acquire wakelock is acquired 
04-30 11:19:08.110  1077  1077 I vendor.qti.bluetooth@1.0-ibs_handler: DeviceWakeUp: Writing IBS_WAKE_IND
04-30 11:19:08.111 11030 11030 I GeofencerStateMachine: removeGeofences: removeRequest=RemoveGeofencingRequest[REMOVE_BY_PENDING_INTENT pendingIntent=PendingIntent[creatorPackage=com.google.android.gms], packageName=null]
04-30 11:19:08.113 10170 11253 D BluetoothManagerService: Registered for death of com.google.android.gms
04-30 11:19:08.113 10170 11253 D BluetoothManagerService: 1 registered Ble Apps
04-30 11:19:08.114  1077 10977 I vendor.qti.bluetooth@1.0-ibs_handler: ProcessIbsCmd: Received IBS_WAKE_ACK: 0xFC
04-30 11:19:08.114 11030 13836 D BluetoothAdapter: isLeEnabled(): ON
04-30 11:19:08.114 11030 13836 D BluetoothAdapter: enableBLE(): Bluetooth already enabled
04-30 11:19:08.114 11030 13826 W NearbyMessages: LocationProvider returns null -- metadata{ service_id: 0 }
04-30 11:19:08.116  1077 10977 I vendor.qti.bluetooth@1.0-ibs_handler: ProcessIbsCmd: Received IBS_WAKE_IND: 0xFD
04-30 11:19:08.116  1077 10977 I vendor.qti.bluetooth@1.0-ibs_handler: ProcessIbsCmd: Writing IBS_WAKE_ACK
04-30 11:19:08.119   643   646 D DrmLibTime: got the req here! ret=0
04-30 11:19:08.119   643   646 D DrmLibTime: command id, time_cmd_id = 770
