01-07 07:13:15.364  3352  3352 I Xposed  : X-APM-S-4.1.5-VERBOSE-****************** getService: phone *****************
01-07 07:13:15.365  2105  3511 I Xposed  : X-APM-S-4.1.5-VERBOSE-checkBroadcastIntent: Intent { act=android.intent.action.ANY_DATA_STATE (has extras) }, callingUid 1001
01-07 07:13:15.365  2105  3511 I Xposed  : X-APM-S-4.1.5-VERBOSE-checkBroadcastIntent: Intent { act=android.intent.action.PRECISE_DATA_CONNECTION_STATE_CHANGED (has extras) }, callingUid 1001
01-07 07:13:15.367  3352  3352 I Xposed  : X-APM-S-4.1.5-VERBOSE-****************** getService: isub *****************
01-07 07:13:15.367  3352  3352 I Xposed  : X-APM-S-4.1.5-VERBOSE-****************** getService: isub *****************
01-07 07:13:15.367  3352  3352 I Xposed  : X-APM-S-4.1.5-VERBOSE-****************** getService: phone *****************
01-07 07:13:15.368  2105  3181 I Xposed  : X-APM-S-4.1.5-VERBOSE-checkBroadcastIntent: Intent { act=android.intent.action.ANY_DATA_STATE (has extras) }, callingUid 1001
01-07 07:13:15.369  2105  3181 I Xposed  : X-APM-S-4.1.5-VERBOSE-checkBroadcastIntent: Intent { act=android.intent.action.PRECISE_DATA_CONNECTION_STATE_CHANGED (has extras) }, callingUid 1001
01-07 07:13:15.373  3352  3352 I Xposed  : X-APM-S-4.1.5-VERBOSE-****************** getService: isub *****************
01-07 07:13:15.374  3352  3352 I Xposed  : X-APM-S-4.1.5-VERBOSE-****************** getService: isub *****************
01-07 07:13:15.374  3352  3352 I Xposed  : X-APM-S-4.1.5-VERBOSE-****************** getService: phone *****************
01-07 07:13:15.375  2105  3512 I Xposed  : X-APM-S-4.1.5-VERBOSE-checkBroadcastIntent: Intent { act=android.intent.action.ANY_DATA_STATE (has extras) }, callingUid 1001
01-07 07:13:15.376  2105  3512 I Xposed  : X-APM-S-4.1.5-VERBOSE-checkBroadcastIntent: Intent { act=android.intent.action.PRECISE_DATA_CONNECTION_STATE_CHANGED (has extras) }, callingUid 1001
01-07 07:13:15.376  3352  3352 I Xposed  : X-APM-S-4.1.5-VERBOSE-****************** getService: isub *****************
01-07 07:13:15.377  3352  3352 I Xposed  : X-APM-S-4.1.5-VERBOSE-****************** getService: isub *****************
01-07 07:13:15.377  3352  3352 I Xposed  : X-APM-S-4.1.5-VERBOSE-****************** getService: phone *****************
01-07 07:13:15.378  2105  2136 I Xposed  : X-APM-S-4.1.5-VERBOSE-checkBroadcastIntent: Intent { act=android.intent.action.ANY_DATA_STATE (has extras) }, callingUid 1001
01-07 07:13:15.379  2105  2136 I Xposed  : X-APM-S-4.1.5-VERBOSE-checkBroadcastIntent: Intent { act=android.intent.action.PRECISE_DATA_CONNECTION_STATE_CHANGED (has extras) }, callingUid 1001
01-07 07:13:15.379  3352  3352 I Xposed  : X-APM-S-4.1.5-VERBOSE-****************** getService: isub *****************
01-07 07:13:15.380  3352  3352 I Xposed  : X-APM-S-4.1.5-VERBOSE-****************** getService: isub *****************
01-07 07:13:15.380  3352  3352 I Xposed  : X-APM-S-4.1.5-VERBOSE-****************** getService: phone *****************
01-07 07:13:15.381  2105  3511 I Xposed  : X-APM-S-4.1.5-VERBOSE-checkBroadcastIntent: Intent { act=android.intent.action.ANY_DATA_STATE (has extras) }, callingUid 1001
01-07 07:13:15.381  2105  3511 I Xposed  : X-APM-S-4.1.5-VERBOSE-checkBroadcastIntent: Intent { act=android.intent.action.PRECISE_DATA_CONNECTION_STATE_CHANGED (has extras) }, callingUid 1001
01-07 07:13:15.382  3352  3352 I Xposed  : X-APM-S-4.1.5-VERBOSE-****************** getService: isub *****************
01-07 07:13:15.382  3352  3352 I Xposed  : X-APM-S-4.1.5-VERBOSE-****************** getService: isub *****************
01-07 07:13:15.383  3352  3352 I Xposed  : X-APM-S-4.1.5-VERBOSE-****************** getService: phone *****************
01-07 07:13:15.384  2105  3181 I Xposed  : X-APM-S-4.1.5-VERBOSE-checkBroadcastIntent: Intent { act=android.intent.action.ANY_DATA_STATE (has extras) }, callingUid 1001
01-07 07:13:15.385  2105  3181 I Xposed  : X-APM-S-4.1.5-VERBOSE-checkBroadcastIntent: Intent { act=android.intent.action.PRECISE_DATA_CONNECTION_STATE_CHANGED (has extras) }, callingUid 1001
01-07 07:13:15.386  3352  3352 I Xposed  : X-APM-S-4.1.5-VERBOSE-****************** getService: isub *****************
01-07 07:13:15.387  3352  3352 I Xposed  : X-APM-S-4.1.5-VERBOSE-****************** getService: isub *****************
01-07 07:13:15.387  3352  3352 I Xposed  : X-APM-S-4.1.5-VERBOSE-****************** getService: phone *****************
01-07 07:13:15.389  2105  2137 I Xposed  : X-APM-S-4.1.5-VERBOSE-checkBroadcastIntent: Intent { act=android.intent.action.ANY_DATA_STATE (has extras) }, callingUid 1001
01-07 07:13:15.390  2105  2137 I Xposed  : X-APM-S-4.1.5-VERBOSE-checkBroadcastIntent: Intent { act=android.intent.action.PRECISE_DATA_CONNECTION_STATE_CHANGED (has extras) }, callingUid 1001
01-07 07:13:15.390  3352  3352 I Xposed  : X-APM-S-4.1.5-VERBOSE-****************** getService: isub *****************
01-07 07:13:15.391  3352  3352 I Xposed  : X-APM-S-4.1.5-VERBOSE-****************** getService: isub *****************
01-07 07:13:15.391  3352  3352 I Xposed  : X-APM-S-4.1.5-VERBOSE-****************** getService: phone *****************
01-07 07:13:15.392  2105  3527 I Xposed  : X-APM-S-4.1.5-VERBOSE-checkBroadcastIntent: Intent { act=android.intent.action.ANY_DATA_STATE (has extras) }, callingUid 1001
01-07 07:13:15.392  2105  3527 I Xposed  : X-APM-S-4.1.5-VERBOSE-checkBroadcastIntent: Intent { act=android.intent.action.PRECISE_DATA_CONNECTION_STATE_CHANGED (has extras) }, callingUid 1001
01-07 07:13:15.393  3352  3352 I Xposed  : X-APM-S-4.1.5-VERBOSE-****************** getService: isub *****************
01-07 07:13:15.393  3352  3352 I Xposed  : X-APM-S-4.1.5-VERBOSE-****************** getService: isub *****************
01-07 07:13:15.394  3352  3352 I Xposed  : X-APM-S-4.1.5-VERBOSE-****************** getService: phone *****************
01-07 07:13:15.394  2105  3524 I Xposed  : X-APM-S-4.1.5-VERBOSE-checkBroadcastIntent: Intent { act=android.intent.action.ANY_DATA_STATE (has extras) }, callingUid 1001
01-07 07:13:15.396  2105  3524 I Xposed  : X-APM-S-4.1.5-VERBOSE-checkBroadcastIntent: Intent { act=android.intent.action.PRECISE_DATA_CONNECTION_STATE_CHANGED (has extras) }, callingUid 1001
01-07 07:13:15.397  3352  3352 I Xposed  : X-APM-S-4.1.5-VERBOSE-****************** getService: isub *****************
01-07 07:13:15.397  3352  3352 I Xposed  : X-APM-S-4.1.5-VERBOSE-****************** getService: isub *****************
01-07 07:13:15.397  3352  3352 I Xposed  : X-APM-S-4.1.5-VERBOSE-****************** getService: phone *****************
01-07 07:13:15.398  2105  3181 I Xposed  : X-APM-S-4.1.5-VERBOSE-checkBroadcastIntent: Intent { act=android.intent.action.ANY_DATA_STATE (has extras) }, callingUid 1001
01-07 07:13:15.401  2105  3181 I Xposed  : X-APM-S-4.1.5-VERBOSE-checkBroadcastIntent: Intent { act=android.intent.action.PRECISE_DATA_CONNECTION_STATE_CHANGED (has extras) }, callingUid 1001
01-07 07:13:15.401  3352  3352 I Xposed  : X-APM-S-4.1.5-VERBOSE-****************** getService: isub *****************
01-07 07:13:15.402  3352  3352 I Xposed  : X-APM-S-4.1.5-VERBOSE-****************** getService: isub *****************
01-07 07:13:15.402  3352  3352 I Xposed  : X-APM-S-4.1.5-VERBOSE-****************** getService: phone *****************
01-07 07:13:15.403  2105  2136 I Xposed  : X-APM-S-4.1.5-VERBOSE-checkBroadcastIntent: Intent { act=android.intent.action.ANY_DATA_STATE (has extras) }, callingUid 1001
01-07 07:13:15.405  2105  2136 I Xposed  : X-APM-S-4.1.5-VERBOSE-checkBroadcastIntent: Intent { act=android.intent.action.PRECISE_DATA_CONNECTION_STATE_CHANGED (has extras) }, callingUid 1001
01-07 07:13:15.406  3352  3352 I Xposed  : X-APM-S-4.1.5-VERBOSE-****************** getService: isub *****************
01-07 07:13:15.406  3352  3352 I Xposed  : X-APM-S-4.1.5-VERBOSE-****************** getService: isub *****************
01-07 07:13:15.407  3352  3352 I Xposed  : X-APM-S-4.1.5-VERBOSE-****************** getService: phone *****************
01-07 07:13:15.408  2105  3527 I Xposed  : X-APM-S-4.1.5-VERBOSE-checkBroadcastIntent: Intent { act=android.intent.action.ANY_DATA_STATE (has extras) }, callingUid 1001
01-07 07:13:15.408  2105  3527 I Xposed  : X-APM-S-4.1.5-VERBOSE-checkBroadcastIntent: Intent { act=android.intent.action.PRECISE_DATA_CONNECTION_STATE_CHANGED (has extras) }, callingUid 1001
01-07 07:13:15.410  3352  3352 I Xposed  : X-APM-S-4.1.5-VERBOSE-****************** getService: isub *****************
01-07 07:13:15.410  3352  3352 I Xposed  : X-APM-S-4.1.5-VERBOSE-****************** getService: isub *****************
01-07 07:13:15.410  3352  3352 I Xposed  : X-APM-S-4.1.5-VERBOSE-****************** getService: phone *****************
01-07 07:13:15.411  2105  3524 I Xposed  : X-APM-S-4.1.5-VERBOSE-checkBroadcastIntent: Intent { act=android.intent.action.ANY_DATA_STATE (has extras) }, callingUid 1001
01-07 07:13:15.412  2105  3524 I Xposed  : X-APM-S-4.1.5-VERBOSE-checkBroadcastIntent: Intent { act=android.intent.action.PRECISE_DATA_CONNECTION_STATE_CHANGED (has extras) }, callingUid 1001
01-07 07:13:15.412  3352  3352 I Xposed  : X-APM-S-4.1.5-VERBOSE-****************** getService: isub *****************
01-07 07:13:15.413  3352  3352 I Xposed  : X-APM-S-4.1.5-VERBOSE-****************** getService: isub *****************
01-07 07:13:15.413  3352  3352 I Xposed  : X-APM-S-4.1.5-VERBOSE-****************** getService: phone *****************
01-07 07:13:15.414  2105  3181 I Xposed  : X-APM-S-4.1.5-VERBOSE-checkBroadcastIntent: Intent { act=android.intent.action.ANY_DATA_STATE (has extras) }, callingUid 1001
01-07 07:13:15.414  2105  3181 I Xposed  : X-APM-S-4.1.5-VERBOSE-checkBroadcastIntent: Intent { act=android.intent.action.PRECISE_DATA_CONNECTION_STATE_CHANGED (has extras) }, callingUid 1001
01-07 07:13:15.417  3352  3352 I Xposed  : X-APM-S-4.1.5-VERBOSE-****************** getService: isub *****************
01-07 07:13:15.418  3352  3352 I Xposed  : X-APM-S-4.1.5-VERBOSE-****************** getService: isub *****************
01-07 07:13:15.419  3352  3352 I Xposed  : X-APM-S-4.1.5-VERBOSE-****************** getService: phone *****************
01-07 07:13:15.420  2105  2136 I Xposed  : X-APM-S-4.1.5-VERBOSE-checkBroadcastIntent: Intent { act=android.intent.action.ANY_DATA_STATE (has extras) }, callingUid 1001
01-07 07:13:15.420  2105  2136 I Xposed  : X-APM-S-4.1.5-VERBOSE-checkBroadcastIntent: Intent { act=android.intent.action.PRECISE_DATA_CONNECTION_STATE_CHANGED (has extras) }, callingUid 1001
01-07 07:13:15.422  3352  3352 I Xposed  : X-APM-S-4.1.5-VERBOSE-****************** getService: isub *****************
01-07 07:13:15.423  3352  3352 I Xposed  : X-APM-S-4.1.5-VERBOSE-****************** getService: isub *****************
01-07 07:13:15.423  3352  3352 I Xposed  : X-APM-S-4.1.5-VERBOSE-****************** getService: phone *****************
01-07 07:13:15.424  2105  3511 I Xposed  : X-APM-S-4.1.5-VERBOSE-checkBroadcastIntent: Intent { act=android.intent.action.ANY_DATA_STATE (has extras) }, callingUid 1001
01-07 07:13:15.425  2105  3511 I Xposed  : X-APM-S-4.1.5-VERBOSE-checkBroadcastIntent: Intent { act=android.intent.action.PRECISE_DATA_CONNECTION_STATE_CHANGED (has extras) }, callingUid 1001
01-07 07:13:15.426  3352  3352 I Xposed  : X-APM-S-4.1.5-VERBOSE-****************** getService: isub *****************
01-07 07:13:15.426  3352  3352 I Xposed  : X-APM-S-4.1.5-VERBOSE-****************** getService: isub *****************
01-07 07:13:15.426  3352  3352 I Xposed  : X-APM-S-4.1.5-VERBOSE-****************** getService: phone *****************
01-07 07:13:15.427  2105  3416 I Xposed  : X-APM-S-4.1.5-VERBOSE-checkBroadcastIntent: Intent { act=android.intent.action.ANY_DATA_STATE (has extras) }, callingUid 1001
01-07 07:13:15.428  2105  3416 I Xposed  : X-APM-S-4.1.5-VERBOSE-checkBroadcastIntent: Intent { act=android.intent.action.PRECISE_DATA_CONNECTION_STATE_CHANGED (has extras) }, callingUid 1001
01-07 07:13:15.428  3352  3352 I Xposed  : X-APM-S-4.1.5-VERBOSE-****************** getService: isub *****************
01-07 07:13:15.429  3352  3352 I Xposed  : X-APM-S-4.1.5-VERBOSE-****************** getService: isub *****************
01-07 07:13:15.429  3352  3352 I Xposed  : X-APM-S-4.1.5-VERBOSE-****************** getService: phone *****************
01-07 07:13:15.430  2105  3512 I Xposed  : X-APM-S-4.1.5-VERBOSE-checkBroadcastIntent: Intent { act=android.intent.action.ANY_DATA_STATE (has extras) }, callingUid 1001
01-07 07:13:15.431  2105  3512 I Xposed  : X-APM-S-4.1.5-VERBOSE-checkBroadcastIntent: Intent { act=android.intent.action.PRECISE_DATA_CONNECTION_STATE_CHANGED (has extras) }, callingUid 1001
01-07 07:13:15.432  3352  3352 I Xposed  : X-APM-S-4.1.5-VERBOSE-****************** getService: isub *****************
01-07 07:13:15.434  3352  3352 I Xposed  : X-APM-S-4.1.5-VERBOSE-****************** getService: isub *****************
01-07 07:13:15.434  3352  3352 I Xposed  : X-APM-S-4.1.5-VERBOSE-****************** getService: phone *****************
01-07 07:13:15.435  2105  3182 I Xposed  : X-APM-S-4.1.5-VERBOSE-checkBroadcastIntent: Intent { act=android.intent.action.ANY_DATA_STATE (has extras) }, callingUid 1001
01-07 07:13:15.436  2105  3182 I Xposed  : X-APM-S-4.1.5-VERBOSE-checkBroadcastIntent: Intent { act=android.intent.action.PRECISE_DATA_CONNECTION_STATE_CHANGED (has extras) }, callingUid 1001
01-07 07:13:15.436  3352  3352 I Xposed  : X-APM-S-4.1.5-VERBOSE-****************** getService: isub *****************
01-07 07:13:15.437  3352  3352 I Xposed  : X-APM-S-4.1.5-VERBOSE-****************** getService: isub *****************
01-07 07:13:15.438  3352  3352 I Xposed  : X-APM-S-4.1.5-VERBOSE-****************** getService: phone *****************
01-07 07:13:15.439  2105  2137 I Xposed  : X-APM-S-4.1.5-VERBOSE-checkBroadcastIntent: Intent { act=android.intent.action.ANY_DATA_STATE (has extras) }, callingUid 1001
01-07 07:13:15.439  2105  2137 I Xposed  : X-APM-S-4.1.5-VERBOSE-checkBroadcastIntent: Intent { act=android.intent.action.PRECISE_DATA_CONNECTION_STATE_CHANGED (has extras) }, callingUid 1001
01-07 07:13:15.440  3352  3352 I Xposed  : X-APM-S-4.1.5-VERBOSE-****************** getService: isub *****************
01-07 07:13:15.441  3352  3352 I Xposed  : X-APM-S-4.1.5-VERBOSE-****************** getService: isub *****************
01-07 07:13:15.441  3352  3352 I Xposed  : X-APM-S-4.1.5-VERBOSE-****************** getService: phone *****************
01-07 07:13:15.442  2105  3416 I Xposed  : X-APM-S-4.1.5-VERBOSE-checkBroadcastIntent: Intent { act=android.intent.action.ANY_DATA_STATE (has extras) }, callingUid 1001
01-07 07:13:15.442  2105  3416 I Xposed  : X-APM-S-4.1.5-VERBOSE-checkBroadcastIntent: Intent { act=android.intent.action.PRECISE_DATA_CONNECTION_STATE_CHANGED (has extras) }, callingUid 1001
01-07 07:13:15.443  3352  3352 I Xposed  : X-APM-S-4.1.5-VERBOSE-****************** getService: isub *****************
01-07 07:13:15.443  3352  3352 I Xposed  : X-APM-S-4.1.5-VERBOSE-****************** getService: isub *****************
01-07 07:13:15.443  3352  3352 I Xposed  : X-APM-S-4.1.5-VERBOSE-****************** getService: phone *****************
01-07 07:13:15.444  2105  3512 I Xposed  : X-APM-S-4.1.5-VERBOSE-checkBroadcastIntent: Intent { act=android.intent.action.ANY_DATA_STATE (has extras) }, callingUid 1001
01-07 07:13:15.445  2105  3512 I Xposed  : X-APM-S-4.1.5-VERBOSE-checkBroadcastIntent: Intent { act=android.intent.action.PRECISE_DATA_CONNECTION_STATE_CHANGED (has extras) }, callingUid 1001
01-07 07:13:15.446  3352  3352 I Xposed  : X-APM-S-4.1.5-VERBOSE-****************** getService: isub *****************
01-07 07:13:15.446  3352  3352 I Xposed  : X-APM-S-4.1.5-VERBOSE-****************** getService: isub *****************
01-07 07:13:15.446  3352  3352 I Xposed  : X-APM-S-4.1.5-VERBOSE-****************** getService: phone *****************
01-07 07:13:15.447  2105  3182 I Xposed  : X-APM-S-4.1.5-VERBOSE-checkBroadcastIntent: Intent { act=android.intent.action.ANY_DATA_STATE (has extras) }, callingUid 1001
01-07 07:13:15.448  2105  3182 I Xposed  : X-APM-S-4.1.5-VERBOSE-checkBroadcastIntent: Intent { act=android.intent.action.PRECISE_DATA_CONNECTION_STATE_CHANGED (has extras) }, callingUid 1001
01-07 07:13:15.450  3352  3352 I Xposed  : X-APM-S-4.1.5-VERBOSE-****************** getService: isub *****************
01-07 07:13:15.450  3352  3352 I Xposed  : X-APM-S-4.1.5-VERBOSE-****************** getService: isub *****************
01-07 07:13:15.450  3352  3352 I Xposed  : X-APM-S-4.1.5-VERBOSE-****************** getService: phone *****************
01-07 07:13:15.451  2105  2137 I Xposed  : X-APM-S-4.1.5-VERBOSE-checkBroadcastIntent: Intent { act=android.intent.action.ANY_DATA_STATE (has extras) }, callingUid 1001
01-07 07:13:15.452  2105  2137 I Xposed  : X-APM-S-4.1.5-VERBOSE-checkBroadcastIntent: Intent { act=android.intent.action.PRECISE_DATA_CONNECTION_STATE_CHANGED (has extras) }, callingUid 1001
01-07 07:13:15.452  3352  3352 I Xposed  : X-APM-S-4.1.5-VERBOSE-****************** getService: isub *****************
01-07 07:13:15.453  3352  3352 I Xposed  : X-APM-S-4.1.5-VERBOSE-****************** getService: isub *****************
01-07 07:13:15.453  3352  3352 I Xposed  : X-APM-S-4.1.5-VERBOSE-****************** getService: phone *****************
01-07 07:13:15.454  2105  3527 I Xposed  : X-APM-S-4.1.5-VERBOSE-checkBroadcastIntent: Intent { act=android.intent.action.ANY_DATA_STATE (has extras) }, callingUid 1001
01-07 07:13:15.455  2105  3527 I Xposed  : X-APM-S-4.1.5-VERBOSE-checkBroadcastIntent: Intent { act=android.intent.action.PRECISE_DATA_CONNECTION_STATE_CHANGED (has extras) }, callingUid 1001
01-07 07:13:15.455  3352  3352 I Xposed  : X-APM-S-4.1.5-VERBOSE-****************** getService: isub *****************
01-07 07:13:15.456  3352  3352 I Xposed  : X-APM-S-4.1.5-VERBOSE-****************** getService: isub *****************
01-07 07:13:15.456  3352  3352 I Xposed  : X-APM-S-4.1.5-VERBOSE-****************** getService: phone *****************
01-07 07:13:15.457  2105  3524 I Xposed  : X-APM-S-4.1.5-VERBOSE-checkBroadcastIntent: Intent { act=android.intent.action.ANY_DATA_STATE (has extras) }, callingUid 1001
01-07 07:13:15.458  2105  3524 I Xposed  : X-APM-S-4.1.5-VERBOSE-checkBroadcastIntent: Intent { act=android.intent.action.PRECISE_DATA_CONNECTION_STATE_CHANGED (has extras) }, callingUid 1001
01-07 07:13:15.458  3352  3352 I Xposed  : X-APM-S-4.1.5-VERBOSE-****************** getService: isub *****************
01-07 07:13:15.458  3352  3352 I Xposed  : X-APM-S-4.1.5-VERBOSE-****************** getService: isub *****************
01-07 07:13:15.459  3352  3352 I Xposed  : X-APM-S-4.1.5-VERBOSE-****************** getService: phone *****************
01-07 07:13:15.459  2105  3181 I Xposed  : X-APM-S-4.1.5-VERBOSE-checkBroadcastIntent: Intent { act=android.intent.action.ANY_DATA_STATE (has extras) }, callingUid 1001
01-07 07:13:15.460  2105  3181 I Xposed  : X-APM-S-4.1.5-VERBOSE-checkBroadcastIntent: Intent { act=android.intent.action.PRECISE_DATA_CONNECTION_STATE_CHANGED (has extras) }, callingUid 1001
01-07 07:13:15.461  3352  3352 I Xposed  : X-APM-S-4.1.5-VERBOSE-****************** getService: isub *****************
01-07 07:13:15.461  3352  3352 I Xposed  : X-APM-S-4.1.5-VERBOSE-****************** getService: isub *****************
01-07 07:13:15.461  3352  3352 I Xposed  : X-APM-S-4.1.5-VERBOSE-****************** getService: phone *****************
01-07 07:13:15.462  2105  2136 I Xposed  : X-APM-S-4.1.5-VERBOSE-checkBroadcastIntent: Intent { act=android.intent.action.ANY_DATA_STATE (has extras) }, callingUid 1001
01-07 07:13:15.462  2105  2136 I Xposed  : X-APM-S-4.1.5-VERBOSE-checkBroadcastIntent: Intent { act=android.intent.action.PRECISE_DATA_CONNECTION_STATE_CHANGED (has extras) }, callingUid 1001
01-07 07:13:15.463  3352  3352 I Xposed  : X-APM-S-4.1.5-VERBOSE-****************** getService: isub *****************
01-07 07:13:15.463  3352  3352 I Xposed  : X-APM-S-4.1.5-VERBOSE-****************** getService: isub *****************
01-07 07:13:15.463  3352  3352 I Xposed  : X-APM-S-4.1.5-VERBOSE-****************** getService: phone *****************
01-07 07:13:15.464  2105  3511 I Xposed  : X-APM-S-4.1.5-VERBOSE-checkBroadcastIntent: Intent { act=android.intent.action.ANY_DATA_STATE (has extras) }, callingUid 1001
01-07 07:13:15.465  2105  3511 I Xposed  : X-APM-S-4.1.5-VERBOSE-checkBroadcastIntent: Intent { act=android.intent.action.PRECISE_DATA_CONNECTION_STATE_CHANGED (has extras) }, callingUid 1001
01-07 07:13:15.469  3352  3352 I Xposed  : X-APM-S-4.1.5-WARN-Error getPermissionControlBlockModeForPkg: java.lang.NullPointerException: Attempt to invoke virtual method 'github.tornaco.xposedmoduletest.xposed.repo.SetRepo github.tornaco.xposedmoduletest.xposed.repo.RepoProxy.getPerms()' on a null object reference
01-07 07:13:15.469  3352  3352 I Xposed  : 	at github.tornaco.xposedmoduletest.xposed.service.XAshmanServiceImpl.isInPermissionBlockList(XAshmanServiceImpl.java:3773)
01-07 07:13:15.469  3352  3352 I Xposed  : 	at github.tornaco.xposedmoduletest.xposed.service.XAshmanServiceImpl.getPermissionControlBlockModeForPkg(XAshmanServiceImpl.java:2785)
01-07 07:13:15.469  3352  3352 I Xposed  : 	at github.tornaco.xposedmoduletest.xposed.app.XAshmanManager.getPermissionControlBlockModeForPkg(XAshmanManager.java:520)
01-07 07:13:15.469  3352  3352 I Xposed  : 	at github.tornaco.xposedmoduletest.xposed.submodules.WakelockSubModule$1.beforeHookedMethod(WakelockSubModule.java:66)
01-07 07:13:15.469  3352  3352 I Xposed  : 	at de.robv.android.xposed.XposedBridge.handleHookedMethod(XposedBridge.java:341)
01-07 07:13:15.469  3352  3352 I Xposed  : 	at android.os.PowerManager$WakeLock.acquire(<Xposed>)
01-07 07:13:15.469  3352  3352 I Xposed  : 	at com.android.internal.telephony.RIL.acquireWakeLock(RIL.java:4121)
01-07 07:13:15.469  3352  3352 I Xposed  : 	at com.android.internal.telephony.RIL.addRequest(RIL.java:664)
01-07 07:13:15.469  3352  3352 I Xposed  : 	at com.android.internal.telephony.RIL.obtainRequest(RIL.java:673)
01-07 07:13:15.469  3352  3352 I Xposed  : 	at com.android.internal.telephony.RIL.sendDeviceState(RIL.java:3707)
01-07 07:13:15.469  3352  3352 I Xposed  : 	at com.android.internal.telephony.DeviceStateMonitor.sendDeviceState(DeviceStateMonitor.java:330)
01-07 07:13:15.469  3352  3352 I Xposed  : 	at com.android.internal.telephony.DeviceStateMonitor.onRilConnected(DeviceStateMonitor.java:301)
01-07 07:13:15.469  3352  3352 I Xposed  : 	at com.android.internal.telephony.DeviceStateMonitor.handleMessage(DeviceStateMonitor.java:234)
01-07 07:13:15.469  3352  3352 I Xposed  : 	at android.os.Handler.dispatchMessage(Handler.java:106)
01-07 07:13:15.469  3352  3352 I Xposed  : 	at android.os.Looper.loop(Looper.java:164)
01-07 07:13:15.469  3352  3352 I Xposed  : 	at android.app.ActivityThread.main(ActivityThread.java:6494)
01-07 07:13:15.469  3352  3352 I Xposed  : 	at java.lang.reflect.Method.invoke(Native Method)
01-07 07:13:15.469  3352  3352 I Xposed  : 	at com.android.internal.os.RuntimeInit$MethodAndArgsCaller.run(RuntimeInit.java:440)
01-07 07:13:15.469  3352  3352 I Xposed  : 	at com.android.internal.os.ZygoteInit.main(ZygoteInit.java:807)
01-07 07:13:15.469  3352  3352 I Xposed  : 	at de.robv.android.xposed.XposedBridge.main(XposedBridge.java:108)
01-07 07:13:15.472  3352  3352 I Xposed  : X-APM-S-4.1.5-WARN-Error getPermissionControlBlockModeForPkg: java.lang.NullPointerException: Attempt to invoke virtual method 'github.tornaco.xposedmoduletest.xposed.repo.SetRepo github.tornaco.xposedmoduletest.xposed.repo.RepoProxy.getPerms()' on a null object reference
01-07 07:13:15.472  3352  3352 I Xposed  : 	at github.tornaco.xposedmoduletest.xposed.service.XAshmanServiceImpl.isInPermissionBlockList(XAshmanServiceImpl.java:3773)
01-07 07:13:15.472  3352  3352 I Xposed  : 	at github.tornaco.xposedmoduletest.xposed.service.XAshmanServiceImpl.getPermissionControlBlockModeForPkg(XAshmanServiceImpl.java:2785)
01-07 07:13:15.472  3352  3352 I Xposed  : 	at github.tornaco.xposedmoduletest.xposed.app.XAshmanManager.getPermissionControlBlockModeForPkg(XAshmanManager.java:520)
01-07 07:13:15.472  3352  3352 I Xposed  : 	at github.tornaco.xposedmoduletest.xposed.submodules.WakelockSubModule$1.beforeHookedMethod(WakelockSubModule.java:66)
01-07 07:13:15.472  3352  3352 I Xposed  : 	at de.robv.android.xposed.XposedBridge.handleHookedMethod(XposedBridge.java:341)
01-07 07:13:15.472  3352  3352 I Xposed  : 	at android.os.PowerManager$WakeLock.acquire(<Xposed>)
01-07 07:13:15.472  3352  3352 I Xposed  : 	at com.android.internal.telephony.RIL.acquireWakeLock(RIL.java:4121)
01-07 07:13:15.472  3352  3352 I Xposed  : 	at com.android.internal.telephony.RIL.addRequest(RIL.java:664)
01-07 07:13:15.472  3352  3352 I Xposed  : 	at com.android.internal.telephony.RIL.obtainRequest(RIL.java:673)
01-07 07:13:15.472  3352  3352 I Xposed  : 	at com.android.internal.telephony.RIL.sendDeviceState(RIL.java:3707)
01-07 07:13:15.472  3352  3352 I Xposed  : 	at com.android.internal.telephony.DeviceStateMonitor.sendDeviceState(DeviceStateMonitor.java:330)
01-07 07:13:15.472  3352  3352 I Xposed  : 	at com.android.internal.telephony.DeviceStateMonitor.onRilConnected(DeviceStateMonitor.java:302)
01-07 07:13:15.472  3352  3352 I Xposed  : 	at com.android.internal.telephony.DeviceStateMonitor.handleMessage(DeviceStateMonitor.java:234)
01-07 07:13:15.472  3352  3352 I Xposed  : 	at android.os.Handler.dispatchMessage(Handler.java:106)
01-07 07:13:15.472  3352  3352 I Xposed  : 	at android.os.Looper.loop(Looper.java:164)
01-07 07:13:15.472  3352  3352 I Xposed  : 	at android.app.ActivityThread.main(ActivityThread.java:6494)
01-07 07:13:15.472  3352  3352 I Xposed  : 	at java.lang.reflect.Method.invoke(Native Method)
01-07 07:13:15.472  3352  3352 I Xposed  : 	at com.android.internal.os.RuntimeInit$MethodAndArgsCaller.run(RuntimeInit.java:440)
01-07 07:13:15.472  3352  3352 I Xposed  : 	at com.android.internal.os.ZygoteInit.main(ZygoteInit.java:807)
01-07 07:13:15.472  3352  3352 I Xposed  : 	at de.robv.android.xposed.XposedBridge.main(XposedBridge.java:108)
01-07 07:13:15.474  3352  3352 I Xposed  : X-APM-S-4.1.5-WARN-Error getPermissionControlBlockModeForPkg: java.lang.NullPointerException: Attempt to invoke virtual method 'github.tornaco.xposedmoduletest.xposed.repo.SetRepo github.tornaco.xposedmoduletest.xposed.repo.RepoProxy.getPerms()' on a null object reference
01-07 07:13:15.474  3352  3352 I Xposed  : 	at github.tornaco.xposedmoduletest.xposed.service.XAshmanServiceImpl.isInPermissionBlockList(XAshmanServiceImpl.java:3773)
01-07 07:13:15.474  3352  3352 I Xposed  : 	at github.tornaco.xposedmoduletest.xposed.service.XAshmanServiceImpl.getPermissionControlBlockModeForPkg(XAshmanServiceImpl.java:2785)
01-07 07:13:15.474  3352  3352 I Xposed  : 	at github.tornaco.xposedmoduletest.xposed.app.XAshmanManager.getPermissionControlBlockModeForPkg(XAshmanManager.java:520)
01-07 07:13:15.474  3352  3352 I Xposed  : 	at github.tornaco.xposedmoduletest.xposed.submodules.WakelockSubModule$1.beforeHookedMethod(WakelockSubModule.java:66)
01-07 07:13:15.474  3352  3352 I Xposed  : 	at de.robv.android.xposed.XposedBridge.handleHookedMethod(XposedBridge.java:341)
01-07 07:13:15.474  3352  3352 I Xposed  : 	at android.os.PowerManager$WakeLock.acquire(<Xposed>)
01-07 07:13:15.474  3352  3352 I Xposed  : 	at com.android.internal.telephony.RIL.acquireWakeLock(RIL.java:4121)
01-07 07:13:15.474  3352  3352 I Xposed  : 	at com.android.internal.telephony.RIL.addRequest(RIL.java:664)
01-07 07:13:15.474  3352  3352 I Xposed  : 	at com.android.internal.telephony.RIL.obtainRequest(RIL.java:673)
01-07 07:13:15.474  3352  3352 I Xposed  : 	at com.android.internal.telephony.RIL.sendDeviceState(RIL.java:3707)
01-07 07:13:15.474  3352  3352 I Xposed  : 	at com.android.internal.telephony.DeviceStateMonitor.sendDeviceState(DeviceStateMonitor.java:330)
01-07 07:13:15.474  3352  3352 I Xposed  : 	at com.android.internal.telephony.DeviceStateMonitor.onRilConnected(DeviceStateMonitor.java:303)
01-07 07:13:15.474  3352  3352 I Xposed  : 	at com.android.internal.telephony.DeviceStateMonitor.handleMessage(DeviceStateMonitor.java:234)
01-07 07:13:15.474  3352  3352 I Xposed  : 	at android.os.Handler.dispatchMessage(Handler.java:106)
01-07 07:13:15.474  3352  3352 I Xposed  : 	at android.os.Looper.loop(Looper.java:164)
01-07 07:13:15.474  3352  3352 I Xposed  : 	at android.app.ActivityThread.main(ActivityThread.java:6494)
01-07 07:13:15.474  3352  3352 I Xposed  : 	at java.lang.reflect.Method.invoke(Native Method)
01-07 07:13:15.474  3352  3352 I Xposed  : 	at com.android.internal.os.RuntimeInit$MethodAndArgsCaller.run(RuntimeInit.java:440)
01-07 07:13:15.474  3352  3352 I Xposed  : 	at com.android.internal.os.ZygoteInit.main(ZygoteInit.java:807)
01-07 07:13:15.474  3352  3352 I Xposed  : 	at de.robv.android.xposed.XposedBridge.main(XposedBridge.java:108)
01-07 07:13:15.477  3352  3352 I Xposed  : X-APM-S-4.1.5-WARN-Error getPermissionControlBlockModeForPkg: java.lang.NullPointerException: Attempt to invoke virtual method 'github.tornaco.xposedmoduletest.xposed.repo.SetRepo github.tornaco.xposedmoduletest.xposed.repo.RepoProxy.getPerms()' on a null object reference
01-07 07:13:15.477  3352  3352 I Xposed  : 	at github.tornaco.xposedmoduletest.xposed.service.XAshmanServiceImpl.isInPermissionBlockList(XAshmanServiceImpl.java:3773)
01-07 07:13:15.477  3352  3352 I Xposed  : 	at github.tornaco.xposedmoduletest.xposed.service.XAshmanServiceImpl.getPermissionControlBlockModeForPkg(XAshmanServiceImpl.java:2785)
01-07 07:13:15.477  3352  3352 I Xposed  : 	at github.tornaco.xposedmoduletest.xposed.app.XAshmanManager.getPermissionControlBlockModeForPkg(XAshmanManager.java:520)
01-07 07:13:15.477  3352  3352 I Xposed  : 	at github.tornaco.xposedmoduletest.xposed.submodules.WakelockSubModule$1.beforeHookedMethod(WakelockSubModule.java:66)
01-07 07:13:15.477  3352  3352 I Xposed  : 	at de.robv.android.xposed.XposedBridge.handleHookedMethod(XposedBridge.java:341)
01-07 07:13:15.477  3352  3352 I Xposed  : 	at android.os.PowerManager$WakeLock.acquire(<Xposed>)
01-07 07:13:15.477  3352  3352 I Xposed  : 	at com.android.internal.telephony.RIL.acquireWakeLock(RIL.java:4121)
01-07 07:13:15.477  3352  3352 I Xposed  : 	at com.android.internal.telephony.RIL.addRequest(RIL.java:664)
01-07 07:13:15.477  3352  3352 I Xposed  : 	at com.android.internal.telephony.RIL.obtainRequest(RIL.java:673)
01-07 07:13:15.477  3352  3352 I Xposed  : 	at com.android.internal.telephony.RIL.setUnsolResponseFilter(RIL.java:3727)
01-07 07:13:15.477  3352  3352 I Xposed  : 	at com.android.internal.telephony.DeviceStateMonitor.setUnsolResponseFilter(DeviceStateMonitor.java:342)
01-07 07:13:15.477  3352  3352 I Xposed  : 	at com.android.internal.telephony.DeviceStateMonitor.onRilConnected(DeviceStateMonitor.java:304)
01-07 07:13:15.477  3352  3352 I Xposed  : 	at com.android.internal.telephony.DeviceStateMonitor.handleMessage(DeviceStateMonitor.java:234)
01-07 07:13:15.477  3352  3352 I Xposed  : 	at android.os.Handler.dispatchMessage(Handler.java:106)
01-07 07:13:15.477  3352  3352 I Xposed  : 	at android.os.Looper.loop(Looper.java:164)
01-07 07:13:15.477  3352  3352 I Xposed  : 	at android.app.ActivityThread.main(ActivityThread.java:6494)
01-07 07:13:15.477  3352  3352 I Xposed  : 	at java.lang.reflect.Method.invoke(Native Method)
01-07 07:13:15.477  3352  3352 I Xposed  : 	at com.android.internal.os.RuntimeInit$MethodAndArgsCaller.run(RuntimeInit.java:440)
01-07 07:13:15.477  3352  3352 I Xposed  : 	at com.android.internal.os.ZygoteInit.main(ZygoteInit.java:807)
01-07 07:13:15.477  3352  3352 I Xposed  : 	at de.robv.android.xposed.XposedBridge.main(XposedBridge.java:108)
01-07 07:13:15.479  3352  3352 I Xposed  : X-APM-S-4.1.5-WARN-Error getPermissionControlBlockModeForPkg: java.lang.NullPointerException: Attempt to invoke virtual method 'github.tornaco.xposedmoduletest.xposed.repo.SetRepo github.tornaco.xposedmoduletest.xposed.repo.RepoProxy.getPerms()' on a null object reference
01-07 07:13:15.479  3352  3352 I Xposed  : 	at github.tornaco.xposedmoduletest.xposed.service.XAshmanServiceImpl.isInPermissionBlockList(XAshmanServiceImpl.java:3773)
01-07 07:13:15.479  3352  3352 I Xposed  : 	at github.tornaco.xposedmoduletest.xposed.service.XAshmanServiceImpl.getPermissionControlBlockModeForPkg(XAshmanServiceImpl.java:2785)
01-07 07:13:15.479  3352  3352 I Xposed  : 	at github.tornaco.xposedmoduletest.xposed.app.XAshmanManager.getPermissionControlBlockModeForPkg(XAshmanManager.java:520)
01-07 07:13:15.479  3352  3352 I Xposed  : 	at github.tornaco.xposedmoduletest.xposed.submodules.WakelockSubModule$1.beforeHookedMethod(WakelockSubModule.java:66)
01-07 07:13:15.479  3352  3352 I Xposed  : 	at de.robv.android.xposed.XposedBridge.handleHookedMethod(XposedBridge.java:341)
01-07 07:13:15.479  3352  3352 I Xposed  : 	at android.os.PowerManager$WakeLock.acquire(<Xposed>)
01-07 07:13:15.479  3352  3352 I Xposed  : 	at com.android.internal.telephony.RIL.acquireWakeLock(RIL.java:4121)
01-07 07:13:15.479  3352  3352 I Xposed  : 	at com.android.internal.telephony.RIL.addRequest(RIL.java:664)
01-07 07:13:15.479  3352  3352 I Xposed  : 	at com.android.internal.telephony.RIL.obtainRequest(RIL.java:673)
01-07 07:13:15.479  3352  3352 I Xposed  : 	at com.android.internal.telephony.RIL.getBasebandVersion(RIL.java:1970)
01-07 07:13:15.479  3352  3352 I Xposed  : 	at com.android.internal.telephony.GsmCdmaPhone.handleRadioAvailable(GsmCdmaPhone.java:2080)
01-07 07:13:15.479  3352  3352 I Xposed  : 	at com.android.internal.telephony.GsmCdmaPhone.handleMessage(GsmCdmaPhone.java:2123)
01-07 07:13:15.479  3352  3352 I Xposed  : 	at android.os.Handler.dispatchMessage(Handler.java:106)
01-07 07:13:15.479  3352  3352 I Xposed  : 	at android.os.Looper.loop(Looper.java:164)
01-07 07:13:15.479  3352  3352 I Xposed  : 	at android.app.ActivityThread.main(ActivityThread.java:6494)
01-07 07:13:15.479  3352  3352 I Xposed  : 	at java.lang.reflect.Method.invoke(Native Method)
01-07 07:13:15.479  3352  3352 I Xposed  : 	at com.android.internal.os.RuntimeInit$MethodAndArgsCaller.run(RuntimeInit.java:440)
01-07 07:13:15.479  3352  3352 I Xposed  : 	at com.android.internal.os.ZygoteInit.main(ZygoteInit.java:807)
01-07 07:13:15.479  3352  3352 I Xposed  : 	at de.robv.android.xposed.XposedBridge.main(XposedBridge.java:108)
01-07 07:13:15.484  3352  3352 I Xposed  : X-APM-S-4.1.5-WARN-Error getPermissionControlBlockModeForPkg: java.lang.NullPointerException: Attempt to invoke virtual method 'github.tornaco.xposedmoduletest.xposed.repo.SetRepo github.tornaco.xposedmoduletest.xposed.repo.RepoProxy.getPerms()' on a null object reference
01-07 07:13:15.484  3352  3352 I Xposed  : 	at github.tornaco.xposedmoduletest.xposed.service.XAshmanServiceImpl.isInPermissionBlockList(XAshmanServiceImpl.java:3773)
01-07 07:13:15.484  3352  3352 I Xposed  : 	at github.tornaco.xposedmoduletest.xposed.service.XAshmanServiceImpl.getPermissionControlBlockModeForPkg(XAshmanServiceImpl.java:2785)
01-07 07:13:15.484  3352  3352 I Xposed  : 	at github.tornaco.xposedmoduletest.xposed.app.XAshmanManager.getPermissionControlBlockModeForPkg(XAshmanManager.java:520)
01-07 07:13:15.484  3352  3352 I Xposed  : 	at github.tornaco.xposedmoduletest.xposed.submodules.WakelockSubModule$1.beforeHookedMethod(WakelockSubModule.java:66)
01-07 07:13:15.484  3352  3352 I Xposed  : 	at de.robv.android.xposed.XposedBridge.handleHookedMethod(XposedBridge.java:341)
01-07 07:13:15.484  3352  3352 I Xposed  : 	at android.os.PowerManager$WakeLock.acquire(<Xposed>)
01-07 07:13:15.484  3352  3352 I Xposed  : 	at com.android.internal.telephony.RIL.acquireWakeLock(RIL.java:4121)
01-07 07:13:15.484  3352  3352 I Xposed  : 	at com.android.internal.telephony.RIL.addRequest(RIL.java:664)
01-07 07:13:15.484  3352  3352 I Xposed  : 	at com.android.internal.telephony.RIL.obtainRequest(RIL.java:673)
01-07 07:13:15.484  3352  3352 I Xposed  : 	at com.android.internal.telephony.RIL.getDeviceIdentity(RIL.java:2840)
01-07 07:13:15.484  3352  3352 I Xposed  : 	at com.android.internal.telephony.GsmCdmaPhone.handleRadioAvailable(GsmCdmaPhone.java:2082)
01-07 07:13:15.484  3352  3352 I Xposed  : 	at com.android.internal.telephony.GsmCdmaPhone.handleMessage(GsmCdmaPhone.java:2123)
01-07 07:13:15.484  3352  3352 I Xposed  : 	at android.os.Handler.dispatchMessage(Handler.java:106)
01-07 07:13:15.484  3352  3352 I Xposed  : 	at android.os.Looper.loop(Looper.java:164)
01-07 07:13:15.484  3352  3352 I Xposed  : 	at android.app.ActivityThread.main(ActivityThread.java:6494)
01-07 07:13:15.484  3352  3352 I Xposed  : 	at java.lang.reflect.Method.invoke(Native Method)
01-07 07:13:15.484  3352  3352 I Xposed  : 	at com.android.internal.os.RuntimeInit$MethodAndArgsCaller.run(RuntimeInit.java:440)
01-07 07:13:15.484  3352  3352 I Xposed  : 	at com.android.internal.os.ZygoteInit.main(ZygoteInit.java:807)
01-07 07:13:15.484  3352  3352 I Xposed  : 	at de.robv.android.xposed.XposedBridge.main(XposedBridge.java:108)
01-07 07:13:15.487  3352  3352 I Xposed  : X-APM-S-4.1.5-WARN-Error getPermissionControlBlockModeForPkg: java.lang.NullPointerException: Attempt to invoke virtual method 'github.tornaco.xposedmoduletest.xposed.repo.SetRepo github.tornaco.xposedmoduletest.xposed.repo.RepoProxy.getPerms()' on a null object reference
01-07 07:13:15.487  3352  3352 I Xposed  : 	at github.tornaco.xposedmoduletest.xposed.service.XAshmanServiceImpl.isInPermissionBlockList(XAshmanServiceImpl.java:3773)
01-07 07:13:15.487  3352  3352 I Xposed  : 	at github.tornaco.xposedmoduletest.xposed.service.XAshmanServiceImpl.getPermissionControlBlockModeForPkg(XAshmanServiceImpl.java:2785)
01-07 07:13:15.487  3352  3352 I Xposed  : 	at github.tornaco.xposedmoduletest.xposed.app.XAshmanManager.getPermissionControlBlockModeForPkg(XAshmanManager.java:520)
01-07 07:13:15.487  3352  3352 I Xposed  : 	at github.tornaco.xposedmoduletest.xposed.submodules.WakelockSubModule$1.beforeHookedMethod(WakelockSubModule.java:66)
01-07 07:13:15.487  3352  3352 I Xposed  : 	at de.robv.android.xposed.XposedBridge.handleHookedMethod(XposedBridge.java:341)
01-07 07:13:15.487  3352  3352 I Xposed  : 	at android.os.PowerManager$WakeLock.acquire(<Xposed>)
01-07 07:13:15.487  3352  3352 I Xposed  : 	at com.android.internal.telephony.RIL.acquireWakeLock(RIL.java:4121)
01-07 07:13:15.487  3352  3352 I Xposed  : 	at com.android.internal.telephony.RIL.addRequest(RIL.java:664)
01-07 07:13:15.487  3352  3352 I Xposed  : 	at com.android.internal.telephony.RIL.obtainRequest(RIL.java:673)
01-07 07:13:15.487  3352  3352 I Xposed  : 	at com.android.internal.telephony.RIL.getRadioCapability(RIL.java:3496)
01-07 07:13:15.487  3352  3352 I Xposed  : 	at com.android.internal.telephony.GsmCdmaPhone.handleRadioAvailable(GsmCdmaPhone.java:2083)
01-07 07:13:15.487  3352  3352 I Xposed  : 	at com.android.internal.telephony.GsmCdmaPhone.handleMessage(GsmCdmaPhone.java:2123)
01-07 07:13:15.487  3352  3352 I Xposed  : 	at android.os.Handler.dispatchMessage(Handler.java:106)
01-07 07:13:15.487  3352  3352 I Xposed  : 	at android.os.Looper.loop(Looper.java:164)
01-07 07:13:15.487  3352  3352 I Xposed  : 	at android.app.ActivityThread.main(ActivityThread.java:6494)
01-07 07:13:15.487  3352  3352 I Xposed  : 	at java.lang.reflect.Method.invoke(Native Method)
01-07 07:13:15.487  3352  3352 I Xposed  : 	at com.android.internal.os.RuntimeInit$MethodAndArgsCaller.run(RuntimeInit.java:440)
01-07 07:13:15.487  3352  3352 I Xposed  : 	at com.android.internal.os.ZygoteInit.main(ZygoteInit.java:807)
01-07 07:13:15.487  3352  3352 I Xposed  : 	at de.robv.android.xposed.XposedBridge.main(XposedBridge.java:108)
01-07 07:13:15.488  3352  3352 I Xposed  : X-APM-S-4.1.5-WARN-Error getPermissionControlBlockModeForPkg: java.lang.NullPointerException: Attempt to invoke virtual method 'github.tornaco.xposedmoduletest.xposed.repo.SetRepo github.tornaco.xposedmoduletest.xposed.repo.RepoProxy.getPerms()' on a null object reference
01-07 07:13:15.488  3352  3352 I Xposed  : 	at github.tornaco.xposedmoduletest.xposed.service.XAshmanServiceImpl.isInPermissionBlockList(XAshmanServiceImpl.java:3773)
01-07 07:13:15.488  3352  3352 I Xposed  : 	at github.tornaco.xposedmoduletest.xposed.service.XAshmanServiceImpl.getPermissionControlBlockModeForPkg(XAshmanServiceImpl.java:2785)
01-07 07:13:15.488  3352  3352 I Xposed  : 	at github.tornaco.xposedmoduletest.xposed.app.XAshmanManager.getPermissionControlBlockModeForPkg(XAshmanManager.java:520)
01-07 07:13:15.488  3352  3352 I Xposed  : 	at github.tornaco.xposedmoduletest.xposed.submodules.WakelockSubModule$1.beforeHookedMethod(WakelockSubModule.java:66)
01-07 07:13:15.488  3352  3352 I Xposed  : 	at de.robv.android.xposed.XposedBridge.handleHookedMethod(XposedBridge.java:341)
01-07 07:13:15.488  3352  3352 I Xposed  : 	at android.os.PowerManager$WakeLock.acquire(<Xposed>)
01-07 07:13:15.488  3352  3352 I Xposed  : 	at com.android.internal.telephony.RIL.acquireWakeLock(RIL.java:4121)
01-07 07:13:15.488  3352  3352 I Xposed  : 	at com.android.internal.telephony.RIL.addRequest(RIL.java:664)
01-07 07:13:15.488  3352  3352 I Xposed  : 	at com.android.internal.telephony.RIL.obtainRequest(RIL.java:673)
01-07 07:13:15.488  3352  3352 I Xposed  : 	at com.android.internal.telephony.RIL.startLceService(RIL.java:3544)
01-07 07:13:15.488  3352  3352 I Xposed  : 	at com.android.internal.telephony.Phone.startLceAfterRadioIsAvailable(Phone.java:3415)
01-07 07:13:15.488  3352  3352 I Xposed  : 	at com.android.internal.telephony.GsmCdmaPhone.handleRadioAvailable(GsmCdmaPhone.java:2084)
01-07 07:13:15.488  3352  3352 I Xposed  : 	at com.android.internal.telephony.GsmCdmaPhone.handleMessage(GsmCdmaPhone.java:2123)
01-07 07:13:15.488  3352  3352 I Xposed  : 	at android.os.Handler.dispatchMessage(Handler.java:106)
01-07 07:13:15.488  3352  3352 I Xposed  : 	at android.os.Looper.loop(Looper.java:164)
01-07 07:13:15.488  3352  3352 I Xposed  : 	at android.app.ActivityThread.main(ActivityThread.java:6494)
01-07 07:13:15.488  3352  3352 I Xposed  : 	at java.lang.reflect.Method.invoke(Native Method)
01-07 07:13:15.488  3352  3352 I Xposed  : 	at com.android.internal.os.RuntimeInit$MethodAndArgsCaller.run(RuntimeInit.java:440)
01-07 07:13:15.488  3352  3352 I Xposed  : 	at com.android.internal.os.ZygoteInit.main(ZygoteInit.java:807)
01-07 07:13:15.488  3352  3352 I Xposed  : 	at de.robv.android.xposed.XposedBridge.main(XposedBridge.java:108)
01-07 07:13:15.492  3352  3352 I Xposed  : X-APM-S-4.1.5-WARN-Error getPermissionControlBlockModeForPkg: java.lang.NullPointerException: Attempt to invoke virtual method 'github.tornaco.xposedmoduletest.xposed.repo.SetRepo github.tornaco.xposedmoduletest.xposed.repo.RepoProxy.getPerms()' on a null object reference
01-07 07:13:15.492  3352  3352 I Xposed  : 	at github.tornaco.xposedmoduletest.xposed.service.XAshmanServiceImpl.isInPermissionBlockList(XAshmanServiceImpl.java:3773)
01-07 07:13:15.492  3352  3352 I Xposed  : 	at github.tornaco.xposedmoduletest.xposed.service.XAshmanServiceImpl.getPermissionControlBlockModeForPkg(XAshmanServiceImpl.java:2785)
01-07 07:13:15.492  3352  3352 I Xposed  : 	at github.tornaco.xposedmoduletest.xposed.app.XAshmanManager.getPermissionControlBlockModeForPkg(XAshmanManager.java:520)
01-07 07:13:15.492  3352  3352 I Xposed  : 	at github.tornaco.xposedmoduletest.xposed.submodules.WakelockSubModule$1.beforeHookedMethod(WakelockSubModule.java:66)
01-07 07:13:15.492  3352  3352 I Xposed  : 	at de.robv.android.xposed.XposedBridge.handleHookedMethod(XposedBridge.java:341)
01-07 07:13:15.492  3352  3352 I Xposed  : 	at android.os.PowerManager$WakeLock.acquire(<Xposed>)
01-07 07:13:15.492  3352  3352 I Xposed  : 	at com.android.internal.telephony.RIL.acquireWakeLock(RIL.java:4121)
01-07 07:13:15.492  3352  3352 I Xposed  : 	at com.android.internal.telephony.RIL.addRequest(RIL.java:664)
01-07 07:13:15.492  3352  3352 I Xposed  : 	at com.android.internal.telephony.RIL.obtainRequest(RIL.java:673)
01-07 07:13:15.492  3352  3352 I Xposed  : 	at com.android.internal.telephony.RIL.setRadioPower(RIL.java:1171)
01-07 07:13:15.492  3352  3352 I Xposed  : 	at com.android.internal.telephony.ServiceStateTracker.setPowerStateToDesired(ServiceStateTracker.java:2427)
01-07 07:13:15.492  3352  3352 I Xposed  : 	at com.android.internal.telephony.ServiceStateTracker.handleMessage(ServiceStateTracker.java:1146)
01-07 07:13:15.492  3352  3352 I Xposed  : 	at android.os.Handler.dispatchMessage(Handler.java:106)
01-07 07:13:15.492  3352  3352 I Xposed  : 	at android.os.Looper.loop(Looper.java:164)
01-07 07:13:15.492  3352  3352 I Xposed  : 	at android.app.ActivityThread.main(ActivityThread.java:6494)
01-07 07:13:15.492  3352  3352 I Xposed  : 	at java.lang.reflect.Method.invoke(Native Method)
01-07 07:13:15.492  3352  3352 I Xposed  : 	at com.android.internal.os.RuntimeInit$MethodAndArgsCaller.run(RuntimeInit.java:440)
01-07 07:13:15.492  3352  3352 I Xposed  : 	at com.android.internal.os.ZygoteInit.main(ZygoteInit.java:807)
01-07 07:13:15.492  3352  3352 I Xposed  : 	at de.robv.android.xposed.XposedBridge.main(XposedBridge.java:108)
01-07 07:13:15.493  3352  3352 I Xposed  : X-APM-S-4.1.5-WARN-Error getPermissionControlBlockModeForPkg: java.lang.NullPointerException: Attempt to invoke virtual method 'github.tornaco.xposedmoduletest.xposed.repo.SetRepo github.tornaco.xposedmoduletest.xposed.repo.RepoProxy.getPerms()' on a null object reference
01-07 07:13:15.493  3352  3352 I Xposed  : 	at github.tornaco.xposedmoduletest.xposed.service.XAshmanServiceImpl.isInPermissionBlockList(XAshmanServiceImpl.java:3773)
01-07 07:13:15.493  3352  3352 I Xposed  : 	at github.tornaco.xposedmoduletest.xposed.service.XAshmanServiceImpl.getPermissionControlBlockModeForPkg(XAshmanServiceImpl.java:2785)
01-07 07:13:15.493  3352  3352 I Xposed  : 	at github.tornaco.xposedmoduletest.xposed.app.XAshmanManager.getPermissionControlBlockModeForPkg(XAshmanManager.java:520)
01-07 07:13:15.493  3352  3352 I Xposed  : 	at github.tornaco.xposedmoduletest.xposed.submodules.WakelockSubModule$1.beforeHookedMethod(WakelockSubModule.java:66)
01-07 07:13:15.493  3352  3352 I Xposed  : 	at de.robv.android.xposed.XposedBridge.handleHookedMethod(XposedBridge.java:341)
01-07 07:13:15.493  3352  3352 I Xposed  : 	at android.os.PowerManager$WakeLock.acquire(<Xposed>)
01-07 07:13:15.493  3352  3352 I Xposed  : 	at com.android.internal.telephony.RIL.acquireWakeLock(RIL.java:4121)
01-07 07:13:15.493  3352  3352 I Xposed  : 	at com.android.internal.telephony.RIL.addRequest(RIL.java:664)
01-07 07:13:15.493  3352  3352 I Xposed  : 	at com.android.internal.telephony.RIL.obtainRequest(RIL.java:673)
01-07 07:13:15.493  3352  3352 I Xposed  : 	at com.android.internal.telephony.RIL.getOperator(RIL.java:1154)
01-07 07:13:15.493  3352  3352 I Xposed  : 	at com.android.internal.telephony.ServiceStateTracker.pollState(ServiceStateTracker.java:2624)
01-07 07:13:15.493  3352  3352 I Xposed  : 	at com.android.internal.telephony.ServiceStateTracker.modemTriggeredPollState(ServiceStateTracker.java:2586)
01-07 07:13:15.493  3352  3352 I Xposed  : 	at com.android.internal.telephony.ServiceStateTracker.handleMessage(ServiceStateTracker.java:1148)
01-07 07:13:15.493  3352  3352 I Xposed  : 	at android.os.Handler.dispatchMessage(Handler.java:106)
01-07 07:13:15.493  3352  3352 I Xposed  : 	at android.os.Looper.loop(Looper.java:164)
01-07 07:13:15.493  3352  3352 I Xposed  : 	at android.app.ActivityThread.main(ActivityThread.java:6494)
01-07 07:13:15.493  3352  3352 I Xposed  : 	at java.lang.reflect.Method.invoke(Native Method)
01-07 07:13:15.493  3352  3352 I Xposed  : 	at com.android.internal.os.RuntimeInit$MethodAndArgsCaller.run(RuntimeInit.java:440)
01-07 07:13:15.493  3352  3352 I Xposed  : 	at com.android.internal.os.ZygoteInit.main(ZygoteInit.java:807)
01-07 07:13:15.493  3352  3352 I Xposed  : 	at de.robv.android.xposed.XposedBridge.main(XposedBridge.java:108)
01-07 07:13:15.496  3352  3352 I Xposed  : X-APM-S-4.1.5-WARN-Error getPermissionControlBlockModeForPkg: java.lang.NullPointerException: Attempt to invoke virtual method 'github.tornaco.xposedmoduletest.xposed.repo.SetRepo github.tornaco.xposedmoduletest.xposed.repo.RepoProxy.getPerms()' on a null object reference
01-07 07:13:15.496  3352  3352 I Xposed  : 	at github.tornaco.xposedmoduletest.xposed.service.XAshmanServiceImpl.isInPermissionBlockList(XAshmanServiceImpl.java:3773)
01-07 07:13:15.496  3352  3352 I Xposed  : 	at github.tornaco.xposedmoduletest.xposed.service.XAshmanServiceImpl.getPermissionControlBlockModeForPkg(XAshmanServiceImpl.java:2785)
01-07 07:13:15.496  3352  3352 I Xposed  : 	at github.tornaco.xposedmoduletest.xposed.app.XAshmanManager.getPermissionControlBlockModeForPkg(XAshmanManager.java:520)
01-07 07:13:15.496  3352  3352 I Xposed  : 	at github.tornaco.xposedmoduletest.xposed.submodules.WakelockSubModule$1.beforeHookedMethod(WakelockSubModule.java:66)
01-07 07:13:15.496  3352  3352 I Xposed  : 	at de.robv.android.xposed.XposedBridge.handleHookedMethod(XposedBridge.java:341)
01-07 07:13:15.496  3352  3352 I Xposed  : 	at android.os.PowerManager$WakeLock.acquire(<Xposed>)
01-07 07:13:15.496  3352  3352 I Xposed  : 	at com.android.internal.telephony.RIL.acquireWakeLock(RIL.java:4121)
01-07 07:13:15.496  3352  3352 I Xposed  : 	at com.android.internal.telephony.RIL.addRequest(RIL.java:664)
01-07 07:13:15.496  3352  3352 I Xposed  : 	at com.android.internal.telephony.RIL.obtainRequest(RIL.java:673)
01-07 07:13:15.496  3352  3352 I Xposed  : 	at com.android.internal.telephony.RIL.getDataRegistrationState(RIL.java:1137)
01-07 07:13:15.496  3352  3352 I Xposed  : 	at com.android.internal.telephony.ServiceStateTracker.pollState(ServiceStateTracker.java:2627)
