03-25 23:12:33.624 10499 10499 I Xposed  : 	at github.tornaco.xposedmoduletest.xposed.service.XAshmanServiceImplDev.publish(Unknown Source:5)
03-25 23:12:33.624 10499 10499 I Xposed  : 	at github.tornaco.xposedmoduletest.xposed.service.XModuleServiceDelegate.publish(Unknown Source:2)
03-25 23:12:33.624 10499 10499 I Xposed  : 	at github.tornaco.xposedmoduletest.xposed.submodules.AMSStartSubModule$1.afterHookedMethod(Unknown Source:29)
03-25 23:12:33.624 10499 10499 I Xposed  : 	at de.robv.android.xposed.XposedBridge.handleHookedMethod(XposedBridge.java:375)
03-25 23:12:33.624 10499 10499 I Xposed  : 	at com.android.server.am.ActivityManagerService.start(<Xposed>)
03-25 23:12:33.624 10499 10499 I Xposed  : 	at com.android.server.am.ActivityManagerService.-wrap11(Unknown Source:0)
03-25 23:12:33.624 10499 10499 I Xposed  : 	at com.android.server.am.ActivityManagerService$Lifecycle.onStart(ActivityManagerService.java:2674)
03-25 23:12:33.624 10499 10499 I Xposed  : 	at com.android.server.SystemServiceManager.startService(SystemServiceManager.java:124)
03-25 23:12:33.624 10499 10499 I Xposed  : 	at com.android.server.SystemServiceManager.startService(SystemServiceManager.java:111)
03-25 23:12:33.624 10499 10499 I Xposed  : 	at com.android.server.SystemServer.startBootstrapServices(SystemServer.java:537)
03-25 23:12:33.624 10499 10499 I Xposed  : 	at de.robv.android.xposed.XposedBridge.invokeOriginalMethodNative(Native Method)
03-25 23:12:33.624 10499 10499 I Xposed  : 	at de.robv.android.xposed.XposedBridge.handleHookedMethod(XposedBridge.java:361)
03-25 23:12:33.624 10499 10499 I Xposed  : 	at com.android.server.SystemServer.startBootstrapServices(<Xposed>)
03-25 23:12:33.624 10499 10499 I Xposed  : 	at com.android.server.SystemServer.run(SystemServer.java:405)
03-25 23:12:33.624 10499 10499 I Xposed  : 	at com.android.server.SystemServer.main(SystemServer.java:283)
03-25 23:12:33.624 10499 10499 I Xposed  : 	at java.lang.reflect.Method.invoke(Native Method)
03-25 23:12:33.624 10499 10499 I Xposed  : 	at com.android.internal.os.RuntimeInit$MethodAndArgsCaller.run(RuntimeInit.java:442)
03-25 23:12:33.624 10499 10499 I Xposed  : 	at com.android.internal.os.ZygoteInit.main(ZygoteInit.java:787)
03-25 23:12:33.624 10499 10499 I Xposed  : 	at de.robv.android.xposed.XposedBridge.main(XposedBridge.java:108)
03-25 23:12:33.624 10499 10499 I Xposed  : X-APM-S-DEBUG-StringSetRepo: , comes up
03-25 23:12:33.625 10499 10499 I Xposed  : X-APM-S-WARN-getBaseFile not exists, skip load: 
03-25 23:12:33.627 10499 10499 I Xposed  : X-APM-S-DEBUG-StringMapRepo: app_focused, comes up
03-25 23:12:33.627 10499 10499 I Xposed  : X-APM-S-WARN-getBaseFile not exists, skip load: app_focused
03-25 23:12:33.628 10499 10499 I Xposed  : X-APM-S-DEBUG-StringMapRepo: app_unfocused, comes up
03-25 23:12:33.628 10499 10499 I Xposed  : X-APM-S-WARN-getBaseFile not exists, skip load: app_unfocused
03-25 23:12:33.628 10499 10499 I Xposed  : X-APM-S-DEBUG-StringMapRepo: component_replacement, comes up
03-25 23:12:33.665 10499 10499 I Xposed  : X-APM-S-VERBOSE-resetDozeEvent
03-25 23:12:33.666 10499 10499 I Xposed  : X-APM-S-VERBOSE-resetDozeEvent: DozeEvent(result=3, failCode=256, lastState=0, startTimeMills=-1, enterTimeMills=-1, endTimeMills=-1)
03-25 23:12:33.672 10499 10499 I Xposed  : X-APM-S-DEBUG-construct, mainHandler: Handler (android.os.Handler) {6e93f32}, mLazyHandler: Handler (android.os.Handler) {53d5483}, mDozeHandler: Handler (android.os.Handler) {b2f1600}, @serial: b9e0d479-d960-45fd-a5b0-a496309cce03
03-25 23:12:33.677 10499 10499 I Xposed  : X-APM-S-VERBOSE-construct, mServiceHandler: Handler (android.os.Handler) {fc08e39} -33f96c64-e297-44d2-97d7-e6abec452f35
03-25 23:12:33.678 10499 10499 I Xposed  : X-APM-S-VERBOSE-Repo proxy: github.tornaco.xposedmoduletest.xposed.repo.RepoProxy@9681c7e
03-25 23:12:33.678 10499 10499 I Xposed  : X-APM-S-BOOT_STAGE-attachAMS, proxy: github.tornaco.xposedmoduletest.xposed.service.am.AMSProxy@176b5df
03-25 23:12:33.678 10499 10499 W SystemServiceManager: Service com.android.server.am.ActivityManagerService$Lifecycle took 866 ms in onStart
03-25 23:12:33.678 10499 10499 D SystemServerTiming: StartActivityManager took to complete: 1047ms
03-25 23:12:33.678 10499 10499 I SystemServer: StartPowerManager
03-25 23:12:33.678 10499 10499 I SystemServiceManager: Starting com.android.server.power.PowerManagerService
03-25 23:12:33.683 10499 10552 I ServiceThread: Enabled StrictMode logging for PowerManagerService looper.
03-25 23:12:33.685 10499 10499 I libsuspend: Selected wakeup count
03-25 23:12:33.685   377   377 I QCOM PowerHAL: Got set_interactive hint
03-25 23:12:33.685   377   377 E QCOM PowerHAL: Invalid hint ID.
03-25 23:12:33.686 10499 10499 I Xposed  : X-APM-S-VERBOSE-****************** addService: power *****************
03-25 23:12:33.687 10499 10499 D SystemServerTiming: StartPowerManager took to complete: 9ms
03-25 23:12:33.687 10499 10499 I SystemServer: InitPowerManagement
03-25 23:12:33.691 10499 10499 D SystemServerTiming: InitPowerManagement took to complete: 4ms
03-25 23:12:33.691 10499 10499 I SystemServer: StartRecoverySystemService
03-25 23:12:33.692 10499 10499 I SystemServiceManager: Starting com.android.server.RecoverySystemService
03-25 23:12:33.693 10499 10499 I Xposed  : X-APM-S-VERBOSE-****************** addService: recovery *****************
03-25 23:12:33.693 10499 10499 D SystemServerTiming: StartRecoverySystemService took to complete: 2ms
03-25 23:12:33.694 10499 10499 V RescueParty: Disabled because of active USB connection
03-25 23:12:33.694 10499 10499 I SystemServer: StartLightsService
03-25 23:12:33.694 10499 10499 I SystemServiceManager: Starting com.android.server.lights.LightsService
03-25 23:12:33.695 10499 10499 D SystemServerTiming: StartLightsService took to complete: 0ms
03-25 23:12:33.695 10499 10499 I SystemServer: StartDisplayManager
03-25 23:12:33.695 10499 10499 I SystemServiceManager: Starting com.android.server.display.DisplayManagerService
03-25 23:12:33.697 10499 10499 I Xposed  : X-APM-S-VERBOSE-****************** addService: display *****************
03-25 23:12:33.698 10499 10499 D SystemServerTiming: StartDisplayManager took to complete: 3ms
03-25 23:12:33.698 10499 10499 I SystemServer: WaitForDisplay
03-25 23:12:33.698 10499 10499 I SystemServiceManager: Starting phase 100
03-25 23:12:33.705 10499 10528 I DisplayManagerService: Display device added: DisplayDeviceInfo{"": uniqueId="local:0", 1080 x 1920, modeId 1, defaultModeId 1, supportedModes [{id=1, width=1080, height=1920, fps=60.0}], colorMode 0, supportedColorModes [0], HdrCapabilities android.view.Display$HdrCapabilities@1d6308, density 400, 160.421 x 159.895 dpi, appVsyncOff 1000000, presDeadline 16666667, touch INTERNAL, rotation 0, type BUILT_IN, state UNKNOWN, FLAG_DEFAULT_DISPLAY, FLAG_ROTATES_WITH_CONTENT, FLAG_SECURE, FLAG_SUPPORTS_PROTECTED_BUFFERS}
03-25 23:12:33.705 10394 10394 D SurfaceFlinger: Set power mode=2, type=0 flinger=0xb1e4f000
03-25 23:12:33.737 10499 10528 I DisplayManagerService: Display device changed state: "", ON
03-25 23:12:33.738 10499 10499 D SystemServerTiming: WaitForDisplay took to complete: 40ms
03-25 23:12:33.738 10499 10499 I SystemServer: StartPackageManagerService
03-25 23:12:33.741 10499 10524 E BluetoothAdapter: Bluetooth binder is null
03-25 23:12:33.741 10499 10524 E BatteryExternalStatsWorker: no controller energy info supplied for telephony
03-25 23:12:33.743 10499 10524 E KernelUidCpuFreqTimeReader: Failed to read /proc/uid_time_in_state: java.io.FileNotFoundException: /proc/uid_time_in_state (No such file or directory)
03-25 23:12:33.743 10499 10524 W KernelWakelockReader: neither /proc/wakelocks nor /d/wakeup_sources exists, ignoring.
03-25 23:12:33.743 10499 10524 W BatteryStatsImpl: Couldn't get kernel wake lock stats
03-25 23:12:33.744   377   377 E QCOM PowerHAL: extract_stats: failed to open: /d/system_stats Error = No such file or directory
03-25 23:12:33.756 10499 10499 D SELinuxMMAC: Using policy file /system/etc/selinux/plat_mac_permissions.xml
03-25 23:12:33.769 10499 10499 D SELinuxMMAC: Using policy file /vendor/etc/selinux/nonplat_mac_permissions.xml
03-25 23:12:34.006 10499 10499 D PackageManager: No files in app dir /vendor/overlay
03-25 23:12:34.018 10499 10499 W PackageManager: Failed to parse /system/framework/arm: Missing base APK in /system/framework/arm
03-25 23:12:34.019 10499 10499 W PackageManager: Failed to parse /system/framework/oat: Missing base APK in /system/framework/oat
03-25 23:12:34.173 10499 10499 W PackageManager: Failed to scan /system/priv-app/Turbo: Package com.google.android.apps.turbo at /system/priv-app/Turbo ignored: updated version 10200839 better than this 25
03-25 23:12:34.346 10499 10509 I zygote  : Background concurrent copying GC freed 41814(2MB) AllocSpace objects, 17(920KB) LOS objects, 49% free, 6MB/12MB, paused 239us total 114.607ms
03-25 23:12:34.350 10499 10499 W PackageManager: Failed to scan /system/app/ViaBrowser: Package mark.via.gp at /system/app/ViaBrowser ignored: updated version 20180316 better than this 20171231
03-25 23:12:34.350 10499 10499 W PackageManager: Failed to scan /system/app/RetroMusicPlayer: Package code.name.monkey.retromusic at /system/app/RetroMusicPlayer ignored: updated version 10145 better than this 10114
03-25 23:12:34.421 10499 10499 W PackageManager: Failed to scan /system/app/CalendarGooglePrebuilt: Package com.google.android.calendar at /system/app/CalendarGooglePrebuilt ignored: updated version 2015743893 better than this 2015731002
03-25 23:12:34.423 10499 10499 W PackageManager: Failed to scan /system/app/YouTube: Package com.google.android.youtube at /system/app/YouTube ignored: updated version 1310593300 better than this 1310553330
03-25 23:12:34.462 10499 10499 W PackageManager: Failed to scan /system/app/PlusOne: Package com.google.android.apps.plus at /system/app/PlusOne ignored: updated version 419728743 better than this 419623339
03-25 23:12:34.489 10499 10499 W PackageManager: Failed to scan /system/app/Duo: Package com.google.android.apps.tachyon at /system/app/Duo ignored: updated version 1957136 better than this 1956416
03-25 23:12:34.529 10499 10499 W PackageManager: Failed to scan /system/app/WebViewStub: Package com.google.android.webview at /system/app/WebViewStub ignored: updated version 332510900 better than this 100
03-25 23:12:34.530 10499 10499 I PackageManager: /system/app/WallpaperPickerGooglePrebuilt changed; collecting certs
03-25 23:12:34.603 10499 10499 W PackageManager: Failed to scan /system/app/WallpaperPickerGooglePrebuilt: Application package com.google.android.apps.wallpaper already installed.  Skipping duplicate.
03-25 23:12:34.641 10499 10499 D PackageManager: No files in app dir /system/vendor/app
03-25 23:12:34.641 10499 10499 D PackageManager: No files in app dir /oem/app
03-25 23:12:34.647 10499 10499 I PackageManager: Finished scanning system apps. Time: 641 ms, packageCount: 133 , timePerPackage: 4 , cached: 142
03-25 23:12:34.774 10499 10509 I zygote  : Background concurrent copying GC freed 45168(2MB) AllocSpace objects, 42(2MB) LOS objects, 42% free, 10MB/18MB, paused 108us total 175.444ms
03-25 23:12:34.938 10499 10499 W PackageManager: Skipping provider name com.qiyi.video.fileprovider (in package com.qiyi.video): name already used by com.qiyi.video
03-25 23:12:34.944 10499 10499 D PackageManager: No files in app dir /data/app-private
03-25 23:12:34.944 10499 10499 I PackageManager: Finished scanning non-system apps. Time: 297 ms, packageCount: 35 , timePerPackage: 8 , cached: 34
03-25 23:12:34.951 10499 10499 I PackageManager: Time to scan packages: 0.946 seconds
03-25 23:12:34.953 10499 10499 I PackageManager: Un-granting permission android.permission.INSTALL_GRANT_RUNTIME_PERMISSIONS from package com.android.vending (protectionLevel=770 flags=0x384abe45)
03-25 23:12:34.953 10499 10499 I PackageManager: Un-granting permission android.permission.GRANT_RUNTIME_PERMISSIONS from package com.android.vending (protectionLevel=770 flags=0x384abe45)
03-25 23:12:34.953 10499 10499 I PackageManager: Un-granting permission android.permission.REVOKE_RUNTIME_PERMISSIONS from package com.android.vending (protectionLevel=770 flags=0x384abe45)
03-25 23:12:34.953 10499 10499 I PackageManager: Un-granting permission android.permission.SET_PREFERRED_APPLICATIONS from package com.android.vending (protectionLevel=514 flags=0x384abe45)
03-25 23:12:34.953 10499 10499 I PackageManager: Un-granting permission android.permission.ACCESS_INSTANT_APPS from package com.android.vending (protectionLevel=770 flags=0x384abe45)
03-25 23:12:34.958 10499 10499 V PackageManager: reconcileAppsData for null u0 0x3 migrateAppData=true
03-25 23:12:35.090 10499 10499 V PackageManager: reconcileAppsData finished 19 packages
03-25 23:12:35.092 10499 10585 D SystemServerInitThreadPool: Started executing prepareAppData
03-25 23:12:35.092 10499 10499 V PackageManager: Disabling com.google.android.gsf/com.google.android.gsf.update.SystemUpdateActivity
03-25 23:12:35.092 10499 10499 V PackageManager: Disabling com.google.android.gsf/com.google.android.gsf.update.SystemUpdateService$Receiver
03-25 23:12:35.093 10499 10499 V PackageManager: Disabling com.google.android.gsf/com.google.android.gsf.update.SystemUpdateService$SecretCodeReceiver
03-25 23:12:35.093 10499 10499 V PackageManager: Disabling com.google.android.gsf/com.google.android.gsf.update.SystemUpdateServiceReceiver
03-25 23:12:35.093 10499 10499 W PackageManager: Unable to disable com.google.android.gsf/com.google.android.gsf.update.SystemUpdateServiceReceiver
03-25 23:12:35.093 10499 10499 V PackageManager: Disabling com.google.android.gms/com.google.android.gms.update.SystemUpdateActivity
03-25 23:12:35.093 10499 10499 V PackageManager: Disabling com.google.android.gms/com.google.android.gms.update.SystemUpdateService$Receiver
03-25 23:12:35.094 10499 10499 W PackageManager: Unable to disable com.google.android.gms/com.google.android.gms.update.SystemUpdateService$Receiver
03-25 23:12:35.094 10499 10499 V PackageManager: Disabling com.google.android.gms/com.google.android.gms.update.SystemUpdateService$ActiveReceiver
03-25 23:12:35.094 10499 10499 W PackageManager: Unable to disable com.google.android.gms/com.google.android.gms.update.SystemUpdateService$ActiveReceiver
03-25 23:12:35.094 10499 10499 V PackageManager: Disabling com.google.android.gms/com.google.android.gms.update.SystemUpdateService$SecretCodeReceiver
03-25 23:12:35.094 10499 10499 W PackageManager: Unable to disable com.google.android.gms/com.google.android.gms.update.SystemUpdateService$SecretCodeReceiver
03-25 23:12:35.094 10499 10499 V PackageManager: Disabling com.google.android.gms/com.google.android.gms.update.SystemUpdateServiceReceiver
03-25 23:12:35.094 10499 10499 W PackageManager: Unable to disable com.google.android.gms/com.google.android.gms.update.SystemUpdateServiceReceiver
03-25 23:12:35.095 10499 10499 V PackageManager: Enabling com.google.android.gsf/com.google.android.gsf.update.SystemUpdateService
03-25 23:12:35.095 10499 10499 V PackageManager: Enabling com.google.android.gms/com.google.android.gms.update.SystemUpdateService
03-25 23:12:35.097   502  3024 W installd: Ignoring /data/data/com.android.defcontainer/lib with unexpected GID 0 instead of 10000
03-25 23:12:35.100   502  3024 W installd: Ignoring /data/data/com.google.android.dialer/lib with unexpected GID 0 instead of 10012
03-25 23:12:35.105   502  3024 W installd: Ignoring /data/data/com.google.android.inputmethod.latin/lib with unexpected GID 0 instead of 10052
03-25 23:12:35.107   502  3024 W installd: Ignoring /data/data/com.android.cts.priv.ctsshim/lib with unexpected GID 0 instead of 10022
03-25 23:12:35.108   502  3024 W installd: Ignoring /data/data/com.google.android.youtube/lib with unexpected GID 0 instead of 10066
03-25 23:12:35.109   502  3024 W installd: Ignoring /data/data/com.google.android.googlequicksearchbox/lib with unexpected GID 0 instead of 10037
03-25 23:12:35.109   502  3024 W installd: Ignoring /data/data/com.google.android.apps.docs.editors.docs/lib with unexpected GID 0 instead of 10045
03-25 23:12:35.111   502  3024 W installd: Ignoring /data/data/com.google.android.apps.docs.editors.sheets/lib with unexpected GID 0 instead of 10078
03-25 23:12:35.111   502  3024 W installd: Ignoring /data/data/com.google.android.apps.docs.editors.slides/lib with unexpected GID 0 instead of 10089
03-25 23:12:35.112   502  3024 W installd: Ignoring /data/data/com.android.terminal/lib with unexpected GID 0 instead of 10067
03-25 23:12:35.114   502  3024 W installd: Ignoring /data/data/com.google.android.apps.messaging/lib with unexpected GID 0 instead of 10058
03-25 23:12:35.115   502  3024 W installd: Ignoring /data/data/com.android.vending/lib with unexpected GID 0 instead of 10036
03-25 23:12:35.116   502  3024 W installd: Ignoring /data/data/com.android.pacprocessor/lib with unexpected GID 0 instead of 10107
03-25 23:12:35.119   502  3024 W installd: Ignoring /data/data/com.google.android.apps.tachyon/lib with unexpected GID 0 instead of 10086
03-25 23:12:35.121   502  3024 W installd: Ignoring /data/data/com.android.printspooler/lib with unexpected GID 0 instead of 10103
03-25 23:12:35.122   502  3024 W installd: Ignoring /data/data/com.google.android.apps.docs/lib with unexpected GID 0 instead of 10069
03-25 23:12:35.122   502  3024 W installd: Ignoring /data/data/com.google.android.apps.maps/lib with unexpected GID 0 instead of 10099
03-25 23:12:35.123   502  3024 W installd: Ignoring /data/data/com.google.android.apps.plus/lib with unexpected GID 0 instead of 10065
03-25 23:12:35.123   502  3024 W installd: Ignoring /data/data/com.google.android.webview/lib with unexpected GID 0 instead of 10106
03-25 23:12:35.124   502  3024 W installd: Ignoring /data/data/com.android.facelock/lib with unexpected GID 0 instead of 10110
03-25 23:12:35.125   502  3024 W installd: Ignoring /data/data/com.android.chrome/lib with unexpected GID 0 instead of 10057
03-25 23:12:35.126   502  3024 W installd: Ignoring /data/data/com.google.android.gms/lib with unexpected GID 0 instead of 10014
03-25 23:12:35.126   502  3024 W installd: Ignoring /data/data/com.google.android.gsf/lib with unexpected GID 0 instead of 10014
03-25 23:12:35.127   502  3024 W installd: Ignoring /data/data/com.google.android.tts/lib with unexpected GID 0 instead of 10102
03-25 23:12:35.128   502  3024 W installd: Ignoring /data/data/com.google.android.videos/lib with unexpected GID 0 instead of 10068
03-25 23:12:35.130   502  3024 W installd: Ignoring /data/data/com.google.android.apps.photos/lib with unexpected GID 0 instead of 10111
03-25 23:12:35.131   502  3024 W installd: Ignoring /data/data/com.google.android.gsf.login/lib with unexpected GID 0 instead of 10014
03-25 23:12:35.131   502  3024 W installd: Ignoring /data/data/com.google.android.backuptransport/lib with unexpected GID 0 instead of 10014
03-25 23:12:35.133   502  3024 W installd: Ignoring /data/data/com.google.android.keep/lib with unexpected GID 0 instead of 10108
03-25 23:12:35.134   502  3024 W installd: Ignoring /data/data/com.google.android.talk/lib with unexpected GID 0 instead of 10076
03-25 23:12:35.139   502  3024 W installd: Ignoring /data/data/com.google.android.play.games/lib with unexpected GID 0 instead of 10098
03-25 23:12:35.139   502  3024 W installd: Ignoring /data/data/com.android.bluetooth/lib with unexpected GID 0 instead of 1002
03-25 23:12:35.140   502  3024 W installd: Ignoring /data/data/com.coolapk.market/lib with unexpected GID 0 instead of 10113
03-25 23:12:35.141   502  3024 W installd: Ignoring /data/data/com.tencent.mm/lib with unexpected GID 0 instead of 10117
03-25 23:12:35.142   502  3024 W installd: Ignoring /data/data/org.telegram.messenger/lib with unexpected GID 0 instead of 10118
03-25 23:12:35.142   502  3024 W installd: Ignoring /data/data/com.oblatum.iconpack/lib with unexpected GID 0 instead of 10120
03-25 23:12:35.143   502  3024 W installd: Ignoring /data/data/me.morirain.dev.iconpack.pure/lib with unexpected GID 0 instead of 10121
03-25 23:12:35.143   502  3024 W installd: Ignoring /data/data/com.sorcerer.sorcery.iconpack/lib with unexpected GID 0 instead of 10122
03-25 23:12:35.144   502  3024 W installd: Ignoring /data/data/com.github.shadowsocks/lib with unexpected GID 0 instead of 10123
03-25 23:12:35.144   502  3024 W installd: Ignoring /data/data/org.thunderdog.challegram/lib with unexpected GID 0 instead of 10124
03-25 23:12:35.145   502  3024 W installd: Ignoring /data/data/com.sina.weibo/lib with unexpected GID 0 instead of 10125
03-25 23:12:35.145   502  3024 W installd: Ignoring /data/data/com.jd.jrapp/lib with unexpected GID 0 instead of 10126
03-25 23:12:35.146   502  3024 W installd: Ignoring /data/data/com.pleasure.trace_wechat/lib with unexpected GID 0 instead of 10127
03-25 23:12:35.146   502  3024 W installd: Ignoring /data/data/cn.coldsong.fusionapp/lib with unexpected GID 0 instead of 10128
03-25 23:12:35.146   502  3024 W installd: Ignoring /data/data/com.qiyi.video/lib with unexpected GID 0 instead of 10129
03-25 23:12:35.147   502  3024 W installd: Ignoring /data/data/com.ruguoapp.jike/lib with unexpected GID 0 instead of 10130
03-25 23:12:35.147   502  3024 W installd: Ignoring /data/data/com.baidu.netdisk/lib with unexpected GID 0 instead of 10131
03-25 23:12:35.147   502  3024 W installd: Ignoring /data/data/com.taobao.idlefish/lib with unexpected GID 0 instead of 10132
03-25 23:12:35.148   502  3024 W installd: Ignoring /data/data/org.outline.android.client/lib with unexpected GID 0 instead of 10133
03-25 23:12:35.149   502  3024 W installd: Ignoring /data/data/fm.xiami.main/lib with unexpected GID 0 instead of 10116
03-25 23:12:35.150   502  3024 W installd: Ignoring /data/data/org.telegram.btcchat/lib with unexpected GID 0 instead of 10136
03-25 23:12:35.151   502  3024 W installd: Ignoring /data/data/com.example.guohao4.demo/lib with unexpected GID 0 instead of 10138
03-25 23:12:35.154   502  3024 W installd: Ignoring /data/user_de/0/com.android.defcontainer/lib with unexpected GID 0 instead of 10000
03-25 23:12:35.170   502  3024 W installd: Ignoring /data/user_de/0/com.android.bluetooth/lib with unexpected GID 0 instead of 1002
03-25 23:12:35.171   502  3024 W installd: Ignoring /data/user_de/0/eu.chainfire.supersu/requests with unexpected GID 0 instead of 10115
03-25 23:12:35.171   502  3024 W installd: Ignoring /data/user_de/0/eu.chainfire.supersu/requests with unexpected GID 0 instead of 10115
03-25 23:12:35.171   502  3024 W installd: Ignoring /data/user_de/0/eu.chainfire.supersu/logs with unexpected GID 0 instead of 10115
03-25 23:12:35.171   502  3024 I installd: Fixing /data/user_de/0/eu.chainfire.supersu/logs/L15220339460000.GRANTED.github.tornaco.xposedmoduletest with unexpected GID 0 instead of 10115
03-25 23:12:35.171   502  3024 W installd: Ignoring /data/user_de/0/eu.chainfire.supersu/logs with unexpected GID 0 instead of 10115
03-25 23:12:35.174 10499 10585 D SystemServerTimingAsync: AppDataFixup took to complete: 81ms
03-25 23:12:35.229 10499 10499 V PackageManager: Ephemeral resolver found; pkg: com.google.android.gms, info:ResolveInfo{f989d04 com.google.android.gms/.chimera.PersistentBoundBrokerService m=0x108000}
03-25 23:12:35.229 10499 10499 D PackageManager: Set ephemeral resolver: Pair{ComponentInfo{com.google.android.gms/com.google.android.gms.chimera.PersistentBoundBrokerService} android.intent.action.RESOLVE_INSTANT_APP_PACKAGE}
03-25 23:12:35.233 10499 10499 D PackageManager: Set ephemeral installer activity: ComponentInfo{com.android.vending/com.google.android.finsky.instantapps.EphemeralInstallerActivity}
03-25 23:12:35.520 10499 10499 I zygote  : Explicit concurrent copying GC freed 54803(3MB) AllocSpace objects, 34(2MB) LOS objects, 42% free, 9MB/17MB, paused 125us total 267.159ms
03-25 23:12:35.523 10499 10499 D FallbackCategoryProvider: Found 1 fallback categories
03-25 23:12:35.526 10499 10499 I Xposed  : X-APM-S-VERBOSE-****************** addService: package *****************
03-25 23:12:35.528 10499 10499 I Xposed  : X-APM-S-VERBOSE-****************** addService: package_native *****************
03-25 23:12:35.528 10499 10499 D SystemServerTiming: StartPackageManagerService took to complete: 1791ms
03-25 23:12:35.528 10499 10499 I SystemServer: StartOtaDexOptService
03-25 23:12:35.531 10499 10499 I Xposed  : X-APM-S-VERBOSE-****************** addService: otadexopt *****************
03-25 23:12:35.531 10499 10499 D OTADexopt: No upgrade, skipping A/B artifacts check.
03-25 23:12:35.531 10499 10499 D SystemServerTiming: StartOtaDexOptService took to complete: 2ms
03-25 23:12:35.531 10499 10499 I SystemServer: StartUserManagerService
03-25 23:12:35.531 10499 10499 I SystemServiceManager: Starting com.android.server.pm.UserManagerService$LifeCycle
03-25 23:12:35.532 10499 10499 I Xposed  : X-APM-S-VERBOSE-****************** addService: user *****************
03-25 23:12:35.532 10499 10499 D SystemServerTiming: StartUserManagerService took to complete: 1ms
03-25 23:12:35.532 10499 10499 I SystemServer: InitAttributerCache
03-25 23:12:35.533 10499 10499 D SystemServerTiming: InitAttributerCache took to complete: 0ms
03-25 23:12:35.533 10499 10499 I SystemServer: SetSystemProcess
03-25 23:12:35.533 10499 10499 I Xposed  : X-APM-S-VERBOSE-****************** addService: activity *****************
03-25 23:12:35.533 10499 10499 I Xposed  : X-APM-S-VERBOSE-****************** addService: procstats *****************
03-25 23:12:35.534 10499 10499 I Xposed  : X-APM-S-VERBOSE-****************** addService: meminfo *****************
03-25 23:12:35.535 10499 10499 I Xposed  : X-APM-S-VERBOSE-****************** addService: gfxinfo *****************
03-25 23:12:35.538 10499 10499 I Xposed  : X-APM-S-VERBOSE-****************** addService: dbinfo *****************
03-25 23:12:35.539 10499 10499 I Xposed  : X-APM-S-VERBOSE-****************** addService: cpuinfo *****************
03-25 23:12:35.542 10499 10499 I Xposed  : X-APM-S-VERBOSE-****************** addService: permission *****************
03-25 23:12:35.544 10499 10499 I Xposed  : X-APM-S-VERBOSE-****************** addService: processinfo *****************
03-25 23:12:35.552   408   408 I lowmemorykiller: ActivityManager connected
03-25 23:12:35.554 10499 10499 D SystemServerTiming: SetSystemProcess took to complete: 21ms
03-25 23:12:35.556 10499 10588 I ServiceThread: Enabled StrictMode logging for android.anim looper.
03-25 23:12:35.556 10499 10499 I SystemServer: StartOverlayManagerService
03-25 23:12:35.565 10499 10499 D SystemServerTiming: StartOverlayManagerService took to complete: 9ms
03-25 23:12:35.566 10499 10589 D SystemServerInitThreadPool: Started executing Init OverlayManagerService
03-25 23:12:35.566 10499 10499 I SystemServer: StartDropBoxManager
03-25 23:12:35.567 10499 10499 I SystemServiceManager: Starting com.android.server.DropBoxManagerService
03-25 23:12:35.569 10499 10499 I Xposed  : X-APM-S-VERBOSE-****************** addService: dropbox *****************
03-25 23:12:35.569 10499 10499 D SystemServerTiming: StartDropBoxManager took to complete: 3ms
03-25 23:12:35.569 10499 10499 I SystemServer: StartBatteryService
03-25 23:12:35.571 10499 10499 I SystemServiceManager: Starting com.android.server.BatteryService
03-25 23:12:35.572 10499 10590 D SystemServerInitThreadPool: Started executing StartSensorService
03-25 23:12:35.573 10499 10590 D SensorService: nuSensorService starting...
03-25 23:12:35.575 10499 10590 D vndksupport: Loading /vendor/lib/hw/android.hardware.sensors@1.0-impl.so from current namespace instead of sphal namespace.
03-25 23:12:35.581 10499 10590 D vndksupport: Loading /vendor/lib/hw/sensors.msm8974.so from current namespace instead of sphal namespace.
03-25 23:12:35.595 10499 10499 I Xposed  : X-APM-S-VERBOSE-****************** addService: battery *****************
03-25 23:12:35.596 10499 10499 D SystemServerTiming: StartBatteryService took to complete: 26ms
03-25 23:12:35.596 10499 10499 I SystemServer: StartUsageService
03-25 23:12:35.596 10499 10499 I SystemServiceManager: Starting com.android.server.usage.UsageStatsService
03-25 23:12:35.596   377   377 E QCOM PowerHAL: extract_stats: failed to open: /d/system_stats Error = No such file or directory
03-25 23:12:35.606 10499 10499 I Xposed  : X-APM-S-BOOT_STAGE-github.tornaco.xposedmoduletest.xposed.submodules.UsageStatsSubModule- UsageStatsService constructing...
03-25 23:12:35.606 10499 10499 I Xposed  : X-APM-S-BOOT_STAGE-UsageStatsServiceProxy init, host: com.android.server.usage.UsageStatsService@4eec15d
03-25 23:12:35.609 10499 10499 I Xposed  : X-APM-S-VERBOSE-InactiveAppIdler init, proxy: github.tornaco.xposedmoduletest.xposed.service.am.UsageStatsServiceProxy@f557a3
03-25 23:12:35.609 10499 10499 I Xposed  : X-APM-S-BOOT_STAGE-attachUsageStatsService, proxy: github.tornaco.xposedmoduletest.xposed.service.am.UsageStatsServiceProxy@f557a3
03-25 23:12:35.609 10499 10499 I Xposed  : X-APM-S-BOOT_STAGE-attachUsageStatsService, idler: github.tornaco.xposedmoduletest.xposed.service.am.InactiveAppIdler@a5b1659
03-25 23:12:35.625 10499 10499 I Xposed  : X-APM-S-VERBOSE-****************** addService: usagestats *****************
03-25 23:12:35.625 10499 10499 D SystemServerTiming: StartUsageService took to complete: 28ms
03-25 23:12:35.625 10499 10499 I SystemServer: StartWebViewUpdateService
03-25 23:12:35.627 10499 10499 I SystemServiceManager: Starting com.android.server.webkit.WebViewUpdateService
03-25 23:12:35.633 10499 10590 E qti_sensors_hal: SensorsContext: Hal opened lib /system/lib/hw/sensors.oem.so failed!
03-25 23:12:35.637 10499 10590 W qti_sensors_hal: initializeDefaultAttribs:sensor(android.sensor.gravity) using defaults attrs
03-25 23:12:35.641 10499 10590 W qti_sensors_hal: initializeDefaultAttribs:sensor(android.sensor.linear_acceleration) using defaults attrs
03-25 23:12:35.643   502  3122 W cutils  : Expected path /data/user_de/0/de.robv.android.xposed.installer with mode 700 but found 711
03-25 23:12:35.644 10499 10590 W qti_sensors_hal: initializeDefaultAttribs:sensor(android.sensor.rotation_vector) using defaults attrs
03-25 23:12:35.644 10499 10590 W qti_sensors_hal: initializeDefaultAttribs:sensor(android.sensor.step_detector) using defaults attrs
03-25 23:12:35.645 10499 10590 W qti_sensors_hal: initializeDefaultAttribs:sensor(android.sensor.step_counter) using defaults attrs
03-25 23:12:35.645 10499 10590 W qti_sensors_hal: initializeDefaultAttribs:sensor(android.sensor.significant_motion) using defaults attrs
03-25 23:12:35.647 10499 10590 W qti_sensors_hal: initializeDefaultAttribs:sensor(android.sensor.game_rotation_vector) using defaults attrs
03-25 23:12:35.649 10499 10499 I Xposed  : X-APM-S-VERBOSE-****************** addService: webviewupdate *****************
03-25 23:12:35.649 10499 10499 D SystemServerTiming: StartWebViewUpdateService took to complete: 24ms
03-25 23:12:35.651 10499 10519 D SystemServerInitThreadPool: Started executing SecondaryZygotePreload
03-25 23:12:35.651 10499 10519 I SystemServer: SecondaryZygotePreload
03-25 23:12:35.653 10499 10499 I SystemServer: StartKeyAttestationApplicationIdProviderService
03-25 23:12:35.653 10499 10590 W qti_sensors_hal: initializeDefaultAttribs:sensor(android.sensor.geomagnetic_rotation_vector) using defaults attrs
03-25 23:12:35.655 10499 10499 I Xposed  : X-APM-S-VERBOSE-****************** addService: sec_key_att_app_id_provider *****************
03-25 23:12:35.655 10499 10499 D SystemServerTiming: StartKeyAttestationApplicationIdProviderService took to complete: 1ms
03-25 23:12:35.655 10499 10499 I SystemServer: StartKeyChainSystemService
03-25 23:12:35.655 10499 10499 I SystemServiceManager: Starting com.android.server.security.KeyChainSystemService
03-25 23:12:35.655 10499 10499 D SystemServerTiming: StartKeyChainSystemService took to complete: 1ms
03-25 23:12:35.656 10499 10499 I SystemServer: StartSchedulingPolicyService
03-25 23:12:35.656 10499 10590 W qti_sensors_hal: initializeDefaultAttribs:sensor(android.sensor.orientation) using defaults attrs
03-25 23:12:35.657 10499 10590 W qti_sensors_hal: initializeDefaultAttribs:sensor() using defaults attrs
03-25 23:12:35.657 10499 10590 W qti_sensors_hal: addSensor : Not supported sensor with handle 31!
03-25 23:12:35.657 10499 10590 W qti_sensors_hal: addSensor : Not supported sensor with handle 32!
03-25 23:12:35.657 10499 10590 W qti_sensors_hal: initializeDefaultAttribs:sensor(com.qti.sensor.amd) using defaults attrs
03-25 23:12:35.658 10499 10590 W qti_sensors_hal: initializeDefaultAttribs:sensor(com.qti.sensor.rmd) using defaults attrs
03-25 23:12:35.658 10499 10590 W qti_sensors_hal: initializeDefaultAttribs:sensor(com.qti.sensor.vmd) using defaults attrs
03-25 23:12:35.659 10499 10590 W qti_sensors_hal: initializeDefaultAttribs:sensor(com.qti.sensor.basic_gestures) using defaults attrs
03-25 23:12:35.659 10499 10590 W qti_sensors_hal: initializeDefaultAttribs:sensor(com.qti.sensor.tap) using defaults attrs
03-25 23:12:35.660 10499 10590 W qti_sensors_hal: initializeDefaultAttribs:sensor(com.qti.sensor.facing) using defaults attrs
03-25 23:12:35.660 10499 10499 I Xposed  : X-APM-S-VERBOSE-****************** addService: scheduling_policy *****************
03-25 23:12:35.660 10499 10499 D SystemServerTiming: StartSchedulingPolicyService took to complete: 4ms
03-25 23:12:35.660 10499 10499 I SystemServer: StartTelecomLoaderService
03-25 23:12:35.660 10499 10590 W qti_sensors_hal: initializeDefaultAttribs:sensor(com.qti.sensor.tilt) using defaults attrs
03-25 23:12:35.660 10499 10590 W qti_sensors_hal: initializeDefaultAttribs:sensor(com.qti.sensor.tap) using defaults attrs
03-25 23:12:35.661 10499 10499 I SystemServiceManager: Starting com.android.server.telecom.TelecomLoaderService
03-25 23:12:35.661 10499 10590 W qti_sensors_hal: initializeDefaultAttribs:sensor(com.qti.sensor.pedometer) using defaults attrs
03-25 23:12:35.668 10499 10519 I Zygote  : Process: zygote socket zygote opened, supported ABIS: armeabi-v7a,armeabi
03-25 23:12:35.669 10499 10499 D SystemServerTiming: StartTelecomLoaderService took to complete: 9ms
03-25 23:12:35.669 10499 10499 I SystemServer: StartTelephonyRegistry
03-25 23:12:35.670 10499 10590 W qti_sensors_hal: initializeDefaultAttribs:sensor(com.qti.sensor.pam) using defaults attrs
03-25 23:12:35.671 10499 10590 W qti_sensors_hal: initializeDefaultAttribs:sensor(com.qti.sensor.motion_accel) using defaults attrs
03-25 23:12:35.678 10499 10499 I Xposed  : X-APM-S-VERBOSE-****************** addService: telephony.registry *****************
03-25 23:12:35.678 10499 10499 D SystemServerTiming: StartTelephonyRegistry took to complete: 9ms
03-25 23:12:35.678 10499 10499 I SystemServer: StartEntropyMixer
03-25 23:12:35.679 10499 10519 E SystemServer: Unable to preload default resources
03-25 23:12:35.679 10499 10519 D SystemServerTimingAsync: SecondaryZygotePreload took to complete: 28ms
03-25 23:12:35.679 10499 10519 D SystemServerInitThreadPool: Finished executing SecondaryZygotePreload
03-25 23:12:35.680 10499 10595 E qti_sensors_hal: processSingleSensorInfoResp: either handle_wakeup is -1 or error is true or mSensors[handle_wakeup] is NULL!
03-25 23:12:35.680 10499 10595 I chatty  : uid=1000 system_server identical 1 line
03-25 23:12:35.680 10499 10595 E qti_sensors_hal: processSingleSensorInfoResp: either handle_wakeup is -1 or error is true or mSensors[handle_wakeup] is NULL!
03-25 23:12:35.681 10499 10595 E qti_sensors_hal: processSingleSensorInfoResp: either handle is -1 or error is true or mSensors[handle] is NULL!
03-25 23:12:35.681 10499 10595 E qti_sensors_hal: processSingleSensorInfoResp: either handle_wakeup is -1 or error is true or mSensors[handle_wakeup] is NULL!
03-25 23:12:35.681 10499 10590 E qti_sensors_hal: OEMAddSensors : The OEM_module is NULL!
03-25 23:12:35.683 10499 10499 I EntropyMixer: Writing entropy...
03-25 23:12:35.694 10499 10499 D SystemServerTiming: StartEntropyMixer took to complete: 17ms
03-25 23:12:35.694 10499 10499 I SystemServer: StartAccountManagerService
03-25 23:12:35.695 10499 10499 I SystemServiceManager: Starting com.android.server.accounts.AccountManagerService$Lifecycle
03-25 23:12:35.712 10499 10499 I Xposed  : X-APM-S-VERBOSE-****************** addService: account *****************
03-25 23:12:35.712 10499 10499 D SystemServerTiming: StartAccountManagerService took to complete: 18ms
03-25 23:12:35.712 10499 10499 I SystemServer: StartContentService
03-25 23:12:35.713 10499 10499 I SystemServiceManager: Starting com.android.server.content.ContentService$Lifecycle
03-25 23:12:35.718 10499 10499 I Xposed  : X-APM-S-VERBOSE-****************** addService: content *****************
03-25 23:12:35.718 10499 10499 D SystemServerTiming: StartContentService took to complete: 5ms
03-25 23:12:35.718 10499 10499 I SystemServer: InstallSystemProviders
03-25 23:12:35.752 10499 10590 W qti_sensors_hal: sensors_get_sensors_list: handle 51 is not registered!
03-25 23:12:35.752 10499 10590 W qti_sensors_hal: sensors_get_sensors_list: handle 52 is not registered!
03-25 23:12:35.752 10499 10590 W qti_sensors_hal: sensors_get_sensors_list: handle 17 is not registered!
03-25 23:12:35.752 10499 10590 W qti_sensors_hal: sensors_get_sensors_list: handle 26 is not registered!
03-25 23:12:35.752 10499 10590 W qti_sensors_hal: sensors_get_sensors_list: handle 27 is not registered!
03-25 23:12:35.752 10499 10590 W qti_sensors_hal: sensors_get_sensors_list: handle 66 is not registered!
03-25 23:12:35.752 10499 10590 W qti_sensors_hal: sensors_get_sensors_list: handle 67 is not registered!
03-25 23:12:35.752 10499 10590 W qti_sensors_hal: sensors_get_sensors_list: handle 19 is not registered!
03-25 23:12:35.752 10499 10590 W qti_sensors_hal: sensors_get_sensors_list: handle 24 is not registered!
03-25 23:12:35.752 10499 10590 W qti_sensors_hal: sensors_get_sensors_list: handle 65 is not registered!
03-25 23:12:35.752 10499 10590 W qti_sensors_hal: sensors_get_sensors_list: handle 18 is not registered!
03-25 23:12:35.752 10499 10590 W qti_sensors_hal: sensors_get_sensors_list: handle 20 is not registered!
03-25 23:12:35.752 10499 10590 W qti_sensors_hal: sensors_get_sensors_list: handle 25 is not registered!
03-25 23:12:35.752 10499 10590 W qti_sensors_hal: sensors_get_sensors_list: handle 28 is not registered!
03-25 23:12:35.752 10499 10590 W qti_sensors_hal: sensors_get_sensors_list: handle 58 is not registered!
03-25 23:12:35.752 10499 10590 W qti_sensors_hal: sensors_get_sensors_list: handle 59 is not registered!
03-25 23:12:35.752 10499 10590 W qti_sensors_hal: sensors_get_sensors_list: handle 60 is not registered!
03-25 23:12:35.752 10499 10590 W qti_sensors_hal: sensors_get_sensors_list: handle 63 is not registered!
03-25 23:12:35.752 10499 10590 W qti_sensors_hal: sensors_get_sensors_list: handle 64 is not registered!
03-25 23:12:35.752 10499 10590 W qti_sensors_hal: sensors_get_sensors_list: handle 61 is not registered!
03-25 23:12:35.752 10499 10590 W qti_sensors_hal: sensors_get_sensors_list: handle 62 is not registered!
03-25 23:12:35.752 10499 10590 W qti_sensors_hal: sensors_get_sensors_list: handle 57 is not registered!
03-25 23:12:35.752 10499 10590 W qti_sensors_hal: sensors_get_sensors_list: handle 21 is not registered!
03-25 23:12:35.752 10499 10590 W qti_sensors_hal: sensors_get_sensors_list: handle 22 is not registered!
03-25 23:12:35.752 10499 10590 W qti_sensors_hal: sensors_get_sensors_list: handle 23 is not registered!
03-25 23:12:35.752 10499 10590 W qti_sensors_hal: sensors_get_sensors_list: handle 31 is not registered!
03-25 23:12:35.752 10499 10590 W qti_sensors_hal: sensors_get_sensors_list: handle 32 is not registered!
03-25 23:12:35.752 10499 10590 W qti_sensors_hal: sensors_get_sensors_list: handle 54 is not registered!
03-25 23:12:35.752 10499 10590 W qti_sensors_hal: sensors_get_sensors_list: handle 56 is not registered!
03-25 23:12:35.752 10499 10590 I qti_sensors_hal: BMA2X2 Accelerometer/Temperature/Double-tap: activate=0
03-25 23:12:35.752 10499 10590 I qti_sensors_hal: BMM050 Magnetometer: activate=0
03-25 23:12:35.752 10499 10590 I qti_sensors_hal: BMM050 Magnetometer Uncalibrated: activate=0
03-25 23:12:35.752 10499 10590 I qti_sensors_hal: BMG160 Gyroscope: activate=0
03-25 23:12:35.752 10499 10590 I qti_sensors_hal: BMG160 Gyroscope Uncalibrated: activate=0
03-25 23:12:35.752 10499 10590 I qti_sensors_hal: AP3216C ALSPRX: activate=0
03-25 23:12:35.752 10499 10590 I qti_sensors_hal: AP3216C ALSPRX: activate=0
03-25 23:12:35.752 10499 10590 I qti_sensors_hal: Gravity: activate=0
03-25 23:12:35.752 10499 10590 I qti_sensors_hal: Linear Acceleration: activate=0
03-25 23:12:35.752 10499 10590 I qti_sensors_hal: Rotation Vector: activate=0
03-25 23:12:35.752 10499 10590 I qti_sensors_hal: Step Detector: activate=0
03-25 23:12:35.752 10499 10590 I qti_sensors_hal: Step Counter: activate=0
03-25 23:12:35.752 10499 10590 I qti_sensors_hal: Significant Motion Detector: activate=0
03-25 23:12:35.752 10499 10590 I qti_sensors_hal: Game Rotation Vector: activate=0
03-25 23:12:35.753 10499 10590 I qti_sensors_hal: GeoMagnetic Rotation Vector: activate=0
03-25 23:12:35.753 10499 10590 I qti_sensors_hal: Orientation: activate=0
03-25 23:12:35.753 10499 10590 I qti_sensors_hal: Tilt Detector: activate=0
03-25 23:12:35.753 10499 10590 I qti_sensors_hal: AMD: activate=0
03-25 23:12:35.753 10499 10590 I qti_sensors_hal: RMD: activate=0
03-25 23:12:35.753 10499 10590 I qti_sensors_hal: VMD: activate=0
03-25 23:12:35.753 10499 10590 I qti_sensors_hal: Basic Gestures: activate=0
03-25 23:12:35.753 10499 10590 I qti_sensors_hal: Tap: activate=0
03-25 23:12:35.753 10499 10590 I qti_sensors_hal: Facing: activate=0
03-25 23:12:35.753 10499 10590 I qti_sensors_hal: Tilt: activate=0
03-25 23:12:35.753 10499 10590 I qti_sensors_hal: Gyro Tap Secondary: activate=0
03-25 23:12:35.753 10499 10590 I qti_sensors_hal: Pedometer: activate=0
03-25 23:12:35.753 10499 10590 I qti_sensors_hal: PEDESTRIAN-ACTIVITY-MONITOR: activate=0
03-25 23:12:35.753 10499 10590 I qti_sensors_hal: Motion Accel: activate=0
03-25 23:12:35.755 10499 10499 W zygote  : ClassLoaderContext size mismatch. expected=1, actual=2 (PCL[] | PCL[];PCL[/data/dalvik-cache/xposed_XResourcesSuperClass.dex*2802528989:/data/dalvik-cache/xposed_XTypedArraySuperClass.dex*708326108])
03-25 23:12:35.755 10499 10632 D SensorService: new thread SensorEventAckReceiver
03-25 23:12:35.755 10499 10633 D SensorService: nuSensorService thread starting...
03-25 23:12:35.758 10499 10590 D SystemServerTimingAsync: StartSensorService took to complete: 185ms
03-25 23:12:35.758 10499 10590 D SystemServerInitThreadPool: Finished executing StartSensorService
03-25 23:12:35.769 10499 10499 I Xposed  : X-APM-S-VERBOSE-handleLoadPackage: com.android.providers.settings
03-25 23:12:35.807 10499 10499 I Xposed  : X-APM-S-VERBOSE-****************** addService: settings *****************
03-25 23:12:35.813 10499 10499 V RescueParty: Disabled because of active USB connection
03-25 23:12:35.813 10499 10499 D SystemServerTiming: InstallSystemProviders took to complete: 95ms
03-25 23:12:35.813 10499 10499 I SystemServer: StartVibratorService
03-25 23:12:35.820 10499 10499 I Xposed  : X-APM-S-VERBOSE-****************** addService: vibrator *****************
03-25 23:12:35.820 10499 10499 D SystemServerTiming: StartVibratorService took to complete: 7ms
03-25 23:12:35.820 10499 10499 I SystemServer: StartConsumerIrService
03-25 23:12:35.821   230   230 W /system/bin/hwservicemanager: getTransport: Cannot find entry android.hardware.ir@1.0::IConsumerIr/default in either framework or device manifest.
03-25 23:12:35.822 10499 10499 I Xposed  : X-APM-S-VERBOSE-****************** addService: consumer_ir *****************
03-25 23:12:35.822 10499 10499 D SystemServerTiming: StartConsumerIrService took to complete: 3ms
03-25 23:12:35.822 10499 10499 I SystemServer: StartAlarmManagerService
03-25 23:12:35.822 10499 10499 I SystemServiceManager: Starting com.android.server.AlarmManagerService
03-25 23:12:35.827 10499 10499 D AlarmManagerService: Kernel timezone updated to 240 minutes west of GMT
03-25 23:12:35.832 10499 10499 I Xposed  : X-APM-S-VERBOSE-****************** addService: alarm *****************
03-25 23:12:35.833 10499 10499 D SystemServerTiming: StartAlarmManagerService took to complete: 10ms
03-25 23:12:35.833 10499 10499 I SystemServer: InitWatchdog
03-25 23:12:35.833 10499 10499 D SystemServerTiming: InitWatchdog took to complete: 1ms
03-25 23:12:35.833 10499 10499 I SystemServer: StartInputManagerService
03-25 23:12:35.835 10499 10499 I InputManager: Initializing input manager, mUseDevInputEventForAudioJack=true
03-25 23:12:35.836 10499 10499 D SystemServerTiming: StartInputManagerService took to complete: 2ms
03-25 23:12:35.836 10499 10499 I SystemServer: StartWindowManagerService
03-25 23:12:35.842 10499 10499 I Xposed  : X-APM-S-BOOT_STAGE-github.tornaco.xposedmoduletest.xposed.submodules.PWMInterceptKeySubModule- PhoneWindowManager constructing...
03-25 23:12:35.842 10499 10499 I Xposed  : X-APM-S-BOOT_STAGE-attachPhoneWindowManager: github.tornaco.xposedmoduletest.xposed.service.policy.PhoneWindowManagerProxy@a5ad831
03-25 23:12:35.872 10499 10528 I WindowManager: No existing display settings /data/system/display_settings.xml; starting empty
03-25 23:12:36.065 10499 10522 I Xposed  : X-APM-S-VERBOSE-checkBroadcastIntentSending: Intent { act=android.intent.action.HDMI_PLUGGED flg=0x4000000 (has extras) }, callingUid 1000
03-25 23:12:36.070 10499 10522 W Looper  : Dispatch took 138ms on android.ui, h=Handler (android.os.Handler) {641567c} cb=android.os.Handler$BlockingRunnable@213cb05 msg=0
03-25 23:12:36.073 10499 10499 I Xposed  : X-APM-S-VERBOSE-****************** addService: window *****************
03-25 23:12:36.074 10499 10499 I Xposed  : X-APM-S-VERBOSE-****************** addService: input *****************
03-25 23:12:36.074 10499 10499 D SystemServerTiming: StartWindowManagerService took to complete: 238ms
03-25 23:12:36.074 10499 10499 I SystemServer: StartVrManagerService
03-25 23:12:36.074 10499 10519 D SystemServerInitThreadPool: Started executing StartHidlServices
03-25 23:12:36.074 10499 10499 I SystemServiceManager: Starting com.android.server.vr.VrManagerService
03-25 23:12:36.085   230   230 W /system/bin/hwservicemanager: getTransport: Cannot find entry android.hardware.vr@1.0::IVr/default in either framework or device manifest.
03-25 23:12:36.086 10499 10499 W VrManagerService: init_native: Could not open IVr interface
03-25 23:12:36.090 10499 10499 I Xposed  : X-APM-S-VERBOSE-****************** addService: vrmanager *****************
03-25 23:12:36.090 10499 10499 D SystemServerTiming: StartVrManagerService took to complete: 15ms
03-25 23:12:36.090 10499 10499 I SystemServer: SetWindowManagerService
03-25 23:12:36.091 10499 10519 D SystemServerTimingAsync: StartHidlServices took to complete: 16ms
03-25 23:12:36.091 10499 10519 D SystemServerInitThreadPool: Finished executing StartHidlServices
03-25 23:12:36.103 10499 10499 D SystemServerTiming: SetWindowManagerService took to complete: 13ms
03-25 23:12:36.103 10499 10499 I SystemServer: StartInputManager
03-25 23:12:36.103 10499 10499 I InputManager: Starting input manager
03-25 23:12:36.107 10499 10499 D SystemServerTiming: StartInputManager took to complete: 5ms
03-25 23:12:36.107 10499 10499 I SystemServer: DisplayManagerWindowManagerAndInputReady
03-25 23:12:36.108 10499 10499 D SystemServerTiming: DisplayManagerWindowManagerAndInputReady took to complete: 0ms
03-25 23:12:36.108 10499 10499 I SystemServer: StartBluetoothService
03-25 23:12:36.108 10499 10499 I SystemServiceManager: Starting com.android.server.BluetoothService
03-25 23:12:36.122 10499 10499 D BluetoothManagerService: Loading stored name and address
03-25 23:12:36.123 10499 10499 D BluetoothManagerService: Stored bluetooth Name=Zuk Z1,Address=00:00:00:00:5A:AD
03-25 23:12:36.123 10499 10499 D BluetoothManagerService: Bluetooth persisted state: 1
03-25 23:12:36.123 10499 10499 D BluetoothManagerService: Startup: Bluetooth persisted state is ON.
03-25 23:12:36.123 10499 10499 D SystemServerTiming: StartBluetoothService took to complete: 15ms
03-25 23:12:36.123 10499 10499 I SystemServer: IpConnectivityMetrics
03-25 23:12:36.124 10499 10499 I SystemServiceManager: Starting com.android.server.connectivity.IpConnectivityMetrics
03-25 23:12:36.126 10499 10499 D SystemServerTiming: IpConnectivityMetrics took to complete: 3ms
03-25 23:12:36.126 10499 10499 I SystemServer: PinnerService
03-25 23:12:36.127 10499 10499 I SystemServiceManager: Starting com.android.server.PinnerService
03-25 23:12:36.128 10499 10656 D EventHub: No input device configuration file found for device 'msm8974-taiko-mtp-snd-card Headset Jack'.
03-25 23:12:36.128 10499 10656 I EventHub: wakeMechanism=EVIOCSSUSPENDBLOCK, usingClockIoctl=true
03-25 23:12:36.128 10499 10656 I EventHub: New device: id=1, fd=138, path='/dev/input/event6', name='msm8974-taiko-mtp-snd-card Headset Jack', classes=0x80, configuration='', keyLayout='', keyCharacterMap='', builtinKeyboard=false, 
03-25 23:12:36.128 10499 10656 D EventHub: No input device configuration file found for device 'msm8974-taiko-mtp-snd-card Button Jack'.
03-25 23:12:36.130 10499 10499 I Xposed  : X-APM-S-VERBOSE-****************** addService: pinner *****************
03-25 23:12:36.131 10499 10499 D SystemServerTiming: PinnerService took to complete: 4ms
03-25 23:12:36.131 10499 10499 I SystemServer: StartInputMethodManagerLifecycle
03-25 23:12:36.131 10499 10656 W EventHub: Unable to disable kernel key repeat for /dev/input/event5: Function not implemented
03-25 23:12:36.131 10499 10656 I EventHub: wakeMechanism=EVIOCSSUSPENDBLOCK, usingClockIoctl=true
