01-07 07:13:15.067  3352  3352 I Xposed  : 	at github.tornaco.xposedmoduletest.xposed.submodules.WakelockSubModule$1.beforeHookedMethod(WakelockSubModule.java:66)
01-07 07:13:15.067  3352  3352 I Xposed  : 	at de.robv.android.xposed.XposedBridge.handleHookedMethod(XposedBridge.java:341)
01-07 07:13:15.067  3352  3352 I Xposed  : 	at android.os.PowerManager$WakeLock.acquire(<Xposed>)
01-07 07:13:15.067  3352  3352 I Xposed  : 	at com.android.internal.telephony.RIL.acquireWakeLock(RIL.java:4121)
01-07 07:13:15.067  3352  3352 I Xposed  : 	at com.android.internal.telephony.RIL.addRequest(RIL.java:664)
01-07 07:13:15.067  3352  3352 I Xposed  : 	at com.android.internal.telephony.RIL.obtainRequest(RIL.java:673)
01-07 07:13:15.067  3352  3352 I Xposed  : 	at com.android.internal.telephony.RIL.startLceService(RIL.java:3544)
01-07 07:13:15.067  3352  3352 I Xposed  : 	at com.android.internal.telephony.Phone.<init>(Phone.java:544)
01-07 07:13:15.067  3352  3352 I Xposed  : 	at com.android.internal.telephony.GsmCdmaPhone.<init>(GsmCdmaPhone.java:201)
01-07 07:13:15.067  3352  3352 I Xposed  : 	at com.android.internal.telephony.GsmCdmaPhone.<init>(GsmCdmaPhone.java:195)
01-07 07:13:15.067  3352  3352 I Xposed  : 	at com.android.internal.telephony.PhoneFactory.makeDefaultPhone(PhoneFactory.java:182)
01-07 07:13:15.067  3352  3352 I Xposed  : 	at com.android.internal.telephony.PhoneFactory.makeDefaultPhones(PhoneFactory.java:97)
01-07 07:13:15.067  3352  3352 I Xposed  : 	at com.android.phone.PhoneGlobals.onCreate(PhoneGlobals.java:288)
01-07 07:13:15.067  3352  3352 I Xposed  : 	at com.android.phone.PhoneApp.onCreate(PhoneApp.java:41)
01-07 07:13:15.067  3352  3352 I Xposed  : 	at android.app.Instrumentation.callApplicationOnCreate(Instrumentation.java:1119)
01-07 07:13:15.067  3352  3352 I Xposed  : 	at android.app.ActivityThread.handleBindApplication(ActivityThread.java:5740)
01-07 07:13:15.067  3352  3352 I Xposed  : 	at de.robv.android.xposed.XposedBridge.invokeOriginalMethodNative(Native Method)
01-07 07:13:15.067  3352  3352 I Xposed  : 	at de.robv.android.xposed.XposedBridge.handleHookedMethod(XposedBridge.java:361)
01-07 07:13:15.067  3352  3352 I Xposed  : 	at android.app.ActivityThread.handleBindApplication(<Xposed>)
01-07 07:13:15.067  3352  3352 I Xposed  : 	at android.app.ActivityThread.-wrap1(Unknown Source:0)
01-07 07:13:15.067  3352  3352 I Xposed  : 	at android.app.ActivityThread$H.handleMessage(ActivityThread.java:1656)
01-07 07:13:15.067  3352  3352 I Xposed  : 	at android.os.Handler.dispatchMessage(Handler.java:106)
01-07 07:13:15.067  3352  3352 I Xposed  : 	at android.os.Looper.loop(Looper.java:164)
01-07 07:13:15.067  3352  3352 I Xposed  : 	at android.app.ActivityThread.main(ActivityThread.java:6494)
01-07 07:13:15.067  3352  3352 I Xposed  : 	at java.lang.reflect.Method.invoke(Native Method)
01-07 07:13:15.067  3352  3352 I Xposed  : 	at com.android.internal.os.RuntimeInit$MethodAndArgsCaller.run(RuntimeInit.java:440)
01-07 07:13:15.067  3352  3352 I Xposed  : 	at com.android.internal.os.ZygoteInit.main(ZygoteInit.java:807)
01-07 07:13:15.067  3352  3352 I Xposed  : 	at de.robv.android.xposed.XposedBridge.main(XposedBridge.java:108)
01-07 07:13:15.070  3173  3173 I Xposed  : X-APM-S-4.1.5-VERBOSE-****************** getService: graphicsstats *****************
01-07 07:13:15.076  3352  3352 I Xposed  : X-APM-S-4.1.5-WARN-Error getPermissionControlBlockModeForPkg: java.lang.NullPointerException: Attempt to invoke virtual method 'github.tornaco.xposedmoduletest.xposed.repo.SetRepo github.tornaco.xposedmoduletest.xposed.repo.RepoProxy.getPerms()' on a null object reference
01-07 07:13:15.076  3352  3352 I Xposed  : 	at github.tornaco.xposedmoduletest.xposed.service.XAshmanServiceImpl.isInPermissionBlockList(XAshmanServiceImpl.java:3773)
01-07 07:13:15.076  3352  3352 I Xposed  : 	at github.tornaco.xposedmoduletest.xposed.service.XAshmanServiceImpl.getPermissionControlBlockModeForPkg(XAshmanServiceImpl.java:2785)
01-07 07:13:15.076  3352  3352 I Xposed  : 	at github.tornaco.xposedmoduletest.xposed.app.XAshmanManager.getPermissionControlBlockModeForPkg(XAshmanManager.java:520)
01-07 07:13:15.076  3352  3352 I Xposed  : 	at github.tornaco.xposedmoduletest.xposed.submodules.WakelockSubModule$1.beforeHookedMethod(WakelockSubModule.java:66)
01-07 07:13:15.076  3352  3352 I Xposed  : 	at de.robv.android.xposed.XposedBridge.handleHookedMethod(XposedBridge.java:341)
01-07 07:13:15.076  3352  3352 I Xposed  : 	at android.os.PowerManager$WakeLock.acquire(<Xposed>)
01-07 07:13:15.076  3352  3352 I Xposed  : 	at com.android.internal.telephony.WakeLockStateMachine.<init>(WakeLockStateMachine.java:72)
01-07 07:13:15.076  3352  3352 I Xposed  : 	at com.android.internal.telephony.CellBroadcastHandler.<init>(CellBroadcastHandler.java:45)
01-07 07:13:15.076  3352  3352 I Xposed  : 	at com.android.internal.telephony.gsm.GsmCellBroadcastHandler.<init>(GsmCellBroadcastHandler.java:45)
01-07 07:13:15.076  3352  3352 I Xposed  : 	at com.android.internal.telephony.gsm.GsmCellBroadcastHandler.makeGsmCellBroadcastHandler(GsmCellBroadcastHandler.java:62)
01-07 07:13:15.076  3352  3352 I Xposed  : 	at com.android.internal.telephony.gsm.GsmInboundSmsHandler.<init>(GsmInboundSmsHandler.java:51)
01-07 07:13:15.076  3352  3352 I Xposed  : 	at com.android.internal.telephony.gsm.GsmInboundSmsHandler.makeInboundSmsHandler(GsmInboundSmsHandler.java:73)
01-07 07:13:15.076  3352  3352 I Xposed  : 	at com.android.internal.telephony.ImsSMSDispatcher.<init>(ImsSMSDispatcher.java:61)
01-07 07:13:15.076  3352  3352 I Xposed  : 	at com.android.internal.telephony.IccSmsInterfaceManager.<init>(IccSmsInterfaceManager.java:134)
01-07 07:13:15.076  3352  3352 I Xposed  : 	at com.android.internal.telephony.TelephonyComponentFactory.makeIccSmsInterfaceManager(TelephonyComponentFactory.java:85)
01-07 07:13:15.076  3352  3352 I Xposed  : 	at com.android.internal.telephony.GsmCdmaPhone.initOnce(GsmCdmaPhone.java:240)
01-07 07:13:15.076  3352  3352 I Xposed  : 	at com.android.internal.telephony.GsmCdmaPhone.<init>(GsmCdmaPhone.java:206)
01-07 07:13:15.076  3352  3352 I Xposed  : 	at com.android.internal.telephony.GsmCdmaPhone.<init>(GsmCdmaPhone.java:195)
01-07 07:13:15.076  3352  3352 I Xposed  : 	at com.android.internal.telephony.PhoneFactory.makeDefaultPhone(PhoneFactory.java:182)
01-07 07:13:15.076  3352  3352 I Xposed  : 	at com.android.internal.telephony.PhoneFactory.makeDefaultPhones(PhoneFactory.java:97)
01-07 07:13:15.076  3352  3352 I Xposed  : 	at com.android.phone.PhoneGlobals.onCreate(PhoneGlobals.java:288)
01-07 07:13:15.076  3352  3352 I Xposed  : 	at com.android.phone.PhoneApp.onCreate(PhoneApp.java:41)
01-07 07:13:15.076  3352  3352 I Xposed  : 	at android.app.Instrumentation.callApplicationOnCreate(Instrumentation.java:1119)
01-07 07:13:15.076  3352  3352 I Xposed  : 	at android.app.ActivityThread.handleBindApplication(ActivityThread.java:5740)
01-07 07:13:15.076  3352  3352 I Xposed  : 	at de.robv.android.xposed.XposedBridge.invokeOriginalMethodNative(Native Method)
01-07 07:13:15.076  3352  3352 I Xposed  : 	at de.robv.android.xposed.XposedBridge.handleHookedMethod(XposedBridge.java:361)
01-07 07:13:15.076  3352  3352 I Xposed  : 	at android.app.ActivityThread.handleBindApplication(<Xposed>)
01-07 07:13:15.076  3352  3352 I Xposed  : 	at android.app.ActivityThread.-wrap1(Unknown Source:0)
01-07 07:13:15.076  3352  3352 I Xposed  : 	at android.app.ActivityThread$H.handleMessage(ActivityThread.java:1656)
01-07 07:13:15.076  3352  3352 I Xposed  : 	at android.os.Handler.dispatchMessage(Handler.java:106)
01-07 07:13:15.076  3352  3352 I Xposed  : 	at android.os.Looper.loop(Looper.java:164)
01-07 07:13:15.076  3352  3352 I Xposed  : 	at android.app.ActivityThread.main(ActivityThread.java:6494)
01-07 07:13:15.076  3352  3352 I Xposed  : 	at java.lang.reflect.Method.invoke(Native Method)
01-07 07:13:15.076  3352  3352 I Xposed  : 	at com.android.internal.os.RuntimeInit$MethodAndArgsCaller.run(RuntimeInit.java:440)
01-07 07:13:15.076  3352  3352 I Xposed  : 	at com.android.internal.os.ZygoteInit.main(ZygoteInit.java:807)
01-07 07:13:15.076  3352  3352 I Xposed  : 	at de.robv.android.xposed.XposedBridge.main(XposedBridge.java:108)
01-07 07:13:15.076  3173  3173 I Xposed  : X-APM-S-4.1.5-VERBOSE-****************** getService: package *****************
01-07 07:13:15.078  3173  3173 I Xposed  : X-APM-S-4.1.5-VERBOSE-****************** getService: connectivity *****************
01-07 07:13:15.078  3173  3173 I Xposed  : X-APM-S-4.1.5-VERBOSE-****************** getService: wifi *****************
01-07 07:13:15.078  3352  3352 I Xposed  : X-APM-S-4.1.5-VERBOSE-****************** getService: deviceidle *****************
01-07 07:13:15.081  3352  3352 I Xposed  : X-APM-S-4.1.5-WARN-Error getPermissionControlBlockModeForPkg: java.lang.NullPointerException: Attempt to invoke virtual method 'github.tornaco.xposedmoduletest.xposed.repo.SetRepo github.tornaco.xposedmoduletest.xposed.repo.RepoProxy.getPerms()' on a null object reference
01-07 07:13:15.081  3352  3352 I Xposed  : 	at github.tornaco.xposedmoduletest.xposed.service.XAshmanServiceImpl.isInPermissionBlockList(XAshmanServiceImpl.java:3773)
01-07 07:13:15.081  3352  3352 I Xposed  : 	at github.tornaco.xposedmoduletest.xposed.service.XAshmanServiceImpl.getPermissionControlBlockModeForPkg(XAshmanServiceImpl.java:2785)
01-07 07:13:15.081  3352  3352 I Xposed  : 	at github.tornaco.xposedmoduletest.xposed.app.XAshmanManager.getPermissionControlBlockModeForPkg(XAshmanManager.java:520)
01-07 07:13:15.081  3352  3352 I Xposed  : 	at github.tornaco.xposedmoduletest.xposed.submodules.WakelockSubModule$1.beforeHookedMethod(WakelockSubModule.java:66)
01-07 07:13:15.081  3352  3352 I Xposed  : 	at de.robv.android.xposed.XposedBridge.handleHookedMethod(XposedBridge.java:341)
01-07 07:13:15.081  3352  3352 I Xposed  : 	at android.os.PowerManager$WakeLock.acquire(<Xposed>)
01-07 07:13:15.081  3352  3352 I Xposed  : 	at com.android.internal.telephony.InboundSmsHandler.<init>(InboundSmsHandler.java:257)
01-07 07:13:15.081  3352  3352 I Xposed  : 	at com.android.internal.telephony.gsm.GsmInboundSmsHandler.<init>(GsmInboundSmsHandler.java:50)
01-07 07:13:15.081  3352  3352 I Xposed  : 	at com.android.internal.telephony.gsm.GsmInboundSmsHandler.makeInboundSmsHandler(GsmInboundSmsHandler.java:73)
01-07 07:13:15.081  3352  3352 I Xposed  : 	at com.android.internal.telephony.ImsSMSDispatcher.<init>(ImsSMSDispatcher.java:61)
01-07 07:13:15.081  3352  3352 I Xposed  : 	at com.android.internal.telephony.IccSmsInterfaceManager.<init>(IccSmsInterfaceManager.java:134)
01-07 07:13:15.081  3352  3352 I Xposed  : 	at com.android.internal.telephony.TelephonyComponentFactory.makeIccSmsInterfaceManager(TelephonyComponentFactory.java:85)
01-07 07:13:15.081  3352  3352 I Xposed  : 	at com.android.internal.telephony.GsmCdmaPhone.initOnce(GsmCdmaPhone.java:240)
01-07 07:13:15.081  3352  3352 I Xposed  : 	at com.android.internal.telephony.GsmCdmaPhone.<init>(GsmCdmaPhone.java:206)
01-07 07:13:15.081  3352  3352 I Xposed  : 	at com.android.internal.telephony.GsmCdmaPhone.<init>(GsmCdmaPhone.java:195)
01-07 07:13:15.081  3352  3352 I Xposed  : 	at com.android.internal.telephony.PhoneFactory.makeDefaultPhone(PhoneFactory.java:182)
01-07 07:13:15.081  3352  3352 I Xposed  : 	at com.android.internal.telephony.PhoneFactory.makeDefaultPhones(PhoneFactory.java:97)
01-07 07:13:15.081  3352  3352 I Xposed  : 	at com.android.phone.PhoneGlobals.onCreate(PhoneGlobals.java:288)
01-07 07:13:15.081  3352  3352 I Xposed  : 	at com.android.phone.PhoneApp.onCreate(PhoneApp.java:41)
01-07 07:13:15.081  3352  3352 I Xposed  : 	at android.app.Instrumentation.callApplicationOnCreate(Instrumentation.java:1119)
01-07 07:13:15.081  3352  3352 I Xposed  : 	at android.app.ActivityThread.handleBindApplication(ActivityThread.java:5740)
01-07 07:13:15.081  3352  3352 I Xposed  : 	at de.robv.android.xposed.XposedBridge.invokeOriginalMethodNative(Native Method)
01-07 07:13:15.081  3352  3352 I Xposed  : 	at de.robv.android.xposed.XposedBridge.handleHookedMethod(XposedBridge.java:361)
01-07 07:13:15.081  3352  3352 I Xposed  : 	at android.app.ActivityThread.handleBindApplication(<Xposed>)
01-07 07:13:15.081  3352  3352 I Xposed  : 	at android.app.ActivityThread.-wrap1(Unknown Source:0)
01-07 07:13:15.081  3352  3352 I Xposed  : 	at android.app.ActivityThread$H.handleMessage(ActivityThread.java:1656)
01-07 07:13:15.081  3352  3352 I Xposed  : 	at android.os.Handler.dispatchMessage(Handler.java:106)
01-07 07:13:15.081  3352  3352 I Xposed  : 	at android.os.Looper.loop(Looper.java:164)
01-07 07:13:15.081  3352  3352 I Xposed  : 	at android.app.ActivityThread.main(ActivityThread.java:6494)
01-07 07:13:15.081  3352  3352 I Xposed  : 	at java.lang.reflect.Method.invoke(Native Method)
01-07 07:13:15.081  3352  3352 I Xposed  : 	at com.android.internal.os.RuntimeInit$MethodAndArgsCaller.run(RuntimeInit.java:440)
01-07 07:13:15.081  3352  3352 I Xposed  : 	at com.android.internal.os.ZygoteInit.main(ZygoteInit.java:807)
01-07 07:13:15.081  3352  3352 I Xposed  : 	at de.robv.android.xposed.XposedBridge.main(XposedBridge.java:108)
01-07 07:13:15.083  3173  3173 I Xposed  : X-APM-S-4.1.5-VERBOSE-****************** getService: network_score *****************
01-07 07:13:15.091  3352  3352 I Xposed  : X-APM-S-4.1.5-VERBOSE-****************** getService: deviceidle *****************
01-07 07:13:15.094  3352  3352 I Xposed  : X-APM-S-4.1.5-WARN-Error getPermissionControlBlockModeForPkg: java.lang.NullPointerException: Attempt to invoke virtual method 'github.tornaco.xposedmoduletest.xposed.repo.SetRepo github.tornaco.xposedmoduletest.xposed.repo.RepoProxy.getPerms()' on a null object reference
01-07 07:13:15.094  3352  3352 I Xposed  : 	at github.tornaco.xposedmoduletest.xposed.service.XAshmanServiceImpl.isInPermissionBlockList(XAshmanServiceImpl.java:3773)
01-07 07:13:15.094  3352  3352 I Xposed  : 	at github.tornaco.xposedmoduletest.xposed.service.XAshmanServiceImpl.getPermissionControlBlockModeForPkg(XAshmanServiceImpl.java:2785)
01-07 07:13:15.094  3352  3352 I Xposed  : 	at github.tornaco.xposedmoduletest.xposed.app.XAshmanManager.getPermissionControlBlockModeForPkg(XAshmanManager.java:520)
01-07 07:13:15.094  3352  3352 I Xposed  : 	at github.tornaco.xposedmoduletest.xposed.submodules.WakelockSubModule$1.beforeHookedMethod(WakelockSubModule.java:66)
01-07 07:13:15.094  3352  3352 I Xposed  : 	at de.robv.android.xposed.XposedBridge.handleHookedMethod(XposedBridge.java:341)
01-07 07:13:15.094  3352  3352 I Xposed  : 	at android.os.PowerManager$WakeLock.acquire(<Xposed>)
01-07 07:13:15.094  3352  3352 I Xposed  : 	at com.android.internal.telephony.WakeLockStateMachine.<init>(WakeLockStateMachine.java:72)
01-07 07:13:15.094  3352  3352 I Xposed  : 	at com.android.internal.telephony.CellBroadcastHandler.<init>(CellBroadcastHandler.java:45)
01-07 07:13:15.094  3352  3352 I Xposed  : 	at com.android.internal.telephony.CellBroadcastHandler.<init>(CellBroadcastHandler.java:41)
01-07 07:13:15.094  3352  3352 I Xposed  : 	at com.android.internal.telephony.CellBroadcastHandler.makeCellBroadcastHandler(CellBroadcastHandler.java:54)
01-07 07:13:15.094  3352  3352 I Xposed  : 	at com.android.internal.telephony.cdma.CdmaInboundSmsHandler.<init>(CdmaInboundSmsHandler.java:63)
01-07 07:13:15.094  3352  3352 I Xposed  : 	at com.android.internal.telephony.cdma.CdmaInboundSmsHandler.makeInboundSmsHandler(CdmaInboundSmsHandler.java:87)
01-07 07:13:15.094  3352  3352 I Xposed  : 	at com.android.internal.telephony.ImsSMSDispatcher.<init>(ImsSMSDispatcher.java:63)
01-07 07:13:15.094  3352  3352 I Xposed  : 	at com.android.internal.telephony.IccSmsInterfaceManager.<init>(IccSmsInterfaceManager.java:134)
01-07 07:13:15.094  3352  3352 I Xposed  : 	at com.android.internal.telephony.TelephonyComponentFactory.makeIccSmsInterfaceManager(TelephonyComponentFactory.java:85)
01-07 07:13:15.094  3352  3352 I Xposed  : 	at com.android.internal.telephony.GsmCdmaPhone.initOnce(GsmCdmaPhone.java:240)
01-07 07:13:15.094  3352  3352 I Xposed  : 	at com.android.internal.telephony.GsmCdmaPhone.<init>(GsmCdmaPhone.java:206)
01-07 07:13:15.094  3352  3352 I Xposed  : 	at com.android.internal.telephony.GsmCdmaPhone.<init>(GsmCdmaPhone.java:195)
01-07 07:13:15.094  3352  3352 I Xposed  : 	at com.android.internal.telephony.PhoneFactory.makeDefaultPhone(PhoneFactory.java:182)
01-07 07:13:15.094  3352  3352 I Xposed  : 	at com.android.internal.telephony.PhoneFactory.makeDefaultPhones(PhoneFactory.java:97)
01-07 07:13:15.094  3352  3352 I Xposed  : 	at com.android.phone.PhoneGlobals.onCreate(PhoneGlobals.java:288)
01-07 07:13:15.094  3352  3352 I Xposed  : 	at com.android.phone.PhoneApp.onCreate(PhoneApp.java:41)
01-07 07:13:15.094  3352  3352 I Xposed  : 	at android.app.Instrumentation.callApplicationOnCreate(Instrumentation.java:1119)
01-07 07:13:15.094  3352  3352 I Xposed  : 	at android.app.ActivityThread.handleBindApplication(ActivityThread.java:5740)
01-07 07:13:15.094  3352  3352 I Xposed  : 	at de.robv.android.xposed.XposedBridge.invokeOriginalMethodNative(Native Method)
01-07 07:13:15.094  3352  3352 I Xposed  : 	at de.robv.android.xposed.XposedBridge.handleHookedMethod(XposedBridge.java:361)
01-07 07:13:15.094  3352  3352 I Xposed  : 	at android.app.ActivityThread.handleBindApplication(<Xposed>)
01-07 07:13:15.094  3352  3352 I Xposed  : 	at android.app.ActivityThread.-wrap1(Unknown Source:0)
01-07 07:13:15.094  3352  3352 I Xposed  : 	at android.app.ActivityThread$H.handleMessage(ActivityThread.java:1656)
01-07 07:13:15.094  3352  3352 I Xposed  : 	at android.os.Handler.dispatchMessage(Handler.java:106)
01-07 07:13:15.094  3352  3352 I Xposed  : 	at android.os.Looper.loop(Looper.java:164)
01-07 07:13:15.094  3352  3352 I Xposed  : 	at android.app.ActivityThread.main(ActivityThread.java:6494)
01-07 07:13:15.094  3352  3352 I Xposed  : 	at java.lang.reflect.Method.invoke(Native Method)
01-07 07:13:15.094  3352  3352 I Xposed  : 	at com.android.internal.os.RuntimeInit$MethodAndArgsCaller.run(RuntimeInit.java:440)
01-07 07:13:15.094  3352  3352 I Xposed  : 	at com.android.internal.os.ZygoteInit.main(ZygoteInit.java:807)
01-07 07:13:15.094  3352  3352 I Xposed  : 	at de.robv.android.xposed.XposedBridge.main(XposedBridge.java:108)
01-07 07:13:15.095  3173  3173 I Xposed  : X-APM-S-4.1.5-VERBOSE-****************** getService: netstats *****************
01-07 07:13:15.096  3173  3173 I Xposed  : X-APM-S-4.1.5-VERBOSE-****************** getService: netpolicy *****************
01-07 07:13:15.102  3352  3352 I Xposed  : X-APM-S-4.1.5-VERBOSE-****************** getService: deviceidle *****************
01-07 07:13:15.104  3352  3352 I Xposed  : X-APM-S-4.1.5-WARN-Error getPermissionControlBlockModeForPkg: java.lang.NullPointerException: Attempt to invoke virtual method 'github.tornaco.xposedmoduletest.xposed.repo.SetRepo github.tornaco.xposedmoduletest.xposed.repo.RepoProxy.getPerms()' on a null object reference
01-07 07:13:15.104  3352  3352 I Xposed  : 	at github.tornaco.xposedmoduletest.xposed.service.XAshmanServiceImpl.isInPermissionBlockList(XAshmanServiceImpl.java:3773)
01-07 07:13:15.104  3352  3352 I Xposed  : 	at github.tornaco.xposedmoduletest.xposed.service.XAshmanServiceImpl.getPermissionControlBlockModeForPkg(XAshmanServiceImpl.java:2785)
01-07 07:13:15.104  3352  3352 I Xposed  : 	at github.tornaco.xposedmoduletest.xposed.app.XAshmanManager.getPermissionControlBlockModeForPkg(XAshmanManager.java:520)
01-07 07:13:15.104  3352  3352 I Xposed  : 	at github.tornaco.xposedmoduletest.xposed.submodules.WakelockSubModule$1.beforeHookedMethod(WakelockSubModule.java:66)
01-07 07:13:15.104  3352  3352 I Xposed  : 	at de.robv.android.xposed.XposedBridge.handleHookedMethod(XposedBridge.java:341)
01-07 07:13:15.104  3352  3352 I Xposed  : 	at android.os.PowerManager$WakeLock.acquire(<Xposed>)
01-07 07:13:15.104  3352  3352 I Xposed  : 	at com.android.internal.telephony.InboundSmsHandler.<init>(InboundSmsHandler.java:257)
01-07 07:13:15.104  3352  3352 I Xposed  : 	at com.android.internal.telephony.cdma.CdmaInboundSmsHandler.<init>(CdmaInboundSmsHandler.java:62)
01-07 07:13:15.104  3352  3352 I Xposed  : 	at com.android.internal.telephony.cdma.CdmaInboundSmsHandler.makeInboundSmsHandler(CdmaInboundSmsHandler.java:87)
01-07 07:13:15.104  3352  3352 I Xposed  : 	at com.android.internal.telephony.ImsSMSDispatcher.<init>(ImsSMSDispatcher.java:63)
01-07 07:13:15.104  3352  3352 I Xposed  : 	at com.android.internal.telephony.IccSmsInterfaceManager.<init>(IccSmsInterfaceManager.java:134)
01-07 07:13:15.104  3352  3352 I Xposed  : 	at com.android.internal.telephony.TelephonyComponentFactory.makeIccSmsInterfaceManager(TelephonyComponentFactory.java:85)
01-07 07:13:15.104  3352  3352 I Xposed  : 	at com.android.internal.telephony.GsmCdmaPhone.initOnce(GsmCdmaPhone.java:240)
01-07 07:13:15.104  3352  3352 I Xposed  : 	at com.android.internal.telephony.GsmCdmaPhone.<init>(GsmCdmaPhone.java:206)
01-07 07:13:15.104  3352  3352 I Xposed  : 	at com.android.internal.telephony.GsmCdmaPhone.<init>(GsmCdmaPhone.java:195)
01-07 07:13:15.104  3352  3352 I Xposed  : 	at com.android.internal.telephony.PhoneFactory.makeDefaultPhone(PhoneFactory.java:182)
01-07 07:13:15.104  3352  3352 I Xposed  : 	at com.android.internal.telephony.PhoneFactory.makeDefaultPhones(PhoneFactory.java:97)
01-07 07:13:15.104  3352  3352 I Xposed  : 	at com.android.phone.PhoneGlobals.onCreate(PhoneGlobals.java:288)
01-07 07:13:15.104  3352  3352 I Xposed  : 	at com.android.phone.PhoneApp.onCreate(PhoneApp.java:41)
01-07 07:13:15.104  3352  3352 I Xposed  : 	at android.app.Instrumentation.callApplicationOnCreate(Instrumentation.java:1119)
01-07 07:13:15.104  3352  3352 I Xposed  : 	at android.app.ActivityThread.handleBindApplication(ActivityThread.java:5740)
01-07 07:13:15.104  3352  3352 I Xposed  : 	at de.robv.android.xposed.XposedBridge.invokeOriginalMethodNative(Native Method)
01-07 07:13:15.104  3352  3352 I Xposed  : 	at de.robv.android.xposed.XposedBridge.handleHookedMethod(XposedBridge.java:361)
01-07 07:13:15.104  3352  3352 I Xposed  : 	at android.app.ActivityThread.handleBindApplication(<Xposed>)
01-07 07:13:15.104  3352  3352 I Xposed  : 	at android.app.ActivityThread.-wrap1(Unknown Source:0)
01-07 07:13:15.104  3352  3352 I Xposed  : 	at android.app.ActivityThread$H.handleMessage(ActivityThread.java:1656)
01-07 07:13:15.104  3352  3352 I Xposed  : 	at android.os.Handler.dispatchMessage(Handler.java:106)
01-07 07:13:15.104  3352  3352 I Xposed  : 	at android.os.Looper.loop(Looper.java:164)
01-07 07:13:15.104  3352  3352 I Xposed  : 	at android.app.ActivityThread.main(ActivityThread.java:6494)
01-07 07:13:15.104  3352  3352 I Xposed  : 	at java.lang.reflect.Method.invoke(Native Method)
01-07 07:13:15.104  3352  3352 I Xposed  : 	at com.android.internal.os.RuntimeInit$MethodAndArgsCaller.run(RuntimeInit.java:440)
01-07 07:13:15.104  3352  3352 I Xposed  : 	at com.android.internal.os.ZygoteInit.main(ZygoteInit.java:807)
01-07 07:13:15.104  3352  3352 I Xposed  : 	at de.robv.android.xposed.XposedBridge.main(XposedBridge.java:108)
01-07 07:13:15.105  3352  3352 I Xposed  : X-APM-S-4.1.5-VERBOSE-****************** getService: deviceidle *****************
01-07 07:13:15.106  3173  3502 I Xposed  : X-APM-S-4.1.5-VERBOSE-****************** getService: telephony.registry *****************
01-07 07:13:15.107  3352  3352 I Xposed  : X-APM-S-4.1.5-WARN-Error getPermissionControlBlockModeForPkg: java.lang.NullPointerException: Attempt to invoke virtual method 'github.tornaco.xposedmoduletest.xposed.repo.SetRepo github.tornaco.xposedmoduletest.xposed.repo.RepoProxy.getPerms()' on a null object reference
01-07 07:13:15.107  3352  3352 I Xposed  : 	at github.tornaco.xposedmoduletest.xposed.service.XAshmanServiceImpl.isInPermissionBlockList(XAshmanServiceImpl.java:3773)
01-07 07:13:15.107  3352  3352 I Xposed  : 	at github.tornaco.xposedmoduletest.xposed.service.XAshmanServiceImpl.getPermissionControlBlockModeForPkg(XAshmanServiceImpl.java:2785)
01-07 07:13:15.107  3352  3352 I Xposed  : 	at github.tornaco.xposedmoduletest.xposed.app.XAshmanManager.getPermissionControlBlockModeForPkg(XAshmanManager.java:520)
01-07 07:13:15.107  3352  3352 I Xposed  : 	at github.tornaco.xposedmoduletest.xposed.submodules.WakelockSubModule$1.beforeHookedMethod(WakelockSubModule.java:66)
01-07 07:13:15.107  3352  3352 I Xposed  : 	at de.robv.android.xposed.XposedBridge.handleHookedMethod(XposedBridge.java:341)
01-07 07:13:15.107  3352  3352 I Xposed  : 	at android.os.PowerManager$WakeLock.acquire(<Xposed>)
01-07 07:13:15.107  3352  3352 I Xposed  : 	at com.android.internal.telephony.WakeLockStateMachine.<init>(WakeLockStateMachine.java:72)
01-07 07:13:15.107  3352  3352 I Xposed  : 	at com.android.internal.telephony.cdma.CdmaServiceCategoryProgramHandler.<init>(CdmaServiceCategoryProgramHandler.java:55)
01-07 07:13:15.107  3352  3352 I Xposed  : 	at com.android.internal.telephony.cdma.CdmaServiceCategoryProgramHandler.makeScpHandler(CdmaServiceCategoryProgramHandler.java:68)
01-07 07:13:15.107  3352  3352 I Xposed  : 	at com.android.internal.telephony.cdma.CdmaInboundSmsHandler.<init>(CdmaInboundSmsHandler.java:65)
01-07 07:13:15.107  3352  3352 I Xposed  : 	at com.android.internal.telephony.cdma.CdmaInboundSmsHandler.makeInboundSmsHandler(CdmaInboundSmsHandler.java:87)
01-07 07:13:15.107  3352  3352 I Xposed  : 	at com.android.internal.telephony.ImsSMSDispatcher.<init>(ImsSMSDispatcher.java:63)
01-07 07:13:15.107  3352  3352 I Xposed  : 	at com.android.internal.telephony.IccSmsInterfaceManager.<init>(IccSmsInterfaceManager.java:134)
01-07 07:13:15.107  3352  3352 I Xposed  : 	at com.android.internal.telephony.TelephonyComponentFactory.makeIccSmsInterfaceManager(TelephonyComponentFactory.java:85)
01-07 07:13:15.107  3352  3352 I Xposed  : 	at com.android.internal.telephony.GsmCdmaPhone.initOnce(GsmCdmaPhone.java:240)
01-07 07:13:15.107  3352  3352 I Xposed  : 	at com.android.internal.telephony.GsmCdmaPhone.<init>(GsmCdmaPhone.java:206)
01-07 07:13:15.107  3352  3352 I Xposed  : 	at com.android.internal.telephony.GsmCdmaPhone.<init>(GsmCdmaPhone.java:195)
01-07 07:13:15.107  3352  3352 I Xposed  : 	at com.android.internal.telephony.PhoneFactory.makeDefaultPhone(PhoneFactory.java:182)
01-07 07:13:15.107  3352  3352 I Xposed  : 	at com.android.internal.telephony.PhoneFactory.makeDefaultPhones(PhoneFactory.java:97)
01-07 07:13:15.107  3352  3352 I Xposed  : 	at com.android.phone.PhoneGlobals.onCreate(PhoneGlobals.java:288)
01-07 07:13:15.107  3352  3352 I Xposed  : 	at com.android.phone.PhoneApp.onCreate(PhoneApp.java:41)
01-07 07:13:15.107  3352  3352 I Xposed  : 	at android.app.Instrumentation.callApplicationOnCreate(Instrumentation.java:1119)
01-07 07:13:15.107  3352  3352 I Xposed  : 	at android.app.ActivityThread.handleBindApplication(ActivityThread.java:5740)
01-07 07:13:15.107  3352  3352 I Xposed  : 	at de.robv.android.xposed.XposedBridge.invokeOriginalMethodNative(Native Method)
01-07 07:13:15.107  3352  3352 I Xposed  : 	at de.robv.android.xposed.XposedBridge.handleHookedMethod(XposedBridge.java:361)
01-07 07:13:15.107  3352  3352 I Xposed  : 	at android.app.ActivityThread.handleBindApplication(<Xposed>)
01-07 07:13:15.107  3352  3352 I Xposed  : 	at android.app.ActivityThread.-wrap1(Unknown Source:0)
01-07 07:13:15.107  3352  3352 I Xposed  : 	at android.app.ActivityThread$H.handleMessage(ActivityThread.java:1656)
01-07 07:13:15.107  3352  3352 I Xposed  : 	at android.os.Handler.dispatchMessage(Handler.java:106)
01-07 07:13:15.107  3352  3352 I Xposed  : 	at android.os.Looper.loop(Looper.java:164)
01-07 07:13:15.107  3352  3352 I Xposed  : 	at android.app.ActivityThread.main(ActivityThread.java:6494)
01-07 07:13:15.107  3352  3352 I Xposed  : 	at java.lang.reflect.Method.invoke(Native Method)
01-07 07:13:15.107  3352  3352 I Xposed  : 	at com.android.internal.os.RuntimeInit$MethodAndArgsCaller.run(RuntimeInit.java:440)
01-07 07:13:15.107  3352  3352 I Xposed  : 	at com.android.internal.os.ZygoteInit.main(ZygoteInit.java:807)
01-07 07:13:15.107  3352  3352 I Xposed  : 	at de.robv.android.xposed.XposedBridge.main(XposedBridge.java:108)
01-07 07:13:15.109  3173  3502 I Xposed  : X-APM-S-4.1.5-VERBOSE-****************** getService: isub *****************
01-07 07:13:15.112  3173  3173 I Xposed  : X-APM-S-4.1.5-VERBOSE-****************** getService: phone *****************
01-07 07:13:15.112  3173  3173 I Xposed  : X-APM-S-4.1.5-VERBOSE-****************** getService: telephony.registry *****************
01-07 07:13:15.113  3173  3502 I Xposed  : X-APM-S-4.1.5-VERBOSE-****************** getService: isub *****************
01-07 07:13:15.113  2105  3511 I Xposed  : X-APM-S-4.1.5-VERBOSE-****************** getService: isub *****************
01-07 07:13:15.118  3352  3352 I Xposed  : X-APM-S-4.1.5-VERBOSE-****************** getService: isub *****************
01-07 07:13:15.118  3352  3352 I Xposed  : X-APM-S-4.1.5-VERBOSE-****************** getService: carrier_config *****************
01-07 07:13:15.118  3173  3173 I Xposed  : X-APM-S-4.1.5-VERBOSE-****************** getService: voiceinteraction *****************
01-07 07:13:15.120  3352  3352 I Xposed  : X-APM-S-4.1.5-VERBOSE-****************** getService: isub *****************
01-07 07:13:15.120  3352  3352 I Xposed  : X-APM-S-4.1.5-VERBOSE-****************** getService: carrier_config *****************
01-07 07:13:15.121  3352  3352 I Xposed  : X-APM-S-4.1.5-VERBOSE-****************** getService: telephony.registry *****************
01-07 07:13:15.121  3173  3664 I Xposed  : X-APM-S-4.1.5-VERBOSE-****************** getService: telecom *****************
01-07 07:13:15.127  3173  3173 I Xposed  : X-APM-S-4.1.5-VERBOSE-****************** getService: overlay *****************
01-07 07:13:15.128  3352  3352 I Xposed  : X-APM-S-4.1.5-WARN-Error getPermissionControlBlockModeForPkg: java.lang.NullPointerException: Attempt to invoke virtual method 'github.tornaco.xposedmoduletest.xposed.repo.SetRepo github.tornaco.xposedmoduletest.xposed.repo.RepoProxy.getPerms()' on a null object reference
01-07 07:13:15.128  3352  3352 I Xposed  : 	at github.tornaco.xposedmoduletest.xposed.service.XAshmanServiceImpl.isInPermissionBlockList(XAshmanServiceImpl.java:3773)
01-07 07:13:15.128  3352  3352 I Xposed  : 	at github.tornaco.xposedmoduletest.xposed.service.XAshmanServiceImpl.getPermissionControlBlockModeForPkg(XAshmanServiceImpl.java:2785)
01-07 07:13:15.128  3352  3352 I Xposed  : 	at github.tornaco.xposedmoduletest.xposed.app.XAshmanManager.getPermissionControlBlockModeForPkg(XAshmanManager.java:520)
01-07 07:13:15.128  3352  3352 I Xposed  : 	at github.tornaco.xposedmoduletest.xposed.submodules.WakelockSubModule$1.beforeHookedMethod(WakelockSubModule.java:66)
01-07 07:13:15.128  3352  3352 I Xposed  : 	at de.robv.android.xposed.XposedBridge.handleHookedMethod(XposedBridge.java:341)
01-07 07:13:15.128  3352  3352 I Xposed  : 	at android.os.PowerManager$WakeLock.acquire(<Xposed>)
01-07 07:13:15.128  3352  3352 I Xposed  : 	at com.android.internal.telephony.RIL.acquireWakeLock(RIL.java:4121)
01-07 07:13:15.128  3352  3352 I Xposed  : 	at com.android.internal.telephony.RIL.addRequest(RIL.java:664)
01-07 07:13:15.128  3352  3352 I Xposed  : 	at com.android.internal.telephony.RIL.obtainRequest(RIL.java:673)
01-07 07:13:15.128  3352  3352 I Xposed  : 	at com.android.internal.telephony.RIL.getSignalStrength(RIL.java:1103)
01-07 07:13:15.128  3352  3352 I Xposed  : 	at com.android.internal.telephony.ServiceStateTracker.updatePhoneType(ServiceStateTracker.java:692)
01-07 07:13:15.128  3352  3352 I Xposed  : 	at com.android.internal.telephony.ServiceStateTracker.<init>(ServiceStateTracker.java:600)
01-07 07:13:15.128  3352  3352 I Xposed  : 	at com.android.internal.telephony.TelephonyComponentFactory.makeServiceStateTracker(TelephonyComponentFactory.java:61)
01-07 07:13:15.128  3352  3352 I Xposed  : 	at com.android.internal.telephony.GsmCdmaPhone.<init>(GsmCdmaPhone.java:212)
01-07 07:13:15.128  3352  3352 I Xposed  : 	at com.android.internal.telephony.GsmCdmaPhone.<init>(GsmCdmaPhone.java:195)
01-07 07:13:15.128  3352  3352 I Xposed  : 	at com.android.internal.telephony.PhoneFactory.makeDefaultPhone(PhoneFactory.java:182)
01-07 07:13:15.128  3352  3352 I Xposed  : 	at com.android.internal.telephony.PhoneFactory.makeDefaultPhones(PhoneFactory.java:97)
01-07 07:13:15.128  3352  3352 I Xposed  : 	at com.android.phone.PhoneGlobals.onCreate(PhoneGlobals.java:288)
01-07 07:13:15.128  3352  3352 I Xposed  : 	at com.android.phone.PhoneApp.onCreate(PhoneApp.java:41)
01-07 07:13:15.128  3352  3352 I Xposed  : 	at android.app.Instrumentation.callApplicationOnCreate(Instrumentation.java:1119)
01-07 07:13:15.128  3352  3352 I Xposed  : 	at android.app.ActivityThread.handleBindApplication(ActivityThread.java:5740)
01-07 07:13:15.128  3352  3352 I Xposed  : 	at de.robv.android.xposed.XposedBridge.invokeOriginalMethodNative(Native Method)
01-07 07:13:15.128  3352  3352 I Xposed  : 	at de.robv.android.xposed.XposedBridge.handleHookedMethod(XposedBridge.java:361)
01-07 07:13:15.128  3352  3352 I Xposed  : 	at android.app.ActivityThread.handleBindApplication(<Xposed>)
01-07 07:13:15.128  3352  3352 I Xposed  : 	at android.app.ActivityThread.-wrap1(Unknown Source:0)
01-07 07:13:15.128  3352  3352 I Xposed  : 	at android.app.ActivityThread$H.handleMessage(ActivityThread.java:1656)
01-07 07:13:15.128  3352  3352 I Xposed  : 	at android.os.Handler.dispatchMessage(Handler.java:106)
01-07 07:13:15.128  3352  3352 I Xposed  : 	at android.os.Looper.loop(Looper.java:164)
01-07 07:13:15.128  3352  3352 I Xposed  : 	at android.app.ActivityThread.main(ActivityThread.java:6494)
01-07 07:13:15.128  3352  3352 I Xposed  : 	at java.lang.reflect.Method.invoke(Native Method)
01-07 07:13:15.128  3352  3352 I Xposed  : 	at com.android.internal.os.RuntimeInit$MethodAndArgsCaller.run(RuntimeInit.java:440)
01-07 07:13:15.128  3352  3352 I Xposed  : 	at com.android.internal.os.ZygoteInit.main(ZygoteInit.java:807)
01-07 07:13:15.128  3352  3352 I Xposed  : 	at de.robv.android.xposed.XposedBridge.main(XposedBridge.java:108)
01-07 07:13:15.135  3352  3352 I Xposed  : X-APM-S-4.1.5-VERBOSE-****************** getService: telephony.registry *****************
01-07 07:13:15.136  3352  3352 I Xposed  : X-APM-S-4.1.5-VERBOSE-****************** getService: phone *****************
01-07 07:13:15.136  3352  3352 I Xposed  : X-APM-S-4.1.5-VERBOSE-****************** getService: telephony.registry *****************
01-07 07:13:15.137  2105  3511 I Xposed  : X-APM-S-4.1.5-VERBOSE-****************** getService: isub *****************
01-07 07:13:15.139  3352  3352 I Xposed  : X-APM-S-4.1.5-VERBOSE-****************** getService: isub *****************
01-07 07:13:15.144  3352  3352 I Xposed  : X-APM-S-4.1.5-VERBOSE-****************** getService: isub *****************
01-07 07:13:15.150  3173  3669 I Xposed  : X-APM-S-4.1.5-VERBOSE-****************** getService: telecom *****************
01-07 07:13:15.162  3352  3352 I Xposed  : X-APM-S-4.1.5-VERBOSE-****************** getService: econtroller *****************
01-07 07:13:15.162  3352  3352 I Xposed  : X-APM-S-4.1.5-VERBOSE-****************** getService: package *****************
01-07 07:13:15.183  3173  3173 I Xposed  : X-APM-S-4.1.5-VERBOSE-****************** getService: wallpaper *****************
01-07 07:13:15.204  3173  3173 I Xposed  : X-APM-S-4.1.5-VERBOSE-****************** getService: statusbar *****************
01-07 07:13:15.205  3352  3352 I Xposed  : X-APM-S-4.1.5-VERBOSE-****************** getService: telephony.registry *****************
01-07 07:13:15.212  3352  3352 I Xposed  : X-APM-S-4.1.5-VERBOSE-****************** getService: simphonebook *****************
01-07 07:13:15.214  3352  3352 I Xposed  : X-APM-S-4.1.5-VERBOSE-****************** getService: iphonesubinfo *****************
01-07 07:13:15.215  3352  3352 I Xposed  : X-APM-S-4.1.5-VERBOSE-****************** getService: isms *****************
01-07 07:13:15.219  3352  3352 I Xposed  : X-APM-S-4.1.5-VERBOSE-****************** getService: notification *****************
01-07 07:13:15.225  3173  3502 I Xposed  : X-APM-S-4.1.5-VERBOSE-****************** getService: isub *****************
01-07 07:13:15.228  3352  3352 I Xposed  : X-APM-S-4.1.5-VERBOSE-****************** getService: telephony.registry *****************
01-07 07:13:15.229  3352  3352 I Xposed  : X-APM-S-4.1.5-VERBOSE-****************** getService: window *****************
01-07 07:13:15.229  3352  3352 I Xposed  : X-APM-S-4.1.5-VERBOSE-****************** getService: trust *****************
01-07 07:13:15.232  3352  3352 I Xposed  : X-APM-S-4.1.5-WARN-Error getPermissionControlBlockModeForPkg: java.lang.NullPointerException: Attempt to invoke virtual method 'github.tornaco.xposedmoduletest.xposed.repo.SetRepo github.tornaco.xposedmoduletest.xposed.repo.RepoProxy.getPerms()' on a null object reference
01-07 07:13:15.232  3352  3352 I Xposed  : 	at github.tornaco.xposedmoduletest.xposed.service.XAshmanServiceImpl.isInPermissionBlockList(XAshmanServiceImpl.java:3773)
01-07 07:13:15.232  3352  3352 I Xposed  : 	at github.tornaco.xposedmoduletest.xposed.service.XAshmanServiceImpl.getPermissionControlBlockModeForPkg(XAshmanServiceImpl.java:2785)
01-07 07:13:15.232  3352  3352 I Xposed  : 	at github.tornaco.xposedmoduletest.xposed.app.XAshmanManager.getPermissionControlBlockModeForPkg(XAshmanManager.java:520)
01-07 07:13:15.232  3352  3352 I Xposed  : 	at github.tornaco.xposedmoduletest.xposed.submodules.WakelockSubModule$1.beforeHookedMethod(WakelockSubModule.java:66)
01-07 07:13:15.232  3352  3352 I Xposed  : 	at de.robv.android.xposed.XposedBridge.handleHookedMethod(XposedBridge.java:341)
01-07 07:13:15.232  3352  3352 I Xposed  : 	at android.os.PowerManager$WakeLock.acquire(<Xposed>)
01-07 07:13:15.232  3352  3352 I Xposed  : 	at com.android.phone.CallerInfoCache$CacheAsyncTask.acquireWakeLockAndExecute(CallerInfoCache.java:101)
01-07 07:13:15.232  3352  3352 I Xposed  : 	at com.android.phone.CallerInfoCache.startAsyncCache(CallerInfoCache.java:175)
01-07 07:13:15.232  3352  3352 I Xposed  : 	at com.android.phone.CallerInfoCache.init(CallerInfoCache.java:158)
01-07 07:13:15.232  3352  3352 I Xposed  : 	at com.android.phone.PhoneGlobals.onCreate(PhoneGlobals.java:338)
01-07 07:13:15.232  3352  3352 I Xposed  : 	at com.android.phone.PhoneApp.onCreate(PhoneApp.java:41)
01-07 07:13:15.232  3352  3352 I Xposed  : 	at android.app.Instrumentation.callApplicationOnCreate(Instrumentation.java:1119)
01-07 07:13:15.232  3352  3352 I Xposed  : 	at android.app.ActivityThread.handleBindApplication(ActivityThread.java:5740)
01-07 07:13:15.232  3352  3352 I Xposed  : 	at de.robv.android.xposed.XposedBridge.invokeOriginalMethodNative(Native Method)
01-07 07:13:15.232  3352  3352 I Xposed  : 	at de.robv.android.xposed.XposedBridge.handleHookedMethod(XposedBridge.java:361)
01-07 07:13:15.232  3352  3352 I Xposed  : 	at android.app.ActivityThread.handleBindApplication(<Xposed>)
01-07 07:13:15.232  3352  3352 I Xposed  : 	at android.app.ActivityThread.-wrap1(Unknown Source:0)
01-07 07:13:15.232  3352  3352 I Xposed  : 	at android.app.ActivityThread$H.handleMessage(ActivityThread.java:1656)
01-07 07:13:15.232  3352  3352 I Xposed  : 	at android.os.Handler.dispatchMessage(Handler.java:106)
01-07 07:13:15.232  3352  3352 I Xposed  : 	at android.os.Looper.loop(Looper.java:164)
01-07 07:13:15.232  3352  3352 I Xposed  : 	at android.app.ActivityThread.main(ActivityThread.java:6494)
01-07 07:13:15.232  3352  3352 I Xposed  : 	at java.lang.reflect.Method.invoke(Native Method)
01-07 07:13:15.232  3352  3352 I Xposed  : 	at com.android.internal.os.RuntimeInit$MethodAndArgsCaller.run(RuntimeInit.java:440)
01-07 07:13:15.232  3352  3352 I Xposed  : 	at com.android.internal.os.ZygoteInit.main(ZygoteInit.java:807)
01-07 07:13:15.232  3352  3352 I Xposed  : 	at de.robv.android.xposed.XposedBridge.main(XposedBridge.java:108)
01-07 07:13:15.241  3352  3352 I Xposed  : X-APM-S-4.1.5-VERBOSE-****************** getService: bluetooth_manager *****************
01-07 07:13:15.243  3352  3352 I Xposed  : X-APM-S-4.1.5-VERBOSE-****************** getService: telephony.registry *****************
01-07 07:13:15.250  3352  3352 I Xposed  : X-APM-S-4.1.5-VERBOSE-****************** getService: telecom *****************
01-07 07:13:15.250  3352  3352 I Xposed  : X-APM-S-4.1.5-VERBOSE-****************** getService: telecom *****************
01-07 07:13:15.253  2105  3527 I Xposed  : X-APM-S-4.1.5-VERBOSE-****************** getService: telecom *****************
01-07 07:13:15.253  2105  3527 I Xposed  : X-APM-S-4.1.5-VERBOSE-****************** getService: telecom *****************
01-07 07:13:15.255  3352  3352 I Xposed  : X-APM-S-4.1.5-WARN-Error getPermissionControlBlockModeForPkg: java.lang.NullPointerException: Attempt to invoke virtual method 'github.tornaco.xposedmoduletest.xposed.repo.SetRepo github.tornaco.xposedmoduletest.xposed.repo.RepoProxy.getPerms()' on a null object reference
01-07 07:13:15.255  3352  3352 I Xposed  : 	at github.tornaco.xposedmoduletest.xposed.service.XAshmanServiceImpl.isInPermissionBlockList(XAshmanServiceImpl.java:3773)
01-07 07:13:15.255  3352  3352 I Xposed  : 	at github.tornaco.xposedmoduletest.xposed.service.XAshmanServiceImpl.getPermissionControlBlockModeForPkg(XAshmanServiceImpl.java:2785)
01-07 07:13:15.255  3352  3352 I Xposed  : 	at github.tornaco.xposedmoduletest.xposed.app.XAshmanManager.getPermissionControlBlockModeForPkg(XAshmanManager.java:520)
01-07 07:13:15.255  3352  3352 I Xposed  : 	at github.tornaco.xposedmoduletest.xposed.submodules.WakelockSubModule$1.beforeHookedMethod(WakelockSubModule.java:66)
01-07 07:13:15.255  3352  3352 I Xposed  : 	at de.robv.android.xposed.XposedBridge.handleHookedMethod(XposedBridge.java:341)
01-07 07:13:15.255  3352  3352 I Xposed  : 	at android.os.PowerManager$WakeLock.acquire(<Xposed>)
01-07 07:13:15.255  3352  3352 I Xposed  : 	at com.android.internal.telephony.RIL.acquireWakeLock(RIL.java:4121)
01-07 07:13:15.255  3352  3352 I Xposed  : 	at com.android.internal.telephony.RIL.addRequest(RIL.java:664)
01-07 07:13:15.255  3352  3352 I Xposed  : 	at com.android.internal.telephony.RIL.obtainRequest(RIL.java:673)
01-07 07:13:15.255  3352  3352 I Xposed  : 	at com.android.internal.telephony.RIL.setTTYMode(RIL.java:2445)
01-07 07:13:15.255  3352  3352 I Xposed  : 	at com.android.internal.telephony.Phone.setTTYMode(Phone.java:1979)
01-07 07:13:15.255  3352  3352 I Xposed  : 	at com.android.internal.telephony.GsmCdmaPhone.setTTYMode(GsmCdmaPhone.java:1859)
01-07 07:13:15.255  3352  3352 I Xposed  : 	at com.android.services.telephony.TtyManager.updateTtyMode(TtyManager.java:96)
01-07 07:13:15.255  3352  3352 I Xposed  : 	at com.android.services.telephony.TtyManager.<init>(TtyManager.java:86)
01-07 07:13:15.255  3352  3352 I Xposed  : 	at com.android.services.telephony.TelephonyGlobals.onCreate(TelephonyGlobals.java:65)
01-07 07:13:15.255  3352  3352 I Xposed  : 	at com.android.phone.PhoneApp.onCreate(PhoneApp.java:44)
01-07 07:13:15.255  3352  3352 I Xposed  : 	at android.app.Instrumentation.callApplicationOnCreate(Instrumentation.java:1119)
01-07 07:13:15.255  3352  3352 I Xposed  : 	at android.app.ActivityThread.handleBindApplication(ActivityThread.java:5740)
01-07 07:13:15.255  3352  3352 I Xposed  : 	at de.robv.android.xposed.XposedBridge.invokeOriginalMethodNative(Native Method)
01-07 07:13:15.255  3352  3352 I Xposed  : 	at de.robv.android.xposed.XposedBridge.handleHookedMethod(XposedBridge.java:361)
01-07 07:13:15.255  3352  3352 I Xposed  : 	at android.app.ActivityThread.handleBindApplication(<Xposed>)
01-07 07:13:15.255  3352  3352 I Xposed  : 	at android.app.ActivityThread.-wrap1(Unknown Source:0)
01-07 07:13:15.255  3352  3352 I Xposed  : 	at android.app.ActivityThread$H.handleMessage(ActivityThread.java:1656)
01-07 07:13:15.255  3352  3352 I Xposed  : 	at android.os.Handler.dispatchMessage(Handler.java:106)
01-07 07:13:15.255  3352  3352 I Xposed  : 	at android.os.Looper.loop(Looper.java:164)
01-07 07:13:15.255  3352  3352 I Xposed  : 	at android.app.ActivityThread.main(ActivityThread.java:6494)
01-07 07:13:15.255  3352  3352 I Xposed  : 	at java.lang.reflect.Method.invoke(Native Method)
01-07 07:13:15.255  3352  3352 I Xposed  : 	at com.android.internal.os.RuntimeInit$MethodAndArgsCaller.run(RuntimeInit.java:440)
01-07 07:13:15.255  3352  3352 I Xposed  : 	at com.android.internal.os.ZygoteInit.main(ZygoteInit.java:807)
01-07 07:13:15.255  3352  3352 I Xposed  : 	at de.robv.android.xposed.XposedBridge.main(XposedBridge.java:108)
01-07 07:13:15.259  3173  3173 I Xposed  : X-APM-S-4.1.5-VERBOSE-****************** getService: lock_settings *****************
01-07 07:13:15.261  3352  3352 I Xposed  : X-APM-S-4.1.5-VERBOSE-****************** getService: telecom *****************
01-07 07:13:15.261  3352  3352 I Xposed  : X-APM-S-4.1.5-VERBOSE-****************** getService: telecom *****************
01-07 07:13:15.262  3352  3352 I Xposed  : X-APM-S-4.1.5-WARN-Error getPermissionControlBlockModeForPkg: java.lang.NullPointerException: Attempt to invoke virtual method 'github.tornaco.xposedmoduletest.xposed.repo.SetRepo github.tornaco.xposedmoduletest.xposed.repo.RepoProxy.getPerms()' on a null object reference
01-07 07:13:15.262  3352  3352 I Xposed  : 	at github.tornaco.xposedmoduletest.xposed.service.XAshmanServiceImpl.isInPermissionBlockList(XAshmanServiceImpl.java:3773)
01-07 07:13:15.262  3352  3352 I Xposed  : 	at github.tornaco.xposedmoduletest.xposed.service.XAshmanServiceImpl.getPermissionControlBlockModeForPkg(XAshmanServiceImpl.java:2785)
01-07 07:13:15.262  3352  3352 I Xposed  : 	at github.tornaco.xposedmoduletest.xposed.app.XAshmanManager.getPermissionControlBlockModeForPkg(XAshmanManager.java:520)
01-07 07:13:15.262  3352  3352 I Xposed  : 	at github.tornaco.xposedmoduletest.xposed.submodules.WakelockSubModule$1.beforeHookedMethod(WakelockSubModule.java:66)
01-07 07:13:15.262  3352  3352 I Xposed  : 	at de.robv.android.xposed.XposedBridge.handleHookedMethod(XposedBridge.java:341)
01-07 07:13:15.262  3352  3352 I Xposed  : 	at android.os.PowerManager$WakeLock.acquire(<Xposed>)
01-07 07:13:15.262  3352  3352 I Xposed  : 	at com.android.internal.telephony.RIL.acquireWakeLock(RIL.java:4121)
01-07 07:13:15.262  3352  3352 I Xposed  : 	at com.android.internal.telephony.RIL.addRequest(RIL.java:664)
01-07 07:13:15.262  3352  3352 I Xposed  : 	at com.android.internal.telephony.RIL.obtainRequest(RIL.java:673)
01-07 07:13:15.262  3352  3352 I Xposed  : 	at com.android.internal.telephony.RIL.setTTYMode(RIL.java:2445)
01-07 07:13:15.262  3352  3352 I Xposed  : 	at com.android.internal.telephony.Phone.setTTYMode(Phone.java:1979)
01-07 07:13:15.262  3352  3352 I Xposed  : 	at com.android.internal.telephony.GsmCdmaPhone.setTTYMode(GsmCdmaPhone.java:1859)
01-07 07:13:15.262  3352  3352 I Xposed  : 	at com.android.services.telephony.TtyManager.updateTtyMode(TtyManager.java:96)
01-07 07:13:15.262  3352  3352 I Xposed  : 	at com.android.services.telephony.TtyManager.<init>(TtyManager.java:86)
01-07 07:13:15.262  3352  3352 I Xposed  : 	at com.android.services.telephony.TelephonyGlobals.onCreate(TelephonyGlobals.java:65)
01-07 07:13:15.262  3352  3352 I Xposed  : 	at com.android.phone.PhoneApp.onCreate(PhoneApp.java:44)
01-07 07:13:15.262  3352  3352 I Xposed  : 	at android.app.Instrumentation.callApplicationOnCreate(Instrumentation.java:1119)
01-07 07:13:15.262  3352  3352 I Xposed  : 	at android.app.ActivityThread.handleBindApplication(ActivityThread.java:5740)
01-07 07:13:15.262  3352  3352 I Xposed  : 	at de.robv.android.xposed.XposedBridge.invokeOriginalMethodNative(Native Method)
01-07 07:13:15.262  3352  3352 I Xposed  : 	at de.robv.android.xposed.XposedBridge.handleHookedMethod(XposedBridge.java:361)
01-07 07:13:15.262  3352  3352 I Xposed  : 	at android.app.ActivityThread.handleBindApplication(<Xposed>)
01-07 07:13:15.262  3352  3352 I Xposed  : 	at android.app.ActivityThread.-wrap1(Unknown Source:0)
01-07 07:13:15.262  3352  3352 I Xposed  : 	at android.app.ActivityThread$H.handleMessage(ActivityThread.java:1656)
01-07 07:13:15.262  3352  3352 I Xposed  : 	at android.os.Handler.dispatchMessage(Handler.java:106)
01-07 07:13:15.262  3352  3352 I Xposed  : 	at android.os.Looper.loop(Looper.java:164)
01-07 07:13:15.262  3352  3352 I Xposed  : 	at android.app.ActivityThread.main(ActivityThread.java:6494)
01-07 07:13:15.262  3352  3352 I Xposed  : 	at java.lang.reflect.Method.invoke(Native Method)
01-07 07:13:15.262  3352  3352 I Xposed  : 	at com.android.internal.os.RuntimeInit$MethodAndArgsCaller.run(RuntimeInit.java:440)
01-07 07:13:15.262  3352  3352 I Xposed  : 	at com.android.internal.os.ZygoteInit.main(ZygoteInit.java:807)
01-07 07:13:15.262  3352  3352 I Xposed  : 	at de.robv.android.xposed.XposedBridge.main(XposedBridge.java:108)
01-07 07:13:15.265  3352  3352 I Xposed  : X-APM-S-4.1.5-VERBOSE-****************** getService: telephony.registry *****************
01-07 07:13:15.267  3352  3352 I Xposed  : X-APM-S-4.1.5-VERBOSE-****************** getService: phone *****************
01-07 07:13:15.268  3352  3352 I Xposed  : X-APM-S-4.1.5-VERBOSE-****************** getService: telephony.registry *****************
01-07 07:13:15.268  2105  2137 I Xposed  : X-APM-S-4.1.5-VERBOSE-****************** getService: isub *****************
01-07 07:13:15.272  3352  3352 I Xposed  : X-APM-S-4.1.5-VERBOSE-****************** getService: isub *****************
01-07 07:13:15.273  3352  3352 I Xposed  : X-APM-S-4.1.5-VERBOSE-****************** getService: isub *****************
01-07 07:13:15.273  3352  3352 I Xposed  : X-APM-S-4.1.5-VERBOSE-****************** getService: carrier_config *****************
