04-30 11:18:38.894 10325 10325 W StatusBar: 	at com.android.systemui.SystemBars.start(SystemBars.java:43)
04-30 11:18:38.894 10325 10325 W StatusBar: 	at com.android.systemui.SystemUIApplication.startServicesIfNeeded(SystemUIApplication.java:208)
04-30 11:18:38.894 10325 10325 W StatusBar: 	at com.android.systemui.SystemUIApplication.startServicesIfNeeded(SystemUIApplication.java:163)
04-30 11:18:38.894 10325 10325 W StatusBar: 	at com.android.systemui.SystemUIService.onCreate(SystemUIService.java:33)
04-30 11:18:38.894 10325 10325 W StatusBar: 	at android.app.ActivityThread.handleCreateService(ActivityThread.java:3479)
04-30 11:18:38.894 10325 10325 W StatusBar: 	at android.app.ActivityThread.-wrap4(Unknown Source:0)
04-30 11:18:38.894 10325 10325 W StatusBar: 	at android.app.ActivityThread$H.handleMessage(ActivityThread.java:1745)
04-30 11:18:38.894 10325 10325 W StatusBar: 	at android.os.Handler.dispatchMessage(Handler.java:105)
04-30 11:18:38.894 10325 10325 W StatusBar: 	at android.os.Looper.loop(Looper.java:164)
04-30 11:18:38.894 10325 10325 W StatusBar: 	at android.app.ActivityThread.main(ActivityThread.java:6665)
04-30 11:18:38.894 10325 10325 W StatusBar: 	at java.lang.reflect.Method.invoke(Native Method)
04-30 11:18:38.894 10325 10325 W StatusBar: 	at com.android.internal.os.Zygote$MethodAndArgsCaller.run(Zygote.java:240)
04-30 11:18:38.894 10325 10325 W StatusBar: 	at com.android.internal.os.ZygoteInit.main(ZygoteInit.java:772)
04-30 11:18:38.894 10325 10325 W StatusBar: 	at de.robv.android.xposed.XposedBridge.main(XposedBridge.java:108)
04-30 11:18:38.945 10325 10325 I StatusBar: isKeyguardShowing() called before startKeyguard(), returning true
04-30 11:18:38.945 10325 10325 W StatusBar: isKeyguardSecure() called before startKeyguard(), returning false
04-30 11:18:38.945 10325 10325 W StatusBar: java.lang.Throwable
04-30 11:18:38.945 10325 10325 W StatusBar: 	at com.android.systemui.statusbar.phone.StatusBar.isKeyguardSecure(StatusBar.java:7693)
04-30 11:18:38.945 10325 10325 W StatusBar: 	at com.android.systemui.statusbar.phone.StatusBar.isCameraAllowedByAdmin(StatusBar.java:5548)
04-30 11:18:38.945 10325 10325 W StatusBar: 	at com.android.systemui.statusbar.phone.KeyguardBottomAreaView$DefaultRightButton.getIcon(KeyguardBottomAreaView.java:967)
04-30 11:18:38.945 10325 10325 W StatusBar: 	at com.android.systemui.statusbar.phone.KeyguardBottomAreaView.updateCameraVisibility(KeyguardBottomAreaView.java:385)
04-30 11:18:38.945 10325 10325 W StatusBar: 	at com.android.systemui.statusbar.phone.KeyguardBottomAreaView.setUserSetupComplete(KeyguardBottomAreaView.java:363)
04-30 11:18:38.945 10325 10325 W StatusBar: 	at com.android.systemui.statusbar.phone.StatusBar$1.onUserSetupChanged(StatusBar.java:538)
04-30 11:18:38.945 10325 10325 W StatusBar: 	at com.android.systemui.statusbar.policy.DeviceProvisionedControllerImpl.addCallback(DeviceProvisionedControllerImpl.java:69)
04-30 11:18:38.945 10325 10325 W StatusBar: 	at com.android.systemui.statusbar.policy.DeviceProvisionedControllerImpl.addCallback(DeviceProvisionedControllerImpl.java:63)
04-30 11:18:38.945 10325 10325 W StatusBar: 	at com.android.systemui.statusbar.phone.StatusBar.makeStatusBarView(StatusBar.java:1329)
04-30 11:18:38.945 10325 10325 W StatusBar: 	at com.android.systemui.statusbar.phone.StatusBar.addStatusBarWindow(StatusBar.java:3729)
04-30 11:18:38.945 10325 10325 W StatusBar: 	at com.android.systemui.statusbar.phone.StatusBar.createAndAddWindows(StatusBar.java:3725)
04-30 11:18:38.945 10325 10325 W StatusBar: 	at com.android.systemui.statusbar.phone.StatusBar.start(StatusBar.java:938)
04-30 11:18:38.945 10325 10325 W StatusBar: 	at com.android.systemui.SystemBars.createStatusBarFromConfig(SystemBars.java:83)
04-30 11:18:38.945 10325 10325 W StatusBar: 	at com.android.systemui.SystemBars.start(SystemBars.java:43)
04-30 11:18:38.945 10325 10325 W StatusBar: 	at com.android.systemui.SystemUIApplication.startServicesIfNeeded(SystemUIApplication.java:208)
04-30 11:18:38.945 10325 10325 W StatusBar: 	at com.android.systemui.SystemUIApplication.startServicesIfNeeded(SystemUIApplication.java:163)
04-30 11:18:38.945 10325 10325 W StatusBar: 	at com.android.systemui.SystemUIService.onCreate(SystemUIService.java:33)
04-30 11:18:38.945 10325 10325 W StatusBar: 	at android.app.ActivityThread.handleCreateService(ActivityThread.java:3479)
04-30 11:18:38.945 10325 10325 W StatusBar: 	at android.app.ActivityThread.-wrap4(Unknown Source:0)
04-30 11:18:38.945 10325 10325 W StatusBar: 	at android.app.ActivityThread$H.handleMessage(ActivityThread.java:1745)
04-30 11:18:38.945 10325 10325 W StatusBar: 	at android.os.Handler.dispatchMessage(Handler.java:105)
04-30 11:18:38.945 10325 10325 W StatusBar: 	at android.os.Looper.loop(Looper.java:164)
04-30 11:18:38.945 10325 10325 W StatusBar: 	at android.app.ActivityThread.main(ActivityThread.java:6665)
04-30 11:18:38.945 10325 10325 W StatusBar: 	at java.lang.reflect.Method.invoke(Native Method)
04-30 11:18:38.945 10325 10325 W StatusBar: 	at com.android.internal.os.Zygote$MethodAndArgsCaller.run(Zygote.java:240)
04-30 11:18:38.945 10325 10325 W StatusBar: 	at com.android.internal.os.ZygoteInit.main(ZygoteInit.java:772)
04-30 11:18:38.945 10325 10325 W StatusBar: 	at de.robv.android.xposed.XposedBridge.main(XposedBridge.java:108)
04-30 11:18:38.997 10325 10615 E ActivityThread: Failed to find provider info for com.android.contacts
04-30 11:18:39.028 10325 10638 E ActivityThread: Failed to find provider info for com.android.contacts
04-30 11:18:39.031 10170 10476 D CryptdConnector: SND -> {2 cryptfs getpw}
04-30 11:18:39.032   678   686 D VoldCryptCmdListener: cryptfs getpw
04-30 11:18:39.032   678   686 E Cryptfs : cryptfs_get_password not valid for file encryption
04-30 11:18:39.032 10170 10253 D CryptdConnector: RCV <- {200 2 -1}
04-30 11:18:39.032 10170 10476 D CryptdConnector: SND -> {3 cryptfs clearpw}
04-30 11:18:39.032   678   686 D VoldCryptCmdListener: cryptfs clearpw
04-30 11:18:39.033 10170 10253 D CryptdConnector: RCV <- {200 3 0}
04-30 11:18:39.041  9862  9862 I SFPerfTracer:       trigger: frame rate (-60.253%)	(23.848 fps)	(41.931 ms) 	(14 drops)	(10 frames)
04-30 11:18:39.041  9862  9862 I SFPerfTracer:      triggers: (rate: 3:192) (compose: 0:0) (post: 0:0) (render: 0:0) (10:172 frames) (11:188)
04-30 11:18:39.041  9862  9862 D SFPerfTracer:        layers: (1:12) (BootAnimation#0 (0x7fae686000): 11:164) (ScreenshotSurface#0 (0x7fae6ac000): 0:14)- (BlackSurface#0 (0x7fae60d000): 0:14)- (BlackSurface#0 (0x7fae631000): 0:14)- (BlackSurface#0 (0x7fae634000): 0:14)- (BlackSurface#0 (0x7fae8b0000): 0:14)- (ScreenshotSurface#0 (0x7fae8b0000): 0:14)- (com.android.settings/com.android.settings.FallbackHome#0 (0x7fae634000): 0:4)* (BlackSurface#0 (0x7fae631000): 0:14)- (BlackSurface#0 (0x7fae60d000): 0:14)- (BlackSurface#0 (0x7fae6ac000): 0:14)- (BlackSurface#0 (0x7fae855000): 0:14)- 
04-30 11:18:39.091 10325 10651 E ActivityThread: Failed to find provider info for com.android.contacts
04-30 11:18:39.122 10170 10262 D WifiService: New client listening to asynchronous messages
04-30 11:18:39.131 10170 10187 W BroadcastQueue: Permission Denial: receiving Intent { act=android.cellbroadcastreceiver.CB_AREA_INFO_RECEIVED flg=0x10 (has extras) } to ProcessRecord{a181b9f 10325:com.android.systemui/u0a70} (pid=10325, uid=10070) requires android.permission.READ_PHONE_STATE due to sender com.android.cellbroadcastreceiver (uid 10014)
04-30 11:18:39.209 10170 10476 I TelecomService: PhoneAccountRegistrar: Modify account: [ComponentInfo{com.android.phone/com.android.services.telephony.TelephonyConnectionService}, [****], UserHandle{0}]: TSI.rPA@AAo
04-30 11:18:39.217 10170 10476 I TelecomService: PhoneAccountRegistrar: Modify account: [ComponentInfo{com.android.phone/com.android.services.telephony.TelephonyConnectionService}, [****], UserHandle{0}]: TSI.rPA@AAs
04-30 11:18:39.259 10170 10181 I TelecomService: PhoneAccountRegistrar: Modify account: [ComponentInfo{com.android.phone/com.android.services.telephony.TelephonyConnectionService}, [****], UserHandle{0}]: TSI.rPA@AA4
04-30 11:18:39.267 10170 10181 I TelecomService: PhoneAccountRegistrar: Modify account: [ComponentInfo{com.android.phone/com.android.services.telephony.TelephonyConnectionService}, [****], UserHandle{0}]: TSI.rPA@AA8
04-30 11:18:39.285 10170 10187 W BroadcastQueue: Permission Denial: receiving Intent { act=android.cellbroadcastreceiver.CB_AREA_INFO_RECEIVED flg=0x10 (has extras) } to ProcessRecord{a181b9f 10325:com.android.systemui/u0a70} (pid=10325, uid=10070) requires android.permission.READ_PHONE_STATE due to sender com.android.cellbroadcastreceiver (uid 10014)
04-30 11:18:39.300 10170 10181 I TelecomService: PhoneAccountRegistrar: Modify account: [ComponentInfo{com.android.phone/com.android.services.telephony.TelephonyConnectionService}, [****], UserHandle{0}]: TSI.rPA@ABI
04-30 11:18:39.308 10170 10181 I TelecomService: PhoneAccountRegistrar: Modify account: [ComponentInfo{com.android.phone/com.android.services.telephony.TelephonyConnectionService}, [****], UserHandle{0}]: TSI.rPA@ABM
04-30 11:18:39.322 10170 10380 I TelecomService: PhoneAccountRegistrar: Modify account: [ComponentInfo{com.android.phone/com.android.services.telephony.TelephonyConnectionService}, [****], UserHandle{0}]: TSI.rPA@ABQ
04-30 11:18:39.330 10170 10380 I TelecomService: PhoneAccountRegistrar: Modify account: [ComponentInfo{com.android.phone/com.android.services.telephony.TelephonyConnectionService}, [****], UserHandle{0}]: TSI.rPA@ABU
04-30 11:18:39.345 10170 10187 W BroadcastQueue: Permission Denial: receiving Intent { act=android.cellbroadcastreceiver.CB_AREA_INFO_RECEIVED flg=0x10 (has extras) } to ProcessRecord{a181b9f 10325:com.android.systemui/u0a70} (pid=10325, uid=10070) requires android.permission.READ_PHONE_STATE due to sender com.android.cellbroadcastreceiver (uid 10014)
04-30 11:18:39.347 10170 10380 I TelecomService: PhoneAccountRegistrar: Modify account: [ComponentInfo{com.android.phone/com.android.services.telephony.TelephonyConnectionService}, [****], UserHandle{0}]: TSI.rPA@ABg
04-30 11:18:39.355 10170 10181 I TelecomService: PhoneAccountRegistrar: Modify account: [ComponentInfo{com.android.phone/com.android.services.telephony.TelephonyConnectionService}, [****], UserHandle{0}]: TSI.rPA@ABk
04-30 11:18:39.555 10170 10194 I WindowManager: ******* TELLING SURFACE FLINGER WE ARE BOOTED!
04-30 11:18:41.463  9862  9862 I SFPerfTracer:       trigger: frame rate (-40.692%)	(35.585 fps)	(28.102 ms) 	(35 drops)	(55 frames)
04-30 11:18:41.464  9862  9862 I SFPerfTracer:      triggers: (rate: 4:239) (compose: 0:0) (post: 0:0) (render: 0:0) (55:257 frames) (56:280)
04-30 11:18:41.464  9862  9862 D SFPerfTracer:        layers: (1:5) (BootAnimation#0 (0x7fae686000): 38:222) (com.android.settings/com.android.settings.FallbackHome#0 (0x7fae634000): 0:4)* (NavigationBar#0 (0x7fae855000): 0:4)- (StatusBar#0 (0x7fae6ac000): 31:53)* (com.android.systemui.ImageWallpaper#0 (0x7fae60d000): 1:6)* 
04-30 11:18:43.339  9862  9873 I SFPerfTracer:      triggers: (rate: 0:0) (0 sw vsyncs) (0 skipped) (661:661 vsyncs) (663:668)
04-30 11:18:43.351  9862  9862 I SFPerfTracer:       trigger: frame rate (-59.908%)	(24.055 fps)	(41.571 ms) 	(52 drops)	(42 frames)
04-30 11:18:43.352  9862  9862 I SFPerfTracer:      triggers: (rate: 5:291) (compose: 0:0) (post: 0:0) (render: 0:0) (42:299 frames) (43:323)
04-30 11:18:43.352  9862  9862 D SFPerfTracer:        layers: (1:4) (BootAnimation#0 (0x7fae686000): 43:265) (com.android.settings/com.android.settings.FallbackHome#0 (0x7fae634000): 0:4)* (StatusBar#0 (0x7fae6ac000): 0:53)* (com.android.systemui.ImageWallpaper#0 (0x7fae60d000): 0:6)* 
04-30 11:18:43.410 10170 10194 I SystemServiceManager: Starting phase 1000
04-30 11:18:43.417 10170 10194 D BluetoothManagerService: Bluetooth boot completed
04-30 11:18:43.417 10170 10194 D BluetoothManagerService: Auto-enabling Bluetooth.
04-30 11:18:43.417 10170 10193 D BluetoothManagerService: MESSAGE_ENABLE(0): mBluetooth = null
04-30 11:18:43.420 10170 10194 D NightDisplayService: setUp: currentUser=0
04-30 11:18:43.443 10170 10193 I ActivityManager: Start proc 10724:com.android.bluetooth/1002 for service com.android.bluetooth/.btservice.AdapterService
04-30 11:18:43.444 10170 10722 W ActivityManager: Unable to mark boot complete for abi: armeabi-v7a (android.os.ServiceSpecificException: Failed to unlink /data//dalvik-cache/arm/.booting (code 2))
04-30 11:18:43.445 10170 10192 D UsbDeviceManager: applyOemOverride usbfunctions=adb bootmode=normal
04-30 11:18:43.445 10170 10194 D NightDisplayService: onAutoModeChanged: autoMode=0
04-30 11:18:43.446 10170 10194 I NightDisplayService: Turning off night display
04-30 11:18:43.468 10170 10194 D ActivityManager: Finishing user boot 0
04-30 11:18:43.468 10170 10194 I ActivityManager: User 0 state changed from BOOTING to RUNNING_LOCKED
04-30 11:18:43.473 10170 10194 W ActivityManager: Failed to unlock: Secret required to unlock secure user 0
04-30 11:18:43.502 10170 10170 I ActivityManager: Start proc 10745:com.google.android.marvin.talkback/u0a132 for broadcast com.google.android.marvin.talkback/com.google.android.accessibility.talkback.BootReceiver
04-30 11:18:43.505 10170 10270 D ConnectivityService: Got NetworkFactory Messenger for WIFI
04-30 11:18:43.505 10170 10270 D ConnectivityService: Got NetworkFactory Messenger for WIFI_UT
04-30 11:18:43.617 10170 10380 I ActivityManager: Start proc 10791:com.android.dialer/u0a24 for broadcast com.android.dialer/.notification.PackageUpdatedReceiver
04-30 11:18:43.620 10170 10170 D BluetoothManagerService: Bluetooth Adapter name changed to Moto Z (2)
04-30 11:18:43.620 10170 10170 D BluetoothManagerService: Stored Bluetooth name: Moto Z (2)
04-30 11:18:43.627 10170 10170 D BluetoothManagerService: BluetoothServiceConnection: com.android.bluetooth.btservice.AdapterService
04-30 11:18:43.627 10170 10193 D BluetoothManagerService: MESSAGE_BLUETOOTH_SERVICE_CONNECTED: 1
04-30 11:18:43.629 10170 10193 D BluetoothManagerService: Broadcasting onBluetoothServiceUp() to 4 receivers.
04-30 11:18:43.632 10170 10193 D BluetoothManagerService: MESSAGE_BLUETOOTH_STATE_CHANGE: OFF > BLE_TURNING_ON
04-30 11:18:43.633 10170 10193 D BluetoothManagerService: Sending BLE State Change: OFF > BLE_TURNING_ON
04-30 11:18:43.739 10170 10380 I ActivityManager: Start proc 10825:com.google.android.deskclock/u0a90 for broadcast com.google.android.deskclock/com.android.deskclock.AlarmInitReceiver
04-30 11:18:43.834 10469 10469 D MccTable: updateMccMncConfiguration mccmnc='00000' fromServiceState=true
04-30 11:18:43.836 10469 10469 D MccTable: updateMccMncConfiguration defaultMccMnc=
04-30 11:18:43.836 10469 10469 D MccTable: updateMccMncConfiguration: mcc=0, mnc=0
04-30 11:18:43.836 10469 10469 D MccTable: WIFI_COUNTRY_CODE set to 
04-30 11:18:43.838 10170 10380 I WifiService: WifiService trying to set country code to  with persist set to false
04-30 11:18:43.865 10825 10854 E ActivityThread: Failed to find provider info for media
04-30 11:18:43.917 10825 10854 E ActivityThread: Failed to find provider info for media
04-30 11:18:43.947 10469 10469 D MccTable: updateMccMncConfiguration mccmnc='' fromServiceState=true
04-30 11:18:43.947 10469 10469 D MccTable: WIFI_COUNTRY_CODE set to 
04-30 11:18:43.948 10170 10380 I WifiService: WifiService trying to set country code to  with persist set to false
04-30 11:18:43.992 10170 10476 I TelecomService: PhoneAccountRegistrar: Modify account: [ComponentInfo{com.android.phone/com.android.services.telephony.TelephonyConnectionService}, [****], UserHandle{0}]: TSI.rPA@AB4
04-30 11:18:44.006 10170 10476 I TelecomService: PhoneAccountRegistrar: Modify account: [ComponentInfo{com.android.phone/com.android.services.telephony.TelephonyConnectionService}, [****], UserHandle{0}]: TSI.rPA@AB8
04-30 11:18:44.029 10170 10380 I TelecomService: PhoneAccountRegistrar: Modify account: [ComponentInfo{com.android.phone/com.android.services.telephony.TelephonyConnectionService}, [****], UserHandle{0}]: TSI.rPA@ACI
04-30 11:18:44.042 10170 10380 I TelecomService: PhoneAccountRegistrar: Modify account: [ComponentInfo{com.android.phone/com.android.services.telephony.TelephonyConnectionService}, [****], UserHandle{0}]: TSI.rPA@ACM
04-30 11:18:44.099 10170 10476 W ActivityManager: Unable to start service Intent { act=com.google.android.gms.icing.LIGHTWEIGHT_INDEX_SERVICE pkg=com.google.android.gms } U=0: not found
04-30 11:18:44.101 10170 10476 W ActivityManager: Unbind failed: could not find connection for android.os.BinderProxy@4e12364
04-30 11:18:44.111 10170 10476 W ActivityManager: Unable to start service Intent { act=com.motorola.frameworks.START_GLOBAL_SH_MODE cmp=com.motorola.frameworks.singlehand/.SingleHandService } U=0: not found
04-30 11:18:44.136 10170 10380 W ActivityManager: Unable to start service Intent { act=com.motorola.slpc.SensorhubService.Connect pkg=com.motorola.slpc } U=0: not found
04-30 11:18:44.147 10441 10441 W ContextImpl: Calling a method in the system process without a qualified user: android.app.ContextImpl.startService:1487 android.content.ContextWrapper.startService:644 android.content.ContextWrapper.startService:644 com.motorola.android.nativedropboxagent.Utils.startService:27 com.motorola.android.nativedropboxagent.BootReceiver.onReceive:39 
04-30 11:18:44.169 10170 10476 I ActivityManager: Start proc 10892:com.motorola.cameramod/u0a115 for broadcast com.motorola.cameramod/.BootReceiver
04-30 11:18:44.192 10170 10476 I ActivityManager: Start proc 10906:com.motorola.modservice/u0a47 for service com.motorola.modservice/.ModManagerService
04-30 11:18:44.294 10441 10441 W ContextImpl: Calling a method in the system process without a qualified user: android.app.ContextImpl.startService:1487 android.content.ContextWrapper.startService:644 android.content.ContextWrapper.startService:644 com.motorola.modservice.fmwkwrapper.BootReceiver.onReceive:34 android.app.ActivityThread.handleReceiver:3327 
04-30 11:18:44.299 10441 10441 W ContextImpl: Calling a method in the system process without a qualified user: android.app.ContextImpl.startService:1487 android.content.ContextWrapper.startService:644 com.motorola.modservice.fmwkwrapper.FrameworkProxyService.startModService:95 com.motorola.modservice.fmwkwrapper.FrameworkProxyService.-wrap2:0 com.motorola.modservice.fmwkwrapper.FrameworkProxyService$H.handleMessage:73 
04-30 11:18:44.317 10170 10476 I ActivityManager: Start proc 10933:com.motorola.motodisplay/u0a53 for broadcast com.motorola.motodisplay/.events.EventReceiver
04-30 11:18:44.361 10170 10476 I ActivityManager: Start proc 10950:com.motorola.modhwservice/1000 for service com.motorola.modservice.fmwkwrapper/.ModHwBinderService
04-30 11:18:44.444 10441 10441 W ContextImpl: Calling a method in the system process without a qualified user: android.app.ContextImpl.startService:1487 android.content.ContextWrapper.startService:644 android.content.ContextWrapper.startService:644 com.motorola.mya.fmwkwrapper.BootReceiver.onReceive:22 android.app.ActivityThread.handleReceiver:3327 
04-30 11:18:44.452 10441 10441 W ContextImpl: Calling a method in the system process without a qualified user: android.app.ContextImpl.bindService:1567 android.content.ContextWrapper.bindService:678 com.motorola.mya.fmwkwrapper.MayaFrameworkProxyService.bindMayaService:63 com.motorola.mya.fmwkwrapper.MayaFrameworkProxyService.-wrap0:0 com.motorola.mya.fmwkwrapper.MayaFrameworkProxyService$H.handleMessage:164 
04-30 11:18:44.454 10170 10320 W ActivityManager: Unable to start service Intent { act=com.motorola.maya.action.BIND_MAYAMANAGER cmp=com.motorola.mya/.MayaManagerService } U=0: not found
04-30 11:18:44.490 10413 10413 W ContextImpl: Calling a method in the system process without a qualified user: android.app.ContextImpl.startService:1487 android.content.ContextWrapper.startService:644 android.content.ContextWrapper.startService:644 com.qualcomm.qti.uceShimService.RCSReceiver.onReceive:42 android.app.ActivityThread.handleReceiver:3327 
04-30 11:18:44.498 10441 10441 W ContextImpl: Calling a method in the system process without a qualified user: android.app.ContextImpl.bindService:1567 android.content.ContextWrapper.bindService:678 com.motorola.modservice.fmwkwrapper.IntentReceiver.onReceive:158 android.app.ActivityThread.handleReceiver:3327 android.app.ActivityThread.-wrap17:0 
04-30 11:18:44.511  2254  2254 I imsrcsd : UceServiceImpl linking to death listener[0x7fa4a780e0], cookie[35926982982107136]
04-30 11:18:44.511  2254  2254 I imsrcsd : UceServiceImpl linking 02
04-30 11:18:44.511  2254  2254 I imsrcsd : UceServiceImpl linking 03
04-30 11:18:44.606 10170 10170 D BluetoothManagerService: Bluetooth Adapter address changed to 38:80:DF:E4:AB:9C
04-30 11:18:44.606 10170 10170 D BluetoothManagerService: Stored Bluetoothaddress: 38:80:DF:E4:AB:9C
04-30 11:18:44.609 10170 10170 D BluetoothManagerService: Bluetooth Adapter name changed to Moto Z (2)
04-30 11:18:44.609 10170 10170 D BluetoothManagerService: Stored Bluetooth name: Moto Z (2)
04-30 11:18:44.614 10170 10170 D BluetoothManagerService: Bluetooth Adapter address changed to 38:80:DF:E4:AB:9C
04-30 11:18:44.614 10170 10170 D BluetoothManagerService: Stored Bluetoothaddress: 38:80:DF:E4:AB:9C
04-30 11:18:44.615 10170 10193 D BluetoothManagerService: MESSAGE_BLUETOOTH_STATE_CHANGE: BLE_TURNING_ON > BLE_ON
04-30 11:18:44.615 10170 10193 D BluetoothManagerService: Bluetooth is in LE only mode
04-30 11:18:44.615 10170 10193 D BluetoothManagerService: Binding Bluetooth GATT service
04-30 11:18:44.617 10170 10193 D BluetoothManagerService: Sending BLE State Change: BLE_TURNING_ON > BLE_ON
04-30 11:18:44.617 10170 10170 D BluetoothManagerService: BluetoothServiceConnection: com.android.bluetooth.gatt.GattService
04-30 11:18:44.618 10170 10193 D BluetoothManagerService: MESSAGE_BLUETOOTH_SERVICE_CONNECTED: 2
04-30 11:18:44.620 10170 10193 D BluetoothManagerService: BluetoothGatt Service is Up
04-30 11:18:44.621 10170 10193 D BluetoothManagerService: Persisting Bluetooth Setting: 1
04-30 11:18:44.621 10170 10193 D BluetoothManagerService: MESSAGE_BLUETOOTH_STATE_CHANGE: BLE_ON > TURNING_ON
04-30 11:18:44.621 10170 10193 D BluetoothManagerService: Sending BLE State Change: BLE_ON > TURNING_ON
04-30 11:18:44.752 10170 10193 D BluetoothManagerService: MESSAGE_BLUETOOTH_STATE_CHANGE: TURNING_ON > ON
04-30 11:18:44.752 10170 10193 D BluetoothManagerService: Broadcasting onBluetoothStateChange(true) to 10 receivers.
04-30 11:18:44.752 10170 10193 D BluetoothManagerService: Creating new ProfileServiceConnections object for profile: 1
04-30 11:18:44.755 10170 10193 D BluetoothManagerService: Sending BLE State Change: TURNING_ON > ON
04-30 11:18:44.764 10170 10170 I TelecomService: BluetoothPhoneService: queryPhoneState: BPSI.qPS@ACQ
04-30 11:18:44.856 10170 10170 I TelecomService: : - Got BluetoothHeadset: com.android.server.telecom.BluetoothHeadsetProxy@7f1cb50: BMSL.oSC@ACU
04-30 11:18:45.508 10170 10263 D CountryDetector: The first listener is added
04-30 11:18:46.608 10170 10380 I LockSettingsService: Unlocking user 0 with token length 69
04-30 11:18:46.613 10170 10380 D CryptdConnector: SND -> {4 cryptfs unlock_user_key 0 0 [scrubbed] [scrubbed]}
04-30 11:18:46.614   678   686 D vold    : e4crypt_unlock_user_key 0 serial=0 token_present=1
04-30 11:18:46.615   678   686 W vold    : Tried to unlock already-unlocked key for user 0
04-30 11:18:46.615 10170 10253 D CryptdConnector: RCV <- {200 4 Command succeeded}
04-30 11:18:46.617 10170 10380 I ActivityManager: User 0 state changed from RUNNING_LOCKED to RUNNING_UNLOCKING
04-30 11:18:46.618 10170 10380 D CryptdConnector: SND -> {5 cryptfs prepare_user_storage ! 0 0 2}
04-30 11:18:46.619   678   686 D vold    : e4crypt_prepare_user_storage for volume null, user 0, serial 0, flags 2
04-30 11:18:46.619   678   686 D vold    : Preparing: /data/system_ce/0
04-30 11:18:46.619   678   686 D vold    : Preparing: /data/misc_ce/0
04-30 11:18:46.619   678   686 D vold    : Preparing: /data/media/0
04-30 11:18:46.619   678   686 D vold    : Preparing: /data/data
04-30 11:18:46.619   678   686 I vold    : Found policy d1ff8fd8f0ff23de at /data/system_ce/0 which matches expected value
04-30 11:18:46.619   678   686 I vold    : Found policy d1ff8fd8f0ff23de at /data/misc_ce/0 which matches expected value
04-30 11:18:46.620   678   686 I vold    : Found policy d1ff8fd8f0ff23de at /data/media/0 which matches expected value
04-30 11:18:46.620   678   686 I vold    : Found policy d1ff8fd8f0ff23de at /data/data which matches expected value
04-30 11:18:46.620   678   686 V vold    : Starting restorecon of /data/system_ce/0
04-30 11:18:46.622   678   686 V vold    : Finished restorecon of /data/system_ce/0
04-30 11:18:46.622   678   686 V vold    : Starting restorecon of /data/misc_ce/0
04-30 11:18:46.624   678   686 V vold    : Finished restorecon of /data/misc_ce/0
04-30 11:18:46.624 10170 10253 D CryptdConnector: RCV <- {200 5 Command succeeded}
04-30 11:18:46.625 10170 10380 V UserDataPreparer: Found /data/user/0 with serial number 0
04-30 11:18:46.625 10170 10380 V UserDataPreparer: Found /data/system_ce/0 with serial number 0
04-30 11:18:46.626 10170 10380 V PackageManager: reconcileAppsData for null u0 0x2 migrateAppData=false
04-30 11:18:46.646 10170 10170 I ActivityManager: Start proc 11030:com.google.android.gms.persistent/u0a29 for service com.google.android.gms/.auth.trustagent.GoogleTrustAgent
04-30 11:18:46.665 10170 10170 I ActivityManager: Start proc 11043:com.motorola.voiceauthtrustagent/u0a71 for service com.motorola.voiceauthtrustagent/.VASTrustAgent
04-30 11:18:46.755 10170 10187 I ActivityManager: Start proc 11061:com.motorola.audiomonitor/u0a9 for broadcast com.motorola.audiomonitor/.KeyguardBypassOptInStateReceiver
04-30 11:18:46.774 10170 10397 I ActivityManager: Start proc 11073:com.google.process.gapps/u0a29 for content provider com.google.android.gsf/.gservices.GservicesProvider
04-30 11:18:46.988  9862  9862 I SFPerfTracer:      triggers: (rate: 5:291) (compose: 0:0) (post: 0:0) (render: 0:0) (83:416 frames) (84:448)
04-30 11:18:46.988  9862  9862 D SFPerfTracer:        layers: (3:4) (com.android.settings/com.android.settings.FallbackHome#0 (0x7fae634000): 0:4)* (StatusBar#0 (0x7fae6ac000): 84:176) (com.android.systemui.ImageWallpaper#0 (0x7fae60d000): 0:6) (NavigationBar#0 (0x7fae686000): 0:3) 
04-30 11:18:47.002 10170 10170 D StatusBarManagerService: hiding navigation bar...
04-30 11:18:47.018 10170 10170 V FingerprintService: stop client com.android.systemui
04-30 11:18:47.063 10170 10170 W FingerprintService: client com.android.systemui is no longer authenticating
04-30 11:18:47.079 10170 10187 I ActivityManager: Start proc 11103:eu.chainfire.supersu/u0a135 for broadcast eu.chainfire.supersu/.UserPresentReceiver
04-30 11:18:47.086 10170 10181 I ActivityManager: user 0 is still locked. Cannot load recents
04-30 11:18:47.093 10170 10170 V FingerprintService: Done with client: com.android.systemui
04-30 11:18:47.094 10170 10170 V FingerprintService: setNavigationState: true
04-30 11:18:47.094 10170 10170 V FingerprintService: handleError(client=com.android.systemui, error = 5)
04-30 11:18:47.202 10170 10380 V PackageManager: reconcileAppsData finished 230 packages
04-30 11:18:47.202 10170 10187 I SystemServiceManager: Calling onUnlockUser u0
04-30 11:18:47.202 10170 10187 D BluetoothManagerService: User 0 unlocked
04-30 11:18:47.202 10170 10193 D BluetoothManagerService: MESSAGE_USER_UNLOCKED
04-30 11:18:47.202 10170 10187 D StorageManagerService: onUnlockUser 0
04-30 11:18:47.204 10170 10251 D VoldConnector: SND -> {6 volume user_started 0}
04-30 11:18:47.205   678   685 D vold    : Linking /storage/emulated/0 to /mnt/user/0/primary
04-30 11:18:47.205 10170 10252 D VoldConnector: RCV <- {200 6 Command succeeded}
04-30 11:18:47.208 10170 10251 D StorageManagerService: Volume emulated broadcasting mounted to UserHandle{0}
04-30 11:18:47.230 10170 10187 V BackupManagerService: No ancestral data
04-30 11:18:47.242 10170 10187 V BackupManagerService: Starting with transport com.google.android.gms/.backup.BackupTransportService
04-30 11:18:47.243 10170 10187 D BackupTransportManager: Binding to transport: android/com.android.internal.backup.LocalTransportService
04-30 11:18:47.244 10170 10187 D BackupTransportManager: Binding to transport: com.google.android.gms/.backup.BackupTransportService
04-30 11:18:47.245 10170 10187 D BackupTransportManager: Binding to transport: com.google.android.gms/.backup.component.D2dTransportService
04-30 11:18:47.247 10170 10187 I BackupManagerService: Backup enabled => true
04-30 11:18:47.262 10170 10170 D JobSchedulerService: Error executing JobStatus{b8083e3 #u0a145/148223 com.zhihu.android/.app.jobservice.AdTracksPushService u=0 s=10145 TIME=-10s16ms:+5h58m34s575ms PERSISTED READY}
04-30 11:18:47.266 10170 10170 D BackupTransportManager: Bound to transport: android/com.android.internal.backup.LocalTransportService
04-30 11:18:47.278 10170 10187 V KeyValueBackupJob: Scheduling k/v pass in 242 minutes
04-30 11:18:47.279 10170 10187 W SystemServiceManager: Service com.android.server.backup.BackupManagerService$Lifecycle took 53 ms in onUnlockUser 
04-30 11:18:47.340 10170 10170 D BackupTransportManager: Bound to transport: com.google.android.gms/.backup.BackupTransportService
04-30 11:18:47.341 10170 11120 I BackupManagerService: Found stale backup journal, scheduling
04-30 11:18:47.344 10170 10170 D BackupTransportManager: Bound to transport: com.google.android.gms/.backup.component.D2dTransportService
04-30 11:18:47.415 10170 10187 W AppWidgetServiceImpl: No android.appwidget.provider meta-data for AppWidget provider 'ProviderId{user:0, app:10152, cmp:ComponentInfo{com.sankuai.meituan.takeoutnew/com.dianping.base.push.pushservice.PhoneStatusReceiver}}'
04-30 11:18:47.440 10170 10486 W BroadcastQueue: Background execution not allowed: receiving Intent { act=android.intent.action.USER_PRESENT flg=0x24200010 } to com.motorola.modservice.fmwkwrapper/.BootReceiver
04-30 11:18:47.483 10170 10187 W SystemServiceManager: Service com.android.server.appwidget.AppWidgetService took 204 ms in onUnlockUser 
04-30 11:18:47.500 10170 10187 I ActivityManager: Start proc 11139:com.google.android.googlequicksearchbox:interactor/u0a73 for service com.google.android.googlequicksearchbox/com.google.android.voiceinteraction.GsaVoiceInteractionService
04-30 11:18:47.503 10170 10187 I ActivityManager: Loading recents for user 0 into memory.
04-30 11:18:47.544 10170 10186 I ActivityManager: Start proc 11153:com.android.printspooler/u0a124 for service com.android.printspooler/.model.PrintSpoolerService
04-30 11:18:47.563 10170 10187 I ActivityManager: Start proc 11166:com.android.nfc/1027 for added application com.android.nfc
04-30 11:18:47.581 10170 10187 I ActivityManager: Start proc 11179:com.motorola.frameworks.singlehand/u0a65 for added application com.motorola.frameworks.singlehand
04-30 11:18:47.600 10170 10187 I ActivityManager: Start proc 11193:com.motorola.process.slpc/1000 for added application com.motorola.process.slpc
04-30 11:18:47.615 10170 10187 I ActivityManager: Start proc 11205:com.motorola.modemservice/1000 for added application com.motorola.modemservice
04-30 11:18:47.658 10170 10187 I ActivityManager: User 0 state changed from RUNNING_UNLOCKING to RUNNING_UNLOCKED
04-30 11:18:47.659 10170 10187 I ActivityManager: Sending BOOT_COMPLETE user #0
04-30 11:18:47.688 10441 10441 W ContextImpl: Calling a method in the system process without a qualified user: android.app.ContextImpl.bindService:1567 android.content.ContextWrapper.bindService:678 com.motorola.mya.fmwkwrapper.MayaFrameworkProxyService.bindMayaService:63 com.motorola.mya.fmwkwrapper.MayaFrameworkProxyService.-wrap0:0 com.motorola.mya.fmwkwrapper.MayaFrameworkProxyService$H.handleMessage:164 
04-30 11:18:47.707 10170 10187 I ActivityManager: Start proc 11239:android.process.media/u0a22 for broadcast com.android.providers.downloads/.DownloadReceiver
04-30 11:18:47.715 10170 11236 I ActivityManager: START u0 {act=android.intent.action.MAIN cat=[android.intent.category.HOME] flg=0x10000100 cmp=ch.deletescape.lawnchair/.Launcher} from uid 0
04-30 11:18:47.723  9862  9873 I SFPerfTracer:      triggers: (rate: 0:0) (0 sw vsyncs) (0 skipped) (125:822 vsyncs) (127:838)
04-30 11:18:47.745 10170 11236 I ActivityManager: Start proc 11264:ch.deletescape.lawnchair/u0a138 for activity ch.deletescape.lawnchair/.Launcher
04-30 11:18:47.749 10170 10491 W ActivityManager: Unable to start service Intent { act=com.motorola.maya.action.BIND_MAYAMANAGER cmp=com.motorola.mya/.MayaManagerService } U=0: not found
04-30 11:18:47.772 10170 10170 V ConditionProviders: enabling condition provider for 0: ComponentInfo{com.google.vr.vrcore/com.google.vr.vrcore.common.VrCoreZenConditionProvider}
04-30 11:18:47.809 10170 10170 I ActivityManager: Start proc 11281:com.google.vr.vrcore/u0a34 for service com.google.vr.vrcore/.common.VrCoreZenConditionProvider
04-30 11:18:47.810 10170 10170 V NotificationListeners: enabling notification listener for 0: ComponentInfo{com.google.vr.vrcore/com.google.vr.vrcore.notification.VrNotificationService}
04-30 11:18:47.830 10170 10170 V NotificationListeners: enabling notification listener for 0: ComponentInfo{com.motorola.launcher3/com.android.launcher3.notification.NotificationListener}
04-30 11:18:47.851 10170 10170 I ActivityManager: Start proc 11296:com.motorola.launcher3/u0a43 for service com.motorola.launcher3/com.android.launcher3.notification.NotificationListener
04-30 11:18:47.908 10170 11244 I TelecomService: PhoneAccountRegistrar: Modify account: [ComponentInfo{com.android.phone/com.android.services.telephony.TelephonyConnectionService}, [****], UserHandle{0}]: TSI.rPA@ACc
04-30 11:18:47.929 10170 10489 I TelecomService: PhoneAccountRegistrar: Modify account: [ComponentInfo{com.android.phone/com.android.services.telephony.TelephonyConnectionService}, [****], UserHandle{0}]: TSI.rPA@ACg
04-30 11:18:47.988 10170 11235 W ActivityManager: Permission Denial: opening provider com.google.android.gsf.gservices.GservicesProvider from ProcessRecord{bd58768 11281:com.google.vr.vrcore/u0a34} (pid=11281, uid=10034) requires com.google.android.providers.gsf.permission.READ_GSERVICES or com.google.android.providers.gsf.permission.WRITE_GSERVICES
04-30 11:18:47.995 10170 10476 W ActivityManager: Permission Denial: opening provider com.google.android.gsf.gservices.GservicesProvider from ProcessRecord{bd58768 11281:com.google.vr.vrcore/u0a34} (pid=11281, uid=10034) requires com.google.android.providers.gsf.permission.READ_GSERVICES or com.google.android.providers.gsf.permission.WRITE_GSERVICES
04-30 11:18:48.016 10170 11263 I TelecomService: PhoneAccountRegistrar: Modify account: [ComponentInfo{com.android.phone/com.android.services.telephony.TelephonyConnectionService}, [****], UserHandle{0}]: TSI.rPA@ACs
04-30 11:18:48.034 10170 10489 I TelecomService: PhoneAccountRegistrar: Modify account: [ComponentInfo{com.android.phone/com.android.services.telephony.TelephonyConnectionService}, [****], UserHandle{0}]: TSI.rPA@ACw
04-30 11:18:48.065 10170 10484 I TelecomService: PhoneAccountRegistrar: Modify account: [ComponentInfo{com.android.phone/com.android.services.telephony.TelephonyConnectionService}, [****], UserHandle{0}]: TSI.rPA@AC0
04-30 11:18:48.081 10170 10476 I TelecomService: PhoneAccountRegistrar: Modify account: [ComponentInfo{com.android.phone/com.android.services.telephony.TelephonyConnectionService}, [****], UserHandle{0}]: TSI.rPA@AC4
04-30 11:18:48.097 10170 11235 I ActivityManager: Start proc 11341:com.google.android.apps.photos/u0a122 for broadcast com.google.android.apps.photos/.sdcard.envcache.ExternalStorageStateChangeBroadcastReceiver
04-30 11:18:48.127 10170 11235 I TelecomService: PhoneAccountRegistrar: Modify account: [ComponentInfo{com.android.phone/com.android.services.telephony.TelephonyConnectionService}, [****], UserHandle{0}]: TSI.rPA@ADE
04-30 11:18:48.149 10170 10476 I TelecomService: PhoneAccountRegistrar: Modify account: [ComponentInfo{com.android.phone/com.android.services.telephony.TelephonyConnectionService}, [****], UserHandle{0}]: TSI.rPA@ADI
04-30 11:18:48.227 10170 10186 I ActivityManager: Start proc 11377:com.android.keychain/1000 for service com.android.keychain/.KeyChainService
04-30 11:18:48.252 10170 10484 I ActivityManager: Start proc 11393:com.google.android.googlequicksearchbox:search/u0a73 for service com.google.android.googlequicksearchbox/com.google.android.hotword.service.HotwordService
04-30 11:18:48.315 10170 10380 I ActivityManager: Start proc 11424:com.google.android.apps.translate/u0a127 for broadcast com.google.android.apps.translate/.StorageReceiver
04-30 11:18:48.450 10170 11451 W ActivityManager: Unable to start service Intent { act=android.intent.action.BOOT_COMPLETED cmp=com.qualcomm.location.XT/.XTSrv } U=0: not found
04-30 11:18:48.688 10170 10187 I ActivityManager: Start proc 11500:com.tencent.mm/u0a156 for broadcast com.tencent.mm/.booter.MountReceiver
04-30 11:18:48.751 10170 10476 W SoundModelDBHelper: No SoundModel available for the given keyphrase
04-30 11:18:48.890 10170 11263 I ActivityManager: Start proc 11539:org.simalliance.openmobileapi.service/u0a66 for service org.simalliance.openmobileapi.service/.SmartcardService
04-30 11:18:48.912 10170 10489 I ActivityManager: Start proc 11552:com.google.android.partnersetup/u0a33 for content provider com.google.android.partnersetup/.RlzAppProvider
04-30 11:18:48.978 11500 11500 E ActivityThread: Failed to find provider info for com.tencent.mm.coolassist.debugprovider
04-30 11:18:49.084  9862  9862 I SFPerfTracer:      triggers: (rate: 5:291) (compose: 0:0) (post: 0:0) (render: 0:0) (39:532 frames) (40:569)
04-30 11:18:49.085  9862  9862 D SFPerfTracer:        layers: (1:3) (com.android.settings/com.android.settings.FallbackHome#0 (0x7fae634000): 0:23)- (StatusBar#0 (0x7fae6ac000): 40:294) (com.android.systemui.ImageWallpaper#0 (0x7fae60d000): 1:7)* 
04-30 11:18:49.130 10170 10194 I LaunchCheckinHandler: Displayed ch.deletescape.lawnchair/.Launcher,cp,ca,1405
04-30 11:18:49.155 10170 10476 I ActivityManager: Start proc 11640:android.process.acore/u0a6 for content provider com.android.providers.userdictionary/.UserDictionaryProvider
04-30 11:18:49.822  9862  9873 I SFPerfTracer:      triggers: (rate: 0:0) (0 sw vsyncs) (0 skipped) (33:933 vsyncs) (35:953)
04-30 11:18:50.008 10170 10170 D JobSchedulerService: Error executing JobStatus{b8083e3 #u0a145/148223 com.zhihu.android/.app.jobservice.AdTracksPushService u=0 s=10145 TIME=-12s762ms:+5h58m31s829ms PERSISTED READY}
04-30 11:18:50.043 10170 10170 D JobSchedulerService: Error executing JobStatus{b8083e3 #u0a145/148223 com.zhihu.android/.app.jobservice.AdTracksPushService u=0 s=10145 TIME=-12s797ms:+5h58m31s794ms PERSISTED READY}
04-30 11:18:50.314 11030 11030 E ActivityThread: Failed to find provider info for com.google.android.gms.common.phenotype
04-30 11:18:50.350 10170 11235 D BluetoothManagerService: Registered for death of com.google.android.gms
04-30 11:18:50.350 10170 11235 D BluetoothManagerService: 1 registered Ble Apps
04-30 11:18:51.124 10170 10476 I ActivityManager: Start proc 11867:com.tencent.mm:exdevice/u0a156 for service com.tencent.mm/.plugin.sport.service.SportService
04-30 11:18:51.387 11867 11867 E ActivityThread: Failed to find provider info for com.tencent.mm.coolassist.debugprovider
04-30 11:18:51.569 10170 10489 I ActivityManager: Start proc 11899:com.motorola.timeweatherwidget/u0a126 for broadcast com.motorola.timeweatherwidget/com.motorola.commandcenter.row2.RowProvider2
04-30 11:18:51.804 10170 10170 I ActivityManager: Start proc 11924:com.motorola.moto/u0a51 for broadcast com.motorola.moto/com.motorola.maya.external.OTANSetupCompleteReceiver
04-30 11:18:51.821 10170 11923 I BootReceiver: Checking for fsck errors
04-30 11:18:51.933 10170 11235 I ActivityManager: Start proc 11940:com.android.providers.calendar/u0a7 for content provider com.android.providers.calendar/.CalendarProvider2
04-30 11:18:52.625 10170 10170 I TelecomService: DefaultDialerCache: Refreshing default dialer for user 0: now com.android.dialer: DDC.oR@ADU
04-30 11:18:52.628 10170 10170 I TelecomService: MissedCallNotifierImpl: Boot not yet complete -- call log db may not be available. Deferring loading until boot complete.: TSStR.oR@ADY
04-30 11:18:52.661 10170 10476 I ActivityManager: Start proc 11989:com.android.carrierconfig/u0a8 for service com.android.carrierconfig/.DefaultCarrierConfigService
04-30 11:18:52.683 10170 10489 I ActivityManager: Start proc 12003:com.google.android.music:main/u0a119 for service com.google.android.music/.browse.MediaBrowserService
04-30 11:18:52.716 10170 10476 I ActivityManager: Start proc 12018:com.android.contacts/u0a18 for broadcast com.android.contacts/.interactions.OnBootOrUpgradeReceiver
04-30 11:18:52.812 10170 11235 I ActivityManager: Start proc 12043:com.android.sdm.plugins.sprintdm/1001 for service com.android.sdm.plugins.sprintdm/.SprintConfigurationService
04-30 11:18:52.949 10170 11235 I ActivityManager: Start proc 12073:com.android.hotwordenrollment.okgoogle/u0a37 for broadcast com.android.hotwordenrollment.okgoogle/.StartupReceiver
04-30 11:18:52.993 10170 10170 I TelecomService: PhoneAccountRegistrar: SimCallManager queried, returning: null: TSI.gSCMFU@ADg
04-30 11:18:53.122 10170 11261 I ActivityManager: START u0 {act=android.intent.action.VIEW flg=0x1000c000 cmp=github.tornaco.xposedmoduletest/.ui.activity.helper.RunningServicesActivity bnds=[333,1580][1081,1770]} from uid 10142
04-30 11:18:53.156 10170 10476 I ActivityManager: Start proc 12114:github.tornaco.xposedmoduletest/u0a142 for activity github.tornaco.xposedmoduletest/.ui.activity.helper.RunningServicesActivity
04-30 11:18:53.252 10170 10476 I ActivityManager: Start proc 12144:com.android.hotwordenrollment.tgoogle/u0a38 for broadcast com.android.hotwordenrollment.tgoogle/.StartupReceiver
04-30 11:18:53.387 10170 10397 I ActivityManager: Start proc 12175:com.google.android.gms/u0a29 for service com.google.android.gms/.ads.identifier.service.AdvertisingIdService
04-30 11:18:53.709 10170 10489 I ActivityManager: Start proc 12257:com.google.android.youtube/u0a131 for service com.google.android.youtube/com.google.android.apps.youtube.app.extensions.mediabrowser.impl.MainAppMediaBrowserService
04-30 11:18:53.776 10170 11261 I ActivityManager: Start proc 12284:com.android.hotwordenrollment.xgoogle/u0a39 for broadcast com.android.hotwordenrollment.xgoogle/.StartupReceiver
04-30 11:18:53.970 10170 11261 I ActivityManager: Start proc 12339:com.tencent.mm:push/u0a156 for service com.tencent.mm/.booter.CoreService
04-30 11:18:54.144 11500 11620 E ActivityThread: Failed to find provider info for com.huawei.android.launcher.settings
04-30 11:18:54.198 10170 11251 I ActivityManager: Start proc 12401:com.android.managedprovisioning/u0a46 for broadcast com.android.managedprovisioning/.preprovisioning.BootReminder
04-30 11:18:54.200 10170 11251 I ActivityManager: Killing 10825:com.google.android.deskclock/u0a90 (adj 906): empty #22
04-30 11:18:54.205 11500 11620 E ActivityThread: Failed to find provider info for com.android.badge
04-30 11:18:54.455 10170 10194 I LaunchCheckinHandler: Displayed github.tornaco.xposedmoduletest/.ui.activity.helper.RunningServicesActivity,cp,ca,1311
04-30 11:18:54.492 12339 12339 E ActivityThread: Failed to find provider info for com.tencent.mm.coolassist.debugprovider
04-30 11:18:54.514 10170 11263 I ActivityManager: Killing 10892:com.motorola.cameramod/u0a115 (adj 906): empty #22
04-30 11:18:54.713 10170 11244 W ActivityManager: Unbind failed: could not find connection for android.os.BinderProxy@d7e36bd
04-30 11:18:54.719 10170 11251 W ActivityManager: Unbind failed: could not find connection for android.os.BinderProxy@69914b2
04-30 11:18:54.724 10170 11251 W ActivityManager: Unbind failed: could not find connection for android.os.BinderProxy@7283c03
04-30 11:18:54.730 10170 11251 W ActivityManager: Unbind failed: could not find connection for android.os.BinderProxy@bbca780
04-30 11:18:54.893 10170 11244 I ActivityManager: Start proc 12535:com.android.vending/u0a59 for broadcast com.android.vending/com.google.android.finsky.boothandler.BootCompletedReceiver
04-30 11:18:54.914 10170 11263 I ActivityManager: Killing 10933:com.motorola.motodisplay/u0a53 (adj 906): empty #22
04-30 11:18:55.116 10170 11263 I ActivityManager: Killing 11341:com.google.android.apps.photos/u0a122 (adj 906): empty #22
04-30 11:18:55.230  9862  9873 I SFPerfTracer:      triggers: (rate: 0:0) (0 sw vsyncs) (0 skipped) (39:1019 vsyncs) (41:1055)
04-30 11:18:55.231  9862  9862 I SFPerfTracer:      triggers: (rate: 5:295) (compose: 0:0) (post: 0:0) (render: 0:0) (28:638 frames) (29:695)
04-30 11:18:55.231  9862  9862 D SFPerfTracer:        layers: (2:6) (StatusBar#0 (0x7fae6ac000): 0:297) (com.android.systemui.ImageWallpaper#0 (0x7fae60d000): 0:17)* (ch.deletescape.lawnchair/ch.deletescape.lawnchair.Launcher#0 (0x7fae634000): 0:59)* (ch.deletescape.lawnchair/ch.deletescape.lawnchair.Launcher#1 (0x7fae843000): 0:6)* (Splash Screen github.tornaco.xposedmoduletest#0 (0x7fae8b0000): 0:36)- (github.tornaco.xposedmoduletest/github.tornaco.xposedmoduletest.ui.activity.helper.RunningServicesActivity#0 (0x7fae631000): 29:40) 
04-30 11:18:55.739 10170 10489 W ActivityManager: Permission Denial: opening provider com.android.providers.contacts.ContactsProvider2 from ProcessRecord{8a31443 12339:com.tencent.mm:push/u0a156} (pid=12339, uid=10156) requires android.permission.READ_CONTACTS or android.permission.WRITE_CONTACTS
04-30 11:18:56.534 10170 11244 I ActivityManager: Start proc 12674:com.aura.oobe.ml/u0a1 for broadcast com.aura.oobe.ml/com.ironsource.appmanager.receivers.ExportedBroadcastReceiver
04-30 11:18:56.535 10170 11244 I ActivityManager: Killing 11281:com.google.vr.vrcore/u0a34 (adj 906): empty #22
04-30 11:18:56.870 10170 10489 I ActivityManager: Start proc 12704:com.tencent.mm:support/u0a156 for service com.tencent.mm/.ipcinvoker.wx_extension.service.SupportProcessIPCService
04-30 11:18:57.118 10170 10239 D BatteryService: uevent={POWER_SUPPLY_DP_DM=0, POWER_SUPPLY_VOLTAGE_QNOVO=-22, POWER_SUPPLY_VOLTAGE_NOW=4150380, POWER_SUPPLY_SW_JEITA_ENABLED=0, POWER_SUPPLY_HEALTH=Good, POWER_SUPPLY_TECHNOLOGY=Li-ion, POWER_SUPPLY_CHARGER_TEMP_MAX=803, SEQNUM=4870, POWER_SUPPLY_INPUT_CURRENT_LIMITED=1, POWER_SUPPLY_STATUS=Charging, POWER_SUPPLY_BATTERY_CHARGING_ENABLED=1, POWER_SUPPLY_CURRENT_MAX=3000000, POWER_SUPPLY_CAPACITY=84, DEVPATH=/devices/soc/800f000.qcom,spmi/spmi-0/spmi0-02/800f000.qcom,spmi:qcom,pmi8998@2:qcom,qpnp-smb2/power_supply/battery, POWER_SUPPLY_CHARGE_DONE=0, POWER_SUPPLY_CHARGE_TYPE=Fast, POWER_SUPPLY_CHARGER_TEMP=399, POWER_SUPPLY_CHARGE_RATE=Normal, POWER_SUPPLY_CURRENT_QNOVO=-22, POWER_SUPPLY_CURRENT_NOW=17089, POWER_SUPPLY_SYSTEM_TEMP_LEVEL=0, POWER_SUPPLY_PRESENT=1, POWER_SUPPLY_PARALLEL_DISABLE=0, SUBSYSTEM=power_supply, POWER_SUPPLY_SET_SHIP_MODE=0, POWER_SUPPLY_TEMP=370, ACTION=change, POWER_SUPPLY_RERUN_AICL=0, POWER_SUPPLY_AGE=100, POWER_SUPPLY_NAME=battery, POWER_SUPPLY_VOLTAGE_MAX=-22, POWER_SUPPLY_CONSTANT_CHARGE_CURRENT_MAX=3000000, POWER_SUPPLY_CHARGE_COUNTER=2318450, POWER_SUPPLY_STEP_CHARGING_ENABLED=0, POWER_SUPPLY_NUM_SYSTEM_TEMP_LEVELS=6, POWER_SUPPLY_DIE_HEALTH=Cool, POWER_SUPPLY_INPUT_SUSPEND=0}
04-30 11:18:57.251 12704 12704 E ActivityThread: Failed to find provider info for com.tencent.mm.coolassist.debugprovider
04-30 11:18:58.255 10170 10489 W BroadcastQueue: Permission Denial: receiving Intent { act=android.intent.action.BOOT_COMPLETED flg=0x9000010 (has extras) } to com.google.android.apps.docs/.notification.common.NotificationChannelReceiver requires android.permission.RECEIVE_BOOT_COMPLETED due to sender null (uid 1000)
04-30 11:18:58.255 10170 10187 W BroadcastQueue: Permission Denial: receiving Intent { act=android.intent.action.BOOT_COMPLETED flg=0x9000010 (has extras) } to com.google.android.apps.docs.editors.docs/com.google.android.apps.docs.notification.common.NotificationChannelReceiver requires android.permission.RECEIVE_BOOT_COMPLETED due to sender null (uid 1000)
04-30 11:18:58.255 10170 10187 W BroadcastQueue: Permission Denial: receiving Intent { act=android.intent.action.BOOT_COMPLETED flg=0x9000010 (has extras) } to com.google.android.apps.docs.editors.sheets/com.google.android.apps.docs.notification.common.NotificationChannelReceiver requires android.permission.RECEIVE_BOOT_COMPLETED due to sender null (uid 1000)
04-30 11:18:58.255 10170 10187 W BroadcastQueue: Permission Denial: receiving Intent { act=android.intent.action.BOOT_COMPLETED flg=0x9000010 (has extras) } to com.google.android.apps.docs.editors.slides/com.google.android.apps.docs.notification.common.NotificationChannelReceiver requires android.permission.RECEIVE_BOOT_COMPLETED due to sender null (uid 1000)
04-30 11:18:58.275 10170 10187 I ActivityManager: Start proc 12785:com.google.android.apps.inputmethod.hindi/u0a101 for broadcast com.google.android.apps.inputmethod.hindi/com.google.android.apps.inputmethod.libs.framework.core.LauncherIconVisibilityInitializer
04-30 11:18:58.484 10170 11249 D BluetoothManagerService: Unregistered for death of com.google.android.gms
04-30 11:18:58.484 10170 11249 D BluetoothManagerService: 0 registered Ble Apps
04-30 11:18:58.923 10170 10484 I ActivityManager: Killing 11424:com.google.android.apps.translate/u0a127 (adj 904): empty #22
04-30 11:18:58.936 10170 11244 I ActivityManager: Killing 11377:com.android.keychain/1000 (adj 904): empty #22
