01-07 18:52:09.832   355   355 E QC-QMI  : qmi_qmux: TX failed, connection inactive or in reset, conn_id=48, status_flags=4
01-07 18:52:09.832   355   355 E QC-QMI  : qmi_ctl_tx_msg: qmi_qmux_tx_msg failed
01-07 18:52:09.832   355   355 E QC-QMI  : qmi_ctl_handle_request: qmi_ctl_tx_msg call failed
01-07 18:52:09.832   482   482 E mm-camera-img: img_core_get_comp:36] role 1 name qcom.hdr
01-07 18:52:09.833   482   482 E mm-camera-img: img_core_get_comp:40] comp_index[0] role 0 name qcom.wavelet
01-07 18:52:09.833   482   482 E mm-camera-img: img_core_get_comp:40] comp_index[1] role 1 name qcom.hdr
01-07 18:52:09.833   482   482 E mm-camera-img: img_core_get_comp:47] find component role 1 name qcom.hdr
01-07 18:52:09.833   355   355 E QC-QMI  : qmi_qmux_open_connection: connection is disabled for conn_id=48
01-07 18:52:09.833   355   355 E QC-QMI  : qmi_qmux_tx_msg: failed to open inactive connd_id=48
01-07 18:52:09.833   355   355 E QC-QMI  : qmi_qmux: TX failed, connection inactive or in reset, conn_id=48, status_flags=4
01-07 18:52:09.833   355   355 E QC-QMI  : qmi_ctl_tx_msg: qmi_qmux_tx_msg failed
01-07 18:52:09.833   355   355 E QC-QMI  : qmi_ctl_handle_request: qmi_ctl_tx_msg call failed
01-07 18:52:09.833   355   355 E QC-QMI  : qmi_qmux_open_connection: connection is disabled for conn_id=57
01-07 18:52:09.833   355   355 E QC-QMI  : qmi_qmux_tx_msg: failed to open inactive connd_id=57
01-07 18:52:09.833   355   355 E QC-QMI  : qmi_qmux: TX failed, connection inactive or in reset, conn_id=57, status_flags=4
01-07 18:52:09.833   355   355 E QC-QMI  : qmi_ctl_tx_msg: qmi_qmux_tx_msg failed
01-07 18:52:09.833   355   355 E QC-QMI  : qmi_ctl_handle_request: qmi_ctl_tx_msg call failed
01-07 18:52:09.833   355   355 E QC-QMI  : qmi_qmux_open_connection: connection is disabled for conn_id=57
01-07 18:52:09.833   355   355 E QC-QMI  : qmi_qmux_tx_msg: failed to open inactive connd_id=57
01-07 18:52:09.833   355   355 E QC-QMI  : qmi_qmux: TX failed, connection inactive or in reset, conn_id=57, status_flags=4
01-07 18:52:09.833   355   355 E QC-QMI  : qmi_ctl_tx_msg: qmi_qmux_tx_msg failed
01-07 18:52:09.833   355   355 E QC-QMI  : qmi_ctl_handle_request: qmi_ctl_tx_msg call failed
01-07 18:52:09.836   355   355 E QC-QMI  : qmi_qmux_open_connection: connection is disabled for conn_id=29
01-07 18:52:09.836   355   355 E QC-QMI  : qmi_qmux_tx_msg: failed to open inactive connd_id=29
01-07 18:52:09.836   355   355 E QC-QMI  : qmi_qmux: TX failed, connection inactive or in reset, conn_id=29, status_flags=4
01-07 18:52:09.836   355   355 E QC-QMI  : qmi_ctl_tx_msg: qmi_qmux_tx_msg failed
01-07 18:52:09.836   355   355 E QC-QMI  : qmi_ctl_handle_request: qmi_ctl_tx_msg call failed
01-07 18:52:09.836   355   355 E QC-QMI  : qmi_qmux_open_connection: connection is disabled for conn_id=29
01-07 18:52:09.836   355   355 E QC-QMI  : qmi_qmux_tx_msg: failed to open inactive connd_id=29
01-07 18:52:09.836   355   355 E QC-QMI  : qmi_qmux: TX failed, connection inactive or in reset, conn_id=29, status_flags=4
01-07 18:52:09.836   355   355 E QC-QMI  : qmi_ctl_tx_msg: qmi_qmux_tx_msg failed
01-07 18:52:09.836   355   355 E QC-QMI  : qmi_ctl_handle_request: qmi_ctl_tx_msg call failed
01-07 18:52:09.837   355   355 E QC-QMI  : qmi_qmux_open_connection: connection is disabled for conn_id=48
01-07 18:52:09.837   355   355 E QC-QMI  : qmi_qmux_tx_msg: failed to open inactive connd_id=48
01-07 18:52:09.837   355   355 E QC-QMI  : qmi_qmux: TX failed, connection inactive or in reset, conn_id=48, status_flags=4
01-07 18:52:09.837   355   355 E QC-QMI  : qmi_ctl_tx_msg: qmi_qmux_tx_msg failed
01-07 18:52:09.837   355   355 E QC-QMI  : qmi_ctl_handle_request: qmi_ctl_tx_msg call failed
01-07 18:52:09.837   355   355 E QC-QMI  : qmi_qmux_open_connection: connection is disabled for conn_id=48
01-07 18:52:09.837   355   355 E QC-QMI  : qmi_qmux_tx_msg: failed to open inactive connd_id=48
01-07 18:52:09.837   355   355 E QC-QMI  : qmi_qmux: TX failed, connection inactive or in reset, conn_id=48, status_flags=4
01-07 18:52:09.837   355   355 E QC-QMI  : qmi_ctl_tx_msg: qmi_qmux_tx_msg failed
01-07 18:52:09.837   355   355 E QC-QMI  : qmi_ctl_handle_request: qmi_ctl_tx_msg call failed
01-07 18:52:09.837   355   355 E QC-QMI  : qmi_qmux_open_connection: connection is disabled for conn_id=57
01-07 18:52:09.837   355   355 E QC-QMI  : qmi_qmux_tx_msg: failed to open inactive connd_id=57
01-07 18:52:09.837   355   355 E QC-QMI  : qmi_qmux: TX failed, connection inactive or in reset, conn_id=57, status_flags=4
01-07 18:52:09.837   355   355 E QC-QMI  : qmi_ctl_tx_msg: qmi_qmux_tx_msg failed
01-07 18:52:09.837   355   355 E QC-QMI  : qmi_ctl_handle_request: qmi_ctl_tx_msg call failed
01-07 18:52:09.838   355   355 E QC-QMI  : qmi_qmux_open_connection: connection is disabled for conn_id=57
01-07 18:52:09.838   355   355 E QC-QMI  : qmi_qmux_tx_msg: failed to open inactive connd_id=57
01-07 18:52:09.838   355   355 E QC-QMI  : qmi_qmux: TX failed, connection inactive or in reset, conn_id=57, status_flags=4
01-07 18:52:09.838   355   355 E QC-QMI  : qmi_ctl_tx_msg: qmi_qmux_tx_msg failed
01-07 18:52:09.838   355   355 E QC-QMI  : qmi_ctl_handle_request: qmi_ctl_tx_msg call failed
01-07 18:52:09.883   612   701 D BootAnimation: BootAnimationShownTiming start time: 6376ms
01-07 18:52:09.870  1162  1162 I BootAnimation::: type=1400 audit(0.0:198): avc: denied { read } for name="system" dev="mmcblk0p22" ino=1729921 scontext=u:r:bootanim:s0 tcontext=u:object_r:system_data_file:s0 tclass=dir permissive=1
01-07 18:52:09.902   482   482 E mm-camera-img: hdr_comp_load:1139] HDR library loaded successfully
01-07 18:52:09.902   482   482 E mm-camera: Port hdr_dummy initialized
01-07 18:52:09.902   482   482 E mm-camera-img: img_core_get_comp:36] role 4 name qcom.gen_frameproc
01-07 18:52:09.902   482   482 E mm-camera-img: img_core_get_comp:40] comp_index[0] role 0 name qcom.wavelet
01-07 18:52:09.902   482   482 E mm-camera-img: img_core_get_comp:40] comp_index[1] role 1 name qcom.hdr
01-07 18:52:09.902   482   482 E mm-camera-img: img_core_get_comp:40] comp_index[2] role 2 name qcom.faceproc
01-07 18:52:09.902   482   482 E mm-camera-img: img_core_get_comp:40] comp_index[3] role 3 name qcom.cac
01-07 18:52:09.902   482   482 E mm-camera-img: img_core_get_comp:40] comp_index[4] role 4 name qcom.gen_frameproc
01-07 18:52:09.902   482   482 E mm-camera-img: img_core_get_comp:47] find component role 4 name qcom.gen_frameproc
01-07 18:52:09.903   612   701 D vndksupport: Loading /vendor/lib/hw/android.hardware.graphics.mapper@2.0-impl.so from current namespace instead of sphal namespace.
01-07 18:52:09.890   482   482 I mm-qcamera-daem: type=1400 audit(0.0:199): avc: denied { ioctl } for path="/dev/video0" dev="tmpfs" ino=8303 ioctlcmd=565a scontext=u:r:init:s0 tcontext=u:object_r:video_device:s0 tclass=chr_file permissive=1
01-07 18:52:09.904   482   482 E mm-camera-img: frameproc_comp_load:811] Error opening frameproc library libmmcamera_chromaflash_lib.so
01-07 18:52:09.904   482   482 E mm-camera: module_imgbase_init:1070] Error rc -6
01-07 18:52:09.904   482   482 E mm-camera: module_imglib_create_topology:643] Can not init the module imglib_chroma_flash
01-07 18:52:09.904   482   482 E mm-camera-img: img_core_get_comp:36] role 4 name qcom.gen_frameproc
01-07 18:52:09.904   482   482 E mm-camera-img: img_core_get_comp:40] comp_index[0] role 0 name qcom.wavelet
01-07 18:52:09.904   482   482 E mm-camera-img: img_core_get_comp:40] comp_index[1] role 1 name qcom.hdr
01-07 18:52:09.904   482   482 E mm-camera-img: img_core_get_comp:40] comp_index[2] role 2 name qcom.faceproc
01-07 18:52:09.904   482   482 E mm-camera-img: img_core_get_comp:40] comp_index[3] role 3 name qcom.cac
01-07 18:52:09.904   482   482 E mm-camera-img: img_core_get_comp:40] comp_index[4] role 4 name qcom.gen_frameproc
01-07 18:52:09.904   482   482 E mm-camera-img: img_core_get_comp:47] find component role 4 name qcom.gen_frameproc
01-07 18:52:09.905   482   482 E mm-camera-img: frameproc_comp_load:811] Error opening frameproc library libmmcamera_optizoom_lib.so
01-07 18:52:09.905   482   482 E mm-camera: module_imgbase_init:1070] Error rc -6
01-07 18:52:09.905   482   482 E mm-camera: module_imglib_create_topology:643] Can not init the module imglib_optizoom
01-07 18:52:09.905   482   482 E mm-camera-img: img_core_get_comp:36] role 4 name qcom.gen_frameproc
01-07 18:52:09.905   482   482 E mm-camera-img: img_core_get_comp:40] comp_index[0] role 0 name qcom.wavelet
01-07 18:52:09.905   482   482 E mm-camera-img: img_core_get_comp:40] comp_index[1] role 1 name qcom.hdr
01-07 18:52:09.905   482   482 E mm-camera-img: img_core_get_comp:40] comp_index[2] role 2 name qcom.faceproc
01-07 18:52:09.905   482   482 E mm-camera-img: img_core_get_comp:40] comp_index[3] role 3 name qcom.cac
01-07 18:52:09.905   482   482 E mm-camera-img: img_core_get_comp:40] comp_index[4] role 4 name qcom.gen_frameproc
01-07 18:52:09.905   482   482 E mm-camera-img: img_core_get_comp:47] find component role 4 name qcom.gen_frameproc
01-07 18:52:09.905   482   482 E mm-camera-img: frameproc_comp_load:811] Error opening frameproc library libmmcamera_ubifocus_lib.so
01-07 18:52:09.905   482   482 E mm-camera: module_imgbase_init:1070] Error rc -6
01-07 18:52:09.905   482   482 E mm-camera: module_imglib_create_topology:643] Can not init the module imglib_ubifocus
01-07 18:52:09.905   612   701 D vndksupport: Loading /vendor/lib/hw/gralloc.msm8974.so from current namespace instead of sphal namespace.
01-07 18:52:09.905   482   482 E mm-camera: module_imglib_create_dummy_port:1906 portname imglib_dymmy_d1_i0
01-07 18:52:10.074   419  1166 E QC-QMI  : qmi_client [419] 6: failed to locate client data
01-07 18:52:10.075   355   355 E QC-QMI  : qmuxd: RX on fd=24 returned error=0 errno[2:No such file or directory]
01-07 18:52:10.075   355   355 E QC-QMI  : QMUX qmux_client_id=6 not found in qmux client list, unable to remove
01-07 18:52:10.077   355   355 E QC-QMI  : qmi_qmux_open_connection: connection is disabled for conn_id=29
01-07 18:52:10.077   355   355 E QC-QMI  : qmi_qmux_tx_msg: failed to open inactive connd_id=29
01-07 18:52:10.077   355   355 E QC-QMI  : qmi_qmux: TX failed, connection inactive or in reset, conn_id=29, status_flags=4
01-07 18:52:10.077   355   355 E QC-QMI  : qmi_ctl_tx_msg: qmi_qmux_tx_msg failed
01-07 18:52:10.077   355   355 E QC-QMI  : qmi_ctl_handle_request: qmi_ctl_tx_msg call failed
01-07 18:52:10.078   355   355 E QC-QMI  : qmi_qmux_open_connection: connection is disabled for conn_id=29
01-07 18:52:10.078   355   355 E QC-QMI  : qmi_qmux_tx_msg: failed to open inactive connd_id=29
01-07 18:52:10.078   355   355 E QC-QMI  : qmi_qmux: TX failed, connection inactive or in reset, conn_id=29, status_flags=4
01-07 18:52:10.078   355   355 E QC-QMI  : qmi_ctl_tx_msg: qmi_qmux_tx_msg failed
01-07 18:52:10.078   355   355 E QC-QMI  : qmi_ctl_handle_request: qmi_ctl_tx_msg call failed
01-07 18:52:10.078   355   355 E QC-QMI  : qmi_qmux_open_connection: connection is disabled for conn_id=29
01-07 18:52:10.078   355   355 E QC-QMI  : qmi_qmux_tx_msg: failed to open inactive connd_id=29
01-07 18:52:10.078   355   355 E QC-QMI  : qmi_qmux: TX failed, connection inactive or in reset, conn_id=29, status_flags=4
01-07 18:52:10.078   355   355 E QC-QMI  : qmi_ctl_tx_msg: qmi_qmux_tx_msg failed
01-07 18:52:10.078   355   355 E QC-QMI  : qmi_ctl_handle_request: qmi_ctl_tx_msg call failed
01-07 18:52:10.079   419  1173 E QC-QMI  : qmi_client [419] 7: failed to locate client data
01-07 18:52:10.081   355   355 E QC-QMI  : qmuxd: RX on fd=24 returned error=0 errno[2:No such file or directory]
01-07 18:52:10.081   355   355 E QC-QMI  : QMUX qmux_client_id=7 not found in qmux client list, unable to remove
01-07 18:52:10.083   355   355 E QC-QMI  : qmi_qmux_open_connection: connection is disabled for conn_id=48
01-07 18:52:10.083   355   355 E QC-QMI  : qmi_qmux_tx_msg: failed to open inactive connd_id=48
01-07 18:52:10.083   355   355 E QC-QMI  : qmi_qmux: TX failed, connection inactive or in reset, conn_id=48, status_flags=4
01-07 18:52:10.083   355   355 E QC-QMI  : qmi_ctl_tx_msg: qmi_qmux_tx_msg failed
01-07 18:52:10.083   355   355 E QC-QMI  : qmi_ctl_handle_request: qmi_ctl_tx_msg call failed
01-07 18:52:10.084   355   355 E QC-QMI  : qmi_qmux_open_connection: connection is disabled for conn_id=48
01-07 18:52:10.084   355   355 E QC-QMI  : qmi_qmux_tx_msg: failed to open inactive connd_id=48
01-07 18:52:10.084   355   355 E QC-QMI  : qmi_qmux: TX failed, connection inactive or in reset, conn_id=48, status_flags=4
01-07 18:52:10.084   355   355 E QC-QMI  : qmi_ctl_tx_msg: qmi_qmux_tx_msg failed
01-07 18:52:10.084   355   355 E QC-QMI  : qmi_ctl_handle_request: qmi_ctl_tx_msg call failed
01-07 18:52:10.084   419  1180 E QC-QMI  : qmi_client [419] 8: failed to locate client data
01-07 18:52:10.086   355   355 E QC-QMI  : qmuxd: RX on fd=24 returned error=0 errno[2:No such file or directory]
01-07 18:52:10.086   355   355 E QC-QMI  : QMUX qmux_client_id=8 not found in qmux client list, unable to remove
01-07 18:52:10.086   355   355 E QC-QMI  : qmi_qmux_open_connection: connection is disabled for conn_id=57
01-07 18:52:10.086   355   355 E QC-QMI  : qmi_qmux_tx_msg: failed to open inactive connd_id=57
01-07 18:52:10.086   355   355 E QC-QMI  : qmi_qmux: TX failed, connection inactive or in reset, conn_id=57, status_flags=4
01-07 18:52:10.087   355   355 E QC-QMI  : qmi_ctl_tx_msg: qmi_qmux_tx_msg failed
01-07 18:52:10.087   355   355 E QC-QMI  : qmi_ctl_handle_request: qmi_ctl_tx_msg call failed
01-07 18:52:10.087   355   355 E QC-QMI  : qmi_qmux_open_connection: connection is disabled for conn_id=57
01-07 18:52:10.087   355   355 E QC-QMI  : qmi_qmux_tx_msg: failed to open inactive connd_id=57
01-07 18:52:10.088   355   355 E QC-QMI  : qmi_qmux: TX failed, connection inactive or in reset, conn_id=57, status_flags=4
01-07 18:52:10.088   355   355 E QC-QMI  : qmi_ctl_tx_msg: qmi_qmux_tx_msg failed
01-07 18:52:10.088   355   355 E QC-QMI  : qmi_ctl_handle_request: qmi_ctl_tx_msg call failed
01-07 18:52:10.088   419  1186 E QC-QMI  : qmi_client [419] 9: failed to locate client data
01-07 18:52:10.090   355   355 E QC-QMI  : qmuxd: RX on fd=24 returned error=0 errno[2:No such file or directory]
01-07 18:52:10.090   355   355 E QC-QMI  : QMUX qmux_client_id=9 not found in qmux client list, unable to remove
01-07 18:52:10.092   355   355 E QC-QMI  : qmi_qmux_open_connection: connection is disabled for conn_id=29
01-07 18:52:10.092   355   355 E QC-QMI  : qmi_qmux_tx_msg: failed to open inactive connd_id=29
01-07 18:52:10.092   355   355 E QC-QMI  : qmi_qmux: TX failed, connection inactive or in reset, conn_id=29, status_flags=4
01-07 18:52:10.092   355   355 E QC-QMI  : qmi_ctl_tx_msg: qmi_qmux_tx_msg failed
01-07 18:52:10.092   355   355 E QC-QMI  : qmi_ctl_handle_request: qmi_ctl_tx_msg call failed
01-07 18:52:10.093   355   355 E QC-QMI  : qmi_qmux_open_connection: connection is disabled for conn_id=29
01-07 18:52:10.093   355   355 E QC-QMI  : qmi_qmux_tx_msg: failed to open inactive connd_id=29
01-07 18:52:10.093   355   355 E QC-QMI  : qmi_qmux: TX failed, connection inactive or in reset, conn_id=29, status_flags=4
01-07 18:52:10.093   355   355 E QC-QMI  : qmi_ctl_tx_msg: qmi_qmux_tx_msg failed
01-07 18:52:10.093   355   355 E QC-QMI  : qmi_ctl_handle_request: qmi_ctl_tx_msg call failed
01-07 18:52:10.093   355   355 E QC-QMI  : qmi_qmux_open_connection: connection is disabled for conn_id=48
01-07 18:52:10.093   355   355 E QC-QMI  : qmi_qmux_tx_msg: failed to open inactive connd_id=48
01-07 18:52:10.093   355   355 E QC-QMI  : qmi_qmux: TX failed, connection inactive or in reset, conn_id=48, status_flags=4
01-07 18:52:10.093   355   355 E QC-QMI  : qmi_ctl_tx_msg: qmi_qmux_tx_msg failed
01-07 18:52:10.093   355   355 E QC-QMI  : qmi_ctl_handle_request: qmi_ctl_tx_msg call failed
01-07 18:52:10.093   355   355 E QC-QMI  : qmi_qmux_open_connection: connection is disabled for conn_id=48
01-07 18:52:10.093   355   355 E QC-QMI  : qmi_qmux_tx_msg: failed to open inactive connd_id=48
01-07 18:52:10.093   355   355 E QC-QMI  : qmi_qmux: TX failed, connection inactive or in reset, conn_id=48, status_flags=4
01-07 18:52:10.093   355   355 E QC-QMI  : qmi_ctl_tx_msg: qmi_qmux_tx_msg failed
01-07 18:52:10.093   355   355 E QC-QMI  : qmi_ctl_handle_request: qmi_ctl_tx_msg call failed
01-07 18:52:10.094   355   355 E QC-QMI  : qmi_qmux_open_connection: connection is disabled for conn_id=57
01-07 18:52:10.094   355   355 E QC-QMI  : qmi_qmux_tx_msg: failed to open inactive connd_id=57
01-07 18:52:10.094   355   355 E QC-QMI  : qmi_qmux: TX failed, connection inactive or in reset, conn_id=57, status_flags=4
01-07 18:52:10.094   355   355 E QC-QMI  : qmi_ctl_tx_msg: qmi_qmux_tx_msg failed
01-07 18:52:10.094   355   355 E QC-QMI  : qmi_ctl_handle_request: qmi_ctl_tx_msg call failed
01-07 18:52:10.094   355   355 E QC-QMI  : qmi_qmux_open_connection: connection is disabled for conn_id=57
01-07 18:52:10.094   355   355 E QC-QMI  : qmi_qmux_tx_msg: failed to open inactive connd_id=57
01-07 18:52:10.094   355   355 E QC-QMI  : qmi_qmux: TX failed, connection inactive or in reset, conn_id=57, status_flags=4
01-07 18:52:10.094   355   355 E QC-QMI  : qmi_ctl_tx_msg: qmi_qmux_tx_msg failed
01-07 18:52:10.094   355   355 E QC-QMI  : qmi_ctl_handle_request: qmi_ctl_tx_msg call failed
01-07 18:52:10.094   355   355 E QC-QMI  : qmi_qmux_open_connection: connection is disabled for conn_id=29
01-07 18:52:10.094   355   355 E QC-QMI  : qmi_qmux_tx_msg: failed to open inactive connd_id=29
01-07 18:52:10.094   355   355 E QC-QMI  : qmi_qmux: TX failed, connection inactive or in reset, conn_id=29, status_flags=4
01-07 18:52:10.094   355   355 E QC-QMI  : qmi_ctl_tx_msg: qmi_qmux_tx_msg failed
01-07 18:52:10.094   355   355 E QC-QMI  : qmi_ctl_handle_request: qmi_ctl_tx_msg call failed
01-07 18:52:10.095   355   355 E QC-QMI  : qmi_qmux_open_connection: connection is disabled for conn_id=29
01-07 18:52:10.095   355   355 E QC-QMI  : qmi_qmux_tx_msg: failed to open inactive connd_id=29
01-07 18:52:10.095   355   355 E QC-QMI  : qmi_qmux: TX failed, connection inactive or in reset, conn_id=29, status_flags=4
01-07 18:52:10.095   355   355 E QC-QMI  : qmi_ctl_tx_msg: qmi_qmux_tx_msg failed
01-07 18:52:10.095   355   355 E QC-QMI  : qmi_ctl_handle_request: qmi_ctl_tx_msg call failed
01-07 18:52:10.095   355   355 E QC-QMI  : qmi_qmux_open_connection: connection is disabled for conn_id=48
01-07 18:52:10.095   355   355 E QC-QMI  : qmi_qmux_tx_msg: failed to open inactive connd_id=48
01-07 18:52:10.095   355   355 E QC-QMI  : qmi_qmux: TX failed, connection inactive or in reset, conn_id=48, status_flags=4
01-07 18:52:10.095   355   355 E QC-QMI  : qmi_ctl_tx_msg: qmi_qmux_tx_msg failed
01-07 18:52:10.095   355   355 E QC-QMI  : qmi_ctl_handle_request: qmi_ctl_tx_msg call failed
01-07 18:52:10.095   355   355 E QC-QMI  : qmi_qmux_open_connection: connection is disabled for conn_id=48
01-07 18:52:10.095   355   355 E QC-QMI  : qmi_qmux_tx_msg: failed to open inactive connd_id=48
01-07 18:52:10.096   355   355 E QC-QMI  : qmi_qmux: TX failed, connection inactive or in reset, conn_id=48, status_flags=4
01-07 18:52:10.096   355   355 E QC-QMI  : qmi_ctl_tx_msg: qmi_qmux_tx_msg failed
01-07 18:52:10.096   355   355 E QC-QMI  : qmi_ctl_handle_request: qmi_ctl_tx_msg call failed
01-07 18:52:10.096   355   355 E QC-QMI  : qmi_qmux_open_connection: connection is disabled for conn_id=57
01-07 18:52:10.096   355   355 E QC-QMI  : qmi_qmux_tx_msg: failed to open inactive connd_id=57
01-07 18:52:10.096   355   355 E QC-QMI  : qmi_qmux: TX failed, connection inactive or in reset, conn_id=57, status_flags=4
01-07 18:52:10.096   355   355 E QC-QMI  : qmi_ctl_tx_msg: qmi_qmux_tx_msg failed
01-07 18:52:10.096   355   355 E QC-QMI  : qmi_ctl_handle_request: qmi_ctl_tx_msg call failed
01-07 18:52:10.096   355   355 E QC-QMI  : qmi_qmux_open_connection: connection is disabled for conn_id=57
01-07 18:52:10.096   355   355 E QC-QMI  : qmi_qmux_tx_msg: failed to open inactive connd_id=57
01-07 18:52:10.096   355   355 E QC-QMI  : qmi_qmux: TX failed, connection inactive or in reset, conn_id=57, status_flags=4
01-07 18:52:10.096   355   355 E QC-QMI  : qmi_ctl_tx_msg: qmi_qmux_tx_msg failed
01-07 18:52:10.096   355   355 E QC-QMI  : qmi_ctl_handle_request: qmi_ctl_tx_msg call failed
01-07 18:52:10.097   355   355 E QC-QMI  : qmi_qmux_open_connection: connection is disabled for conn_id=29
01-07 18:52:10.097   355   355 E QC-QMI  : qmi_qmux_tx_msg: failed to open inactive connd_id=29
01-07 18:52:10.097   355   355 E QC-QMI  : qmi_qmux: TX failed, connection inactive or in reset, conn_id=29, status_flags=4
01-07 18:52:10.097   355   355 E QC-QMI  : qmi_ctl_tx_msg: qmi_qmux_tx_msg failed
01-07 18:52:10.098   355   355 E QC-QMI  : qmi_ctl_handle_request: qmi_ctl_tx_msg call failed
01-07 18:52:10.098   355   355 E QC-QMI  : qmi_qmux_open_connection: connection is disabled for conn_id=29
01-07 18:52:10.098   355   355 E QC-QMI  : qmi_qmux_tx_msg: failed to open inactive connd_id=29
01-07 18:52:10.098   355   355 E QC-QMI  : qmi_qmux: TX failed, connection inactive or in reset, conn_id=29, status_flags=4
01-07 18:52:10.098   355   355 E QC-QMI  : qmi_ctl_tx_msg: qmi_qmux_tx_msg failed
01-07 18:52:10.098   355   355 E QC-QMI  : qmi_ctl_handle_request: qmi_ctl_tx_msg call failed
01-07 18:52:10.098   355   355 E QC-QMI  : qmi_qmux_open_connection: connection is disabled for conn_id=48
01-07 18:52:10.098   355   355 E QC-QMI  : qmi_qmux_tx_msg: failed to open inactive connd_id=48
01-07 18:52:10.098   355   355 E QC-QMI  : qmi_qmux: TX failed, connection inactive or in reset, conn_id=48, status_flags=4
01-07 18:52:10.098   355   355 E QC-QMI  : qmi_ctl_tx_msg: qmi_qmux_tx_msg failed
01-07 18:52:10.098   355   355 E QC-QMI  : qmi_ctl_handle_request: qmi_ctl_tx_msg call failed
01-07 18:52:10.099   355   355 E QC-QMI  : qmi_qmux_open_connection: connection is disabled for conn_id=48
01-07 18:52:10.099   355   355 E QC-QMI  : qmi_qmux_tx_msg: failed to open inactive connd_id=48
01-07 18:52:10.099   355   355 E QC-QMI  : qmi_qmux: TX failed, connection inactive or in reset, conn_id=48, status_flags=4
01-07 18:52:10.099   355   355 E QC-QMI  : qmi_ctl_tx_msg: qmi_qmux_tx_msg failed
01-07 18:52:10.099   355   355 E QC-QMI  : qmi_ctl_handle_request: qmi_ctl_tx_msg call failed
01-07 18:52:10.099   355   355 E QC-QMI  : qmi_qmux_open_connection: connection is disabled for conn_id=57
01-07 18:52:10.099   355   355 E QC-QMI  : qmi_qmux_tx_msg: failed to open inactive connd_id=57
01-07 18:52:10.099   355   355 E QC-QMI  : qmi_qmux: TX failed, connection inactive or in reset, conn_id=57, status_flags=4
01-07 18:52:10.099   355   355 E QC-QMI  : qmi_ctl_tx_msg: qmi_qmux_tx_msg failed
01-07 18:52:10.099   355   355 E QC-QMI  : qmi_ctl_handle_request: qmi_ctl_tx_msg call failed
01-07 18:52:10.099   355   355 E QC-QMI  : qmi_qmux_open_connection: connection is disabled for conn_id=57
01-07 18:52:10.099   355   355 E QC-QMI  : qmi_qmux_tx_msg: failed to open inactive connd_id=57
01-07 18:52:10.100   355   355 E QC-QMI  : qmi_qmux: TX failed, connection inactive or in reset, conn_id=57, status_flags=4
01-07 18:52:10.100   355   355 E QC-QMI  : qmi_ctl_tx_msg: qmi_qmux_tx_msg failed
01-07 18:52:10.100   355   355 E QC-QMI  : qmi_ctl_handle_request: qmi_ctl_tx_msg call failed
01-07 18:52:10.101   355   355 E QC-QMI  : qmi_qmux_open_connection: connection is disabled for conn_id=29
01-07 18:52:10.101   355   355 E QC-QMI  : qmi_qmux_tx_msg: failed to open inactive connd_id=29
01-07 18:52:10.101   355   355 E QC-QMI  : qmi_qmux: TX failed, connection inactive or in reset, conn_id=29, status_flags=4
01-07 18:52:10.101   355   355 E QC-QMI  : qmi_ctl_tx_msg: qmi_qmux_tx_msg failed
01-07 18:52:10.101   355   355 E QC-QMI  : qmi_ctl_handle_request: qmi_ctl_tx_msg call failed
01-07 18:52:10.101   355   355 E QC-QMI  : qmi_qmux_open_connection: connection is disabled for conn_id=29
01-07 18:52:10.101   355   355 E QC-QMI  : qmi_qmux_tx_msg: failed to open inactive connd_id=29
01-07 18:52:10.101   355   355 E QC-QMI  : qmi_qmux: TX failed, connection inactive or in reset, conn_id=29, status_flags=4
01-07 18:52:10.101   355   355 E QC-QMI  : qmi_ctl_tx_msg: qmi_qmux_tx_msg failed
01-07 18:52:10.101   355   355 E QC-QMI  : qmi_ctl_handle_request: qmi_ctl_tx_msg call failed
01-07 18:52:10.102   355   355 E QC-QMI  : qmi_qmux_open_connection: connection is disabled for conn_id=48
01-07 18:52:10.102   355   355 E QC-QMI  : qmi_qmux_tx_msg: failed to open inactive connd_id=48
01-07 18:52:10.102   355   355 E QC-QMI  : qmi_qmux: TX failed, connection inactive or in reset, conn_id=48, status_flags=4
01-07 18:52:10.102   355   355 E QC-QMI  : qmi_ctl_tx_msg: qmi_qmux_tx_msg failed
01-07 18:52:10.102   355   355 E QC-QMI  : qmi_ctl_handle_request: qmi_ctl_tx_msg call failed
01-07 18:52:10.102   355   355 E QC-QMI  : qmi_qmux_open_connection: connection is disabled for conn_id=48
01-07 18:52:10.102   355   355 E QC-QMI  : qmi_qmux_tx_msg: failed to open inactive connd_id=48
01-07 18:52:10.102   355   355 E QC-QMI  : qmi_qmux: TX failed, connection inactive or in reset, conn_id=48, status_flags=4
01-07 18:52:10.102   355   355 E QC-QMI  : qmi_ctl_tx_msg: qmi_qmux_tx_msg failed
01-07 18:52:10.102   355   355 E QC-QMI  : qmi_ctl_handle_request: qmi_ctl_tx_msg call failed
01-07 18:52:10.102   355   355 E QC-QMI  : qmi_qmux_open_connection: connection is disabled for conn_id=57
01-07 18:52:10.102   355   355 E QC-QMI  : qmi_qmux_tx_msg: failed to open inactive connd_id=57
01-07 18:52:10.102   355   355 E QC-QMI  : qmi_qmux: TX failed, connection inactive or in reset, conn_id=57, status_flags=4
01-07 18:52:10.102   355   355 E QC-QMI  : qmi_ctl_tx_msg: qmi_qmux_tx_msg failed
01-07 18:52:10.102   355   355 E QC-QMI  : qmi_ctl_handle_request: qmi_ctl_tx_msg call failed
01-07 18:52:10.103   355   355 E QC-QMI  : qmi_qmux_open_connection: connection is disabled for conn_id=57
01-07 18:52:10.103   355   355 E QC-QMI  : qmi_qmux_tx_msg: failed to open inactive connd_id=57
01-07 18:52:10.103   355   355 E QC-QMI  : qmi_qmux: TX failed, connection inactive or in reset, conn_id=57, status_flags=4
01-07 18:52:10.103   355   355 E QC-QMI  : qmi_ctl_tx_msg: qmi_qmux_tx_msg failed
01-07 18:52:10.103   355   355 E QC-QMI  : qmi_ctl_handle_request: qmi_ctl_tx_msg call failed
01-07 18:52:10.103   355   355 E QC-QMI  : qmi_qmux_open_connection: connection is disabled for conn_id=29
01-07 18:52:10.103   355   355 E QC-QMI  : qmi_qmux_tx_msg: failed to open inactive connd_id=29
01-07 18:52:10.103   355   355 E QC-QMI  : qmi_qmux: TX failed, connection inactive or in reset, conn_id=29, status_flags=4
01-07 18:52:10.103   355   355 E QC-QMI  : qmi_ctl_tx_msg: qmi_qmux_tx_msg failed
01-07 18:52:10.103   355   355 E QC-QMI  : qmi_ctl_handle_request: qmi_ctl_tx_msg call failed
01-07 18:52:10.104   355   355 E QC-QMI  : qmi_qmux_open_connection: connection is disabled for conn_id=29
01-07 18:52:10.104   355   355 E QC-QMI  : qmi_qmux_tx_msg: failed to open inactive connd_id=29
01-07 18:52:10.104   355   355 E QC-QMI  : qmi_qmux: TX failed, connection inactive or in reset, conn_id=29, status_flags=4
01-07 18:52:10.104   355   355 E QC-QMI  : qmi_ctl_tx_msg: qmi_qmux_tx_msg failed
01-07 18:52:10.104   355   355 E QC-QMI  : qmi_ctl_handle_request: qmi_ctl_tx_msg call failed
01-07 18:52:10.104   355   355 E QC-QMI  : qmi_qmux_open_connection: connection is disabled for conn_id=48
01-07 18:52:10.104   355   355 E QC-QMI  : qmi_qmux_tx_msg: failed to open inactive connd_id=48
01-07 18:52:10.104   355   355 E QC-QMI  : qmi_qmux: TX failed, connection inactive or in reset, conn_id=48, status_flags=4
01-07 18:52:10.104   355   355 E QC-QMI  : qmi_ctl_tx_msg: qmi_qmux_tx_msg failed
01-07 18:52:10.104   355   355 E QC-QMI  : qmi_ctl_handle_request: qmi_ctl_tx_msg call failed
01-07 18:52:10.104   355   355 E QC-QMI  : qmi_qmux_open_connection: connection is disabled for conn_id=48
01-07 18:52:10.104   355   355 E QC-QMI  : qmi_qmux_tx_msg: failed to open inactive connd_id=48
01-07 18:52:10.104   355   355 E QC-QMI  : qmi_qmux: TX failed, connection inactive or in reset, conn_id=48, status_flags=4
01-07 18:52:10.104   355   355 E QC-QMI  : qmi_ctl_tx_msg: qmi_qmux_tx_msg failed
01-07 18:52:10.104   355   355 E QC-QMI  : qmi_ctl_handle_request: qmi_ctl_tx_msg call failed
01-07 18:52:10.105   355   355 E QC-QMI  : qmi_qmux_open_connection: connection is disabled for conn_id=57
01-07 18:52:10.105   355   355 E QC-QMI  : qmi_qmux_tx_msg: failed to open inactive connd_id=57
01-07 18:52:10.105   355   355 E QC-QMI  : qmi_qmux: TX failed, connection inactive or in reset, conn_id=57, status_flags=4
01-07 18:52:10.105   355   355 E QC-QMI  : qmi_ctl_tx_msg: qmi_qmux_tx_msg failed
01-07 18:52:10.105   355   355 E QC-QMI  : qmi_ctl_handle_request: qmi_ctl_tx_msg call failed
01-07 18:52:10.106   355   355 E QC-QMI  : qmi_qmux_open_connection: connection is disabled for conn_id=57
01-07 18:52:10.106   355   355 E QC-QMI  : qmi_qmux_tx_msg: failed to open inactive connd_id=57
01-07 18:52:10.106   355   355 E QC-QMI  : qmi_qmux: TX failed, connection inactive or in reset, conn_id=57, status_flags=4
01-07 18:52:10.106   355   355 E QC-QMI  : qmi_ctl_tx_msg: qmi_qmux_tx_msg failed
01-07 18:52:10.106   355   355 E QC-QMI  : qmi_ctl_handle_request: qmi_ctl_tx_msg call failed
01-07 18:52:10.106   355   355 E QC-QMI  : qmi_qmux_open_connection: connection is disabled for conn_id=29
01-07 18:52:10.106   355   355 E QC-QMI  : qmi_qmux_tx_msg: failed to open inactive connd_id=29
01-07 18:52:10.106   355   355 E QC-QMI  : qmi_qmux: TX failed, connection inactive or in reset, conn_id=29, status_flags=4
01-07 18:52:10.106   355   355 E QC-QMI  : qmi_ctl_tx_msg: qmi_qmux_tx_msg failed
01-07 18:52:10.106   355   355 E QC-QMI  : qmi_ctl_handle_request: qmi_ctl_tx_msg call failed
01-07 18:52:10.107   355   355 E QC-QMI  : qmi_qmux_open_connection: connection is disabled for conn_id=29
01-07 18:52:10.107   355   355 E QC-QMI  : qmi_qmux_tx_msg: failed to open inactive connd_id=29
01-07 18:52:10.107   355   355 E QC-QMI  : qmi_qmux: TX failed, connection inactive or in reset, conn_id=29, status_flags=4
01-07 18:52:10.107   355   355 E QC-QMI  : qmi_ctl_tx_msg: qmi_qmux_tx_msg failed
01-07 18:52:10.107   355   355 E QC-QMI  : qmi_ctl_handle_request: qmi_ctl_tx_msg call failed
01-07 18:52:10.107   355   355 E QC-QMI  : qmi_qmux_open_connection: connection is disabled for conn_id=48
01-07 18:52:10.107   355   355 E QC-QMI  : qmi_qmux_tx_msg: failed to open inactive connd_id=48
01-07 18:52:10.107   355   355 E QC-QMI  : qmi_qmux: TX failed, connection inactive or in reset, conn_id=48, status_flags=4
01-07 18:52:10.107   355   355 E QC-QMI  : qmi_ctl_tx_msg: qmi_qmux_tx_msg failed
01-07 18:52:10.107   355   355 E QC-QMI  : qmi_ctl_handle_request: qmi_ctl_tx_msg call failed
01-07 18:52:10.108   355   355 E QC-QMI  : qmi_qmux_open_connection: connection is disabled for conn_id=48
01-07 18:52:10.108   355   355 E QC-QMI  : qmi_qmux_tx_msg: failed to open inactive connd_id=48
01-07 18:52:10.108   355   355 E QC-QMI  : qmi_qmux: TX failed, connection inactive or in reset, conn_id=48, status_flags=4
01-07 18:52:10.108   355   355 E QC-QMI  : qmi_ctl_tx_msg: qmi_qmux_tx_msg failed
01-07 18:52:10.108   355   355 E QC-QMI  : qmi_ctl_handle_request: qmi_ctl_tx_msg call failed
01-07 18:52:10.108   355   355 E QC-QMI  : qmi_qmux_open_connection: connection is disabled for conn_id=57
01-07 18:52:10.108   355   355 E QC-QMI  : qmi_qmux_tx_msg: failed to open inactive connd_id=57
01-07 18:52:10.108   355   355 E QC-QMI  : qmi_qmux: TX failed, connection inactive or in reset, conn_id=57, status_flags=4
01-07 18:52:10.108   355   355 E QC-QMI  : qmi_ctl_tx_msg: qmi_qmux_tx_msg failed
01-07 18:52:10.109   355   355 E QC-QMI  : qmi_ctl_handle_request: qmi_ctl_tx_msg call failed
01-07 18:52:10.109   355   355 E QC-QMI  : qmi_qmux_open_connection: connection is disabled for conn_id=57
01-07 18:52:10.109   355   355 E QC-QMI  : qmi_qmux_tx_msg: failed to open inactive connd_id=57
01-07 18:52:10.109   355   355 E QC-QMI  : qmi_qmux: TX failed, connection inactive or in reset, conn_id=57, status_flags=4
01-07 18:52:10.109   355   355 E QC-QMI  : qmi_ctl_tx_msg: qmi_qmux_tx_msg failed
01-07 18:52:10.109   355   355 E QC-QMI  : qmi_ctl_handle_request: qmi_ctl_tx_msg call failed
01-07 18:52:10.111   355   355 E QC-QMI  : qmi_qmux_open_connection: connection is disabled for conn_id=29
01-07 18:52:10.111   355   355 E QC-QMI  : qmi_qmux_tx_msg: failed to open inactive connd_id=29
01-07 18:52:10.111   355   355 E QC-QMI  : qmi_qmux: TX failed, connection inactive or in reset, conn_id=29, status_flags=4
01-07 18:52:10.111   355   355 E QC-QMI  : qmi_ctl_tx_msg: qmi_qmux_tx_msg failed
01-07 18:52:10.111   355   355 E QC-QMI  : qmi_ctl_handle_request: qmi_ctl_tx_msg call failed
01-07 18:52:10.111   355   355 E QC-QMI  : qmi_qmux_open_connection: connection is disabled for conn_id=29
01-07 18:52:10.111   355   355 E QC-QMI  : qmi_qmux_tx_msg: failed to open inactive connd_id=29
01-07 18:52:10.111   355   355 E QC-QMI  : qmi_qmux: TX failed, connection inactive or in reset, conn_id=29, status_flags=4
01-07 18:52:10.111   355   355 E QC-QMI  : qmi_ctl_tx_msg: qmi_qmux_tx_msg failed
01-07 18:52:10.111   355   355 E QC-QMI  : qmi_ctl_handle_request: qmi_ctl_tx_msg call failed
01-07 18:52:10.112   355   355 E QC-QMI  : qmi_qmux_open_connection: connection is disabled for conn_id=48
01-07 18:52:10.112   355   355 E QC-QMI  : qmi_qmux_tx_msg: failed to open inactive connd_id=48
01-07 18:52:10.112   355   355 E QC-QMI  : qmi_qmux: TX failed, connection inactive or in reset, conn_id=48, status_flags=4
01-07 18:52:10.112   355   355 E QC-QMI  : qmi_ctl_tx_msg: qmi_qmux_tx_msg failed
01-07 18:52:10.112   355   355 E QC-QMI  : qmi_ctl_handle_request: qmi_ctl_tx_msg call failed
01-07 18:52:10.112   355   355 E QC-QMI  : qmi_qmux_open_connection: connection is disabled for conn_id=48
01-07 18:52:10.112   355   355 E QC-QMI  : qmi_qmux_tx_msg: failed to open inactive connd_id=48
01-07 18:52:10.100   370   370 I thermal-engine: type=1400 audit(0.0:200): avc: denied { write } for name="qmux_connect_socket" dev="tmpfs" ino=13509 scontext=u:r:init:s0 tcontext=u:object_r:socket_device:s0 tclass=sock_file permissive=1
01-07 18:52:10.113   355   355 E QC-QMI  : qmi_qmux: TX failed, connection inactive or in reset, conn_id=48, status_flags=4
01-07 18:52:10.113   355   355 E QC-QMI  : qmi_ctl_tx_msg: qmi_qmux_tx_msg failed
01-07 18:52:10.113   355   355 E QC-QMI  : qmi_ctl_handle_request: qmi_ctl_tx_msg call failed
01-07 18:52:10.113   355   355 E QC-QMI  : qmi_qmux_open_connection: connection is disabled for conn_id=57
01-07 18:52:10.113   355   355 E QC-QMI  : qmi_qmux_tx_msg: failed to open inactive connd_id=57
01-07 18:52:10.113   355   355 E QC-QMI  : qmi_qmux: TX failed, connection inactive or in reset, conn_id=57, status_flags=4
01-07 18:52:10.113   355   355 E QC-QMI  : qmi_ctl_tx_msg: qmi_qmux_tx_msg failed
01-07 18:52:10.113   355   355 E QC-QMI  : qmi_ctl_handle_request: qmi_ctl_tx_msg call failed
01-07 18:52:10.114   355   355 E QC-QMI  : qmi_qmux_open_connection: connection is disabled for conn_id=57
01-07 18:52:10.114   355   355 E QC-QMI  : qmi_qmux_tx_msg: failed to open inactive connd_id=57
01-07 18:52:10.114   355   355 E QC-QMI  : qmi_qmux: TX failed, connection inactive or in reset, conn_id=57, status_flags=4
01-07 18:52:10.114   355   355 E QC-QMI  : qmi_ctl_tx_msg: qmi_qmux_tx_msg failed
01-07 18:52:10.114   355   355 E QC-QMI  : qmi_ctl_handle_request: qmi_ctl_tx_msg call failed
01-07 18:52:10.115   355   355 E QC-QMI  : qmi_qmux_open_connection: connection is disabled for conn_id=29
01-07 18:52:10.115   355   355 E QC-QMI  : qmi_qmux_tx_msg: failed to open inactive connd_id=29
01-07 18:52:10.115   355   355 E QC-QMI  : qmi_qmux: TX failed, connection inactive or in reset, conn_id=29, status_flags=4
01-07 18:52:10.115   355   355 E QC-QMI  : qmi_ctl_tx_msg: qmi_qmux_tx_msg failed
01-07 18:52:10.115   355   355 E QC-QMI  : qmi_ctl_handle_request: qmi_ctl_tx_msg call failed
01-07 18:52:10.116   355   355 E QC-QMI  : qmi_qmux_open_connection: connection is disabled for conn_id=29
01-07 18:52:10.116   355   355 E QC-QMI  : qmi_qmux_tx_msg: failed to open inactive connd_id=29
01-07 18:52:10.116   355   355 E QC-QMI  : qmi_qmux: TX failed, connection inactive or in reset, conn_id=29, status_flags=4
01-07 18:52:10.116   355   355 E QC-QMI  : qmi_ctl_tx_msg: qmi_qmux_tx_msg failed
01-07 18:52:10.116   355   355 E QC-QMI  : qmi_ctl_handle_request: qmi_ctl_tx_msg call failed
01-07 18:52:10.117   355   355 E QC-QMI  : qmi_qmux_open_connection: connection is disabled for conn_id=48
01-07 18:52:10.117   355   355 E QC-QMI  : qmi_qmux_tx_msg: failed to open inactive connd_id=48
01-07 18:52:10.117   355   355 E QC-QMI  : qmi_qmux: TX failed, connection inactive or in reset, conn_id=48, status_flags=4
01-07 18:52:10.117   355   355 E QC-QMI  : qmi_ctl_tx_msg: qmi_qmux_tx_msg failed
01-07 18:52:10.117   355   355 E QC-QMI  : qmi_ctl_handle_request: qmi_ctl_tx_msg call failed
01-07 18:52:10.117   355   355 E QC-QMI  : qmi_qmux_open_connection: connection is disabled for conn_id=29
01-07 18:52:10.117   355   355 E QC-QMI  : qmi_qmux_tx_msg: failed to open inactive connd_id=29
01-07 18:52:10.117   355   355 E QC-QMI  : qmi_qmux: TX failed, connection inactive or in reset, conn_id=29, status_flags=4
01-07 18:52:10.117   355   355 E QC-QMI  : qmi_ctl_tx_msg: qmi_qmux_tx_msg failed
01-07 18:52:10.117   355   355 E QC-QMI  : qmi_ctl_handle_request: qmi_ctl_tx_msg call failed
01-07 18:52:10.118   355   355 E QC-QMI  : qmi_qmux_open_connection: connection is disabled for conn_id=48
01-07 18:52:10.118   355   355 E QC-QMI  : qmi_qmux_tx_msg: failed to open inactive connd_id=48
01-07 18:52:10.118   355   355 E QC-QMI  : qmi_qmux: TX failed, connection inactive or in reset, conn_id=48, status_flags=4
01-07 18:52:10.118   355   355 E QC-QMI  : qmi_ctl_tx_msg: qmi_qmux_tx_msg failed
01-07 18:52:10.118   355   355 E QC-QMI  : qmi_ctl_handle_request: qmi_ctl_tx_msg call failed
01-07 18:52:10.118   355   355 E QC-QMI  : qmi_qmux_open_connection: connection is disabled for conn_id=29
01-07 18:52:10.118   355   355 E QC-QMI  : qmi_qmux_tx_msg: failed to open inactive connd_id=29
01-07 18:52:10.118   355   355 E QC-QMI  : qmi_qmux: TX failed, connection inactive or in reset, conn_id=29, status_flags=4
01-07 18:52:10.118   355   355 E QC-QMI  : qmi_ctl_tx_msg: qmi_qmux_tx_msg failed
01-07 18:52:10.118   355   355 E QC-QMI  : qmi_ctl_handle_request: qmi_ctl_tx_msg call failed
01-07 18:52:10.118   355   355 E QC-QMI  : qmi_qmux_open_connection: connection is disabled for conn_id=29
01-07 18:52:10.118   355   355 E QC-QMI  : qmi_qmux_tx_msg: failed to open inactive connd_id=29
01-07 18:52:10.118   355   355 E QC-QMI  : qmi_qmux: TX failed, connection inactive or in reset, conn_id=29, status_flags=4
01-07 18:52:10.118   355   355 E QC-QMI  : qmi_ctl_tx_msg: qmi_qmux_tx_msg failed
01-07 18:52:10.118   355   355 E QC-QMI  : qmi_ctl_handle_request: qmi_ctl_tx_msg call failed
01-07 18:52:10.119   355   355 E QC-QMI  : qmi_qmux_open_connection: connection is disabled for conn_id=57
01-07 18:52:10.119   355   355 E QC-QMI  : qmi_qmux_tx_msg: failed to open inactive connd_id=57
01-07 18:52:10.119   355   355 E QC-QMI  : qmi_qmux: TX failed, connection inactive or in reset, conn_id=57, status_flags=4
01-07 18:52:10.119   355   355 E QC-QMI  : qmi_ctl_tx_msg: qmi_qmux_tx_msg failed
01-07 18:52:10.119   355   355 E QC-QMI  : qmi_ctl_handle_request: qmi_ctl_tx_msg call failed
01-07 18:52:10.119   355   355 E QC-QMI  : qmi_qmux_open_connection: connection is disabled for conn_id=48
01-07 18:52:10.119   355   355 E QC-QMI  : qmi_qmux_tx_msg: failed to open inactive connd_id=48
01-07 18:52:10.119   355   355 E QC-QMI  : qmi_qmux: TX failed, connection inactive or in reset, conn_id=48, status_flags=4
01-07 18:52:10.119   355   355 E QC-QMI  : qmi_ctl_tx_msg: qmi_qmux_tx_msg failed
01-07 18:52:10.119   355   355 E QC-QMI  : qmi_ctl_handle_request: qmi_ctl_tx_msg call failed
01-07 18:52:10.119   355   355 E QC-QMI  : qmi_qmux_open_connection: connection is disabled for conn_id=57
01-07 18:52:10.119   355   355 E QC-QMI  : qmi_qmux_tx_msg: failed to open inactive connd_id=57
01-07 18:52:10.119   355   355 E QC-QMI  : qmi_qmux: TX failed, connection inactive or in reset, conn_id=57, status_flags=4
01-07 18:52:10.119   355   355 E QC-QMI  : qmi_ctl_tx_msg: qmi_qmux_tx_msg failed
01-07 18:52:10.119   355   355 E QC-QMI  : qmi_ctl_handle_request: qmi_ctl_tx_msg call failed
01-07 18:52:10.120   355   355 E QC-QMI  : qmi_qmux_open_connection: connection is disabled for conn_id=48
01-07 18:52:10.120   355   355 E QC-QMI  : qmi_qmux_tx_msg: failed to open inactive connd_id=48
01-07 18:52:10.120   355   355 E QC-QMI  : qmi_qmux: TX failed, connection inactive or in reset, conn_id=48, status_flags=4
01-07 18:52:10.120   355   355 E QC-QMI  : qmi_ctl_tx_msg: qmi_qmux_tx_msg failed
01-07 18:52:10.120   355   355 E QC-QMI  : qmi_ctl_handle_request: qmi_ctl_tx_msg call failed
01-07 18:52:10.120   355   355 E QC-QMI  : qmi_qmux_open_connection: connection is disabled for conn_id=29
01-07 18:52:10.120   355   355 E QC-QMI  : qmi_qmux_tx_msg: failed to open inactive connd_id=29
01-07 18:52:10.120   355   355 E QC-QMI  : qmi_qmux: TX failed, connection inactive or in reset, conn_id=29, status_flags=4
01-07 18:52:10.120   355   355 E QC-QMI  : qmi_ctl_tx_msg: qmi_qmux_tx_msg failed
01-07 18:52:10.120   355   355 E QC-QMI  : qmi_ctl_handle_request: qmi_ctl_tx_msg call failed
01-07 18:52:10.120   355   355 E QC-QMI  : qmi_qmux_open_connection: connection is disabled for conn_id=57
01-07 18:52:10.120   355   355 E QC-QMI  : qmi_qmux_tx_msg: failed to open inactive connd_id=57
01-07 18:52:10.120   355   355 E QC-QMI  : qmi_qmux: TX failed, connection inactive or in reset, conn_id=57, status_flags=4
01-07 18:52:10.120   355   355 E QC-QMI  : qmi_ctl_tx_msg: qmi_qmux_tx_msg failed
01-07 18:52:10.120   355   355 E QC-QMI  : qmi_ctl_handle_request: qmi_ctl_tx_msg call failed
01-07 18:52:10.120   355   355 E QC-QMI  : qmi_qmux_open_connection: connection is disabled for conn_id=57
01-07 18:52:10.120   355   355 E QC-QMI  : qmi_qmux_tx_msg: failed to open inactive connd_id=57
01-07 18:52:10.120   355   355 E QC-QMI  : qmi_qmux: TX failed, connection inactive or in reset, conn_id=57, status_flags=4
01-07 18:52:10.120   355   355 E QC-QMI  : qmi_ctl_tx_msg: qmi_qmux_tx_msg failed
01-07 18:52:10.120   355   355 E QC-QMI  : qmi_ctl_handle_request: qmi_ctl_tx_msg call failed
01-07 18:52:10.110   370   370 I thermal-engine: type=1400 audit(0.0:201): avc: denied { ioctl } for path="socket:[10072]" dev="sockfs" ino=10072 ioctlcmd=c302 scontext=u:r:init:s0 tcontext=u:r:init:s0 tclass=socket permissive=1
01-07 18:52:10.121   355   355 E QC-QMI  : qmi_qmux_open_connection: connection is disabled for conn_id=29
01-07 18:52:10.121   355   355 E QC-QMI  : qmi_qmux_tx_msg: failed to open inactive connd_id=29
01-07 18:52:10.121   355   355 E QC-QMI  : qmi_qmux: TX failed, connection inactive or in reset, conn_id=29, status_flags=4
01-07 18:52:10.121   355   355 E QC-QMI  : qmi_ctl_tx_msg: qmi_qmux_tx_msg failed
01-07 18:52:10.121   355   355 E QC-QMI  : qmi_ctl_handle_request: qmi_ctl_tx_msg call failed
01-07 18:52:10.122   355   355 E QC-QMI  : qmi_qmux_open_connection: connection is disabled for conn_id=29
01-07 18:52:10.122   355   355 E QC-QMI  : qmi_qmux_tx_msg: failed to open inactive connd_id=29
01-07 18:52:10.122   355   355 E QC-QMI  : qmi_qmux: TX failed, connection inactive or in reset, conn_id=29, status_flags=4
01-07 18:52:10.122   355   355 E QC-QMI  : qmi_ctl_tx_msg: qmi_qmux_tx_msg failed
01-07 18:52:10.122   355   355 E QC-QMI  : qmi_ctl_handle_request: qmi_ctl_tx_msg call failed
01-07 18:52:10.122   355   355 E QC-QMI  : qmi_qmux_open_connection: connection is disabled for conn_id=29
01-07 18:52:10.122   355   355 E QC-QMI  : qmi_qmux_tx_msg: failed to open inactive connd_id=29
01-07 18:52:10.122   355   355 E QC-QMI  : qmi_qmux: TX failed, connection inactive or in reset, conn_id=29, status_flags=4
01-07 18:52:10.122   355   355 E QC-QMI  : qmi_ctl_tx_msg: qmi_qmux_tx_msg failed
01-07 18:52:10.122   355   355 E QC-QMI  : qmi_ctl_handle_request: qmi_ctl_tx_msg call failed
01-07 18:52:10.122   355   355 E QC-QMI  : qmi_qmux_open_connection: connection is disabled for conn_id=48
01-07 18:52:10.122   355   355 E QC-QMI  : qmi_qmux_tx_msg: failed to open inactive connd_id=48
01-07 18:52:10.122   355   355 E QC-QMI  : qmi_qmux: TX failed, connection inactive or in reset, conn_id=48, status_flags=4
01-07 18:52:10.122   355   355 E QC-QMI  : qmi_ctl_tx_msg: qmi_qmux_tx_msg failed
01-07 18:52:10.122   355   355 E QC-QMI  : qmi_ctl_handle_request: qmi_ctl_tx_msg call failed
01-07 18:52:10.122   355   355 E QC-QMI  : qmi_qmux_open_connection: connection is disabled for conn_id=48
01-07 18:52:10.122   355   355 E QC-QMI  : qmi_qmux_tx_msg: failed to open inactive connd_id=48
01-07 18:52:10.123   355   355 E QC-QMI  : qmi_qmux: TX failed, connection inactive or in reset, conn_id=48, status_flags=4
01-07 18:52:10.123   355   355 E QC-QMI  : qmi_ctl_tx_msg: qmi_qmux_tx_msg failed
01-07 18:52:10.123   355   355 E QC-QMI  : qmi_ctl_handle_request: qmi_ctl_tx_msg call failed
01-07 18:52:10.123   355   355 E QC-QMI  : qmi_qmux_open_connection: connection is disabled for conn_id=48
01-07 18:52:10.123   355   355 E QC-QMI  : qmi_qmux_tx_msg: failed to open inactive connd_id=48
01-07 18:52:10.123   355   355 E QC-QMI  : qmi_qmux: TX failed, connection inactive or in reset, conn_id=48, status_flags=4
01-07 18:52:10.123   355   355 E QC-QMI  : qmi_ctl_tx_msg: qmi_qmux_tx_msg failed
01-07 18:52:10.123   355   355 E QC-QMI  : qmi_ctl_handle_request: qmi_ctl_tx_msg call failed
01-07 18:52:10.124   355   355 E QC-QMI  : qmi_qmux_open_connection: connection is disabled for conn_id=48
01-07 18:52:10.124   355   355 E QC-QMI  : qmi_qmux_tx_msg: failed to open inactive connd_id=48
01-07 18:52:10.124   355   355 E QC-QMI  : qmi_qmux: TX failed, connection inactive or in reset, conn_id=48, status_flags=4
01-07 18:52:10.124   355   355 E QC-QMI  : qmi_ctl_tx_msg: qmi_qmux_tx_msg failed
01-07 18:52:10.124   355   355 E QC-QMI  : qmi_ctl_handle_request: qmi_ctl_tx_msg call failed
01-07 18:52:10.125   355   355 E QC-QMI  : qmi_qmux_open_connection: connection is disabled for conn_id=57
01-07 18:52:10.125   355   355 E QC-QMI  : qmi_qmux_tx_msg: failed to open inactive connd_id=57
01-07 18:52:10.125   355   355 E QC-QMI  : qmi_qmux: TX failed, connection inactive or in reset, conn_id=57, status_flags=4
01-07 18:52:10.125   355   355 E QC-QMI  : qmi_ctl_tx_msg: qmi_qmux_tx_msg failed
01-07 18:52:10.125   355   355 E QC-QMI  : qmi_ctl_handle_request: qmi_ctl_tx_msg call failed
01-07 18:52:10.125   355   355 E QC-QMI  : qmi_qmux_open_connection: connection is disabled for conn_id=57
01-07 18:52:10.125   355   355 E QC-QMI  : qmi_qmux_tx_msg: failed to open inactive connd_id=57
01-07 18:52:10.125   355   355 E QC-QMI  : qmi_qmux: TX failed, connection inactive or in reset, conn_id=57, status_flags=4
01-07 18:52:10.125   355   355 E QC-QMI  : qmi_ctl_tx_msg: qmi_qmux_tx_msg failed
01-07 18:52:10.125   355   355 E QC-QMI  : qmi_ctl_handle_request: qmi_ctl_tx_msg call failed
01-07 18:52:10.125   355   355 E QC-QMI  : qmi_qmux_open_connection: connection is disabled for conn_id=57
01-07 18:52:10.125   355   355 E QC-QMI  : qmi_qmux_tx_msg: failed to open inactive connd_id=57
01-07 18:52:10.125   355   355 E QC-QMI  : qmi_qmux: TX failed, connection inactive or in reset, conn_id=57, status_flags=4
01-07 18:52:10.125   355   355 E QC-QMI  : qmi_ctl_tx_msg: qmi_qmux_tx_msg failed
01-07 18:52:10.125   355   355 E QC-QMI  : qmi_ctl_handle_request: qmi_ctl_tx_msg call failed
01-07 18:52:10.126   355   355 E QC-QMI  : qmi_qmux_open_connection: connection is disabled for conn_id=57
01-07 18:52:10.126   355   355 E QC-QMI  : qmi_qmux_tx_msg: failed to open inactive connd_id=57
01-07 18:52:10.126   355   355 E QC-QMI  : qmi_qmux: TX failed, connection inactive or in reset, conn_id=57, status_flags=4
01-07 18:52:10.126   355   355 E QC-QMI  : qmi_ctl_tx_msg: qmi_qmux_tx_msg failed
01-07 18:52:10.126   355   355 E QC-QMI  : qmi_ctl_handle_request: qmi_ctl_tx_msg call failed
01-07 18:52:10.126   355   355 E QC-QMI  : qmi_qmux_open_connection: connection is disabled for conn_id=29
01-07 18:52:10.126   355   355 E QC-QMI  : qmi_qmux_tx_msg: failed to open inactive connd_id=29
01-07 18:52:10.126   355   355 E QC-QMI  : qmi_qmux: TX failed, connection inactive or in reset, conn_id=29, status_flags=4
01-07 18:52:10.126   355   355 E QC-QMI  : qmi_ctl_tx_msg: qmi_qmux_tx_msg failed
01-07 18:52:10.126   355   355 E QC-QMI  : qmi_ctl_handle_request: qmi_ctl_tx_msg call failed
01-07 18:52:10.127   355   355 E QC-QMI  : qmi_qmux_open_connection: connection is disabled for conn_id=29
01-07 18:52:10.127   355   355 E QC-QMI  : qmi_qmux_tx_msg: failed to open inactive connd_id=29
01-07 18:52:10.127   355   355 E QC-QMI  : qmi_qmux: TX failed, connection inactive or in reset, conn_id=29, status_flags=4
01-07 18:52:10.127   355   355 E QC-QMI  : qmi_ctl_tx_msg: qmi_qmux_tx_msg failed
01-07 18:52:10.127   355   355 E QC-QMI  : qmi_ctl_handle_request: qmi_ctl_tx_msg call failed
01-07 18:52:10.128   355   355 E QC-QMI  : qmi_qmux_open_connection: connection is disabled for conn_id=29
01-07 18:52:10.128   355   355 E QC-QMI  : qmi_qmux_tx_msg: failed to open inactive connd_id=29
01-07 18:52:10.128   355   355 E QC-QMI  : qmi_qmux: TX failed, connection inactive or in reset, conn_id=29, status_flags=4
