03-25 23:12:19.917  5773  6666 I Xposed  : X-APM-S-VERBOSE--AFTER createRecentTaskInfoFromTaskRecord exclude: false comp: ComponentInfo{com.android.chrome/org.chromium.chrome.browser.ChromeTabbedActivity}
03-25 23:12:19.917  5773  6666 I Xposed  : X-APM-S-VERBOSE-- createRecentTaskInfoFromTaskRecord exclude: false comp: ComponentInfo{fm.xiami.main/fm.xiami.main.SplashActivity}
03-25 23:12:19.918  5773  6666 I Xposed  : X-APM-S-VERBOSE--AFTER createRecentTaskInfoFromTaskRecord exclude: false comp: ComponentInfo{fm.xiami.main/fm.xiami.main.SplashActivity}
03-25 23:12:19.918  5773  6666 I Xposed  : X-APM-S-VERBOSE-- createRecentTaskInfoFromTaskRecord exclude: false comp: ComponentInfo{com.android.settings/com.android.settings.applications.InstalledAppDetailsTop}
03-25 23:12:19.918  5773  6666 I Xposed  : X-APM-S-VERBOSE--AFTER createRecentTaskInfoFromTaskRecord exclude: false comp: ComponentInfo{com.android.settings/com.android.settings.applications.InstalledAppDetailsTop}
03-25 23:12:19.918  5773  6666 I Xposed  : X-APM-S-VERBOSE-- createRecentTaskInfoFromTaskRecord exclude: false comp: ComponentInfo{me.morirain.dev.iconpack.pure/com.by_syk.lib.nanoiconpack.MainActivity}
03-25 23:12:19.918  5773  6666 I Xposed  : X-APM-S-VERBOSE--AFTER createRecentTaskInfoFromTaskRecord exclude: false comp: ComponentInfo{me.morirain.dev.iconpack.pure/com.by_syk.lib.nanoiconpack.MainActivity}
03-25 23:12:19.919  5773  6666 I Xposed  : X-APM-S-VERBOSE-- createRecentTaskInfoFromTaskRecord exclude: false comp: ComponentInfo{code.name.monkey.retromusic/code.name.monkey.retromusic.ui.activities.MainActivity}
03-25 23:12:19.921  6769  8936 I PBSessionCacheImpl: Deleted sessionId[1664487779798] from persistence.
03-25 23:12:19.921  5773  6666 I Xposed  : X-APM-S-VERBOSE--AFTER createRecentTaskInfoFromTaskRecord exclude: false comp: ComponentInfo{code.name.monkey.retromusic/code.name.monkey.retromusic.ui.activities.MainActivity}
03-25 23:12:19.922  5773  6666 I Xposed  : X-APM-S-VERBOSE-- createRecentTaskInfoFromTaskRecord exclude: false comp: ComponentInfo{com.andqlimax.pushfixer/com.andqlimax.pushfixer.MainActivity}
03-25 23:12:19.922  5773  6666 I Xposed  : X-APM-S-VERBOSE--AFTER createRecentTaskInfoFromTaskRecord exclude: false comp: ComponentInfo{com.andqlimax.pushfixer/com.andqlimax.pushfixer.MainActivity}
03-25 23:12:19.922  5773  6666 I Xposed  : X-APM-S-VERBOSE-- createRecentTaskInfoFromTaskRecord exclude: false comp: ComponentInfo{org.outline.android.client/org.outline.android.client.MainActivity}
03-25 23:12:19.923  5773  6666 I Xposed  : X-APM-S-VERBOSE--AFTER createRecentTaskInfoFromTaskRecord exclude: false comp: ComponentInfo{org.outline.android.client/org.outline.android.client.MainActivity}
03-25 23:12:19.923  5773  6666 I Xposed  : X-APM-S-VERBOSE-- createRecentTaskInfoFromTaskRecord exclude: false comp: ComponentInfo{com.google.android.apps.photos/com.google.android.apps.photos.home.HomeActivity}
03-25 23:12:19.923  5773  6666 I Xposed  : X-APM-S-VERBOSE--AFTER createRecentTaskInfoFromTaskRecord exclude: false comp: ComponentInfo{com.google.android.apps.photos/com.google.android.apps.photos.home.HomeActivity}
03-25 23:12:19.923  5773  6666 I Xposed  : X-APM-S-VERBOSE-- createRecentTaskInfoFromTaskRecord exclude: false comp: ComponentInfo{com.github.shadowsocks/com.github.shadowsocks.MainActivity}
03-25 23:12:19.923  5773  6666 I Xposed  : X-APM-S-VERBOSE--AFTER createRecentTaskInfoFromTaskRecord exclude: false comp: ComponentInfo{com.github.shadowsocks/com.github.shadowsocks.MainActivity}
03-25 23:12:19.924  5773  6666 I Xposed  : X-APM-S-VERBOSE-- createRecentTaskInfoFromTaskRecord exclude: false comp: ComponentInfo{com.android.settings/com.android.settings.Settings$WifiSettingsActivity}
03-25 23:12:19.924  5773  6666 I Xposed  : X-APM-S-VERBOSE--AFTER createRecentTaskInfoFromTaskRecord exclude: false comp: ComponentInfo{com.android.settings/com.android.settings.Settings$WifiSettingsActivity}
03-25 23:12:19.924  5773  6666 I Xposed  : X-APM-S-VERBOSE-- createRecentTaskInfoFromTaskRecord exclude: false comp: ComponentInfo{com.google.android.apps.messaging/com.google.android.apps.messaging.ui.conversationlist.ConversationListActivity}
03-25 23:12:19.924  5773  6666 I Xposed  : X-APM-S-VERBOSE--AFTER createRecentTaskInfoFromTaskRecord exclude: false comp: ComponentInfo{com.google.android.apps.messaging/com.google.android.apps.messaging.ui.conversationlist.ConversationListActivity}
03-25 23:12:19.924  5773  6666 I Xposed  : X-APM-S-VERBOSE-- createRecentTaskInfoFromTaskRecord exclude: false comp: ComponentInfo{com.tencent.mm/com.tencent.mm.ui.LauncherUI}
03-25 23:12:19.925  5773  6666 I Xposed  : X-APM-S-VERBOSE--AFTER createRecentTaskInfoFromTaskRecord exclude: false comp: ComponentInfo{com.tencent.mm/com.tencent.mm.ui.LauncherUI}
03-25 23:12:19.965  5773  6011 I WifiService: getConnectionInfo uid=10037
03-25 23:12:19.967  5773  6666 I WifiService: getWifiEnabledState uid=10037
03-25 23:12:19.983  6769  6769 W SearchService: Abort, client detached.
03-25 23:12:19.999  5773  6676 I Xposed  : X-APM-S-VERBOSE-realStartActivityLocked: github.tornaco.xposedmoduletest, resident false
03-25 23:12:19.999  5773  8427 I Xposed  : X-APM-S-VERBOSE-cancelNotification hooked for: com.google.android.googlequicksearchbox
03-25 23:12:20.008 10210 10210 W zygote  : ClassLoaderContext size mismatch. expected=1, actual=2 (PCL[] | PCL[];PCL[/data/dalvik-cache/xposed_XResourcesSuperClass.dex*2802528989:/data/dalvik-cache/xposed_XTypedArraySuperClass.dex*708326108])
03-25 23:12:20.018 10210 10210 I Xposed  : X-APM-S-VERBOSE-handleLoadPackage: github.tornaco.xposedmoduletest
03-25 23:12:20.024  5773  6676 D X-APM-S-SERVICE-: checkService@ intent: Intent { act=com.google.android.location.internal.GoogleLocationManagerService.START pkg=com.google.android.gms }extra: nullIntent { act=com.google.android.location.internal.GoogleLocationManagerService.START pkg=com.google.android.gms }
03-25 23:12:20.025  5773  5984 I Xposed  : X-APM-S-VERBOSE-SERVICE-checkService returning: XAshmanServiceImpl.CheckResult(res=true, why=SYSTEM_APP, logRecommended=true)target: com.google.android.gms, comp: ComponentInfo{com.google.android.gms/com.google.android.location.internal.GoogleLocationManagerService}, caller: 10037
03-25 23:12:20.026  5773  6666 D X-APM-S-SERVICE-: checkService@ intent: Intent { act=com.google.android.contextmanager.service.ContextManagerService.START pkg=com.google.android.gms }extra: nullIntent { act=com.google.android.contextmanager.service.ContextManagerService.START pkg=com.google.android.gms }
03-25 23:12:20.027  5773  5984 I Xposed  : X-APM-S-VERBOSE-SERVICE-checkService returning: XAshmanServiceImpl.CheckResult(res=true, why=SYSTEM_APP, logRecommended=true)target: com.google.android.gms, comp: ComponentInfo{com.google.android.gms/com.google.android.contextmanager.service.ContextManagerService}, caller: 10037
03-25 23:12:20.038 10210 10210 D X-APM-S-: handleBindApplication: github.tornaco.xposedmoduletest-400--2147483648
03-25 23:12:20.043 10210 10210 D X-APM-S-: updateConfiguration: github.tornaco.xposedmoduletest-400--2147483648
03-25 23:12:20.074  5773  6143 D X-APM-S-SERVICE-: checkService@ intent: Intent { act=com.google.android.gms.clearcut.service.START pkg=com.google.android.gms }extra: nullIntent { act=com.google.android.gms.clearcut.service.START pkg=com.google.android.gms }
03-25 23:12:20.075  5773  5984 I Xposed  : X-APM-S-VERBOSE-SERVICE-checkService returning: XAshmanServiceImpl.CheckResult(res=true, why=SYSTEM_APP, logRecommended=true)target: com.google.android.gms, comp: ComponentInfo{com.google.android.gms/com.google.android.gms.clearcut.service.ClearcutLoggerService}, caller: 10014
03-25 23:12:20.099  5773  6674 D X-APM-S-SERVICE-: checkService@ intent: Intent { act=com.google.android.location.internal.GMS_NLP pkg=com.google.android.gms (has extras) }extra: Bundle[mParcelledData.dataSize=636]Intent { act=com.google.android.location.internal.GMS_NLP pkg=com.google.android.gms extras={com.google.android.location.internal.EXTRA_LOCATION_WORK_SOURCE=WorkSource{10014 com.google.android.gms}, com.google.android.location.internal.EXTRA_ACTIVITY_PENDING_INTENT=PendingIntent{c90694f: PendingIntentRecord{e580650 com.google.android.gms broadcastIntent}}, com.google.android.location.internal.EXTRA_ACTIVITY_REMOVE=true} }
03-25 23:12:20.100  5773  5984 I Xposed  : X-APM-S-VERBOSE-SERVICE-checkService returning: XAshmanServiceImpl.CheckResult(res=true, why=SYSTEM_APP, logRecommended=true)target: com.google.android.gms, comp: ComponentInfo{com.google.android.gms/com.google.android.location.internal.server.GoogleLocationService}, caller: 10014
03-25 23:12:20.111  5773  5787 D X-APM-S-SERVICE-: checkService@ intent: Intent { act=com.google.android.contextmanager.service.ContextManagerService.START pkg=com.google.android.gms }extra: nullIntent { act=com.google.android.contextmanager.service.ContextManagerService.START pkg=com.google.android.gms }
03-25 23:12:20.111  5773  5984 I Xposed  : X-APM-S-VERBOSE-SERVICE-checkService returning: XAshmanServiceImpl.CheckResult(res=true, why=SYSTEM_APP, logRecommended=true)target: com.google.android.gms, comp: ComponentInfo{com.google.android.gms/com.google.android.contextmanager.service.ContextManagerService}, caller: 10014
03-25 23:12:20.116  6678  8757 D X-APM-S-: set alarm: com.google.android.gms
03-25 23:12:20.116  6678  8757 D X-APM-S-: set alarm: com.google.android.gms, greening: false
03-25 23:12:20.123  6678  8757 D X-APM-S-: set alarm: com.google.android.gms
03-25 23:12:20.123  6678  8757 D X-APM-S-: set alarm: com.google.android.gms, greening: false
03-25 23:12:20.129  6678  8757 D X-APM-S-: set alarm: com.google.android.gms
03-25 23:12:20.129  6678  8757 D X-APM-S-: set alarm: com.google.android.gms, greening: false
03-25 23:12:20.152  5773  6686 D X-APM-S-SERVICE-: checkService@ intent: Intent { cmp=com.google.android.gms/.chimera.PersistentBoundBrokerService }extra: nullIntent { cmp=com.google.android.gms/.chimera.PersistentBoundBrokerService }
03-25 23:12:20.152  5773  5984 I Xposed  : X-APM-S-VERBOSE-SERVICE-checkService returning: XAshmanServiceImpl.CheckResult(res=true, why=SYSTEM_APP, logRecommended=true)target: com.google.android.gms, comp: ComponentInfo{com.google.android.gms/com.google.android.gms.chimera.PersistentBoundBrokerService}, caller: 10014
03-25 23:12:20.163  5773  6674 D X-APM-S-SERVICE-: checkService@ intent: Intent { act=com.google.android.gms.location.places.PlaceDetectionAsyncService pkg=com.google.android.gms }extra: nullIntent { act=com.google.android.gms.location.places.PlaceDetectionAsyncService pkg=com.google.android.gms }
03-25 23:12:20.163  5773  5984 I Xposed  : X-APM-S-VERBOSE-SERVICE-checkService returning: XAshmanServiceImpl.CheckResult(res=true, why=SYSTEM_APP, logRecommended=true)target: com.google.android.gms, comp: ComponentInfo{com.google.android.gms/com.google.android.location.places.service.PlaceDetectionAsyncService}, caller: 10014
03-25 23:12:20.180  5773  5787 D X-APM-S-SERVICE-: checkService@ intent: Intent { act=com.google.android.gms.location.places.PlaceDetectionAsyncService pkg=com.google.android.gms }extra: nullIntent { act=com.google.android.gms.location.places.PlaceDetectionAsyncService pkg=com.google.android.gms }
03-25 23:12:20.181  5773  5984 I Xposed  : X-APM-S-VERBOSE-SERVICE-checkService returning: XAshmanServiceImpl.CheckResult(res=true, why=SYSTEM_APP, logRecommended=true)target: com.google.android.gms, comp: ComponentInfo{com.google.android.gms/com.google.android.location.places.service.PlaceDetectionAsyncService}, caller: 10014
03-25 23:12:20.190  6678  9055 I Places  : ?: PlacesBleScanner stop()
03-25 23:12:20.191  6678  6678 I BeaconBle: Places requested to stop scan
03-25 23:12:20.196  6678  6678 I BeaconBle: ZERO_POWER is disabled.
03-25 23:12:20.196  6678  6678 I BeaconBle: 'L' hardware scan: scan stopped, no powered clients
03-25 23:12:20.196  6678  6678 I BeaconBle: Scan canceled successfully.
03-25 23:12:20.198  5773  5787 D X-APM-S-SERVICE-: checkService@ intent: Intent { act=com.google.android.location.internal.GMS_NLP pkg=com.google.android.gms (has extras) }extra: Bundle[mParcelledData.dataSize=636]Intent { act=com.google.android.location.internal.GMS_NLP pkg=com.google.android.gms extras={com.google.android.location.internal.EXTRA_LOCATION_WORK_SOURCE=WorkSource{10014 com.google.android.gms}, com.google.android.location.internal.EXTRA_ACTIVITY_PENDING_INTENT=PendingIntent{960e6c8: PendingIntentRecord{f923ba com.google.android.gms broadcastIntent}}, com.google.android.location.internal.EXTRA_ACTIVITY_REMOVE=true} }
03-25 23:12:20.199  5773  5984 I Xposed  : X-APM-S-VERBOSE-SERVICE-checkService returning: XAshmanServiceImpl.CheckResult(res=true, why=SYSTEM_APP, logRecommended=true)target: com.google.android.gms, comp: ComponentInfo{com.google.android.gms/com.google.android.location.internal.server.GoogleLocationService}, caller: 10014
03-25 23:12:20.210  6678  9055 I PlaceInferenceEngine: [anon] Changed inference mode: 0
03-25 23:12:20.227  5773  6674 D X-APM-S-SERVICE-: checkService@ intent: Intent { act=com.google.android.gms.location.places.PlaceDetectionAsyncService pkg=com.google.android.gms }extra: nullIntent { act=com.google.android.gms.location.places.PlaceDetectionAsyncService pkg=com.google.android.gms }
03-25 23:12:20.227  5773  5984 I Xposed  : X-APM-S-VERBOSE-SERVICE-checkService returning: XAshmanServiceImpl.CheckResult(res=true, why=SYSTEM_APP, logRecommended=true)target: com.google.android.gms, comp: ComponentInfo{com.google.android.gms/com.google.android.location.places.service.PlaceDetectionAsyncService}, caller: 10014
03-25 23:12:20.228 10210 10210 D X-APM-S-: updateConfiguration: github.tornaco.xposedmoduletest-400--2147483648
03-25 23:12:20.241  5773  6687 I Xposed  : X-APM-S-VERBOSE-cancelNotification hooked for: com.google.android.gms
03-25 23:12:20.251  6678  6678 I GeofencerStateMachine: removeGeofences: removeRequest=RemoveGeofencingRequest[REMOVE_BY_PENDING_INTENT pendingIntent=PendingIntent[creatorPackage=com.google.android.gms], packageName=null]
03-25 23:12:20.302 10210 10210 I MultiDex: VM with version 2.1.0 has multidex support
03-25 23:12:20.302 10210 10210 I MultiDex: Installing application
03-25 23:12:20.302 10210 10210 I MultiDex: VM has multidex support, MultiDex support library is disabled.
03-25 23:12:20.302 10210 10210 I MultiDex: Installing application
03-25 23:12:20.302 10210 10210 I MultiDex: VM has multidex support, MultiDex support library is disabled.
03-25 23:12:20.314 10210 10210 D FirebaseApp: com.google.firebase.auth.FirebaseAuth is not linked. Skipping initialization.
03-25 23:12:20.336 10210 10210 D FirebaseApp: com.google.firebase.crash.FirebaseCrash is not linked. Skipping initialization.
03-25 23:12:20.353 10210 10210 V FA      : Cancelling job. JobID: 1893857248
03-25 23:12:20.357 10210 10210 V FA      : Registered activity lifecycle callback
03-25 23:12:20.358 10210 10210 I FirebaseInitProvider: FirebaseApp initialization successful
03-25 23:12:20.377 10210 10210 D Logger  : BootPackageProvider, onCreate:github.tornaco.xposedmoduletest.bean.DaoSession@ee4b2ba
03-25 23:12:20.381 10210 10237 V FA      : Collection enabled
03-25 23:12:20.381 10210 10237 V FA      : App package, google app id: github.tornaco.xposedmoduletest, 1:319081428379:android:735cc1499ef5c4ed
03-25 23:12:20.382 10210 10237 I FA      : App measurement is starting up, version: 11910
03-25 23:12:20.382 10210 10237 I FA      : To enable debug logging run: adb shell setprop log.tag.FA VERBOSE
03-25 23:12:20.382 10210 10237 I FA      : To enable faster debug mode event logging run:
03-25 23:12:20.382 10210 10237 I FA      :   adb shell setprop debug.firebase.analytics.app github.tornaco.xposedmoduletest
03-25 23:12:20.382 10210 10237 D FA      : Debug-level message logging enabled
03-25 23:12:20.391 10210 10210 W CrashReport: Bugly debugisDebug -- Running in debug model for 'isDebug' is enabled. Please disable it when you release.
03-25 23:12:20.391 10210 10210 E CrashReport: --------------------------------------------------------------------------------------------
03-25 23:12:20.391 10210 10210 W CrashReport: Bugly debug -- The following list shows the behaviour of debug model: 
03-25 23:12:20.391 10210 10210 W CrashReport: [1] Bugly SDKLog -- More detailed log of Bugly SDK will be output to logcat;
03-25 23:12:20.391 10210 10210 W CrashReport: [2] Crash -- Every crash caught by Bugly will be uploaded immediately.
03-25 23:12:20.391 10210 10210 W CrashReport: [3] Logcat -- Custom log will be output to logcat.
03-25 23:12:20.391 10210 10210 E CrashReport: --------------------------------------------------------------------------------------------
03-25 23:12:20.391 10210 10210 I CrashReportInfo: [init] bugly in debug mode.
03-25 23:12:20.392 10210 10210 I CrashReport: [init] Bugly version: v2.3.1
03-25 23:12:20.402 10210 10223 I zygote  : Do partial code cache collection, code=31KB, data=26KB
03-25 23:12:20.403 10210 10223 I zygote  : After code cache collection, code=31KB, data=26KB
03-25 23:12:20.403 10210 10223 I zygote  : Increasing code cache capacity to 128KB
03-25 23:12:20.410 10210 10237 V FA      : Connecting to remote service
03-25 23:12:20.414 10210 10210 D CrashReport: com info create end
03-25 23:12:20.419 10210 10210 D CrashReport: normal task com.tencent.bugly.crashreport.common.strategy.a$1
03-25 23:12:20.420  5773  5788 D X-APM-S-SERVICE-: checkService@ intent: Intent { act=com.google.android.gms.measurement.START pkg=com.google.android.gms }extra: nullIntent { act=com.google.android.gms.measurement.START pkg=com.google.android.gms }
03-25 23:12:20.420  5773  5984 I Xposed  : X-APM-S-VERBOSE-SERVICE-checkService returning: XAshmanServiceImpl.CheckResult(res=true, why=SYSTEM_APP, logRecommended=true)target: com.google.android.gms, comp: ComponentInfo{com.google.android.gms/com.google.android.gms.measurement.service.MeasurementBrokerService}, caller: 10139
03-25 23:12:20.423  6897  6897 D X-APM-S-: updateConfiguration: com.google.android.gms-400--2147483648
03-25 23:12:20.423 10210 10210 I CrashReport:  crash report start init!
03-25 23:12:20.423 10210 10210 I CrashReportInfo: [init] bugly start init...
03-25 23:12:20.424 10210 10210 I CrashReport: [param] setted APPID:db5e3b88a3
03-25 23:12:20.424  6897  6897 D X-APM-LAZY-: attach service: [android.app.ContextImpl@25a0e79, android.app.ActivityThread@853f663, com.google.android.gms.measurement.service.MeasurementBrokerService, android.os.BinderProxy@8b96f40, com.google.android.gms.common.app.GmsApplication@9ed0ed3, android.app.IActivityManager$Stub$Proxy@4644260]
03-25 23:12:20.426 10210 10210 D CrashReport: delay 0 task com.tencent.bugly.crashreport.biz.a$a
03-25 23:12:20.427 10210 10210 D CrashReport: up 1001 1522033940427
03-25 23:12:20.428 10210 10210 I CrashReport: [session] launch app, new start
03-25 23:12:20.428 10210 10243 D CrashReport: record userinfo
03-25 23:12:20.429 10210 10210 D CrashReport: delay 6464572 task com.tencent.bugly.crashreport.biz.a$b
03-25 23:12:20.431 10210 10210 D CrashReport: delay 21600000 task com.tencent.bugly.crashreport.biz.a$c
03-25 23:12:20.431 10210 10210 D CrashReport: normal task com.tencent.bugly.proguard.m$2
03-25 23:12:20.432 10210 10210 I CrashReport: Initializing crash module.
03-25 23:12:20.432 10210 10237 V FA      : Connection attempt already in progress
03-25 23:12:20.432 10210 10210 D CrashReport: normal task com.tencent.bugly.proguard.m$1
03-25 23:12:20.435 10210 10210 I CrashReport: backup java handler: com.android.internal.os.RuntimeInit$KillApplicationHandler@e0ce3f
03-25 23:12:20.435 10210 10210 I CrashReport: registered java monitor: com.tencent.bugly.crashreport.crash.e@249330c
03-25 23:12:20.436 10210 10210 I CrashReport: user change native true
03-25 23:12:20.436 10210 10210 I CrashReport: native changed to true
03-25 23:12:20.437 10210 10210 I CrashReport: [native] trying to load so: Bugly
03-25 23:12:20.438 10210 10210 W CrashReport: dalvik.system.PathClassLoader[DexPathList[[zip file "/data/app/github.tornaco.xposedmoduletest-qwl-on4NA_sKq_xGI77QIQ==/base.apk"],nativeLibraryDirectories=[/data/app/github.tornaco.xposedmoduletest-qwl-on4NA_sKq_xGI77QIQ==/lib/arm, /system/lib, /system/vendor/lib]]] couldn't find "libBugly.so"
03-25 23:12:20.438 10210 10210 W CrashReport: [native] Failed to load so, please check.
03-25 23:12:20.438 10210 10210 I CrashReport: anr changed to true
03-25 23:12:20.431 10210 10210 I posedmoduletest: type=1400 audit(0.0:454): avc: denied { read } for uid=10139 name="anr" dev="mmcblk0p22" ino=573441 scontext=u:r:untrusted_app:s0:c512,c768 tcontext=u:object_r:anr_data_file:s0 tclass=dir permissive=1
03-25 23:12:20.440 10210 10210 I CrashReport: start anr monitor!
03-25 23:12:20.441 10210 10210 D CrashReport: normal task com.tencent.bugly.crashreport.crash.anr.b$2
03-25 23:12:20.442 10210 10210 D CrashReport: normal task com.tencent.bugly.crashreport.crash.d$1
03-25 23:12:20.443 10210 10210 D CrashReport: delay 0 task com.tencent.bugly.crashreport.crash.c$2
03-25 23:12:20.444 10210 10210 D CrashReport: add action android.net.conn.CONNECTIVITY_CHANGE
03-25 23:12:20.444 10210 10210 I CrashReport: regis BC
03-25 23:12:20.445  5773  5791 D X-APM-S-BROADCAST-: checkBroadcast@ intent: Intent { act=android.net.conn.CONNECTIVITY_CHANGE flg=0x4000010 (has extras) }extra: Bundle[{networkInfo=[type: WIFI[], state: CONNECTED/CONNECTED, reason: (unspecified), extra: "Tablet-RD-2.4G", failover: false, available: true, roaming: false], networkType=1, inetCondition=0, extraInfo="Tablet-RD-2.4G"}]Intent { act=android.net.conn.CONNECTIVITY_CHANGE flg=0x4000010 extras={networkInfo=[type: WIFI[], state: CONNECTED/CONNECTED, reason: (unspecified), extra: "Tablet-RD-2.4G", failover: false, available: true, roaming: false], networkType=1, inetCondition=0, extraInfo="Tablet-RD-2.4G"} }
03-25 23:12:20.446  5773  5984 I Xposed  : X-APM-S-VERBOSE-BROADCAST-checkBroadcast returning: XAshmanServiceImpl.CheckResult(res=true, why=WHITE_LISTED, logRecommended=true) for: github.tornaco.xposedmoduletest receiverUid: 10139 callerUid: -1 action: Intent { act=android.net.conn.CONNECTIVITY_CHANGE flg=0x4000010 (has extras) } comp: null, caller: null
03-25 23:12:20.449 10210 10210 D CrashReport: normal task com.tencent.bugly.proguard.m$1
03-25 23:12:20.450 10210 10210 I CrashReportInfo: [init] bugly init finished.
03-25 23:12:20.450 10210 10210 D CrashReport: This is a development device.
03-25 23:12:20.451 10210 10243 D CrashReport: [db] insert t_ui success
03-25 23:12:20.452 10210 10243 D CrashReport: insert t_ui success! 60
03-25 23:12:20.456 10210 10210 D X-APM-C : PushMessage demo: PushMessage(title=New message, message=Hello world!, type=0, payload=[www.google.com], timeMills=1522033940455, messageId=c1fd3a0b-1b0e-4675-b72d-54772d9fa97a, importance=0, isTest=false)
03-25 23:12:20.458 10210 10241 D CrashReport: [strategy] Notify com.tencent.bugly.CrashModule
03-25 23:12:20.458 10210 10241 W CrashReport: server native changed to true
03-25 23:12:20.460 10210 10241 I CrashReport: native changed to true
03-25 23:12:20.460 10210 10241 I CrashReport: [native] trying to load so: Bugly
03-25 23:12:20.460 10210 10243 D CrashReport: [userinfo] do userinfo, size: 2
03-25 23:12:20.461 10210 10241 W CrashReport: dalvik.system.PathClassLoader[DexPathList[[zip file "/data/app/github.tornaco.xposedmoduletest-qwl-on4NA_sKq_xGI77QIQ==/base.apk"],nativeLibraryDirectories=[/data/app/github.tornaco.xposedmoduletest-qwl-on4NA_sKq_xGI77QIQ==/lib/arm, /system/lib, /system/vendor/lib]]] couldn't find "libBugly.so"
03-25 23:12:20.461 10210 10241 W CrashReport: [native] Failed to load so, please check.
03-25 23:12:20.464 10210 10241 I CrashReport: no unity agent
03-25 23:12:20.465 10210 10243 I Xposed  : X-APM-S-VERBOSE-getDeviceId: github.tornaco.xposedmoduletest
03-25 23:12:20.468 10210 10243 I CrashReport: CrashReport
03-25 23:12:20.469 10210 10241 I CrashReport: no cocos agent
03-25 23:12:20.470 10210 10241 D CrashReport: [Util] try to lock file:local_crash_lock (pid=10210 | tid=10241)
03-25 23:12:20.474 10210 10241 D CrashReport: [Util] successfully locked file:local_crash_lock (pid=10210 | tid=10241)
03-25 23:12:20.478 10210 10243 I CrashReport: CrashReport
03-25 23:12:20.480 10210 10243 D X-APM-DANGER-: get ANDROID_ID, pkg:github.tornaco.xposedmoduletest
03-25 23:12:20.487 10210 10246 D X-APM-C : update: pool-5-thread-1
03-25 23:12:20.491 10210 10241 D CrashReport: [Util] try to unlock file:local_crash_lock (pid=10210 | tid=10241)
03-25 23:12:20.492 10210 10241 D CrashReport: [Util] successfully unlocked file:local_crash_lock (pid=10210 | tid=10241)
03-25 23:12:20.499 10210 10243 D CrashReport: summary type 3 vm:7
03-25 23:12:20.500 10210 10243 D CrashReport: summary type 1 vm:7
03-25 23:12:20.501 10248 10248 I sh      : type=1400 audit(0.0:455): avc: denied { execute_no_trans } for uid=10139 path="/system/vendor/bin/toybox_vendor" dev="mmcblk0p21" ino=262 scontext=u:r:untrusted_app:s0:c512,c768 tcontext=u:object_r:vendor_toolbox_exec:s0 tclass=file permissive=1
03-25 23:12:20.524 10210 10247 D X-APM-S-: updateConfiguration: github.tornaco.xposedmoduletest-400--2147483648
03-25 23:12:20.527 10210 10210 D X-APM-C : {"importance":0,"isTest":false,"message":"Hello world!","messageId":"c1fd3a0b-1b0e-4675-b72d-54772d9fa97a","payload":["www.google.com"],"timeMills":1522033940455,"title":"New message","type":0}
03-25 23:12:20.531 10210 10210 D X-APM-S-: handleBindApplication: github.tornaco.xposedmoduletest-400--2147483648
03-25 23:12:20.536 10210 10243 W CrashReport: java.io.FileNotFoundException: /system/build.prop (Permission denied)
03-25 23:12:20.536 10210 10243 W CrashReport: 	at java.io.FileInputStream.open0(Native Method)
03-25 23:12:20.536 10210 10243 W CrashReport: 	at java.io.FileInputStream.open(FileInputStream.java:200)
03-25 23:12:20.536 10210 10243 W CrashReport: 	at java.io.FileInputStream.<init>(FileInputStream.java:150)
03-25 23:12:20.536 10210 10243 W CrashReport: 	at java.io.FileInputStream.<init>(FileInputStream.java:103)
03-25 23:12:20.536 10210 10243 W CrashReport: 	at java.io.FileReader.<init>(FileReader.java:58)
03-25 23:12:20.536 10210 10243 W CrashReport: 	at com.tencent.bugly.crashreport.common.info.b.q(Unknown Source:7)
03-25 23:12:20.536 10210 10243 W CrashReport: 	at com.tencent.bugly.crashreport.common.info.b.d(Unknown Source:0)
03-25 23:12:20.536 10210 10243 W CrashReport: 	at com.tencent.bugly.crashreport.common.info.a.q(Unknown Source:5)
03-25 23:12:20.536 10210 10243 W CrashReport: 	at com.tencent.bugly.proguard.a.a(Unknown Source:136)
03-25 23:12:20.536 10210 10243 W CrashReport: 	at com.tencent.bugly.crashreport.biz.a.b(Unknown Source:297)
03-25 23:12:20.536 10210 10243 W CrashReport: 	at com.tencent.bugly.crashreport.biz.a.a(Unknown Source:19)
03-25 23:12:20.536 10210 10243 W CrashReport: 	at com.tencent.bugly.crashreport.biz.a$a.run(Unknown Source:44)
03-25 23:12:20.536 10210 10243 W CrashReport: 	at java.util.concurrent.Executors$RunnableAdapter.call(Executors.java:457)
03-25 23:12:20.536 10210 10243 W CrashReport: 	at java.util.concurrent.FutureTask.run(FutureTask.java:266)
03-25 23:12:20.536 10210 10243 W CrashReport: 	at java.util.concurrent.ScheduledThreadPoolExecutor$ScheduledFutureTask.run(ScheduledThreadPoolExecutor.java:301)
03-25 23:12:20.536 10210 10243 W CrashReport: 	at java.util.concurrent.ThreadPoolExecutor.runWorker(ThreadPoolExecutor.java:1162)
03-25 23:12:20.536 10210 10243 W CrashReport: 	at java.util.concurrent.ThreadPoolExecutor$Worker.run(ThreadPoolExecutor.java:636)
03-25 23:12:20.536 10210 10243 W CrashReport: 	at java.lang.Thread.run(Thread.java:764)
03-25 23:12:20.541 10210 10210 D X-APM-S-: updateConfiguration: github.tornaco.xposedmoduletest-400--2147483648
03-25 23:12:20.563 10210 10243 D CrashReport: su is a tracked alias for /su/bin/su
03-25 23:12:20.576 10210 10243 I Xposed  : X-APM-S-VERBOSE-getDeviceId: github.tornaco.xposedmoduletest
03-25 23:12:20.578 10210 10243 I CrashReport: CrashReport
03-25 23:12:20.579 10210 10246 D X-APM-S-: updateConfiguration: github.tornaco.xposedmoduletest-400--2147483648
03-25 23:12:20.580 10210 10247 D X-APM-S-: updateConfiguration: github.tornaco.xposedmoduletest-400--2147483648
03-25 23:12:20.582 10210 10243 I CrashReport: CrashReport
03-25 23:12:20.587  5773  6687 I WifiService: getConnectionInfo uid=10139
03-25 23:12:20.587  5773  6687 D WifiPermissionsUtil: Denied: no location permission
03-25 23:12:20.588  5773  6687 D WifiPermissionsUtil: Denied: The current config is not for an open network.
03-25 23:12:20.600 10210 10247 D X-APM-S-: updateConfiguration: github.tornaco.xposedmoduletest-400--2147483648
03-25 23:12:20.623 10210 10247 D X-APM-S-: updateConfiguration: github.tornaco.xposedmoduletest-400--2147483648
03-25 23:12:20.627 10210 10246 D X-APM-S-: updateConfiguration: github.tornaco.xposedmoduletest-400--2147483648
03-25 23:12:20.635 10210 10210 V FA      : onActivityCreated
03-25 23:12:20.636 10210 10210 D CrashReport: >>> github.tornaco.xposedmoduletest.ui.activity.NavigatorActivityBottomNav onCreated <<<
03-25 23:12:20.668 10210 10247 D X-APM-S-: updateConfiguration: github.tornaco.xposedmoduletest-400--2147483648
03-25 23:12:20.729 10210 10247 D X-APM-S-: updateConfiguration: github.tornaco.xposedmoduletest-400--2147483648
03-25 23:12:20.730 10210 10246 D X-APM-S-: updateConfiguration: github.tornaco.xposedmoduletest-400--2147483648
03-25 23:12:20.731 10210 10210 I AppCompatViewInflater: app:theme is now deprecated. Please move to using android:theme instead.
03-25 23:12:20.748 10210 10247 D X-APM-S-: updateConfiguration: github.tornaco.xposedmoduletest-400--2147483648
03-25 23:12:20.778 10210 10247 I chatty  : uid=10139(github.tornaco.xposedmoduletest) identical 1 line
03-25 23:12:20.814 10210 10247 D X-APM-S-: updateConfiguration: github.tornaco.xposedmoduletest-400--2147483648
03-25 23:12:20.833 10210 10246 D X-APM-S-: updateConfiguration: github.tornaco.xposedmoduletest-400--2147483648
03-25 23:12:20.859 10210 10247 D X-APM-S-: updateConfiguration: github.tornaco.xposedmoduletest-400--2147483648
03-25 23:12:20.861 10210 10246 D X-APM-S-: updateConfiguration: github.tornaco.xposedmoduletest-400--2147483648
03-25 23:12:20.898 10210 10247 D X-APM-S-: updateConfiguration: github.tornaco.xposedmoduletest-400--2147483648
03-25 23:12:20.914 10210 10223 I zygote  : Do partial code cache collection, code=62KB, data=59KB
03-25 23:12:20.917 10210 10223 I zygote  : After code cache collection, code=62KB, data=59KB
03-25 23:12:20.918 10210 10223 I zygote  : Increasing code cache capacity to 256KB
03-25 23:12:20.926 10210 10247 D X-APM-S-: updateConfiguration: github.tornaco.xposedmoduletest-400--2147483648
03-25 23:12:20.960 10210 10243 I CrashReport: rom:ZUK/ham/Z1:5.1.1/LMY49J/YOG4PAS9IG:user/release-keys/
03-25 23:12:20.960 10210 10247 D X-APM-S-: updateConfiguration: github.tornaco.xposedmoduletest-400--2147483648
03-25 23:12:20.983 10210 10247 D X-APM-S-: updateConfiguration: github.tornaco.xposedmoduletest-400--2147483648
03-25 23:12:20.986  5773  5831 I Xposed  : X-APM-S-VERBOSE-HandlerImpl handleMessage: MSG_FORCERELOADPACKAGES
03-25 23:12:20.987  5773 10268 I Xposed  : X-APM-S-VERBOSE-Our client app uid: 10139
03-25 23:12:21.000 10210 10210 W X-APM-C : showTvDialog
03-25 23:12:21.003  5773  6011 I Xposed  : X-APM-S-VERBOSE-addAppLockWhiteListActivity: [com.tencent.mm/.plugin.voip.ui.VideoActivity, com.tencent.mobileqq/com.tencent.av.ui.VideoInviteFull, com.tencent.mobileqq/com.tencent.av.ui.AVActivity, com.tencent.mobileqq/com.tencent.av.ui.VideoInviteLock, com.tencent.mobileqq/.activity.QQLSActivity, com.tencent.mm, com.tencent.mobileqq]
03-25 23:12:21.007  5773  7865 I Xposed  : X-APM-S-WARN-getBaseFile not exists, skip load: 
03-25 23:12:21.018 10210 10247 D X-APM-S-: updateConfiguration: github.tornaco.xposedmoduletest-400--2147483648
03-25 23:12:21.019 10210 10246 D X-APM-S-: updateConfiguration: github.tornaco.xposedmoduletest-400--2147483648
03-25 23:12:21.033 10210 10247 D X-APM-S-: updateConfiguration: github.tornaco.xposedmoduletest-400--2147483648
03-25 23:12:21.039 10210 10246 D X-APM-S-: updateConfiguration: github.tornaco.xposedmoduletest-400--2147483648
03-25 23:12:21.057 10210 10247 D X-APM-S-: updateConfiguration: github.tornaco.xposedmoduletest-400--2147483648
03-25 23:12:21.109 10210 10247 I chatty  : uid=10139(github.tornaco.xposedmoduletest) identical 2 lines
03-25 23:12:21.135 10210 10247 D X-APM-S-: updateConfiguration: github.tornaco.xposedmoduletest-400--2147483648
03-25 23:12:21.161 10243 10243 I BUGLY_THREAD: type=1400 audit(0.0:456): avc: denied { read } for uid=10139 name="type" dev="sysfs" ino=19455 scontext=u:r:untrusted_app:s0:c512,c768 tcontext=u:object_r:sysfs:s0 tclass=file permissive=1
03-25 23:12:21.161 10243 10243 I BUGLY_THREAD: type=1400 audit(0.0:457): avc: denied { open } for uid=10139 name="type" dev="sysfs" ino=19455 scontext=u:r:untrusted_app:s0:c512,c768 tcontext=u:object_r:sysfs:s0 tclass=file permissive=1
03-25 23:12:21.161 10243 10243 I BUGLY_THREAD: type=1400 audit(0.0:458): avc: denied { getattr } for uid=10139 path="/sys/devices/msm_sdcc.1/mmc_host/mmc0/mmc0:0001/type" dev="sysfs" ino=19455 scontext=u:r:untrusted_app:s0:c512,c768 tcontext=u:object_r:sysfs:s0 tclass=file permissive=1
03-25 23:12:21.184 10210 10247 D X-APM-S-: updateConfiguration: github.tornaco.xposedmoduletest-400--2147483648
03-25 23:12:21.229 10210 10210 E X-APM-C : getMemoryUsagePercent: 942608384/3012616192
03-25 23:12:21.230 10210 10210 D CrashReport: normal task com.tencent.bugly.crashreport.crash.c$1
03-25 23:12:21.231 10210 10241 D CrashReport: post a throwable false
03-25 23:12:21.231 10210 10241 E CrashReport: Java Catch Happen
03-25 23:12:21.311  5773  6666 I Xposed  : X-APM-S-VERBOSE-Skip enforce permission on DEV version!
03-25 23:12:21.331 10243 10243 I BUGLY_THREAD: type=1400 audit(0.0:459): avc: denied { search } for uid=10139 name="usb" dev="sysfs" ino=14948 scontext=u:r:untrusted_app:s0:c512,c768 tcontext=u:object_r:sysfs_usb_supply:s0 tclass=dir permissive=1
03-25 23:12:21.331 10243 10243 I BUGLY_THREAD: type=1400 audit(0.0:460): avc: denied { read } for uid=10139 name="online" dev="sysfs" ino=14954 scontext=u:r:untrusted_app:s0:c512,c768 tcontext=u:object_r:sysfs_usb_supply:s0 tclass=file permissive=1
03-25 23:12:21.331 10243 10243 I BUGLY_THREAD: type=1400 audit(0.0:461): avc: denied { open } for uid=10139 name="online" dev="sysfs" ino=14954 scontext=u:r:untrusted_app:s0:c512,c768 tcontext=u:object_r:sysfs_usb_supply:s0 tclass=file permissive=1
03-25 23:12:21.331 10243 10243 I BUGLY_THREAD: type=1400 audit(0.0:462): avc: denied { getattr } for uid=10139 path="/sys/devices/msm_dwc3/power_supply/usb/online" dev="sysfs" ino=14954 scontext=u:r:untrusted_app:s0:c512,c768 tcontext=u:object_r:sysfs_usb_supply:s0 tclass=file permissive=1
03-25 23:12:21.346 10210 10223 I zygote  : Compiler allocated 4MB to compile void android.widget.TextView.<init>(android.content.Context, android.util.AttributeSet, int, int)
03-25 23:12:21.354  5773  6676 I Xposed  : X-APM-S-VERBOSE-Skip enforce permission on DEV version!
03-25 23:12:21.419 10210 10223 I zygote  : Do full code cache collection, code=123KB, data=112KB
03-25 23:12:21.420 10210 10223 I zygote  : After code cache collection, code=123KB, data=89KB
03-25 23:12:21.458 10210 10243 D CrashReport: [UploadManager] Add upload task (pid=10210 | tid=10243)
03-25 23:12:21.459 10210 10243 D CrashReport: [UploadManager] Initialize security context now (pid=10210 | tid=10243)
03-25 23:12:21.460 10210 10243 D CrashReport: [UploadManager] Add upload task to queue (pid=10210 | tid=10243)
03-25 23:12:21.460 10210 10243 I CrashReport: [UploadManager] Create and start a new thread to execute a task of initializing security context: BUGLY_ASYNC_UPLOAD
03-25 23:12:21.469 10210 10280 D CrashReport: [Util] try to lock file:security_info (pid=10210 | tid=10280)
03-25 23:12:21.471 10210 10280 D CrashReport: [Util] successfully locked file:security_info (pid=10210 | tid=10280)
03-25 23:12:21.471 10210 10280 D CrashReport: [UploadManager] Load security info from database (pid=10210 | tid=10280)
03-25 23:12:21.475 10210 10280 D CrashReport: [UploadManager] Sucessfully got session ID, try to execute upload tasks now (pid=10210 | tid=10280)
03-25 23:12:21.476 10210 10280 D CrashReport: [UploadManager] Try to poll all upload task need and put them into temp queue (pid=10210 | tid=10280)
03-25 23:12:21.477 10210 10280 D CrashReport: [UploadManager] Execute urgent upload tasks of queue which has 1 tasks (pid=10210 | tid=10280)
03-25 23:12:21.477 10210 10280 I CrashReport: [UploadManager] Create and start a new thread to execute a upload task: BUGLY_ASYNC_UPLOAD
03-25 23:12:21.487 10210 10282 D CrashReport: up 1001 1522033941486
03-25 23:12:21.494 10210 10282 D CrashReport: consume getted 197755
03-25 23:12:21.494 10210 10282 D CrashReport: [upload] Run upload task with cmd: 840
03-25 23:12:21.495 10210 10282 D CrashReport: [UploadManager] Integrate security to HTTP headers (pid=10210 | tid=10282)
03-25 23:12:21.496 10210 10282 D CrashReport: [Util] Zip 1675 bytes data with type Gzip
03-25 23:12:21.501 10210 10280 D CrashReport: normal task com.tencent.bugly.proguard.t$2
03-25 23:12:21.503 10210 10280 D CrashReport: [Util] try to unlock file:security_info (pid=10210 | tid=10280)
03-25 23:12:21.505 10210 10280 D CrashReport: [Util] successfully unlocked file:security_info (pid=10210 | tid=10280)
03-25 23:12:21.564 10210 10282 D CrashReport: [upload] Send 1039 bytes
03-25 23:12:21.567 10210 10282 D CrashReport: [upload] Upload to http://android.bugly.qq.com/rqd/async?aid=66d4d901-ea6e-4466-9106-da87d1dd0771 with cmd 840 (pid=10210 | tid=10282).
03-25 23:12:21.569 10210 10282 D CrashReport: request: http://android.bugly.qq.com/rqd/async?aid=66d4d901-ea6e-4466-9106-da87d1dd0771, send: 1039 (pid=10210 | tid=10282)
03-25 23:12:21.570 10210 10241 I CrashReport: user log size:0
03-25 23:12:21.571 10210 10241 E CrashReport: stack frame :43, has cause false
03-25 23:12:21.575 10210 10223 I zygote  : Do partial code cache collection, code=126KB, data=90KB
03-25 23:12:21.576 10210 10223 I zygote  : After code cache collection, code=126KB, data=90KB
03-25 23:12:21.576 10210 10223 I zygote  : Increasing code cache capacity to 512KB
03-25 23:12:21.578 10210 10282 D NetworkSecurityConfig: No Network Security Config specified, using platform default
03-25 23:12:21.602 10210 10241 E CrashReport: #++++++++++Record By Bugly++++++++++#
03-25 23:12:21.602 10210 10241 E CrashReport: # You can use Bugly(http:\\bugly.qq.com) to get more Crash Detail!
03-25 23:12:21.602 10210 10241 E CrashReport: # PKG NAME: github.tornaco.xposedmoduletest
03-25 23:12:21.603 10210 10241 E CrashReport: # APP VER: EXTRA-4.9.5
03-25 23:12:21.606 10210 10241 E CrashReport: # LAUNCH TIME: 2018-03-25 23:12:20
03-25 23:12:21.606 10210 10241 E CrashReport: # CRASH TYPE: JAVA_CATCH
03-25 23:12:21.607 10210 10241 E CrashReport: # CRASH TIME: 2018-03-25 23:12:21
03-25 23:12:21.607 10210 10241 E CrashReport: # CRASH PROCESS: github.tornaco.xposedmoduletest
03-25 23:12:21.608 10210 10241 E CrashReport: # CRASH THREAD: main
03-25 23:12:21.608 10210 10241 E CrashReport: # REPORT ID: c9dae870-f274-4a88-bf50-4b26d9c47b5b
03-25 23:12:21.609 10210 10241 E CrashReport: # CRASH DEVICE: ZUK Z1 ROOTED
03-25 23:12:21.610 10210 10241 E CrashReport: # RUNTIME AVAIL RAM:2159595520 ROM:53478989824 SD:53478989824
03-25 23:12:21.611 10210 10241 E CrashReport: # RUNTIME TOTAL RAM:3012616192 ROM:58781319168 SD:58781319168
03-25 23:12:21.611 10210 10241 E CrashReport: # CRASH STACK: 
03-25 23:12:21.611 10210 10241 E CrashReport: java.lang.Throwable: getMemoryUsagePercent: 942608384/3012616192
03-25 23:12:21.611 10210 10241 E CrashReport: 	at github.tornaco.xposedmoduletest.xposed.XApp$4.e(Unknown Source:11)
03-25 23:12:21.611 10210 10241 E CrashReport: 	at org.newstand.logger.d.a(Unknown Source:24)
03-25 23:12:21.611 10210 10241 E CrashReport: 	at org.newstand.logger.e.b(Unknown Source:3)
03-25 23:12:21.611 10210 10241 E CrashReport: 	at github.tornaco.xposedmoduletest.ui.tiles.LockKill.getMemoryUsagePercent(Unknown Source:64)
03-25 23:12:21.611 10210 10241 E CrashReport: 	at github.tornaco.xposedmoduletest.ui.tiles.LockKill.access$100(Unknown Source:0)
03-25 23:12:21.611 10210 10241 E CrashReport: 	at github.tornaco.xposedmoduletest.ui.tiles.LockKill$1.onViewInflated(Unknown Source:25)
03-25 23:12:21.611 10210 10241 E CrashReport: 	at dev.nick.tiles.tile.TileView.<init>(Unknown Source:21)
03-25 23:12:21.611 10210 10241 E CrashReport: 	at dev.nick.tiles.tile.TileView.<init>(Unknown Source:1)
03-25 23:12:21.611 10210 10241 E CrashReport: 	at dev.nick.tiles.tile.ActionTextTileView.<init>(Unknown Source:0)
03-25 23:12:21.611 10210 10241 E CrashReport: 	at github.tornaco.xposedmoduletest.ui.tiles.LockKill$1.<init>(Unknown Source:4)
03-25 23:12:21.611 10210 10241 E CrashReport: 	at github.tornaco.xposedmoduletest.ui.tiles.LockKill.<init>(Unknown Source:40)
03-25 23:12:21.611 10210 10241 E CrashReport: 	at github.tornaco.xposedmoduletest.ui.activity.NavigatorActivityBottomNav$DeviceStatusFragment.onCreateDashCategories(Unknown Source:90)
03-25 23:12:21.611 10210 10241 E CrashReport: 	at dev.nick.tiles.tile.DashboardFragment.getDashboardCategories(Unknown Source:5)
03-25 23:12:21.611 10210 10241 E CrashReport: 	at dev.nick.tiles.tile.DashboardFragment.buildUI(Unknown Source:29)
03-25 23:12:21.611 10210 10241 E CrashReport: 	at dev.nick.tiles.tile.DashboardFragment$1.run(Unknown Source:8)
03-25 23:12:21.611 10210 10241 E CrashReport: 	at android.app.Activity.runOnUiThread(Activity.java:6174)
03-25 23:12:21.611 10210 10241 E CrashReport: 	at dev.nick.tiles.tile.DashboardFragment.onActivityCreated(Unknown Source:12)
03-25 23:12:21.611 10210 10241 E CrashReport: 	at android.support.v4.app.Fragment.performActivityCreated(Unknown Source:15)
03-25 23:12:21.611 10210 10241 E CrashReport: 	at android.support.v4.app.FragmentManagerImpl.moveToState(Unknown Source:708)
03-25 23:12:21.611 10210 10241 E CrashReport: 	at android.support.v4.app.FragmentManagerImpl.moveFragmentToExpectedState(Unknown Source:32)
03-25 23:12:21.611 10210 10241 E CrashReport: 	at android.support.v4.app.BackStackRecord.executeOps(Unknown Source:85)
03-25 23:12:21.611 10210 10241 E CrashReport: 	at android.support.v4.app.FragmentManagerImpl.executeOps(Unknown Source:41)
03-25 23:12:21.611 10210 10241 E CrashReport: 	at android.support.v4.app.FragmentManagerImpl.executeOpsTogether(Unknown Source:103)
03-25 23:12:21.611 10210 10241 E CrashReport: 	at android.support.v4.app.FragmentManagerImpl.removeRedundantOperationsAndExecute(Unknown Source:98)
03-25 23:12:21.611 10210 10241 E CrashReport: 	at android.support.v4.app.FragmentManagerImpl.execPendingActions(Unknown Source:21)
03-25 23:12:21.611 10210 10241 E CrashReport: 	at android.support.v4.app.FragmentManagerImpl.dispatchStateChange(Unknown Source:10)
03-25 23:12:21.611 10210 10241 E CrashReport: 	at android.support.v4.app.FragmentManagerImpl.dispatchActivityCreated(Unknown Source:4)
03-25 23:12:21.611 10210 10241 E CrashReport: 	at android.support.v4.app.FragmentController.dispatchActivityCreated(Unknown Source:4)
03-25 23:12:21.611 10210 10241 E CrashReport: 	at android.support.v4.app.FragmentActivity.onStart(Unknown Source:22)
03-25 23:12:21.611 10210 10241 E CrashReport: 	at android.support.v7.app.AppCompatActivity.onStart(Unknown Source:0)
03-25 23:12:21.611 10210 10241 E CrashReport: 	at android.app.Instrumentation.callActivityOnStart(Instrumentation.java:1334)
03-25 23:12:21.611 10210 10241 E CrashReport: 	at android.app.Activity.performStart(Activity.java:7019)
03-25 23:12:21.611 10210 10241 E CrashReport: 	at android.app.ActivityThread.performLaunchActivity(ActivityThread.java:2741)
03-25 23:12:21.611 10210 10241 E CrashReport: 	at android.app.ActivityThread.handleLaunchActivity(ActivityThread.java:2856)
03-25 23:12:21.611 10210 10241 E CrashReport: 	at android.app.ActivityThread.-wrap11(Unknown Source:0)
03-25 23:12:21.611 10210 10241 E CrashReport: 	at android.app.ActivityThread$H.handleMessage(ActivityThread.java:1589)
03-25 23:12:21.611 10210 10241 E CrashReport: 	at android.os.Handler.dispatchMessage(Handler.java:106)
03-25 23:12:21.611 10210 10241 E CrashReport: 	at android.os.Looper.loop(Looper.java:164)
03-25 23:12:21.611 10210 10241 E CrashReport: 	at android.app.ActivityThread.main(ActivityThread.java:6494)
03-25 23:12:21.611 10210 10241 E CrashReport: 	at java.lang.reflect.Method.invoke(Native Method)
03-25 23:12:21.611 10210 10241 E CrashReport: 	at com.android.internal.os.RuntimeInit$MethodAndArgsCaller.run(RuntimeInit.java:442)
03-25 23:12:21.611 10210 10241 E CrashReport: 	at com.android.internal.os.ZygoteInit.main(ZygoteInit.java:807)
03-25 23:12:21.611 10210 10241 E CrashReport: 	at de.robv.android.xposed.XposedBridge.main(XposedBridge.java:108)
03-25 23:12:21.611 10210 10241 E CrashReport: #++++++++++++++++++++++++++++++++++++++++++#
03-25 23:12:21.611 10210 10241 I CrashReportInfo: [crash] a caught exception occur, handling...
03-25 23:12:21.653 10210 10229 I zygote  : Background concurrent copying GC freed 71314(4MB) AllocSpace objects, 52(1040KB) LOS objects, 64% free, 3MB/9MB, paused 126us total 163.159ms
03-25 23:12:21.681 10210 10241 D CrashReport: [db] insert t_cr success
03-25 23:12:21.682 10210 10241 D CrashReport: insert t_cr success!
03-25 23:12:21.682 10210 10241 I CrashReportInfo: [crash] save crash success
03-25 23:12:21.682 10210 10241 I CrashReport: try to upload right now
03-25 23:12:21.687 10210 10241 D CrashReport: attach pageTracingList
03-25 23:12:21.690 10210 10241 I Xposed  : X-APM-S-VERBOSE-getDeviceId: github.tornaco.xposedmoduletest
03-25 23:12:21.692 10210 10241 I CrashReport: CrashReport
03-25 23:12:21.696 10210 10241 I CrashReport: CrashReport
03-25 23:12:21.700 10210 10241 D CrashReport: java.lang.Throwable rid:c9dae870-f274-4a88-bf50-4b26d9c47b5b sess:42a8dc77-c70c-4fb0-8e4c-9261bf414518 ls:1s isR:false isF:false isM:false isN:false mc:0 ,null ,isUp:false ,vm:31
03-25 23:12:21.719 10210 10241 I Xposed  : X-APM-S-VERBOSE-getDeviceId: github.tornaco.xposedmoduletest
03-25 23:12:21.724 10210 10241 I CrashReport: CrashReport
03-25 23:12:21.727 10210 10241 I CrashReport: CrashReport
03-25 23:12:21.747 10210 10241 D CrashReport: [UploadManager] Add upload task (pid=10210 | tid=10241)
03-25 23:12:21.748 10210 10241 D CrashReport: [UploadManager] Sucessfully got session ID, try to execute upload task now (pid=10210 | tid=10241)
03-25 23:12:21.749 10210 10241 D CrashReport: [UploadManager] Add upload task to queue (pid=10210 | tid=10241)
03-25 23:12:21.749 10210 10241 D CrashReport: [UploadManager] Try to poll all upload task need and put them into temp queue (pid=10210 | tid=10241)
03-25 23:12:21.751 10210 10241 D CrashReport: [UploadManager] Execute upload tasks of queue which has 1 tasks (pid=10210 | tid=10241)
03-25 23:12:21.751 10210 10241 D CrashReport: normal task com.tencent.bugly.proguard.t$2
03-25 23:12:21.752 10210 10244 D CrashReport: up 1004 1522033941752
03-25 23:12:21.757 10210 10244 D CrashReport: consume getted 197755
03-25 23:12:21.757 10210 10244 D CrashReport: [upload] Run upload task with cmd: 830
03-25 23:12:21.758 10210 10244 D CrashReport: [UploadManager] Integrate security to HTTP headers (pid=10210 | tid=10244)
03-25 23:12:21.758 10210 10241 I CrashReport: wake up!
03-25 23:12:21.758 10210 10241 E CrashReport: not to shut down return
03-25 23:12:21.759 10210 10244 D CrashReport: [Util] Zip 38901 bytes data with type Gzip
03-25 23:12:21.764 10210 10282 D CrashReport: [upload] Bugly version from headers is: bugly/1.0
03-25 23:12:21.765 10210 10282 D CrashReport: [upload] Status from server is 0 (pid=10210 | tid=10282).
03-25 23:12:21.766 10210 10282 D CrashReport: [upload] Received 129 bytes
03-25 23:12:21.773 10210 10282 D CrashReport: [Util] Unzip 113 bytes data with type Gzip
03-25 23:12:21.777 10210 10282 D CrashReport: [upload] Response cmd is: 0, length of sBuffer is: 0
03-25 23:12:21.777 10210 10282 I CrashReport: [upload] Success: userinfo
03-25 23:12:21.786 10210 10282 D CrashReport: consume getted 197755
03-25 23:12:21.800 10210 10282 D CrashReport: deleted t_lr data 1
03-25 23:12:21.809 10210 10282 D CrashReport: insert t_lr success!
03-25 23:12:21.809 10210 10282 D CrashReport: consume update 198923
03-25 23:12:21.809 10210 10282 D CrashReport: up success do final
03-25 23:12:21.820 10210 10282 D CrashReport: [db] insert t_ui success
03-25 23:12:21.821 10210 10282 D CrashReport: insert t_ui success! 59
03-25 23:12:21.830 10210 10282 D CrashReport: [db] insert t_ui success
03-25 23:12:21.831 10210 10282 D CrashReport: insert t_ui success! 60
03-25 23:12:21.845 10210 10244 D CrashReport: [upload] Send 7601 bytes
03-25 23:12:21.847 10210 10244 D CrashReport: [upload] Upload to http://android.bugly.qq.com/rqd/async?aid=53b862ca-22d4-429a-aa55-b81615a9d406 with cmd 830 (pid=10210 | tid=10244).
03-25 23:12:21.847  5773  6016 I Xposed  : X-APM-S-VERBOSE-Skip enforce permission on DEV version!
03-25 23:12:21.848 10210 10244 D CrashReport: request: http://android.bugly.qq.com/rqd/async?aid=53b862ca-22d4-429a-aa55-b81615a9d406, send: 7601 (pid=10210 | tid=10244)
03-25 23:12:21.907 10210 10244 D CrashReport: [upload] Bugly version from headers is: bugly/1.0
03-25 23:12:21.907 10210 10244 D CrashReport: [upload] Status from server is 0 (pid=10210 | tid=10244).
03-25 23:12:21.908 10210 10244 D CrashReport: [upload] Received 129 bytes
03-25 23:12:21.914 10210 10244 D CrashReport: [Util] Unzip 113 bytes data with type Gzip
03-25 23:12:21.918 10210 10244 D CrashReport: [upload] Response cmd is: 0, length of sBuffer is: 0
03-25 23:12:21.918 10210 10244 I CrashReport: [upload] Success: crash
