--------- beginning of main
03-25 23:12:00.004  5773  5791 I Xposed  : X-APM-S-VERBOSE-checkBroadcastDeliver: Intent { act=android.intent.action.TIME_TICK flg=0x50200014 (has extras) }
03-25 23:12:00.005  5773  5791 D X-APM-S-BROADCAST-: checkBroadcast@ intent: Intent { act=android.intent.action.TIME_TICK flg=0x50200014 (has extras) }extra: Bundle[{android.intent.extra.ALARM_COUNT=1}]Intent { act=android.intent.action.TIME_TICK flg=0x50200014 extras={android.intent.extra.ALARM_COUNT=1} }
03-25 23:12:00.007  5773  5984 I Xposed  : X-APM-S-VERBOSE-BROADCAST-checkBroadcast returning: XAshmanServiceImpl.CheckResult(res=true, why=SAME_CALLER, logRecommended=true) for: com.qualcomm.timeservice receiverUid: 1000 callerUid: 1000 action: Intent { act=android.intent.action.TIME_TICK flg=0x50200014 (has extras) } comp: null, caller: com.qualcomm.timeservice
03-25 23:12:00.027  5773  5773 I Xposed  : X-APM-S-VERBOSE-checkBroadcastDeliver: Intent { act=android.intent.action.TIME_TICK flg=0x50200014 (has extras) }
03-25 23:12:00.032  5773  5773 D X-APM-S-BROADCAST-: checkBroadcast@ intent: Intent { act=android.intent.action.TIME_TICK flg=0x50200014 (has extras) }extra: Bundle[{android.intent.extra.ALARM_COUNT=1}]Intent { act=android.intent.action.TIME_TICK flg=0x50200014 extras={android.intent.extra.ALARM_COUNT=1} }
03-25 23:12:00.034  5773  5984 I Xposed  : X-APM-S-VERBOSE-BROADCAST-checkBroadcast returning: XAshmanServiceImpl.CheckResult(res=true, why=WHITE_LISTED, logRecommended=true) for: com.android.systemui receiverUid: 10004 callerUid: 1000 action: Intent { act=android.intent.action.TIME_TICK flg=0x50200014 (has extras) } comp: null, caller: com.qualcomm.timeservice
03-25 23:12:00.058  5773  5793 W system_server: kill(-9384, 9) failed: No such process
03-25 23:12:00.070  5773  6687 I Xposed  : X-APM-S-VERBOSE-checkBroadcastDeliver: Intent { act=android.intent.action.TIME_TICK flg=0x50200014 (has extras) }
03-25 23:12:00.070  5773  6687 D X-APM-S-BROADCAST-: checkBroadcast@ intent: Intent { act=android.intent.action.TIME_TICK flg=0x50200014 (has extras) }extra: Bundle[{android.intent.extra.ALARM_COUNT=1}]Intent { act=android.intent.action.TIME_TICK flg=0x50200014 extras={android.intent.extra.ALARM_COUNT=1} }
03-25 23:12:00.072  5773  5984 I Xposed  : X-APM-S-VERBOSE-BROADCAST-checkBroadcast returning: XAshmanServiceImpl.CheckResult(res=true, why=WHITE_LISTED, logRecommended=true) for: com.android.systemui receiverUid: 10004 callerUid: 1000 action: Intent { act=android.intent.action.TIME_TICK flg=0x50200014 (has extras) } comp: null, caller: com.qualcomm.timeservice
03-25 23:12:00.073  5773  6687 I Xposed  : X-APM-S-VERBOSE-checkBroadcastDeliver: Intent { act=android.intent.action.TIME_TICK flg=0x50200014 (has extras) }
03-25 23:12:00.073  5773  6687 D X-APM-S-BROADCAST-: checkBroadcast@ intent: Intent { act=android.intent.action.TIME_TICK flg=0x50200014 (has extras) }extra: Bundle[{android.intent.extra.ALARM_COUNT=1}]Intent { act=android.intent.action.TIME_TICK flg=0x50200014 extras={android.intent.extra.ALARM_COUNT=1} }
03-25 23:12:00.074  5773  5984 I Xposed  : X-APM-S-VERBOSE-BROADCAST-checkBroadcast returning: XAshmanServiceImpl.CheckResult(res=true, why=WHITE_LISTED, logRecommended=true) for: com.android.systemui receiverUid: 10004 callerUid: 1000 action: Intent { act=android.intent.action.TIME_TICK flg=0x50200014 (has extras) } comp: null, caller: com.qualcomm.timeservice
03-25 23:12:00.077  5773  6011 I Xposed  : X-APM-S-VERBOSE-checkBroadcastDeliver: Intent { act=android.intent.action.TIME_TICK flg=0x50200014 (has extras) }
03-25 23:12:00.077  5773  6011 D X-APM-S-BROADCAST-: checkBroadcast@ intent: Intent { act=android.intent.action.TIME_TICK flg=0x50200014 (has extras) }extra: Bundle[{android.intent.extra.ALARM_COUNT=1}]Intent { act=android.intent.action.TIME_TICK flg=0x50200014 extras={android.intent.extra.ALARM_COUNT=1} }
03-25 23:12:00.079  5773  5984 I Xposed  : X-APM-S-VERBOSE-BROADCAST-checkBroadcast returning: XAshmanServiceImpl.CheckResult(res=true, why=WHITE_LISTED, logRecommended=true) for: com.android.systemui receiverUid: 10004 callerUid: 1000 action: Intent { act=android.intent.action.TIME_TICK flg=0x50200014 (has extras) } comp: null, caller: com.qualcomm.timeservice
03-25 23:12:00.079  5773  6011 I Xposed  : X-APM-S-VERBOSE-checkBroadcastDeliver: Intent { act=android.intent.action.TIME_TICK flg=0x50200014 (has extras) }
03-25 23:12:00.079  5773  6011 D X-APM-S-BROADCAST-: checkBroadcast@ intent: Intent { act=android.intent.action.TIME_TICK flg=0x50200014 (has extras) }extra: Bundle[{android.intent.extra.ALARM_COUNT=1}]Intent { act=android.intent.action.TIME_TICK flg=0x50200014 extras={android.intent.extra.ALARM_COUNT=1} }
03-25 23:12:00.080  5773  5984 I Xposed  : X-APM-S-VERBOSE-BROADCAST-checkBroadcast returning: XAshmanServiceImpl.CheckResult(res=true, why=WHITE_LISTED, logRecommended=true) for: com.android.systemui receiverUid: 10004 callerUid: 1000 action: Intent { act=android.intent.action.TIME_TICK flg=0x50200014 (has extras) } comp: null, caller: com.qualcomm.timeservice
03-25 23:12:00.082  5773  6011 I Xposed  : X-APM-S-VERBOSE-checkBroadcastDeliver: Intent { act=android.intent.action.TIME_TICK flg=0x50200014 (has extras) }
03-25 23:12:00.083  5773  6011 D X-APM-S-BROADCAST-: checkBroadcast@ intent: Intent { act=android.intent.action.TIME_TICK flg=0x50200014 (has extras) }extra: Bundle[{android.intent.extra.ALARM_COUNT=1}]Intent { act=android.intent.action.TIME_TICK flg=0x50200014 extras={android.intent.extra.ALARM_COUNT=1} }
03-25 23:12:00.083  5773  5984 I Xposed  : X-APM-S-VERBOSE-BROADCAST-checkBroadcast returning: XAshmanServiceImpl.CheckResult(res=true, why=WHITE_LISTED, logRecommended=true) for: com.android.systemui receiverUid: 10004 callerUid: 1000 action: Intent { act=android.intent.action.TIME_TICK flg=0x50200014 (has extras) } comp: null, caller: com.qualcomm.timeservice
03-25 23:12:00.085  5773  6011 I Xposed  : X-APM-S-VERBOSE-checkBroadcastDeliver: Intent { act=android.intent.action.TIME_TICK flg=0x50200014 (has extras) }
03-25 23:12:00.085  5773  6011 D X-APM-S-BROADCAST-: checkBroadcast@ intent: Intent { act=android.intent.action.TIME_TICK flg=0x50200014 (has extras) }extra: Bundle[{android.intent.extra.ALARM_COUNT=1}]Intent { act=android.intent.action.TIME_TICK flg=0x50200014 extras={android.intent.extra.ALARM_COUNT=1} }
03-25 23:12:00.085  5773  5984 I Xposed  : X-APM-S-VERBOSE-BROADCAST-checkBroadcast returning: XAshmanServiceImpl.CheckResult(res=true, why=WHITE_LISTED, logRecommended=true) for: com.android.systemui receiverUid: 10004 callerUid: 1000 action: Intent { act=android.intent.action.TIME_TICK flg=0x50200014 (has extras) } comp: null, caller: com.qualcomm.timeservice
03-25 23:12:00.087  5773  6011 I Xposed  : X-APM-S-VERBOSE-checkBroadcastDeliver: Intent { act=android.intent.action.TIME_TICK flg=0x50200014 (has extras) }
03-25 23:12:00.087  5773  6011 D X-APM-S-BROADCAST-: checkBroadcast@ intent: Intent { act=android.intent.action.TIME_TICK flg=0x50200014 (has extras) }extra: Bundle[{android.intent.extra.ALARM_COUNT=1}]Intent { act=android.intent.action.TIME_TICK flg=0x50200014 extras={android.intent.extra.ALARM_COUNT=1} }
03-25 23:12:00.087  5773  5984 I Xposed  : X-APM-S-VERBOSE-BROADCAST-checkBroadcast returning: XAshmanServiceImpl.CheckResult(res=true, why=WHITE_LISTED, logRecommended=true) for: com.android.systemui receiverUid: 10004 callerUid: 1000 action: Intent { act=android.intent.action.TIME_TICK flg=0x50200014 (has extras) } comp: null, caller: com.qualcomm.timeservice
03-25 23:12:00.094  5773  6011 I Xposed  : X-APM-S-VERBOSE-checkBroadcastDeliver: Intent { act=android.intent.action.TIME_TICK flg=0x50200014 (has extras) }
03-25 23:12:00.094  5773  6011 D X-APM-S-BROADCAST-: checkBroadcast@ intent: Intent { act=android.intent.action.TIME_TICK flg=0x50200014 (has extras) }extra: Bundle[{android.intent.extra.ALARM_COUNT=1}]Intent { act=android.intent.action.TIME_TICK flg=0x50200014 extras={android.intent.extra.ALARM_COUNT=1} }
03-25 23:12:00.094  5773  5984 I Xposed  : X-APM-S-VERBOSE-BROADCAST-checkBroadcast returning: XAshmanServiceImpl.CheckResult(res=true, why=WHITE_LISTED, logRecommended=true) for: com.android.systemui receiverUid: 10004 callerUid: 1000 action: Intent { act=android.intent.action.TIME_TICK flg=0x50200014 (has extras) } comp: null, caller: com.qualcomm.timeservice
03-25 23:12:00.103  5773  5793 W system_server: kill(-9384, 9) failed: No such process
03-25 23:12:00.104  5773  6011 I Xposed  : X-APM-S-VERBOSE-checkBroadcastDeliver: Intent { act=android.intent.action.TIME_TICK flg=0x50200014 (has extras) }
03-25 23:12:00.139  5773  5793 W system_server: kill(-9384, 9) failed: No such process
03-25 23:12:00.139  5773  6011 D X-APM-S-BROADCAST-: checkBroadcast@ intent: Intent { act=android.intent.action.TIME_TICK flg=0x50200014 (has extras) }extra: Bundle[{android.intent.extra.ALARM_COUNT=1}]Intent { act=android.intent.action.TIME_TICK flg=0x50200014 extras={android.intent.extra.ALARM_COUNT=1} }
03-25 23:12:00.140  5773  5984 I Xposed  : X-APM-S-VERBOSE-BROADCAST-checkBroadcast returning: XAshmanServiceImpl.CheckResult(res=true, why=WHITE_LISTED, logRecommended=true) for: com.android.systemui receiverUid: 10004 callerUid: 1000 action: Intent { act=android.intent.action.TIME_TICK flg=0x50200014 (has extras) } comp: null, caller: com.qualcomm.timeservice
03-25 23:12:00.144  5773  6011 I Xposed  : X-APM-S-VERBOSE-checkBroadcastDeliver: Intent { act=android.intent.action.TIME_TICK flg=0x50200014 (has extras) }
03-25 23:12:00.144  5773  6011 D X-APM-S-BROADCAST-: checkBroadcast@ intent: Intent { act=android.intent.action.TIME_TICK flg=0x50200014 (has extras) }extra: Bundle[{android.intent.extra.ALARM_COUNT=1}]Intent { act=android.intent.action.TIME_TICK flg=0x50200014 extras={android.intent.extra.ALARM_COUNT=1} }
03-25 23:12:00.145  5773  6011 I Xposed  : X-APM-S-WARN-XStopWatch(SERVICE START RULE CHECK, is GCM: false) start
03-25 23:12:00.145  5773  6011 I Xposed  : X-APM-S-VERBOSE-check rules patternAllow: [ALLOW com.qualcomm.timeservice ch.deletescape.lawnchair, ALLOW * ch.deletescape.lawnchair, ALLOW com.qualcomm.timeservice *, ALLOW * *, null, null], has rule: false
03-25 23:12:00.145  5773  6011 I Xposed  : X-APM-S-VERBOSE-check rules patternDeny: [DENY com.qualcomm.timeservice ch.deletescape.lawnchair, DENY * ch.deletescape.lawnchair, DENY com.qualcomm.timeservice *, null, null], has rule: false
03-25 23:12:00.145  5773  6011 I Xposed  : X-APM-S-WARN-XStopWatch(SERVICE START RULE CHECK, is GCM: false) stop: 0  (total 0)ms
03-25 23:12:00.145  5773  5984 I Xposed  : X-APM-S-VERBOSE-BROADCAST-checkBroadcast returning: XAshmanServiceImpl.CheckResult(res=true, why=APP_RUNNING_TOP, logRecommended=true) for: ch.deletescape.lawnchair receiverUid: 10119 callerUid: 1000 action: Intent { act=android.intent.action.TIME_TICK flg=0x50200014 (has extras) } comp: null, caller: com.qualcomm.timeservice
03-25 23:12:00.153  5773  6011 I Xposed  : X-APM-S-VERBOSE-checkBroadcastDeliver: Intent { act=android.intent.action.TIME_TICK flg=0x50200014 (has extras) }
03-25 23:12:00.153  5773  6011 D X-APM-S-BROADCAST-: checkBroadcast@ intent: Intent { act=android.intent.action.TIME_TICK flg=0x50200014 (has extras) }extra: Bundle[{android.intent.extra.ALARM_COUNT=1}]Intent { act=android.intent.action.TIME_TICK flg=0x50200014 extras={android.intent.extra.ALARM_COUNT=1} }
03-25 23:12:00.154  5773  6011 I Xposed  : X-APM-S-WARN-XStopWatch(SERVICE START RULE CHECK, is GCM: false) start
03-25 23:12:00.154  5773  6011 I Xposed  : X-APM-S-VERBOSE-check rules patternAllow: [ALLOW com.qualcomm.timeservice ch.deletescape.lawnchair, ALLOW * ch.deletescape.lawnchair, ALLOW com.qualcomm.timeservice *, ALLOW * *, null, null], has rule: false
03-25 23:12:00.154  5773  6011 I Xposed  : X-APM-S-VERBOSE-check rules patternDeny: [DENY com.qualcomm.timeservice ch.deletescape.lawnchair, DENY * ch.deletescape.lawnchair, DENY com.qualcomm.timeservice *, null, null], has rule: false
03-25 23:12:00.154  5773  6011 I Xposed  : X-APM-S-WARN-XStopWatch(SERVICE START RULE CHECK, is GCM: false) stop: 0  (total 0)ms
03-25 23:12:00.177  5773  5984 I Xposed  : X-APM-S-VERBOSE-BROADCAST-checkBroadcast returning: XAshmanServiceImpl.CheckResult(res=true, why=APP_RUNNING_TOP, logRecommended=true) for: ch.deletescape.lawnchair receiverUid: 10119 callerUid: 1000 action: Intent { act=android.intent.action.TIME_TICK flg=0x50200014 (has extras) } comp: null, caller: com.qualcomm.timeservice
03-25 23:12:00.183  5773  5793 W system_server: kill(-9384, 9) failed: No such process
03-25 23:12:00.221  5773  5793 I chatty  : uid=1000 system_server identical 1 line
03-25 23:12:00.258  5773  5793 W system_server: kill(-9384, 9) failed: No such process
03-25 23:12:00.258  5773  5793 I system_server: Successfully killed process cgroup uid 10099 pid 9384 in 200ms
03-25 23:12:00.281   376   376 I memtrack@1.0-se: type=1400 audit(0.0:450): avc: denied { read } for uid=1000 scontext=u:r:hal_memtrack_default:s0 tcontext=u:r:system_app:s0 tclass=file permissive=1
03-25 23:12:00.281   376   376 I memtrack@1.0-se: type=1400 audit(0.0:451): avc: denied { search } for uid=1000 name="6620" dev="proc" ino=177895 scontext=u:r:hal_memtrack_default:s0 tcontext=u:r:system_app:s0 tclass=dir permissive=1
03-25 23:12:00.281   376   376 I memtrack@1.0-se: type=1400 audit(0.0:452): avc: denied { open } for uid=1000 name="cmdline" dev="proc" ino=178376 scontext=u:r:hal_memtrack_default:s0 tcontext=u:r:system_app:s0 tclass=file permissive=1
03-25 23:12:00.281   376   376 I memtrack@1.0-se: type=1400 audit(0.0:453): avc: denied { getattr } for uid=1000 path="/proc/6620/cmdline" dev="proc" ino=178376 scontext=u:r:hal_memtrack_default:s0 tcontext=u:r:system_app:s0 tclass=file permissive=1
03-25 23:12:00.298  5773  5793 W system_server: kill(-9300, 9) failed: No such process
03-25 23:12:00.298  5773  5793 I system_server: Successfully killed process cgroup uid 1000 pid 9300 in 0ms
03-25 23:12:09.401  5709  5709 E Xposed  : Broken pipe to logcat: Success
03-25 23:12:09.416  5673  5673 I Zygote  : Process 5709 exited cleanly (1)
03-25 23:12:10.047   552   552 D charger_monitor: vchg_loop stable: 0, is_settled = 0,usb_target_ua = 0, usbin_current_now = 0,fastchg_sts = 0, num_attempts = 0
03-25 23:12:10.080  5773  5773 I Xposed  : X-APM-S-VERBOSE-checkBroadcastIntentSending: Intent { act=android.intent.action.BATTERY_CHANGED flg=0x60000000 (has extras) }, callingUid 1000
03-25 23:12:10.082  5773  5791 D X-APM-S-BROADCAST-: checkBroadcast@ intent: Intent { act=android.intent.action.BATTERY_CHANGED flg=0x60000010 (has extras) }extra: Bundle[{turbo_power=false, technology=Li-ion, icon-small=17303398, max_charging_voltage=4407000, health=2, max_charging_current=726000, status=2, plugged=1, present=true, seq=14, charge_counter=0, level=88, scale=100, temperature=357, dash_charger=false, voltage=4407, invalid_charger=0}]Intent { act=android.intent.action.BATTERY_CHANGED flg=0x60000010 extras={turbo_power=false, technology=Li-ion, icon-small=17303398, max_charging_voltage=4407000, health=2, max_charging_current=726000, status=2, plugged=1, present=true, seq=14, charge_counter=0, level=88, scale=100, temperature=357, dash_charger=false, voltage=4407, invalid_charger=0} }
03-25 23:12:10.086  5773  5791 I chatty  : uid=1000 system_server identical 3 lines
03-25 23:12:10.087  5773  5791 D X-APM-S-BROADCAST-: checkBroadcast@ intent: Intent { act=android.intent.action.BATTERY_CHANGED flg=0x60000010 (has extras) }extra: Bundle[{turbo_power=false, technology=Li-ion, icon-small=17303398, max_charging_voltage=4407000, health=2, max_charging_current=726000, status=2, plugged=1, present=true, seq=14, charge_counter=0, level=88, scale=100, temperature=357, dash_charger=false, voltage=4407, invalid_charger=0}]Intent { act=android.intent.action.BATTERY_CHANGED flg=0x60000010 extras={turbo_power=false, technology=Li-ion, icon-small=17303398, max_charging_voltage=4407000, health=2, max_charging_current=726000, status=2, plugged=1, present=true, seq=14, charge_counter=0, level=88, scale=100, temperature=357, dash_charger=false, voltage=4407, invalid_charger=0} }
03-25 23:12:10.088  5773  5984 I Xposed  : X-APM-S-VERBOSE-BROADCAST-checkBroadcast returning: XAshmanServiceImpl.CheckResult(res=true, why=SAME_CALLER, logRecommended=true) for: com.qualcomm.timeservice receiverUid: 1000 callerUid: 1000 action: Intent { act=android.intent.action.BATTERY_CHANGED flg=0x60000010 (has extras) } comp: null, caller: com.qualcomm.timeservice
03-25 23:12:10.088  5773  5984 I chatty  : uid=1000 system_server identical 3 lines
03-25 23:12:10.088  5773  5984 I Xposed  : X-APM-S-VERBOSE-BROADCAST-checkBroadcast returning: XAshmanServiceImpl.CheckResult(res=true, why=SAME_CALLER, logRecommended=true) for: com.qualcomm.timeservice receiverUid: 1000 callerUid: 1000 action: Intent { act=android.intent.action.BATTERY_CHANGED flg=0x60000010 (has extras) } comp: null, caller: com.qualcomm.timeservice
03-25 23:12:10.090  5773  5791 D X-APM-S-BROADCAST-: checkBroadcast@ intent: Intent { act=android.intent.action.BATTERY_CHANGED flg=0x60000010 (has extras) }extra: Bundle[{turbo_power=false, technology=Li-ion, icon-small=17303398, max_charging_voltage=4407000, health=2, max_charging_current=726000, status=2, plugged=1, present=true, seq=14, charge_counter=0, level=88, scale=100, temperature=357, dash_charger=false, voltage=4407, invalid_charger=0}]Intent { act=android.intent.action.BATTERY_CHANGED flg=0x60000010 extras={turbo_power=false, technology=Li-ion, icon-small=17303398, max_charging_voltage=4407000, health=2, max_charging_current=726000, status=2, plugged=1, present=true, seq=14, charge_counter=0, level=88, scale=100, temperature=357, dash_charger=false, voltage=4407, invalid_charger=0} }
03-25 23:12:10.091  5773  5984 I Xposed  : X-APM-S-VERBOSE-BROADCAST-checkBroadcast returning: XAshmanServiceImpl.CheckResult(res=true, why=SAME_CALLER, logRecommended=true) for: com.qualcomm.timeservice receiverUid: 1000 callerUid: 1000 action: Intent { act=android.intent.action.BATTERY_CHANGED flg=0x60000010 (has extras) } comp: null, caller: com.qualcomm.timeservice
03-25 23:12:10.093  5773  5791 D X-APM-S-BROADCAST-: checkBroadcast@ intent: Intent { act=android.intent.action.BATTERY_CHANGED flg=0x60000010 (has extras) }extra: Bundle[{turbo_power=false, technology=Li-ion, icon-small=17303398, max_charging_voltage=4407000, health=2, max_charging_current=726000, status=2, plugged=1, present=true, seq=14, charge_counter=0, level=88, scale=100, temperature=357, dash_charger=false, voltage=4407, invalid_charger=0}]Intent { act=android.intent.action.BATTERY_CHANGED flg=0x60000010 extras={turbo_power=false, technology=Li-ion, icon-small=17303398, max_charging_voltage=4407000, health=2, max_charging_current=726000, status=2, plugged=1, present=true, seq=14, charge_counter=0, level=88, scale=100, temperature=357, dash_charger=false, voltage=4407, invalid_charger=0} }
03-25 23:12:10.093  5773  5984 I Xposed  : X-APM-S-VERBOSE-BROADCAST-checkBroadcast returning: XAshmanServiceImpl.CheckResult(res=true, why=WHITE_LISTED, logRecommended=true) for: com.android.systemui receiverUid: 10004 callerUid: 1000 action: Intent { act=android.intent.action.BATTERY_CHANGED flg=0x60000010 (has extras) } comp: null, caller: com.qualcomm.timeservice
03-25 23:12:10.095  5773  5791 D X-APM-S-BROADCAST-: checkBroadcast@ intent: Intent { act=android.intent.action.BATTERY_CHANGED flg=0x60000010 (has extras) }extra: Bundle[{turbo_power=false, technology=Li-ion, icon-small=17303398, max_charging_voltage=4407000, health=2, max_charging_current=726000, status=2, plugged=1, present=true, seq=14, charge_counter=0, level=88, scale=100, temperature=357, dash_charger=false, voltage=4407, invalid_charger=0}]Intent { act=android.intent.action.BATTERY_CHANGED flg=0x60000010 extras={turbo_power=false, technology=Li-ion, icon-small=17303398, max_charging_voltage=4407000, health=2, max_charging_current=726000, status=2, plugged=1, present=true, seq=14, charge_counter=0, level=88, scale=100, temperature=357, dash_charger=false, voltage=4407, invalid_charger=0} }
03-25 23:12:10.096  5773  5984 I Xposed  : X-APM-S-VERBOSE-BROADCAST-checkBroadcast returning: XAshmanServiceImpl.CheckResult(res=true, why=SAME_CALLER, logRecommended=true) for: com.qualcomm.timeservice receiverUid: 1000 callerUid: 1000 action: Intent { act=android.intent.action.BATTERY_CHANGED flg=0x60000010 (has extras) } comp: null, caller: com.qualcomm.timeservice
03-25 23:12:10.097  5773  5773 I Xposed  : X-APM-S-VERBOSE-ProtectedBroadcastReceiver: receivedIntent { act=android.intent.action.BATTERY_CHANGED flg=0x60000010 (has extras) }
03-25 23:12:10.097  5773  5838 I Xposed  : X-APM-S-VERBOSE-MSG_ONBATTERYSTATECHANGE
03-25 23:12:10.097  5773  5838 I Xposed  : X-APM-S-VERBOSE-onBatteryStateChange: BatterState(status=2, level=88)
03-25 23:12:10.098  5773  5791 D X-APM-S-BROADCAST-: checkBroadcast@ intent: Intent { act=android.intent.action.BATTERY_CHANGED flg=0x60000010 (has extras) }extra: Bundle[{turbo_power=false, technology=Li-ion, icon-small=17303398, max_charging_voltage=4407000, health=2, max_charging_current=726000, status=2, plugged=1, present=true, seq=14, charge_counter=0, level=88, scale=100, temperature=357, dash_charger=false, voltage=4407, invalid_charger=0}]Intent { act=android.intent.action.BATTERY_CHANGED flg=0x60000010 extras={turbo_power=false, technology=Li-ion, icon-small=17303398, max_charging_voltage=4407000, health=2, max_charging_current=726000, status=2, plugged=1, present=true, seq=14, charge_counter=0, level=88, scale=100, temperature=357, dash_charger=false, voltage=4407, invalid_charger=0} }
03-25 23:12:10.100  5773  5984 I Xposed  : X-APM-S-VERBOSE-BROADCAST-checkBroadcast returning: XAshmanServiceImpl.CheckResult(res=true, why=WHITE_LISTED, logRecommended=true) for: com.android.systemui receiverUid: 10004 callerUid: 1000 action: Intent { act=android.intent.action.BATTERY_CHANGED flg=0x60000010 (has extras) } comp: null, caller: com.qualcomm.timeservice
03-25 23:12:10.106  5773  5791 D X-APM-S-BROADCAST-: checkBroadcast@ intent: Intent { act=android.intent.action.BATTERY_CHANGED flg=0x60000010 (has extras) }extra: Bundle[{turbo_power=false, technology=Li-ion, icon-small=17303398, max_charging_voltage=4407000, health=2, max_charging_current=726000, status=2, plugged=1, present=true, seq=14, charge_counter=0, level=88, scale=100, temperature=357, dash_charger=false, voltage=4407, invalid_charger=0}]Intent { act=android.intent.action.BATTERY_CHANGED flg=0x60000010 extras={turbo_power=false, technology=Li-ion, icon-small=17303398, max_charging_voltage=4407000, health=2, max_charging_current=726000, status=2, plugged=1, present=true, seq=14, charge_counter=0, level=88, scale=100, temperature=357, dash_charger=false, voltage=4407, invalid_charger=0} }
03-25 23:12:10.106  5773  5984 I Xposed  : X-APM-S-VERBOSE-BROADCAST-checkBroadcast returning: XAshmanServiceImpl.CheckResult(res=true, why=WHITE_LISTED, logRecommended=true) for: com.android.systemui receiverUid: 10004 callerUid: 1000 action: Intent { act=android.intent.action.BATTERY_CHANGED flg=0x60000010 (has extras) } comp: null, caller: com.qualcomm.timeservice
03-25 23:12:10.108  5773  5791 D X-APM-S-BROADCAST-: checkBroadcast@ intent: Intent { act=android.intent.action.BATTERY_CHANGED flg=0x60000010 (has extras) }extra: Bundle[{turbo_power=false, technology=Li-ion, icon-small=17303398, max_charging_voltage=4407000, health=2, max_charging_current=726000, status=2, plugged=1, present=true, seq=14, charge_counter=0, level=88, scale=100, temperature=357, dash_charger=false, voltage=4407, invalid_charger=0}]Intent { act=android.intent.action.BATTERY_CHANGED flg=0x60000010 extras={turbo_power=false, technology=Li-ion, icon-small=17303398, max_charging_voltage=4407000, health=2, max_charging_current=726000, status=2, plugged=1, present=true, seq=14, charge_counter=0, level=88, scale=100, temperature=357, dash_charger=false, voltage=4407, invalid_charger=0} }
03-25 23:12:10.109  5773  5791 I Xposed  : X-APM-S-WARN-XStopWatch(SERVICE START RULE CHECK, is GCM: false) start
03-25 23:12:10.109  5773  5791 I Xposed  : X-APM-S-VERBOSE-check rules patternAllow: [ALLOW com.qualcomm.timeservice com.android.bluetooth, ALLOW * com.android.bluetooth, ALLOW com.qualcomm.timeservice *, ALLOW * *, null, null], has rule: false
03-25 23:12:10.109  5773  5791 I Xposed  : X-APM-S-VERBOSE-check rules patternDeny: [DENY com.qualcomm.timeservice com.android.bluetooth, DENY * com.android.bluetooth, DENY com.qualcomm.timeservice *, null, null], has rule: false
03-25 23:12:10.109  5773  5791 I Xposed  : X-APM-S-WARN-XStopWatch(SERVICE START RULE CHECK, is GCM: false) stop: 1  (total 1)ms
03-25 23:12:10.109  5773  5984 I Xposed  : X-APM-S-VERBOSE-BROADCAST-checkBroadcast returning: XAshmanServiceImpl.CheckResult(res=true, why=SYSTEM_APP, logRecommended=true) for: com.android.bluetooth receiverUid: 1002 callerUid: 1000 action: Intent { act=android.intent.action.BATTERY_CHANGED flg=0x60000010 (has extras) } comp: null, caller: com.qualcomm.timeservice
03-25 23:12:10.112  5773  5791 D X-APM-S-BROADCAST-: checkBroadcast@ intent: Intent { act=android.intent.action.BATTERY_CHANGED flg=0x60000010 (has extras) }extra: Bundle[{turbo_power=false, technology=Li-ion, icon-small=17303398, max_charging_voltage=4407000, health=2, max_charging_current=726000, status=2, plugged=1, present=true, seq=14, charge_counter=0, level=88, scale=100, temperature=357, dash_charger=false, voltage=4407, invalid_charger=0}]Intent { act=android.intent.action.BATTERY_CHANGED flg=0x60000010 extras={turbo_power=false, technology=Li-ion, icon-small=17303398, max_charging_voltage=4407000, health=2, max_charging_current=726000, status=2, plugged=1, present=true, seq=14, charge_counter=0, level=88, scale=100, temperature=357, dash_charger=false, voltage=4407, invalid_charger=0} }
03-25 23:12:10.112  5773  5791 I Xposed  : X-APM-S-WARN-XStopWatch(SERVICE START RULE CHECK, is GCM: false) start
03-25 23:12:10.112  5773  5791 I Xposed  : X-APM-S-VERBOSE-check rules patternAllow: [ALLOW com.qualcomm.timeservice com.google.android.backuptransport, ALLOW * com.google.android.backuptransport, ALLOW com.qualcomm.timeservice *, ALLOW * *, null, null], has rule: false
03-25 23:12:10.112  5773  5791 I Xposed  : X-APM-S-VERBOSE-check rules patternDeny: [DENY com.qualcomm.timeservice com.google.android.backuptransport, DENY * com.google.android.backuptransport, DENY com.qualcomm.timeservice *, null, null], has rule: false
03-25 23:12:10.112  5773  5791 I Xposed  : X-APM-S-WARN-XStopWatch(SERVICE START RULE CHECK, is GCM: false) stop: 1  (total 1)ms
03-25 23:12:10.118  5773  5984 I Xposed  : X-APM-S-VERBOSE-BROADCAST-checkBroadcast returning: XAshmanServiceImpl.CheckResult(res=true, why=SYSTEM_APP, logRecommended=true) for: com.google.android.backuptransport receiverUid: 10014 callerUid: 1000 action: Intent { act=android.intent.action.BATTERY_CHANGED flg=0x60000010 (has extras) } comp: null, caller: com.qualcomm.timeservice
03-25 23:12:13.933  5773  5773 I Xposed  : X-APM-S-VERBOSE-checkBroadcastIntentSending: Intent { act=android.intent.action.BATTERY_CHANGED flg=0x60000000 (has extras) }, callingUid 1000
03-25 23:12:13.943  5773  5791 D X-APM-S-BROADCAST-: checkBroadcast@ intent: Intent { act=android.intent.action.BATTERY_CHANGED flg=0x60000010 (has extras) }extra: Bundle[{turbo_power=false, technology=Li-ion, icon-small=17303398, max_charging_voltage=4407000, health=2, max_charging_current=723000, status=2, plugged=1, present=true, seq=15, charge_counter=0, level=88, scale=100, temperature=357, dash_charger=false, voltage=4407, invalid_charger=0}]Intent { act=android.intent.action.BATTERY_CHANGED flg=0x60000010 extras={turbo_power=false, technology=Li-ion, icon-small=17303398, max_charging_voltage=4407000, health=2, max_charging_current=723000, status=2, plugged=1, present=true, seq=15, charge_counter=0, level=88, scale=100, temperature=357, dash_charger=false, voltage=4407, invalid_charger=0} }
03-25 23:12:13.945  5773  5984 I Xposed  : X-APM-S-VERBOSE-BROADCAST-checkBroadcast returning: XAshmanServiceImpl.CheckResult(res=true, why=SAME_CALLER, logRecommended=true) for: com.qualcomm.timeservice receiverUid: 1000 callerUid: 1000 action: Intent { act=android.intent.action.BATTERY_CHANGED flg=0x60000010 (has extras) } comp: null, caller: com.qualcomm.timeservice
03-25 23:12:13.960  5773  5791 D X-APM-S-BROADCAST-: checkBroadcast@ intent: Intent { act=android.intent.action.BATTERY_CHANGED flg=0x60000010 (has extras) }extra: Bundle[{turbo_power=false, technology=Li-ion, icon-small=17303398, max_charging_voltage=4407000, health=2, max_charging_current=723000, status=2, plugged=1, present=true, seq=15, charge_counter=0, level=88, scale=100, temperature=357, dash_charger=false, voltage=4407, invalid_charger=0}]Intent { act=android.intent.action.BATTERY_CHANGED flg=0x60000010 extras={turbo_power=false, technology=Li-ion, icon-small=17303398, max_charging_voltage=4407000, health=2, max_charging_current=723000, status=2, plugged=1, present=true, seq=15, charge_counter=0, level=88, scale=100, temperature=357, dash_charger=false, voltage=4407, invalid_charger=0} }
03-25 23:12:13.960  5773  5984 I Xposed  : X-APM-S-VERBOSE-BROADCAST-checkBroadcast returning: XAshmanServiceImpl.CheckResult(res=true, why=SAME_CALLER, logRecommended=true) for: com.qualcomm.timeservice receiverUid: 1000 callerUid: 1000 action: Intent { act=android.intent.action.BATTERY_CHANGED flg=0x60000010 (has extras) } comp: null, caller: com.qualcomm.timeservice
03-25 23:12:13.962  5773  5791 D X-APM-S-BROADCAST-: checkBroadcast@ intent: Intent { act=android.intent.action.BATTERY_CHANGED flg=0x60000010 (has extras) }extra: Bundle[{turbo_power=false, technology=Li-ion, icon-small=17303398, max_charging_voltage=4407000, health=2, max_charging_current=723000, status=2, plugged=1, present=true, seq=15, charge_counter=0, level=88, scale=100, temperature=357, dash_charger=false, voltage=4407, invalid_charger=0}]Intent { act=android.intent.action.BATTERY_CHANGED flg=0x60000010 extras={turbo_power=false, technology=Li-ion, icon-small=17303398, max_charging_voltage=4407000, health=2, max_charging_current=723000, status=2, plugged=1, present=true, seq=15, charge_counter=0, level=88, scale=100, temperature=357, dash_charger=false, voltage=4407, invalid_charger=0} }
03-25 23:12:13.962  5773  5984 I Xposed  : X-APM-S-VERBOSE-BROADCAST-checkBroadcast returning: XAshmanServiceImpl.CheckResult(res=true, why=SAME_CALLER, logRecommended=true) for: com.qualcomm.timeservice receiverUid: 1000 callerUid: 1000 action: Intent { act=android.intent.action.BATTERY_CHANGED flg=0x60000010 (has extras) } comp: null, caller: com.qualcomm.timeservice
03-25 23:12:13.963  5773  5791 D X-APM-S-BROADCAST-: checkBroadcast@ intent: Intent { act=android.intent.action.BATTERY_CHANGED flg=0x60000010 (has extras) }extra: Bundle[{turbo_power=false, technology=Li-ion, icon-small=17303398, max_charging_voltage=4407000, health=2, max_charging_current=723000, status=2, plugged=1, present=true, seq=15, charge_counter=0, level=88, scale=100, temperature=357, dash_charger=false, voltage=4407, invalid_charger=0}]Intent { act=android.intent.action.BATTERY_CHANGED flg=0x60000010 extras={turbo_power=false, technology=Li-ion, icon-small=17303398, max_charging_voltage=4407000, health=2, max_charging_current=723000, status=2, plugged=1, present=true, seq=15, charge_counter=0, level=88, scale=100, temperature=357, dash_charger=false, voltage=4407, invalid_charger=0} }
03-25 23:12:13.964  5773  5984 I Xposed  : X-APM-S-VERBOSE-BROADCAST-checkBroadcast returning: XAshmanServiceImpl.CheckResult(res=true, why=SAME_CALLER, logRecommended=true) for: com.qualcomm.timeservice receiverUid: 1000 callerUid: 1000 action: Intent { act=android.intent.action.BATTERY_CHANGED flg=0x60000010 (has extras) } comp: null, caller: com.qualcomm.timeservice
03-25 23:12:13.966  5773  5791 D X-APM-S-BROADCAST-: checkBroadcast@ intent: Intent { act=android.intent.action.BATTERY_CHANGED flg=0x60000010 (has extras) }extra: Bundle[{turbo_power=false, technology=Li-ion, icon-small=17303398, max_charging_voltage=4407000, health=2, max_charging_current=723000, status=2, plugged=1, present=true, seq=15, charge_counter=0, level=88, scale=100, temperature=357, dash_charger=false, voltage=4407, invalid_charger=0}]Intent { act=android.intent.action.BATTERY_CHANGED flg=0x60000010 extras={turbo_power=false, technology=Li-ion, icon-small=17303398, max_charging_voltage=4407000, health=2, max_charging_current=723000, status=2, plugged=1, present=true, seq=15, charge_counter=0, level=88, scale=100, temperature=357, dash_charger=false, voltage=4407, invalid_charger=0} }
03-25 23:12:13.966  5773  5984 I Xposed  : X-APM-S-VERBOSE-BROADCAST-checkBroadcast returning: XAshmanServiceImpl.CheckResult(res=true, why=SAME_CALLER, logRecommended=true) for: com.qualcomm.timeservice receiverUid: 1000 callerUid: 1000 action: Intent { act=android.intent.action.BATTERY_CHANGED flg=0x60000010 (has extras) } comp: null, caller: com.qualcomm.timeservice
03-25 23:12:13.967  5773  5791 D X-APM-S-BROADCAST-: checkBroadcast@ intent: Intent { act=android.intent.action.BATTERY_CHANGED flg=0x60000010 (has extras) }extra: Bundle[{turbo_power=false, technology=Li-ion, icon-small=17303398, max_charging_voltage=4407000, health=2, max_charging_current=723000, status=2, plugged=1, present=true, seq=15, charge_counter=0, level=88, scale=100, temperature=357, dash_charger=false, voltage=4407, invalid_charger=0}]Intent { act=android.intent.action.BATTERY_CHANGED flg=0x60000010 extras={turbo_power=false, technology=Li-ion, icon-small=17303398, max_charging_voltage=4407000, health=2, max_charging_current=723000, status=2, plugged=1, present=true, seq=15, charge_counter=0, level=88, scale=100, temperature=357, dash_charger=false, voltage=4407, invalid_charger=0} }
03-25 23:12:13.968  5773  5984 I Xposed  : X-APM-S-VERBOSE-BROADCAST-checkBroadcast returning: XAshmanServiceImpl.CheckResult(res=true, why=SAME_CALLER, logRecommended=true) for: com.qualcomm.timeservice receiverUid: 1000 callerUid: 1000 action: Intent { act=android.intent.action.BATTERY_CHANGED flg=0x60000010 (has extras) } comp: null, caller: com.qualcomm.timeservice
03-25 23:12:13.969  5773  5791 D X-APM-S-BROADCAST-: checkBroadcast@ intent: Intent { act=android.intent.action.BATTERY_CHANGED flg=0x60000010 (has extras) }extra: Bundle[{turbo_power=false, technology=Li-ion, icon-small=17303398, max_charging_voltage=4407000, health=2, max_charging_current=723000, status=2, plugged=1, present=true, seq=15, charge_counter=0, level=88, scale=100, temperature=357, dash_charger=false, voltage=4407, invalid_charger=0}]Intent { act=android.intent.action.BATTERY_CHANGED flg=0x60000010 extras={turbo_power=false, technology=Li-ion, icon-small=17303398, max_charging_voltage=4407000, health=2, max_charging_current=723000, status=2, plugged=1, present=true, seq=15, charge_counter=0, level=88, scale=100, temperature=357, dash_charger=false, voltage=4407, invalid_charger=0} }
03-25 23:12:13.972  5773  5984 I Xposed  : X-APM-S-VERBOSE-BROADCAST-checkBroadcast returning: XAshmanServiceImpl.CheckResult(res=true, why=WHITE_LISTED, logRecommended=true) for: com.android.systemui receiverUid: 10004 callerUid: 1000 action: Intent { act=android.intent.action.BATTERY_CHANGED flg=0x60000010 (has extras) } comp: null, caller: com.qualcomm.timeservice
03-25 23:12:13.974  5773  5791 D X-APM-S-BROADCAST-: checkBroadcast@ intent: Intent { act=android.intent.action.BATTERY_CHANGED flg=0x60000010 (has extras) }extra: Bundle[{turbo_power=false, technology=Li-ion, icon-small=17303398, max_charging_voltage=4407000, health=2, max_charging_current=723000, status=2, plugged=1, present=true, seq=15, charge_counter=0, level=88, scale=100, temperature=357, dash_charger=false, voltage=4407, invalid_charger=0}]Intent { act=android.intent.action.BATTERY_CHANGED flg=0x60000010 extras={turbo_power=false, technology=Li-ion, icon-small=17303398, max_charging_voltage=4407000, health=2, max_charging_current=723000, status=2, plugged=1, present=true, seq=15, charge_counter=0, level=88, scale=100, temperature=357, dash_charger=false, voltage=4407, invalid_charger=0} }
03-25 23:12:13.975  5773  5984 I Xposed  : X-APM-S-VERBOSE-BROADCAST-checkBroadcast returning: XAshmanServiceImpl.CheckResult(res=true, why=SAME_CALLER, logRecommended=true) for: com.qualcomm.timeservice receiverUid: 1000 callerUid: 1000 action: Intent { act=android.intent.action.BATTERY_CHANGED flg=0x60000010 (has extras) } comp: null, caller: com.qualcomm.timeservice
03-25 23:12:13.975  5773  5773 I Xposed  : X-APM-S-VERBOSE-ProtectedBroadcastReceiver: receivedIntent { act=android.intent.action.BATTERY_CHANGED flg=0x60000010 (has extras) }
03-25 23:12:13.976  5773  5838 I Xposed  : X-APM-S-VERBOSE-MSG_ONBATTERYSTATECHANGE
03-25 23:12:13.976  5773  5838 I Xposed  : X-APM-S-VERBOSE-onBatteryStateChange: BatterState(status=2, level=88)
03-25 23:12:13.976  5773  5791 D X-APM-S-BROADCAST-: checkBroadcast@ intent: Intent { act=android.intent.action.BATTERY_CHANGED flg=0x60000010 (has extras) }extra: Bundle[{turbo_power=false, technology=Li-ion, icon-small=17303398, max_charging_voltage=4407000, health=2, max_charging_current=723000, status=2, plugged=1, present=true, seq=15, charge_counter=0, level=88, scale=100, temperature=357, dash_charger=false, voltage=4407, invalid_charger=0}]Intent { act=android.intent.action.BATTERY_CHANGED flg=0x60000010 extras={turbo_power=false, technology=Li-ion, icon-small=17303398, max_charging_voltage=4407000, health=2, max_charging_current=723000, status=2, plugged=1, present=true, seq=15, charge_counter=0, level=88, scale=100, temperature=357, dash_charger=false, voltage=4407, invalid_charger=0} }
03-25 23:12:13.977  5773  5984 I Xposed  : X-APM-S-VERBOSE-BROADCAST-checkBroadcast returning: XAshmanServiceImpl.CheckResult(res=true, why=WHITE_LISTED, logRecommended=true) for: com.android.systemui receiverUid: 10004 callerUid: 1000 action: Intent { act=android.intent.action.BATTERY_CHANGED flg=0x60000010 (has extras) } comp: null, caller: com.qualcomm.timeservice
03-25 23:12:13.983  5773  5791 D X-APM-S-BROADCAST-: checkBroadcast@ intent: Intent { act=android.intent.action.BATTERY_CHANGED flg=0x60000010 (has extras) }extra: Bundle[{turbo_power=false, technology=Li-ion, icon-small=17303398, max_charging_voltage=4407000, health=2, max_charging_current=723000, status=2, plugged=1, present=true, seq=15, charge_counter=0, level=88, scale=100, temperature=357, dash_charger=false, voltage=4407, invalid_charger=0}]Intent { act=android.intent.action.BATTERY_CHANGED flg=0x60000010 extras={turbo_power=false, technology=Li-ion, icon-small=17303398, max_charging_voltage=4407000, health=2, max_charging_current=723000, status=2, plugged=1, present=true, seq=15, charge_counter=0, level=88, scale=100, temperature=357, dash_charger=false, voltage=4407, invalid_charger=0} }
03-25 23:12:13.983  5773  5984 I Xposed  : X-APM-S-VERBOSE-BROADCAST-checkBroadcast returning: XAshmanServiceImpl.CheckResult(res=true, why=WHITE_LISTED, logRecommended=true) for: com.android.systemui receiverUid: 10004 callerUid: 1000 action: Intent { act=android.intent.action.BATTERY_CHANGED flg=0x60000010 (has extras) } comp: null, caller: com.qualcomm.timeservice
03-25 23:12:13.985  5773  5791 D X-APM-S-BROADCAST-: checkBroadcast@ intent: Intent { act=android.intent.action.BATTERY_CHANGED flg=0x60000010 (has extras) }extra: Bundle[{turbo_power=false, technology=Li-ion, icon-small=17303398, max_charging_voltage=4407000, health=2, max_charging_current=723000, status=2, plugged=1, present=true, seq=15, charge_counter=0, level=88, scale=100, temperature=357, dash_charger=false, voltage=4407, invalid_charger=0}]Intent { act=android.intent.action.BATTERY_CHANGED flg=0x60000010 extras={turbo_power=false, technology=Li-ion, icon-small=17303398, max_charging_voltage=4407000, health=2, max_charging_current=723000, status=2, plugged=1, present=true, seq=15, charge_counter=0, level=88, scale=100, temperature=357, dash_charger=false, voltage=4407, invalid_charger=0} }
03-25 23:12:13.985  5773  5791 I Xposed  : X-APM-S-WARN-XStopWatch(SERVICE START RULE CHECK, is GCM: false) start
03-25 23:12:13.985  5773  5791 I Xposed  : X-APM-S-VERBOSE-check rules patternAllow: [ALLOW com.qualcomm.timeservice com.android.bluetooth, ALLOW * com.android.bluetooth, ALLOW com.qualcomm.timeservice *, ALLOW * *, null, null], has rule: false
03-25 23:12:13.985  5773  5791 I Xposed  : X-APM-S-VERBOSE-check rules patternDeny: [DENY com.qualcomm.timeservice com.android.bluetooth, DENY * com.android.bluetooth, DENY com.qualcomm.timeservice *, null, null], has rule: false
03-25 23:12:13.985  5773  5791 I Xposed  : X-APM-S-WARN-XStopWatch(SERVICE START RULE CHECK, is GCM: false) stop: 1  (total 1)ms
03-25 23:12:13.986  5773  5984 I Xposed  : X-APM-S-VERBOSE-BROADCAST-checkBroadcast returning: XAshmanServiceImpl.CheckResult(res=true, why=SYSTEM_APP, logRecommended=true) for: com.android.bluetooth receiverUid: 1002 callerUid: 1000 action: Intent { act=android.intent.action.BATTERY_CHANGED flg=0x60000010 (has extras) } comp: null, caller: com.qualcomm.timeservice
03-25 23:12:13.995  5773  5791 D X-APM-S-BROADCAST-: checkBroadcast@ intent: Intent { act=android.intent.action.BATTERY_CHANGED flg=0x60000010 (has extras) }extra: Bundle[{turbo_power=false, technology=Li-ion, icon-small=17303398, max_charging_voltage=4407000, health=2, max_charging_current=723000, status=2, plugged=1, present=true, seq=15, charge_counter=0, level=88, scale=100, temperature=357, dash_charger=false, voltage=4407, invalid_charger=0}]Intent { act=android.intent.action.BATTERY_CHANGED flg=0x60000010 extras={turbo_power=false, technology=Li-ion, icon-small=17303398, max_charging_voltage=4407000, health=2, max_charging_current=723000, status=2, plugged=1, present=true, seq=15, charge_counter=0, level=88, scale=100, temperature=357, dash_charger=false, voltage=4407, invalid_charger=0} }
03-25 23:12:13.995  5773  5791 I Xposed  : X-APM-S-WARN-XStopWatch(SERVICE START RULE CHECK, is GCM: false) start
03-25 23:12:13.995  5773  5791 I Xposed  : X-APM-S-VERBOSE-check rules patternAllow: [ALLOW com.qualcomm.timeservice com.google.android.backuptransport, ALLOW * com.google.android.backuptransport, ALLOW com.qualcomm.timeservice *, ALLOW * *, null, null], has rule: false
03-25 23:12:13.995  5773  5791 I Xposed  : X-APM-S-VERBOSE-check rules patternDeny: [DENY com.qualcomm.timeservice com.google.android.backuptransport, DENY * com.google.android.backuptransport, DENY com.qualcomm.timeservice *, null, null], has rule: false
03-25 23:12:13.995  5773  5791 I Xposed  : X-APM-S-WARN-XStopWatch(SERVICE START RULE CHECK, is GCM: false) stop: 0  (total 0)ms
03-25 23:12:13.999  5773  5984 I Xposed  : X-APM-S-VERBOSE-BROADCAST-checkBroadcast returning: XAshmanServiceImpl.CheckResult(res=true, why=SYSTEM_APP, logRecommended=true) for: com.google.android.backuptransport receiverUid: 10014 callerUid: 1000 action: Intent { act=android.intent.action.BATTERY_CHANGED flg=0x60000010 (has extras) } comp: null, caller: com.qualcomm.timeservice
03-25 23:12:14.159  5773  6685 I Xposed  : X-APM-S-VERBOSE-checkBroadcastIntentSending: Intent { act=android.intent.action.SIG_STR (has extras) }, callingUid 1001
03-25 23:12:14.335  5773  6143 I Xposed  : X-APM-S-VERBOSE-checkBroadcastIntentSending: Intent { act=android.intent.action.SIG_STR (has extras) }, callingUid 1001
03-25 23:12:14.470  5773  5788 I Xposed  : X-APM-S-VERBOSE-checkBroadcastIntentSending: Intent { act=android.intent.action.SIG_STR (has extras) }, callingUid 1001
03-25 23:12:14.472  5773  6684 I Xposed  : X-APM-S-VERBOSE-checkBroadcastIntentSending: Intent { act=android.intent.action.SIG_STR (has extras) }, callingUid 1001
03-25 23:12:19.692  6047  6047 D X-APM-S-: onTouchEvent: com.android.systemui.statusbar.phone.StatusBarWindowView{d66936d V.ED..... ........ 0,0-1080,60}, id: -1
03-25 23:12:19.692  6047  6047 D X-APM-S-: onTouchEvent: com.android.systemui.statusbar.phone.StatusBarWindowView{d66936d V.ED..... ........ 0,0-1080,60}, id: -1
03-25 23:12:19.724  6705  6705 D X-APM-S-: onTouchEvent: ch.deletescape.lawnchair.BubbleTextView{8281009 VFED..CL. ........ 420,1232-630,1540 #e}, id: 14
03-25 23:12:19.752  6705  6705 D X-APM-S-: onTouchEvent: ch.deletescape.lawnchair.BubbleTextView{8281009 VFED..CL. ...p.... 420,1232-630,1540 #e}, id: 14
03-25 23:12:19.758  6705  6705 D X-APM-S-: onTouchEvent: ch.deletescape.lawnchair.BubbleTextView{8281009 VFED..CL. ...p.... 420,1232-630,1540 #e}, id: 14
03-25 23:12:19.765  5773  5975 D AudioService: Stream muted, skip playback
03-25 23:12:19.768  5773  8427 I Xposed  : X-APM-S-VERBOSE-checkIntent: Intent { act=android.intent.action.MAIN cat=[android.intent.category.LAUNCHER] flg=0x10200000 cmp=github.tornaco.xposedmoduletest/.ui.activity.NavigatorActivityBottomNav bnds=[435,1322][645,1630] (has extras) }
03-25 23:12:19.769  5773  8427 I Xposed  : X-APM-S-VERBOSE-onEarlyVerifyConfirm: startActivityMayWait calling by: 10119
03-25 23:12:19.769  5773  8427 I Xposed  : X-APM-S-VERBOSE-@@@@ ch.deletescape.lawnchair
03-25 23:12:19.769  5773  8427 I Xposed  : X-APM-S-VERBOSE-onEarlyVerifyConfirm, false@disabled:github.tornaco.xposedmoduletest
03-25 23:12:19.769  5773  8427 I Xposed  : X-APM-S-VERBOSE-onAppLaunched: github.tornaco.xposedmoduletest, reason: onEarlyVerifyConfirm
--------- beginning of system
03-25 23:12:19.769  5773  8427 I ActivityManager: START u0 {act=android.intent.action.MAIN cat=[android.intent.category.LAUNCHER] flg=0x10200000 cmp=github.tornaco.xposedmoduletest/.ui.activity.NavigatorActivityBottomNav bnds=[435,1322][645,1630] (has extras)} from uid 10119
03-25 23:12:19.769  5773  8427 I Xposed  : X-APM-S-DEBUG-START_ANY_ACTIVITY ALLOWED!!!
03-25 23:12:19.773  5773  8427 D X-APM-S-: updateConfiguration: android-400--2147483648
03-25 23:12:19.778  5773  8427 I Xposed  : X-APM-S-VERBOSE-notifyTaskCreated task 347 componentName ComponentInfo{github.tornaco.xposedmoduletest/github.tornaco.xposedmoduletest.ui.activity.NavigatorActivityBottomNav}
03-25 23:12:19.789  5773  5874 D X-APM-S-: updateConfiguration: android-400--2147483648
03-25 23:12:19.810  5773  6685 I ActivityManager: Start proc 10210:github.tornaco.xposedmoduletest/u0a139 for activity github.tornaco.xposedmoduletest/.ui.activity.NavigatorActivityBottomNav
03-25 23:12:19.829  5773  5874 D X-APM-S-: handleBindApplication: android-400--2147483648
03-25 23:12:19.834 10210 10210 I zygote  : Late-enabling -Xcheck:jni
03-25 23:12:19.901  5773  5788 I Xposed  : X-APM-S-VERBOSE-cancelNotification hooked for: com.google.android.googlequicksearchbox
03-25 23:12:19.913  5773  6666 I Xposed  : X-APM-S-VERBOSE-- createRecentTaskInfoFromTaskRecord exclude: false comp: ComponentInfo{com.android.vending/com.google.android.finsky.activities.MainActivity}
03-25 23:12:19.914  5773  6666 I Xposed  : X-APM-S-VERBOSE--AFTER createRecentTaskInfoFromTaskRecord exclude: false comp: ComponentInfo{com.android.vending/com.google.android.finsky.activities.MainActivity}
03-25 23:12:19.914  5773  6666 I Xposed  : X-APM-S-VERBOSE-- createRecentTaskInfoFromTaskRecord exclude: false comp: ComponentInfo{github.tornaco.xposedmoduletest/github.tornaco.xposedmoduletest.ui.activity.NavigatorActivityBottomNav}
03-25 23:12:19.914  5773  6666 I Xposed  : X-APM-S-VERBOSE--AFTER createRecentTaskInfoFromTaskRecord exclude: false comp: ComponentInfo{github.tornaco.xposedmoduletest/github.tornaco.xposedmoduletest.ui.activity.NavigatorActivityBottomNav}
03-25 23:12:19.914  5773  6666 I Xposed  : X-APM-S-VERBOSE-- createRecentTaskInfoFromTaskRecord exclude: false comp: ComponentInfo{com.coolapk.market/com.coolapk.market.view.main.MainActivity}
03-25 23:12:19.914  5773  6666 I Xposed  : X-APM-S-VERBOSE--AFTER createRecentTaskInfoFromTaskRecord exclude: false comp: ComponentInfo{com.coolapk.market/com.coolapk.market.view.main.MainActivity}
03-25 23:12:19.914  5773  6666 I Xposed  : X-APM-S-VERBOSE-- createRecentTaskInfoFromTaskRecord exclude: false comp: ComponentInfo{de.robv.android.xposed.installer/de.robv.android.xposed.installer.WelcomeActivity}
03-25 23:12:19.915  5773  6666 I Xposed  : X-APM-S-VERBOSE--AFTER createRecentTaskInfoFromTaskRecord exclude: false comp: ComponentInfo{de.robv.android.xposed.installer/de.robv.android.xposed.installer.WelcomeActivity}
03-25 23:12:19.915  5773  6666 I Xposed  : X-APM-S-VERBOSE-- createRecentTaskInfoFromTaskRecord exclude: false comp: ComponentInfo{com.example.guohao4.demo/com.example.guohao4.demo.MainActivity}
03-25 23:12:19.915  5773  6666 I Xposed  : X-APM-S-VERBOSE--AFTER createRecentTaskInfoFromTaskRecord exclude: false comp: ComponentInfo{com.example.guohao4.demo/com.example.guohao4.demo.MainActivity}
03-25 23:12:19.915  5773  6666 I Xposed  : X-APM-S-VERBOSE-- createRecentTaskInfoFromTaskRecord exclude: false comp: ComponentInfo{org.telegram.btcchat/org.telegram.ui.LaunchActivity}
03-25 23:12:19.916  5773  6666 I Xposed  : X-APM-S-VERBOSE--AFTER createRecentTaskInfoFromTaskRecord exclude: false comp: ComponentInfo{org.telegram.btcchat/org.telegram.ui.LaunchActivity}
03-25 23:12:19.916  5773  6666 I Xposed  : X-APM-S-VERBOSE-- createRecentTaskInfoFromTaskRecord exclude: false comp: ComponentInfo{com.android.settings/com.android.settings.Settings$VpnSettingsActivity}
03-25 23:12:19.916  5773  6666 I Xposed  : X-APM-S-VERBOSE--AFTER createRecentTaskInfoFromTaskRecord exclude: false comp: ComponentInfo{com.android.settings/com.android.settings.Settings$VpnSettingsActivity}
03-25 23:12:19.917  5773  6666 I Xposed  : X-APM-S-VERBOSE-- createRecentTaskInfoFromTaskRecord exclude: false comp: ComponentInfo{com.android.chrome/org.chromium.chrome.browser.ChromeTabbedActivity}
