05-04 14:41:46.134   685   692 V vold    : Starting restorecon of /data/system_ce/0
05-04 14:41:46.138   685   692 V vold    : Finished restorecon of /data/system_ce/0
05-04 14:41:46.138   685   692 V vold    : Starting restorecon of /data/misc_ce/0
05-04 14:41:46.141   685   692 V vold    : Finished restorecon of /data/misc_ce/0
05-04 14:41:46.161 26260 26260 I chatty  : uid=1000 system_server expire 40 lines
05-04 14:41:46.274 26260 26542 I chatty  : uid=1000 system_server expire 13 lines
05-04 14:41:46.509 25969 25969 I chatty  : uid=1000(system) expire 10 lines
05-04 14:41:46.771 26260 26281 I chatty  : uid=1000 system_server expire 11 lines
05-04 14:41:46.771 26260 26414 I chatty  : uid=1000 system_server expire 2 lines
05-04 14:41:46.772   685   691 D vold    : Linking /storage/emulated/0 to /mnt/user/0/primary
05-04 14:41:46.772 26260 26415 I chatty  : uid=1000 system_server expire 4 lines
05-04 14:41:46.871 26260 27292 I chatty  : uid=1000 system_server expire 8 lines
05-04 14:41:47.491 26631 26631 W ContextImpl: Calling a method in the system process without a qualified user: android.app.ContextImpl.bindService:1567 android.content.ContextWrapper.bindService:678 com.motorola.mya.fmwkwrapper.MayaFrameworkProxyService.bindMayaService:63 com.motorola.mya.fmwkwrapper.MayaFrameworkProxyService.-wrap0:0 com.motorola.mya.fmwkwrapper.MayaFrameworkProxyService$H.handleMessage:164 
05-04 14:41:47.658 26260 26622 I chatty  : uid=1000 system_server expire 28 lines
05-04 14:41:47.809 26260 26649 I chatty  : uid=1000 system_server expire 10 lines
05-04 14:41:48.058 26260 27546 I chatty  : uid=1000 system_server expire 1 line
05-04 14:41:48.588 26260 26668 I chatty  : uid=1000 system_server expire 11 lines
05-04 14:41:48.868 26260 26663 I chatty  : uid=1000 system_server expire 19 lines
05-04 14:41:49.167 26260 27865 I chatty  : uid=1000 system_server expire 1 line
05-04 14:41:49.226 26260 26681 I chatty  : uid=1000 system_server expire 13 lines
05-04 14:41:50.364 27217 27217 E ActivityThread: Failed to find provider info for com.google.android.gms.common.phenotype
05-04 14:41:52.030 26260 26483 I chatty  : uid=1000 system_server expire 11 lines
05-04 14:41:53.035 26260 26412 I chatty  : uid=1000 system_server expire 13 lines
05-04 14:41:53.978 26260 26282 I chatty  : uid=1000 system_server expire 10 lines
05-04 14:41:54.620 26260 28590 I chatty  : uid=1000 system_server expire 18 lines
05-04 14:41:54.754 26260 28632 I chatty  : uid=1000 system_server expire 13 lines
05-04 14:41:58.757 29119 29119 D ActivityThread: Loading provider com.google.android.gm.sapi: com.google.android.gm.sapi.SapiUiProvider
05-04 14:42:02.921 26260 26275 I chatty  : uid=1000 system_server expire 18 lines
05-04 14:42:04.225 26260 27684 I chatty  : uid=1000 system_server expire 13 lines
05-04 14:42:04.593 26260 26270 I chatty  : uid=1000 system_server expire 6 lines
05-04 14:42:04.939 26260 26342 I chatty  : uid=1000 system_server expire 4 lines
05-04 14:42:05.573 26260 26413 I chatty  : uid=1000 system_server expire 4 lines
05-04 14:42:05.799 27362 27362 W ContextImpl: Calling a method in the system process without a qualified user: android.app.ContextImpl.startService:1487 android.content.ContextWrapper.startService:644 android.content.ContextWrapper.startService:644 com.motorola.bach.modemstats.ModemStatsReceiver.startDataStallDetectService:124 com.motorola.bach.modemstats.ModemStatsReceiver.onReceive:76 
05-04 14:42:05.813 27362 27362 W ContextImpl: Calling a method in the system process without a qualified user: android.app.ContextImpl.startService:1487 android.content.ContextWrapper.startService:644 android.content.ContextWrapper.startService:644 com.motorola.bach.modemstats.ModemStatsReceiver.startModemStatsService:113 com.motorola.bach.modemstats.ModemStatsReceiver.onReceive:98 
05-04 14:42:05.827 26260 29662 I chatty  : uid=1000 system_server expire 10 lines
05-04 14:42:06.490 25969 25969 I chatty  : uid=1000(system) expire 10 lines
05-04 14:42:06.501 26260 26260 I chatty  : uid=1000 system_server expire 56 lines
05-04 14:42:06.590 27262 27262 E ActivityThread: Failed to find provider info for com.motorola.motoalexa.provider
05-04 14:42:06.792 26260 27184 I chatty  : uid=1000 system_server expire 78 lines
05-04 14:42:07.283 26631 26631 W ContextImpl: Calling a method in the system process without a qualified user: android.app.ContextImpl.startService:1487 android.content.ContextWrapper.startService:644 android.content.ContextWrapper.startService:644 com.motorola.ccc.plm.launchmanager.LaunchManagerReceiver.onReceive:18 android.app.ActivityThread.handleReceiver:3327 
05-04 14:42:07.718 26260 28594 I chatty  : uid=1000 system_server expire 15 lines
05-04 14:42:08.896 26260 30084 I chatty  : uid=1000 system_server expire 8 lines
05-04 14:42:08.970 30215 30215 W ContextImpl: Calling a method in the system process without a qualified user: android.app.ContextImpl.startService:1487 android.content.ContextWrapper.startService:644 android.content.ContextWrapper.startService:644 com.qualcomm.atfwd.AtFwdAutoboot.onReceive:24 android.app.ActivityThread.handleReceiver:3327 
05-04 14:42:09.282 26604 26604 W ContextImpl: Calling a method in the system process without a qualified user: android.app.ContextImpl.startService:1487 android.content.ContextWrapper.startService:644 android.content.ContextWrapper.startService:644 com.qualcomm.qti.uceShimService.RCSReceiver.onReceive:42 android.app.ActivityThread.handleReceiver:3327 
05-04 14:42:09.505 26260 26681 I chatty  : uid=1000 system_server expire 10 lines
05-04 14:42:09.906 26260 26591 I chatty  : uid=1000 system_server expire 10 lines
05-04 14:42:10.027 26260 26483 I chatty  : uid=1000 system_server expire 15 lines
05-04 14:42:12.219 26260 26323 I chatty  : uid=1000 system_server expire 11 lines
05-04 14:42:14.287 30768 30768 D ActivityThread: Loading provider com.google.android.gm.sapi: com.google.android.gm.sapi.SapiUiProvider
05-04 14:42:16.092 26631 26631 W ContextImpl: Calling a method in the system process without a qualified user: android.app.ContextImpl.startService:1487 android.content.ContextWrapper.startService:644 android.content.ContextWrapper.startService:644 com.motorola.ccc.main.StartUpReceiver.onReceive:21 android.app.ActivityThread.handleReceiver:3327 
05-04 14:42:16.600 26260 26624 I chatty  : uid=1000 system_server expire 10 lines
05-04 14:42:16.676 26631 30921 D ProcSpeedReader: Failed load GPU rate stats file
05-04 14:42:16.700 26631 30921 D ProcSpeedReader: Failed to read freq stats from null
05-04 14:42:16.792 26631 30921 I chatty  : uid=1000(system) com.motorola.process.system identical 13 lines
05-04 14:42:16.794 26631 30921 D ProcSpeedReader: Failed to read freq stats from null
05-04 14:42:16.930 26260 30909 I chatty  : uid=1000 system_server expire 8 lines
05-04 14:42:32.535 26260 26429 I chatty  : uid=1000 system_server expire 13 lines
05-04 14:42:40.405 27362 27362 W ContextImpl: Calling a method in the system process without a qualified user: android.app.ContextImpl.sendBroadcast:965 android.content.ContextWrapper.sendBroadcast:431 com.motorola.bach.modemstats.ModemStatsUtils$MyLocationListener.onLocationChanged:334 android.location.LocationManager$ListenerTransport._handleMessage:291 android.location.LocationManager$ListenerTransport.-wrap0:0 
05-04 14:42:40.496 26260 31070 I chatty  : uid=1000 system_server expire 1 line
05-04 14:42:43.181 26260 26542 I chatty  : uid=1000 system_server expire 6 lines
05-04 14:42:43.185 26631 30921 D ProcSpeedReader: Failed to read freq stats from null
05-04 14:42:43.204 26631 30921 D ProcSpeedReader: Failed to read freq stats from null
05-04 14:42:46.640 26260 28590 I chatty  : uid=1000 system_server expire 14 lines
05-04 14:42:46.708 26260 31089 I chatty  : uid=1000 system_server expire 10 lines
05-04 14:42:46.748 26260 26483 I chatty  : uid=1000 system_server expire 11 lines
05-04 14:42:46.940 26260 26260 I chatty  : uid=1000 system_server expire 17 lines
05-04 14:42:47.066 26260 31095 I chatty  : uid=1000 system_server expire 10 lines
05-04 14:42:47.699 30814 30814 I ActivityThread: Removing dead content provider:android.content.ContentProviderProxy@14be253
05-04 14:42:47.797 26260 30380 I chatty  : uid=1000 system_server expire 13 lines
05-04 14:42:47.861 26260 28594 I chatty  : uid=1000 system_server expire 11 lines
05-04 14:42:47.864 26260 27184 I chatty  : uid=1000 system_server expire 67 lines
05-04 14:42:48.138 26260 26663 I chatty  : uid=1000 system_server expire 8 lines
05-04 14:42:48.176 26260 31100 I chatty  : uid=1000 system_server expire 7 lines
05-04 14:42:48.466 26260 26681 I chatty  : uid=1000 system_server expire 1 line
05-04 14:42:48.475 26260 26282 I chatty  : uid=1000 system_server expire 10 lines
05-04 14:42:48.481 26260 31141 I chatty  : uid=1000 system_server expire 6 lines
05-04 14:42:48.487 26631 30921 D ProcSpeedReader: Failed to read freq stats from null
05-04 14:42:48.582 26260 26649 I chatty  : uid=1000 system_server expire 31 lines
05-04 14:42:48.778 26631 30921 D ProcSpeedReader: Failed to read freq stats from null
05-04 14:42:48.969 26260 31124 I chatty  : uid=1000 system_server expire 27 lines
05-04 14:42:53.469 26631 30921 D ProcSpeedReader: Failed to read freq stats from null
05-04 14:42:53.480 26631 30921 D ProcSpeedReader: Failed to read freq stats from null
05-04 14:42:54.351 25969 25983 I chatty  : uid=1000(system) expire 22 lines
05-04 14:42:55.008 25969 25969 I chatty  : uid=1000(system) expire 12 lines
05-04 14:42:55.313 26631 30921 D ProcSpeedReader: Failed to read freq stats from null
05-04 14:42:55.328 26631 30921 D ProcSpeedReader: Failed to read freq stats from null
05-04 14:42:58.883 26631 30921 D ProcSpeedReader: Failed to read freq stats from null
05-04 14:42:58.940 26631 30921 D ProcSpeedReader: Failed to read freq stats from null
05-04 14:43:04.173 26631 30921 D ProcSpeedReader: Failed to read freq stats from null
05-04 14:43:04.207 26631 30921 D ProcSpeedReader: Failed to read freq stats from null
05-04 14:43:23.537 26631 30921 D ProcSpeedReader: Failed to read freq stats from null
05-04 14:43:23.577 26631 30921 D ProcSpeedReader: Failed to read freq stats from null
05-04 14:43:25.005 26631 30921 D ProcSpeedReader: Failed to read freq stats from null
05-04 14:43:25.036 26631 30921 D ProcSpeedReader: Failed to read freq stats from null
05-04 14:43:25.080 26260 27684 I chatty  : uid=1000 system_server expire 10 lines
05-04 14:43:25.490 26260 28632 I chatty  : uid=1000 system_server expire 7 lines
05-04 14:43:25.626 26260 26323 I chatty  : uid=1000 system_server expire 10 lines
05-04 14:43:27.028 26631 30921 D ProcSpeedReader: Failed to read freq stats from null
05-04 14:43:27.136 26631 30921 D ProcSpeedReader: Failed to read freq stats from null
05-04 14:43:27.302 26631 30921 D ProcSpeedReader: Failed to read freq stats from null
05-04 14:43:27.307 26631 30921 D ProcSpeedReader: Failed to read freq stats from null
05-04 14:43:28.089 26260 26622 I chatty  : uid=1000 system_server expire 10 lines
05-04 14:43:29.352 26260 26260 I chatty  : uid=1000 system_server expire 43 lines
05-04 14:43:36.079 25969 25969 I chatty  : uid=1000(system) expire 18 lines
05-04 14:43:38.187 26260 31103 I chatty  : uid=1000 system_server expire 12 lines
05-04 14:43:44.495 26260 26274 I chatty  : uid=1000 system_server expire 11 lines
05-04 14:43:49.807 26000 26046 F libc    : Fatal signal 6 (SIGABRT), code -6 in tid 26046 (CamModEventHand)
05-04 14:43:49.861 31656 31656 F DEBUG   : *** *** *** *** *** *** *** *** *** *** *** *** *** *** *** ***
05-04 14:43:49.861 31656 31656 F DEBUG   : Build fingerprint: 'motorola/nash_retcn/nash:8.0.0/OCX27.109-48/47:user/release-keys'
05-04 14:43:49.861 31656 31656 F DEBUG   : Revision: 'pvt'
05-04 14:43:49.861 31656 31656 F DEBUG   : ABI: 'arm'
05-04 14:43:49.861 31656 31656 F DEBUG   : pid: 26000, tid: 26046, name: CamModEventHand  >>> /system/bin/cameraserver <<<
05-04 14:43:49.861 31656 31656 F DEBUG   : signal 6 (SIGABRT), code -6 (SI_TKILL), fault addr --------
05-04 14:43:49.864 31656 31656 F DEBUG   : Abort message: 'registerToModManager: ModManager is not starting'
05-04 14:43:49.864 31656 31656 F DEBUG   :     r0 00000000  r1 000065be  r2 00000006  r3 00000008
05-04 14:43:49.864 31656 31656 F DEBUG   :     r4 00006590  r5 000065be  r6 e521f480  r7 0000010c
05-04 14:43:49.864 31656 31656 F DEBUG   :     r8 e521f8f0  r9 e5ab328c  sl 00000001  fp e5ab3270
05-04 14:43:49.864 31656 31656 F DEBUG   :     ip 00000000  sp e521f470  lr e60bd717  pc e60eddd0  cpsr 200f0010
05-04 14:43:49.893 31656 31656 F DEBUG   : 
05-04 14:43:49.893 31656 31656 F DEBUG   : backtrace:
05-04 14:43:49.893 31656 31656 F DEBUG   :     #00 pc 0004add0  /system/lib/libc.so (tgkill+12)
05-04 14:43:49.893 31656 31656 F DEBUG   :     #01 pc 0001a713  /system/lib/libc.so (abort+54)
05-04 14:43:49.893 31656 31656 F DEBUG   :     #02 pc 00006699  /system/lib/liblog.so (__android_log_assert+152)
05-04 14:43:49.893 31656 31656 F DEBUG   :     #03 pc 000cf56f  /system/lib/libcameraservice.so (_ZN7android24MotCameraProviderManager20registerToModManagerEv+38)
05-04 14:43:49.893 31656 31656 F DEBUG   :     #04 pc 000cf5df  /system/lib/libcameraservice.so (_ZN7android24MotCameraProviderManager19modListenerCallbackEi+34)
05-04 14:43:49.893 31656 31656 F DEBUG   :     #05 pc 000d2ed7  /system/lib/libcameraservice.so (_ZN7android20MotCameraModListener12EventHandler10threadLoopEv+130)
05-04 14:43:49.893 31656 31656 F DEBUG   :     #06 pc 0000d461  /system/lib/libutils.so (_ZN7android6Thread11_threadLoopEPv+140)
05-04 14:43:49.893 31656 31656 F DEBUG   :     #07 pc 000480e7  /system/lib/libc.so (_ZL15__pthread_startPv+22)
05-04 14:43:49.893 31656 31656 F DEBUG   :     #08 pc 0001b385  /system/lib/libc.so (__start_thread+32)
05-04 14:43:49.957 26260 26464 I chatty  : uid=1000 system_server expire 2 lines
05-04 14:43:49.960 26260 26279 I chatty  : uid=1000 system_server expire 2 lines
05-04 14:43:49.972 26260 26580 I chatty  : uid=1000 system_server expire 2 lines
05-04 14:44:15.777 26260 26275 I chatty  : uid=1000 system_server expire 10 lines
05-04 14:44:17.205 26003 26003 W wificond: Scan is not started. Ignore abort request
05-04 14:44:18.172 25969 25983 I chatty  : uid=1000(system) expire 13 lines
05-04 14:44:18.218 26002 26056 D NetlinkEvent: Unknown ND option type 31
05-04 14:44:19.748 26002 26055 E NetlinkEvent: NetlinkEvent::FindParam(): Parameter 'INTERFACE' not found
05-04 14:44:19.748 26002 26055 E NetlinkEvent: NetlinkEvent::FindParam(): Parameter 'STATE' not found
05-04 14:44:19.748 26002 26055 E NetlinkEvent: NetlinkEvent::FindParam(): Parameter 'TIME_NS' not found
05-04 14:44:19.748 26002 26055 E NetlinkEvent: NetlinkEvent::FindParam(): Parameter 'UID' not found
05-04 14:44:19.844 26631 26631 W ContextImpl: Calling a method in the system process without a qualified user: android.app.ContextImpl.sendBroadcast:980 android.content.ContextWrapper.sendBroadcast:436 com.motorola.blur.service.blur.BSUtils.sendBroadcast:151 com.motorola.blur.service.blur.BSUtils.sendBroadcast:146 com.motorola.ccc.plm.pollingmanager.PollingManagerService$MyConnectivityReceiver.sendConnectivityIntent:599 
05-04 14:44:20.152 26260 26429 I chatty  : uid=1000 system_server expire 6 lines
05-04 14:44:20.317 26260 26260 I chatty  : uid=1000 system_server expire 17 lines
05-04 14:44:22.005 26260 28590 I chatty  : uid=1000 system_server expire 10 lines
05-04 14:44:24.822 25969 25969 I chatty  : uid=1000(system) expire 31 lines
05-04 14:44:37.371 26631 30921 D ProcSpeedReader: Failed to read freq stats from null
05-04 14:44:37.462 26631 30921 D ProcSpeedReader: Failed to read freq stats from null
05-04 14:44:37.558 26260 26282 I chatty  : uid=1000 system_server expire 10 lines
05-04 14:44:45.509 25969 25969 I chatty  : uid=1000(system) expire 12 lines
05-04 14:44:48.106 26631 30921 D ProcSpeedReader: Failed to read freq stats from null
05-04 14:44:48.122 26631 30921 D ProcSpeedReader: Failed to read freq stats from null
05-04 14:44:49.169 26631 30921 D ProcSpeedReader: Failed to read freq stats from null
05-04 14:44:49.182 26631 30921 D ProcSpeedReader: Failed to read freq stats from null
05-04 14:44:50.202 26631 30921 D ProcSpeedReader: Failed to read freq stats from null
05-04 14:44:50.216 26631 30921 D ProcSpeedReader: Failed to read freq stats from null
05-04 14:44:56.846 26260 26323 I chatty  : uid=1000 system_server expire 10 lines
05-04 14:44:57.154 26631 30921 D ProcSpeedReader: Failed to read freq stats from null
05-04 14:44:57.165 26631 30921 D ProcSpeedReader: Failed to read freq stats from null
05-04 14:45:06.394 25969 25983 I chatty  : uid=1000(system) expire 10 lines
05-04 14:45:08.040 26631 30921 D ProcSpeedReader: Failed to read freq stats from null
05-04 14:45:08.062 26631 30921 D ProcSpeedReader: Failed to read freq stats from null
05-04 14:45:10.428 25969 25969 I chatty  : uid=1000(system) expire 10 lines
05-04 14:45:11.087 26631 30921 D ProcSpeedReader: Failed to read freq stats from null
05-04 14:45:11.099 26631 30921 D ProcSpeedReader: Failed to read freq stats from null
05-04 14:45:58.603 26631 30921 D ProcSpeedReader: Failed to read freq stats from null
05-04 14:45:58.633 26631 30921 D ProcSpeedReader: Failed to read freq stats from null
05-04 14:45:59.546 26631 30921 D ProcSpeedReader: Failed to read freq stats from null
05-04 14:45:59.557 26631 30921 D ProcSpeedReader: Failed to read freq stats from null
05-04 14:45:59.671 26260 26483 I chatty  : uid=1000 system_server expire 10 lines
05-04 14:46:01.738 25969 25969 I chatty  : uid=1000(system) expire 10 lines
05-04 14:46:04.888 26260 26412 I chatty  : uid=1000 system_server expire 10 lines
05-04 14:46:04.897 26631 30921 D ProcSpeedReader: Failed to read freq stats from null
05-04 14:46:04.941 26631 30921 D ProcSpeedReader: Failed to read freq stats from null
05-04 14:46:11.682 26631 30921 D ProcSpeedReader: Failed to read freq stats from null
05-04 14:46:11.694 26631 30921 D ProcSpeedReader: Failed to read freq stats from null
05-04 14:46:12.544 26260 26280 I chatty  : uid=1000 system_server expire 10 lines
05-04 14:46:15.213 26631 30921 D ProcSpeedReader: Failed to read freq stats from null
05-04 14:46:15.252 26631 30921 D ProcSpeedReader: Failed to read freq stats from null
05-04 14:46:15.446 26260 28590 I chatty  : uid=1000 system_server expire 10 lines
05-04 14:46:16.050 26260 31089 I chatty  : uid=1000 system_server expire 12 lines
05-04 14:46:16.717 25969 25983 I chatty  : uid=1000(system) expire 11 lines
05-04 14:46:16.893 26631 30921 D ProcSpeedReader: Failed to read freq stats from null
05-04 14:46:16.904 26631 30921 D ProcSpeedReader: Failed to read freq stats from null
05-04 14:46:16.926 26260 26282 I chatty  : uid=1000 system_server expire 12 lines
05-04 14:46:17.001 32066 32066 E ActivityThread: Failed to find provider info for com.google.android.gms.common.phenotype
05-04 14:46:17.097 26260 26281 I chatty  : uid=1000 system_server expire 18 lines
05-04 14:46:17.274 25969 25969 I chatty  : uid=1000(system) expire 13 lines
05-04 14:46:18.970 26260 31124 I chatty  : uid=1000 system_server expire 11 lines
05-04 14:46:27.942 26631 30921 D ProcSpeedReader: Failed to read freq stats from null
05-04 14:46:27.961 26631 30921 D ProcSpeedReader: Failed to read freq stats from null
05-04 14:46:29.800 25969 25969 I chatty  : uid=1000(system) expire 10 lines
05-04 14:46:31.340 26631 30921 D ProcSpeedReader: Failed to read freq stats from null
05-04 14:46:31.365 26631 30921 D ProcSpeedReader: Failed to read freq stats from null
05-04 14:46:35.250 26631 30921 D ProcSpeedReader: Failed to read freq stats from null
05-04 14:46:35.262 26631 30921 D ProcSpeedReader: Failed to read freq stats from null
05-04 14:46:49.028 26631 30921 D ProcSpeedReader: Failed to read freq stats from null
05-04 14:46:49.101 26631 30921 D ProcSpeedReader: Failed to read freq stats from null
05-04 14:46:49.178 26631 30921 D ProcSpeedReader: Failed to read freq stats from null
05-04 14:46:49.191 26631 30921 D ProcSpeedReader: Failed to read freq stats from null
05-04 14:46:49.344 26260 26622 I chatty  : uid=1000 system_server expire 10 lines
05-04 14:46:49.355 26631 30921 D ProcSpeedReader: Failed to read freq stats from null
05-04 14:46:49.364 26631 30921 D ProcSpeedReader: Failed to read freq stats from null
05-04 14:46:50.887 26631 30921 D ProcSpeedReader: Failed to read freq stats from null
05-04 14:46:50.896 26631 30921 D ProcSpeedReader: Failed to read freq stats from null
05-04 14:46:51.031 26260 26260 I chatty  : uid=1000 system_server expire 22 lines
05-04 14:46:52.121 26260 26294 I chatty  : uid=1000 system_server expire 11 lines
05-04 14:46:52.758 26631 30921 D ProcSpeedReader: Failed to read freq stats from null
05-04 14:46:52.826 26631 30921 D ProcSpeedReader: Failed to read freq stats from null
05-04 14:46:53.644 26260 29662 I chatty  : uid=1000 system_server expire 10 lines
05-04 14:47:01.597 26631 30921 D ProcSpeedReader: Failed to read freq stats from null
05-04 14:47:01.614 26631 30921 I chatty  : uid=1000(system) com.motorola.process.system identical 7 lines
05-04 14:47:01.643 26631 30921 D ProcSpeedReader: Failed to read freq stats from null
05-04 14:47:01.794 25969 25969 I chatty  : uid=1000(system) expire 10 lines
05-04 14:47:11.484 26631 30921 D ProcSpeedReader: Failed to read freq stats from null
05-04 14:47:11.542 26631 30921 D ProcSpeedReader: Failed to read freq stats from null
05-04 14:47:14.296 26631 30921 D ProcSpeedReader: Failed to read freq stats from null
05-04 14:47:14.310 26631 30921 D ProcSpeedReader: Failed to read freq stats from null
05-04 14:47:17.027 26631 30921 D ProcSpeedReader: Failed to read freq stats from null
05-04 14:47:17.038 26631 30921 D ProcSpeedReader: Failed to read freq stats from null
05-04 14:47:18.023 25969 25983 I chatty  : uid=1000(system) expire 10 lines
05-04 14:47:18.748 26631 30921 D ProcSpeedReader: Failed to read freq stats from null
05-04 14:47:18.766 26631 30921 D ProcSpeedReader: Failed to read freq stats from null
05-04 14:47:20.126 26260 31103 I chatty  : uid=1000 system_server expire 8 lines
05-04 14:47:20.131 26631 30921 D ProcSpeedReader: Failed to read freq stats from null
05-04 14:47:20.140 26631 30921 D ProcSpeedReader: Failed to read freq stats from null
05-04 14:47:21.409 26631 30921 D ProcSpeedReader: Failed to read freq stats from null
05-04 14:47:21.459 26631 30921 D ProcSpeedReader: Failed to read freq stats from null
05-04 14:47:22.314 26260 26274 I chatty  : uid=1000 system_server expire 10 lines
05-04 14:47:24.069 25969 25969 I chatty  : uid=1000(system) expire 12 lines
05-04 14:47:30.302 26631 30921 D ProcSpeedReader: Failed to read freq stats from null
05-04 14:47:30.356 26631 30921 D ProcSpeedReader: Failed to read freq stats from null
05-04 14:47:31.505 26631 30921 D ProcSpeedReader: Failed to read freq stats from null
05-04 14:47:31.570 26631 30921 D ProcSpeedReader: Failed to read freq stats from null
05-04 14:47:31.751 26260 26282 I chatty  : uid=1000 system_server expire 11 lines
05-04 14:47:32.216 26260 26275 I chatty  : uid=1000 system_server expire 11 lines
05-04 14:47:41.188 26260 26294 I chatty  : uid=1000 system_server expire 16 lines
05-04 14:47:41.407 26260 26483 I chatty  : uid=1000 system_server expire 10 lines
05-04 14:47:41.517 26260 26260 I chatty  : uid=1000 system_server expire 13 lines
05-04 14:47:42.936   685   691 D vold    : Remounting 10190 as mode read
05-04 14:47:42.957   685   691 D vold    : Found matching PID 1428
05-04 14:47:42.960   685   691 D vold    : Found matching PID 1587
05-04 14:47:42.966   685   691 D vold    : Found matching PID 1668
05-04 14:47:42.966   685   691 W vold    : Failed to read namespace for 1668: No such file or directory
05-04 14:47:42.967   685   691 D vold    : Found matching PID 1757
05-04 14:47:42.967   685   691 W vold    : Failed to read namespace for 1757: No such file or directory
05-04 14:47:42.969   685   691 D vold    : Found matching PID 1877
05-04 14:47:42.982   685   691 D vold    : Remounting 10190 as mode write
05-04 14:47:42.995   685   691 D vold    : Found matching PID 1428
05-04 14:47:42.999   685   691 D vold    : Found matching PID 1587
05-04 14:47:43.005   685   691 D vold    : Found matching PID 1668
05-04 14:47:43.005   685   691 W vold    : Failed to read namespace for 1668: No such file or directory
05-04 14:47:43.005   685   691 D vold    : Found matching PID 1757
05-04 14:47:43.005   685   691 W vold    : Failed to read namespace for 1757: No such file or directory
05-04 14:47:43.008   685   691 D vold    : Found matching PID 1877
05-04 14:47:44.801 26631 30921 D ProcSpeedReader: Failed to read freq stats from null
05-04 14:47:44.860 26631 30921 D ProcSpeedReader: Failed to read freq stats from null
05-04 14:47:47.210  2134  2134 F libc    : CANNOT LINK EXECUTABLE "sh": "/system/lib/libc++.so" is 32-bit instead of 64-bit
05-04 14:47:47.210  2134  2134 F libc    : Fatal signal 6 (SIGABRT), code -6 in tid 2134 (sh)
05-04 14:47:47.262  2138  2138 F DEBUG   : *** *** *** *** *** *** *** *** *** *** *** *** *** *** *** ***
05-04 14:47:47.262  2138  2138 F DEBUG   : Build fingerprint: 'motorola/nash_retcn/nash:8.0.0/OCX27.109-48/47:user/release-keys'
05-04 14:47:47.262  2138  2138 F DEBUG   : Revision: 'pvt'
05-04 14:47:47.263  2138  2138 F DEBUG   : ABI: 'arm64'
05-04 14:47:47.263  2138  2138 F DEBUG   : pid: 2134, tid: 2134, name: sh  >>> sh <<<
05-04 14:47:47.263  2138  2138 F DEBUG   : signal 6 (SIGABRT), code -6 (SI_TKILL), fault addr --------
05-04 14:47:47.263  2138  2138 F DEBUG   : Abort message: 'CANNOT LINK EXECUTABLE "sh": "/system/lib/libc++.so" is 32-bit instead of 64-bit'
05-04 14:47:47.264  2138  2138 F DEBUG   :     x0   0000000000000000  x1   0000000000000856  x2   0000000000000006  x3   0000000000000008
05-04 14:47:47.264  2138  2138 F DEBUG   :     x4   8080808000808080  x5   8080808000808080  x6   8080808000808080  x7   0000000000000008
05-04 14:47:47.264  2138  2138 F DEBUG   :     x8   0000000000000083  x9   9ac6d7cd80622935  x10  0000000000000000  x11  0000000000000001
05-04 14:47:47.264  2138  2138 F DEBUG   :     x12  ffffffffffffffff  x13  0000000000000001  x14  000c753eb4574cad  x15  000014b312a2d766
05-04 14:47:47.264  2138  2138 F DEBUG   :     x16  0000000000000004  x17  2a997dc14b87317f  x18  9a4b4776865aeb5a  x19  0000000000000856
05-04 14:47:47.264  2138  2138 F DEBUG   :     x20  0000000000000856  x21  000000010badabf6  x22  0000007fe7a9cc48  x23  000000010bb21a18
05-04 14:47:47.264  2138  2138 F DEBUG   :     x24  0000007f9861d280  x25  0000007f9861e808  x26  0000007f9861e868  x27  0000007fe7a9dc40
05-04 14:47:47.264  2138  2138 F DEBUG   :     x28  0000007f9861e000  x29  0000007fe7a9c810  x30  0000007f985c5d2c
05-04 14:47:47.264  2138  2138 F DEBUG   :     sp   0000007fe7a9c7d0  pc   0000007f985d51b8  pstate 0000000060000000
05-04 14:47:47.268  2138  2138 F DEBUG   : 
05-04 14:47:47.268  2138  2138 F DEBUG   : backtrace:
05-04 14:47:47.268  2138  2138 F DEBUG   :     #00 pc 00000000000a01b8  /system/bin/linker64 (__dl_tgkill+8)
05-04 14:47:47.268  2138  2138 F DEBUG   :     #01 pc 0000000000090d28  /system/bin/linker64 (__dl_abort+88)
05-04 14:47:47.268  2138  2138 F DEBUG   :     #02 pc 0000000000026c1c  /system/bin/linker64 (__dl___libc_fatal+116)
05-04 14:47:47.269  2138  2138 F DEBUG   :     #03 pc 000000000001b6e4  /system/bin/linker64 (__dl___linker_init+3368)
05-04 14:47:47.269  2138  2138 F DEBUG   :     #04 pc 00000000000218f8  /system/bin/linker64 (_start+4)
05-04 14:47:50.233 26631 30921 D ProcSpeedReader: Failed to read freq stats from null
05-04 14:47:50.249 26631 30921 D ProcSpeedReader: Failed to read freq stats from null
05-04 14:47:57.955 25969 25969 I chatty  : uid=1000(system) expire 88 lines
05-04 14:48:03.914 25969 25983 I chatty  : uid=1000(system) expire 42 lines
05-04 14:50:08.891 26631 30921 D ProcSpeedReader: Failed to read freq stats from null
05-04 14:50:08.897 26631 30921 D ProcSpeedReader: Failed to read freq stats from null
05-04 14:50:10.482 26631 30921 D ProcSpeedReader: Failed to read freq stats from null
05-04 14:50:10.490 26631 30921 D ProcSpeedReader: Failed to read freq stats from null
05-04 14:50:11.212 25969 25983 I chatty  : uid=1000(system) expire 1 line
05-04 14:50:20.592 25969 25981 I chatty  : uid=1000(system) expire 203 lines
05-04 14:51:37.432 25969 25969 I chatty  : uid=1000(system) expire 12 lines
05-04 14:52:08.657 26260 26323 I chatty  : uid=1000 system_server expire 11 lines
05-04 14:52:13.137 26260 26260 I chatty  : uid=1000 system_server expire 12 lines
05-04 15:00:45.025 26631 30921 D ProcSpeedReader: Failed to read freq stats from null
05-04 15:00:45.074 26631 30921 D ProcSpeedReader: Failed to read freq stats from null
05-04 15:00:47.392 26260 26260 I chatty  : uid=1000 system_server expire 45 lines
05-04 15:00:47.669 25969 25981 I chatty  : uid=1000(system) expire 30 lines
05-04 15:00:47.743 26631 30921 D ProcSpeedReader: Failed to read freq stats from null
05-04 15:00:47.753 26631 30921 D ProcSpeedReader: Failed to read freq stats from null
05-04 15:00:48.817 26631 30921 D ProcSpeedReader: Failed to read freq stats from null
05-04 15:00:48.832 26631 30921 D ProcSpeedReader: Failed to read freq stats from null
05-04 15:00:50.713 26631 30921 D ProcSpeedReader: Failed to read freq stats from null
05-04 15:00:50.717 26260 26591 I chatty  : uid=1000 system_server expire 9 lines
05-04 15:00:50.724 26631 30921 D ProcSpeedReader: Failed to read freq stats from null
05-04 15:00:53.047 26260 26412 I chatty  : uid=1000 system_server expire 10 lines
05-04 15:00:53.050 26631 30921 D ProcSpeedReader: Failed to read freq stats from null
05-04 15:00:53.090 26631 30921 D ProcSpeedReader: Failed to read freq stats from null
05-04 15:00:55.212 26631 30921 D ProcSpeedReader: Failed to read freq stats from null
05-04 15:00:56.253 26260  3051 I chatty  : uid=1000 system_server expire 7 lines
05-04 15:00:56.266  3013  3013 E AndroidRuntime: FATAL EXCEPTION: main
05-04 15:00:56.266  3013  3013 E AndroidRuntime: Process: com.motorola.ccc, PID: 3013
05-04 15:00:56.266  3013  3013 E AndroidRuntime: java.lang.RuntimeException: Unable to start receiver com.motorola.ccc.devicemanagement.ModsReceiver: java.lang.IllegalStateException: Blur Services Mother is not initialized
05-04 15:00:56.266  3013  3013 E AndroidRuntime: 	at android.app.ActivityThread.handleReceiver(ActivityThread.java:3334)
05-04 15:00:56.266  3013  3013 E AndroidRuntime: 	at android.app.ActivityThread.-wrap17(Unknown Source:0)
05-04 15:00:56.266  3013  3013 E AndroidRuntime: 	at android.app.ActivityThread$H.handleMessage(ActivityThread.java:1739)
05-04 15:00:56.266  3013  3013 E AndroidRuntime: 	at android.os.Handler.dispatchMessage(Handler.java:105)
05-04 15:00:56.266  3013  3013 E AndroidRuntime: 	at android.os.Looper.loop(Looper.java:164)
05-04 15:00:56.266  3013  3013 E AndroidRuntime: 	at android.app.ActivityThread.main(ActivityThread.java:6665)
05-04 15:00:56.266  3013  3013 E AndroidRuntime: 	at java.lang.reflect.Method.invoke(Native Method)
05-04 15:00:56.266  3013  3013 E AndroidRuntime: 	at com.android.internal.os.Zygote$MethodAndArgsCaller.run(Zygote.java:240)
05-04 15:00:56.266  3013  3013 E AndroidRuntime: 	at com.android.internal.os.ZygoteInit.main(ZygoteInit.java:772)
05-04 15:00:56.266  3013  3013 E AndroidRuntime: 	at de.robv.android.xposed.XposedBridge.main(XposedBridge.java:108)
05-04 15:00:56.266  3013  3013 E AndroidRuntime: Caused by: java.lang.IllegalStateException: Blur Services Mother is not initialized
05-04 15:00:56.266  3013  3013 E AndroidRuntime: 	at com.motorola.blur.service.blur.BlurServiceMother.getInstance(BlurServiceMother.java:984)
05-04 15:00:56.266  3013  3013 E AndroidRuntime: 	at com.motorola.ccc.devicemanagement.ModsReceiver.onReceive(ModsReceiver.java:57)
05-04 15:00:56.266  3013  3013 E AndroidRuntime: 	at android.app.ActivityThread.handleReceiver(ActivityThread.java:3327)
05-04 15:00:56.266  3013  3013 E AndroidRuntime: 	... 9 more
05-04 15:00:56.273 26631 26631 W ContextImpl: Calling a method in the system process without a qualified user: android.app.ContextImpl.sendBroadcast:980 android.content.ContextWrapper.sendBroadcast:436 com.motorola.blur.service.blur.BSUtils.sendBroadcast:151 com.motorola.blur.service.blur.BSUtils.sendBroadcast:146 com.motorola.ccc.plm.pollingmanager.PollingManagerService$MyConnectivityReceiver.sendConnectivityIntent:599 
05-04 15:00:56.317 26260 29965 I chatty  : uid=1000 system_server expire 10 lines
05-04 15:00:56.361 26631 26631 W ContextImpl: Calling a method in the system process without a qualified user: android.app.ContextImpl.bindService:1567 android.content.ContextWrapper.bindService:678 com.motorola.modservice.fmwkwrapper.IntentReceiver.onReceive:158 android.app.ActivityThread.handleReceiver:3327 android.app.ActivityThread.-wrap17:0 
05-04 15:00:56.826  1587  1902 E ActivityThread: Failed to find provider info for com.sina.weibo.sdkProvider
05-04 15:00:56.901 26631 26631 W ContextImpl: Calling a method in the system process without a qualified user: android.app.ContextImpl.sendBroadcast:980 android.content.ContextWrapper.sendBroadcast:436 com.motorola.blur.service.blur.BSUtils.sendBroadcast:151 com.motorola.blur.service.blur.BSUtils.sendBroadcast:146 com.motorola.ccc.plm.pollingmanager.PollingManagerService$MyConnectivityReceiver.sendConnectivityIntent:599 
05-04 15:01:06.848 25969 25969 I chatty  : uid=1000(system) expire 12 lines
05-04 15:02:39.699 26631 30921 D ProcSpeedReader: Failed to read freq stats from null
05-04 15:02:39.863 26260 26260 I chatty  : uid=1000 system_server expire 42 lines
05-04 15:02:40.450 25969 25981 I chatty  : uid=1000(system) expire 28 lines
05-04 15:02:42.749 26631 30921 D ProcSpeedReader: Failed to read freq stats from null
05-04 15:02:42.761 26631 30921 D ProcSpeedReader: Failed to read freq stats from null
05-04 15:02:46.614 26631 30921 D ProcSpeedReader: Failed to read freq stats from null
05-04 15:02:46.661 26631 30921 D ProcSpeedReader: Failed to read freq stats from null
05-04 15:02:48.465 26260 26290 I chatty  : uid=1000 system_server expire 10 lines
05-04 15:02:48.476 26631 30921 D ProcSpeedReader: Failed to read freq stats from null
05-04 15:02:48.509 26260 26282 I chatty  : uid=1000 system_server expire 12 lines
05-04 15:02:48.793 26260  3263 I chatty  : uid=1000 system_server expire 3 lines
05-04 15:02:48.838 26631 26631 W ContextImpl: Calling a method in the system process without a qualified user: android.app.ContextImpl.sendBroadcast:980 android.content.ContextWrapper.sendBroadcast:436 com.motorola.blur.service.blur.BSUtils.sendBroadcast:151 com.motorola.blur.service.blur.BSUtils.sendBroadcast:146 com.motorola.ccc.plm.pollingmanager.PollingManagerService$MyConnectivityReceiver.sendConnectivityIntent:599 
05-04 15:02:48.983 26631 26631 W ContextImpl: Calling a method in the system process without a qualified user: android.app.ContextImpl.sendBroadcast:980 android.content.ContextWrapper.sendBroadcast:436 com.motorola.blur.service.blur.BSUtils.sendBroadcast:151 com.motorola.blur.service.blur.BSUtils.sendBroadcast:146 com.motorola.ccc.plm.pollingmanager.PollingManagerService$MyConnectivityReceiver.sendConnectivityIntent:599 
05-04 15:03:00.053 25969 25969 I chatty  : uid=1000(system) expire 13 lines
05-04 15:03:10.400 26260 26323 I chatty  : uid=1000 system_server expire 14 lines
05-04 15:04:26.805 26631 30921 D ProcSpeedReader: Failed to read freq stats from null
05-04 15:04:26.940 26260 26275 I chatty  : uid=1000 system_server expire 20 lines
05-04 15:04:27.005 26260 26260 I chatty  : uid=1000 system_server expire 10 lines
05-04 15:04:33.504 25969 25981 I chatty  : uid=1000(system) expire 14 lines
05-04 15:04:34.144 26260 26624 I chatty  : uid=1000 system_server expire 5 lines
05-04 15:04:34.203 26631 30921 D ProcSpeedReader: Failed to read freq stats from null
05-04 15:04:34.239 26631 30921 D ProcSpeedReader: Failed to read freq stats from null
05-04 15:04:36.016 26631 30921 D ProcSpeedReader: Failed to read freq stats from null
05-04 15:04:36.049 26631 30921 D ProcSpeedReader: Failed to read freq stats from null
05-04 15:04:36.280 25969 25969 I chatty  : uid=1000(system) expire 24 lines
05-04 15:04:37.688 26631 30921 D ProcSpeedReader: Failed to read freq stats from null
05-04 15:04:37.705 26260 31127 I chatty  : uid=1000 system_server expire 4 lines
05-04 15:04:37.734 26631 30921 D ProcSpeedReader: Failed to read freq stats from null
05-04 15:04:38.031  3415  3415 E SchedPolicy: set_timerslack_ns write failed: Operation not permitted
05-04 15:04:38.031  3415  3415 I chatty  : uid=10159(u0_a159) identical 2 lines
05-04 15:04:38.031  3415  3415 E SchedPolicy: set_timerslack_ns write failed: Operation not permitted
05-04 15:04:39.159 26631 30921 D ProcSpeedReader: Failed to read freq stats from null
05-04 15:04:39.215 26631 30921 D ProcSpeedReader: Failed to read freq stats from null
05-04 15:04:39.678 26260 26260 I chatty  : uid=1000 system_server expire 23 lines
05-04 15:04:39.978 26631 30921 D ProcSpeedReader: Failed to read freq stats from null
05-04 15:04:39.992 26631 30921 D ProcSpeedReader: Failed to read freq stats from null
05-04 15:04:40.411 26260 31124 I chatty  : uid=1000 system_server expire 6 lines
05-04 15:04:46.470 26260 26280 I chatty  : uid=1000 system_server expire 6 lines
05-04 15:05:21.601 26631 30921 D ProcSpeedReader: Failed to read freq stats from null
05-04 15:05:21.612 25969 25981 I chatty  : uid=1000(system) expire 11 lines
05-04 15:05:21.650 26631 30921 D ProcSpeedReader: Failed to read freq stats from null
05-04 15:05:21.871 25969 25969 I chatty  : uid=1000(system) expire 14 lines
05-04 15:05:43.459 26631 30921 D ProcSpeedReader: Failed to read freq stats from null
05-04 15:05:43.489 26631 30921 D ProcSpeedReader: Failed to read freq stats from null
05-04 15:05:43.638 26631 30921 D ProcSpeedReader: Failed to read freq stats from null
05-04 15:05:43.654 26631 30921 D ProcSpeedReader: Failed to read freq stats from null
05-04 15:05:44.989 26260 26412 I chatty  : uid=1000 system_server expire 9 lines
05-04 15:05:44.991 26631 30921 D ProcSpeedReader: Failed to read freq stats from null
05-04 15:05:45.034 26631 30921 D ProcSpeedReader: Failed to read freq stats from null
05-04 15:05:46.512 26260 31125 I chatty  : uid=1000 system_server expire 10 lines
05-04 15:05:46.520 26260 28590 I chatty  : uid=1000 system_server expire 1 line
05-04 15:05:46.724 26631 30921 D ProcSpeedReader: Failed to read freq stats from null
05-04 15:05:46.738 26260  3058 I chatty  : uid=1000 system_server expire 9 lines
05-04 15:05:46.786 26631 30921 D ProcSpeedReader: Failed to read freq stats from null
05-04 15:05:47.067 26631 30921 D ProcSpeedReader: Failed to read freq stats from null
05-04 15:05:47.591 26631 30921 D ProcSpeedReader: Failed to read freq stats from null
05-04 15:05:47.614 26260 26282 I chatty  : uid=1000 system_server expire 10 lines
05-04 15:05:49.687 26631 30921 D ProcSpeedReader: Failed to read freq stats from null
05-04 15:05:49.738 26631 30921 D ProcSpeedReader: Failed to read freq stats from null
05-04 15:05:52.965 26631 30921 D ProcSpeedReader: Failed to read freq stats from null
05-04 15:05:52.980 26631 30921 D ProcSpeedReader: Failed to read freq stats from null
05-04 15:05:58.774 25969 25981 I chatty  : uid=1000(system) expire 14 lines
05-04 15:05:59.073 26631 30921 D ProcSpeedReader: Failed to read freq stats from null
05-04 15:05:59.132 26631 30921 D ProcSpeedReader: Failed to read freq stats from null
05-04 15:06:01.180 26631 30921 D ProcSpeedReader: Failed to read freq stats from null
05-04 15:06:01.192 26631 30921 D ProcSpeedReader: Failed to read freq stats from null
05-04 15:06:01.213 25969 25969 I chatty  : uid=1000(system) expire 10 lines
05-04 15:06:01.557 26260 26260 I chatty  : uid=1000 system_server expire 14 lines
05-04 15:06:02.833 26631 30921 D ProcSpeedReader: Failed to read freq stats from null
05-04 15:06:02.843 26631 30921 D ProcSpeedReader: Failed to read freq stats from null
05-04 15:06:04.095 26631 30921 D ProcSpeedReader: Failed to read freq stats from null
05-04 15:06:04.102 26631 30921 D ProcSpeedReader: Failed to read freq stats from null
05-04 15:06:05.786 26631 30921 D ProcSpeedReader: Failed to read freq stats from null
05-04 15:06:05.799 26631 30921 D ProcSpeedReader: Failed to read freq stats from null
05-04 15:06:06.590 26631 30921 D ProcSpeedReader: Failed to read freq stats from null
05-04 15:06:06.596 26631 30921 D ProcSpeedReader: Failed to read freq stats from null
05-04 15:06:07.431 26631 30921 D ProcSpeedReader: Failed to read freq stats from null
05-04 15:06:07.439 26631 30921 D ProcSpeedReader: Failed to read freq stats from null
05-04 15:06:07.950 26260 26275 I chatty  : uid=1000 system_server expire 14 lines
05-04 15:06:08.823 26631 30921 D ProcSpeedReader: Failed to read freq stats from null
05-04 15:06:08.831 26631 30921 D ProcSpeedReader: Failed to read freq stats from null
05-04 15:06:09.713 26631 30921 D ProcSpeedReader: Failed to read freq stats from null
05-04 15:06:09.720 26631 30921 D ProcSpeedReader: Failed to read freq stats from null
05-04 15:06:10.411 26631 30921 D ProcSpeedReader: Failed to read freq stats from null
05-04 15:06:10.418 26631 30921 D ProcSpeedReader: Failed to read freq stats from null
05-04 15:06:11.041 26631 30921 D ProcSpeedReader: Failed to read freq stats from null
05-04 15:06:11.087 26631 30921 D ProcSpeedReader: Failed to read freq stats from null
05-04 15:06:12.546 26631 30921 D ProcSpeedReader: Failed to read freq stats from null
05-04 15:06:12.584 26631 30921 D ProcSpeedReader: Failed to read freq stats from null
05-04 15:06:13.212 26631 30921 D ProcSpeedReader: Failed to read freq stats from null
05-04 15:06:13.223 26631 30921 D ProcSpeedReader: Failed to read freq stats from null
05-04 15:06:13.232 26260 26282 I chatty  : uid=1000 system_server expire 10 lines
05-04 15:06:13.667 26260 26260 I chatty  : uid=1000 system_server expire 10 lines
05-04 15:06:16.479 26631 30921 D ProcSpeedReader: Failed to read freq stats from null
05-04 15:06:16.528 26631 30921 D ProcSpeedReader: Failed to read freq stats from null
05-04 15:06:16.894  4493  4523 E SchedPolicy: set_timerslack_ns write failed: Operation not permitted
05-04 15:06:18.122  4438  4820 E ActivityThread: Failed to find provider info for authentication.information
05-04 15:06:18.124  4438  4820 E ActivityThread: Failed to find provider info for authentication.information
05-04 15:06:18.509  4602  4636 E SchedPolicy: set_timerslack_ns write failed: Operation not permitted
05-04 15:06:18.554  4438  4907 E ActivityThread: Failed to find provider info for com.alipay.setting
05-04 15:06:19.708 26260 27684 I chatty  : uid=1000 system_server expire 10 lines
05-04 15:06:19.745 26260 26649 I chatty  : uid=1000 system_server expire 2 lines
05-04 15:06:20.987  4602  5195 E ActivityThread: Failed to find provider info for com.alipay.setting
05-04 15:06:21.704 26631 30921 D ProcSpeedReader: Failed to read freq stats from null
05-04 15:06:21.793 26631 30921 D ProcSpeedReader: Failed to read freq stats from null
05-04 15:06:24.588 25969 25969 I chatty  : uid=1000(system) expire 14 lines
05-04 15:06:24.710  4493  4535 E ActivityThread: Failed to find provider info for com.alipay.setting
05-04 15:06:32.808 26260 31089 I chatty  : uid=1000 system_server expire 1 line
05-04 15:06:41.365  4438  5439 I PackageParser: com.uc.webviewsdk.corelibs: compat added android.permission.WRITE_EXTERNAL_STORAGE android.permission.READ_PHONE_STATE
05-04 15:06:41.438  4438  5439 I chatty  : uid=10154(u0_a154) com.eg.android.AlipayGphone identical 1 line
05-04 15:06:41.804  4438  5439 I PackageParser: com.uc.webviewsdk.corelibs: compat added android.permission.WRITE_EXTERNAL_STORAGE android.permission.READ_PHONE_STATE
05-04 15:06:43.019 25969 25981 I chatty  : uid=1000(system) expire 103 lines
05-04 15:07:46.184 26260 26260 I chatty  : uid=1000 system_server expire 13 lines
05-04 15:09:40.595 26260  5553 I chatty  : uid=1000 system_server expire 1 line
05-04 15:11:16.939 26260 26274 I chatty  : uid=1000 system_server expire 10 lines
05-04 15:11:59.588 26260 26570 I chatty  : uid=1000 system_server expire 3 lines
05-04 15:11:59.727 26260 28594 I chatty  : uid=1000 system_server expire 2 lines
05-04 15:11:59.875 26631 30921 D ProcSpeedReader: Failed to read freq stats from null
05-04 15:11:59.930 26631 30921 D ProcSpeedReader: Failed to read freq stats from null
05-04 15:12:01.498 25969 25981 I chatty  : uid=1000(system) expire 151 lines
05-04 15:12:02.658 26631 30921 D ProcSpeedReader: Failed to read freq stats from null
05-04 15:12:03.417 26260  5692 I chatty  : uid=1000 system_server expire 26 lines
05-04 15:12:03.696 26631 26631 W ContextImpl: Calling a method in the system process without a qualified user: android.app.ContextImpl.sendBroadcast:980 android.content.ContextWrapper.sendBroadcast:436 com.motorola.blur.service.blur.BSUtils.sendBroadcast:151 com.motorola.blur.service.blur.BSUtils.sendBroadcast:146 com.motorola.ccc.plm.pollingmanager.PollingManagerService$MyConnectivityReceiver.sendConnectivityIntent:599 
05-04 15:12:03.697 26260 26260 I chatty  : uid=1000 system_server expire 19 lines
05-04 15:12:03.736 26260 26275 I chatty  : uid=1000 system_server expire 13 lines
05-04 15:12:03.738 26260 26282 I chatty  : uid=1000 system_server expire 8 lines
05-04 15:12:03.897 26260 31095 I chatty  : uid=1000 system_server expire 5 lines
05-04 15:12:04.036 26260  3272 I chatty  : uid=1000 system_server expire 1 line
05-04 15:12:04.036  1587  1902 E ActivityThread: Failed to find provider info for com.sina.weibo.sdkProvider
05-04 15:12:04.185 26631 26631 W ContextImpl: Calling a method in the system process without a qualified user: android.app.ContextImpl.sendBroadcast:980 android.content.ContextWrapper.sendBroadcast:436 com.motorola.blur.service.blur.BSUtils.sendBroadcast:151 com.motorola.blur.service.blur.BSUtils.sendBroadcast:146 com.motorola.ccc.plm.pollingmanager.PollingManagerService$MyConnectivityReceiver.sendConnectivityIntent:599 
05-04 15:17:06.054 25969 25969 I chatty  : uid=1000(system) expire 10 lines
05-04 15:17:13.097 26260 26323 I chatty  : uid=1000 system_server expire 11 lines
05-04 15:20:07.786  1303  1502 W /system/bin/storaged: Invalid I/O stats: "-205832760 144 31 0 0 0 0 0 0 0 0"
05-04 15:20:08.677 25969 25981 I chatty  : uid=1000(system) expire 142 lines
05-04 15:22:46.163 26260 26260 I chatty  : uid=1000 system_server expire 14 lines
05-04 15:27:27.247 26260 26294 I chatty  : uid=1000 system_server expire 14 lines
05-04 15:27:27.277 26631 30921 D ProcSpeedReader: Failed to read freq stats from null
05-04 15:27:27.278 25969 25981 I chatty  : uid=1000(system) expire 84 lines
05-04 15:27:27.569 26631 30921 D ProcSpeedReader: Failed to read freq stats from null
05-04 15:27:28.250 26631 30921 D ProcSpeedReader: Failed to read freq stats from null
05-04 15:27:28.253 26631 30921 D ProcSpeedReader: Failed to read freq stats from null
05-04 15:27:28.373 25969 25969 I chatty  : uid=1000(system) expire 10 lines
05-04 15:27:28.752 26260 26275 I chatty  : uid=1000 system_server expire 12 lines
05-04 15:28:15.580 26260 26323 I chatty  : uid=1000 system_server expire 10 lines
05-04 15:31:44.338 26631 30921 D ProcSpeedReader: Failed to read freq stats from null
05-04 15:31:44.551 26631 30921 D ProcSpeedReader: Failed to read freq stats from null
05-04 15:31:45.136 26631 30921 D ProcSpeedReader: Failed to read freq stats from null
05-04 15:31:45.144 26631 30921 D ProcSpeedReader: Failed to read freq stats from null
05-04 15:31:45.248 26260 26275 I chatty  : uid=1000 system_server expire 18 lines
05-04 15:31:45.276 26260 26260 I chatty  : uid=1000 system_server expire 11 lines
05-04 15:31:46.759 25969 25981 I chatty  : uid=1000(system) expire 177 lines
05-04 15:38:03.400 25969 25969 I chatty  : uid=1000(system) expire 10 lines
05-04 15:38:17.661 26260 26323 I chatty  : uid=1000 system_server expire 4 lines
05-04 15:40:51.856 26260 26294 I chatty  : uid=1000 system_server expire 7 lines
05-04 15:40:51.893 26631 30921 D ProcSpeedReader: Failed to read freq stats from null
05-04 15:40:52.103 26631 30921 D ProcSpeedReader: Failed to read freq stats from null
05-04 15:40:52.588 26260 30380 I chatty  : uid=1000 system_server expire 2 lines
05-04 15:40:52.901 26631 30921 D ProcSpeedReader: Failed to read freq stats from null
05-04 15:40:52.906 26631 30921 D ProcSpeedReader: Failed to read freq stats from null
05-04 15:40:54.175 25969 25981 I chatty  : uid=1000(system) expire 11 lines
05-04 15:41:08.527  7078  7078 D ActivityThread: Loading provider com.google.android.gm.sapi: com.google.android.gm.sapi.SapiUiProvider
05-04 15:41:08.765 26260 26260 I chatty  : uid=1000 system_server expire 16 lines
05-04 15:41:28.142 25969 25981 I chatty  : uid=1000(system) expire 10 lines
05-04 15:41:55.700 26260 26275 I chatty  : uid=1000 system_server expire 5 lines
05-04 15:41:56.121 26631 30921 D ProcSpeedReader: Failed to read freq stats from null
05-04 15:41:56.515 26260 26260 I chatty  : uid=1000 system_server expire 6 lines
05-04 15:41:58.811 25969 25981 I chatty  : uid=1000(system) expire 3 lines
05-04 15:41:58.856 26260 31125 I chatty  : uid=1000 system_server expire 5 lines
05-04 15:41:58.863 26631 30921 D ProcSpeedReader: Failed to read freq stats from null
05-04 15:41:58.876 26631 30921 D ProcSpeedReader: Failed to read freq stats from null
05-04 15:41:59.746 26631 30921 D ProcSpeedReader: Failed to read freq stats from null
05-04 15:41:59.753 26631 30921 D ProcSpeedReader: Failed to read freq stats from null
05-04 15:42:00.859 26631 30921 D ProcSpeedReader: Failed to read freq stats from null
05-04 15:42:00.866 26631 30921 D ProcSpeedReader: Failed to read freq stats from null
05-04 15:42:03.031 26631 30921 D ProcSpeedReader: Failed to read freq stats from null
05-04 15:42:03.041 26631 30921 D ProcSpeedReader: Failed to read freq stats from null
