05-04 15:42:03.708 26260 26483 I chatty  : uid=1000 system_server expire 1 line
05-04 15:42:03.732 26260 26668 I chatty  : uid=1000 system_server expire 1 line
05-04 15:42:03.737 26260 26282 W ActivityManager: setHasOverlayUi called on unknown pid: 3808
05-04 15:42:03.752 26631 30921 D ProcSpeedReader: Failed to read freq stats from null
05-04 15:42:03.753 26260 26668 W ActivityManager: Duplicate finish request for ActivityRecord{f6b62b9 u0 github.tornaco.xposedmoduletest/.ui.activity.prop.PropAppListNavActivity t1372 f}
05-04 15:42:03.759 26631 30921 D ProcSpeedReader: Failed to read freq stats from null
05-04 15:42:04.088 26260 26668 W WindowManager: Failed looking up window callers=com.android.server.wm.WindowManagerService.windowForClientLocked:5826 com.android.server.wm.WindowManagerService.removeWindow:1745 com.android.server.wm.Session.remove:216 
05-04 15:42:05.590 26631 30921 D ProcSpeedReader: Failed to read freq stats from null
05-04 15:42:05.593 26260 29662 W ActivityManager: Duplicate finish request for ActivityRecord{c14fe4e u0 github.tornaco.xposedmoduletest/.ui.activity.prop.PropNavActivity t1372 f}
05-04 15:42:05.611 26631 30921 D ProcSpeedReader: Failed to read freq stats from null
05-04 15:42:06.039 26260 26668 W WindowManager: Failed looking up window callers=com.android.server.wm.WindowManagerService.windowForClientLocked:5826 com.android.server.wm.WindowManagerService.removeWindow:1745 com.android.server.wm.Session.remove:216 
05-04 15:42:06.666 26260 26668 I ActivityManager: START u0 {cmp=github.tornaco.xposedmoduletest/.ui.activity.prop.PropNavActivity} from uid 10142
05-04 15:42:06.670 26631 30921 D ProcSpeedReader: Failed to read freq stats from null
05-04 15:42:06.678 26631 30921 D ProcSpeedReader: Failed to read freq stats from null
05-04 15:42:06.804 26260 26282 I LaunchCheckinHandler: Displayed github.tornaco.xposedmoduletest/.ui.activity.prop.PropNavActivity,wp,ca,129
05-04 15:42:07.048 25969 25969 I SFPerfTracer:      triggers: (rate: 22:1788) (compose: 0:0) (post: 0:0) (render: 0:1) (12:23917 frames) (13:26341)
05-04 15:42:07.048 25969 25969 D SFPerfTracer:        layers: (4:11) (StatusBar#0 (0x7f9b0b0000): 1:12365) (com.android.systemui.ImageWallpaper#0 (0x7f9b524000): 0:169)* (animation background stackId=1#0 (0x7f9b178000): 1:35) (DimLayerController/Stack=0#0 (0x7f9b19e000): 0:50)* (com.antutu.ABenchMark/com.antutu.benchmark.ui.verify.activity.ActivityVerifySuccess#0 (0x7f9b156000): 0:61)* (com.android.settings/com.android.settings.Settings#0 (0x7f9b031000): 0:168)* (Sprite#0 (0x7f9b116000): 0:1)* (github.tornaco.xposedmoduletest/github.tornaco.xposedmoduletest.ui.activity.prop.PropAppListNavActivity#0 (0x7f9b175000): 0:36)- (github.tornaco.xposedmoduletest/github.tornaco.xposedmoduletest.ui.activity.prop.PropNavActivity#0 (0x7f9b5e5000): 0:93)- (github.tornaco.xposedmoduletest/github.tornaco.xposedmoduletest.ui.activity.NavigatorActivityBottomNav#0 (0x7f9b175000): 13:35) (github.tornaco.xposedmoduletest/github.tornaco.xposedmoduletest.ui.activity.prop.PropNavActivity#0 (0x7f9b5e5000): 13:15) 
05-04 15:42:07.614 26631 30921 D ProcSpeedReader: Failed to read freq stats from null
05-04 15:42:07.618 26260 29662 W ActivityManager: Duplicate finish request for ActivityRecord{424cbe6 u0 github.tornaco.xposedmoduletest/.ui.activity.prop.PropNavActivity t1372 f}
05-04 15:42:07.625 26631 30921 D ProcSpeedReader: Failed to read freq stats from null
05-04 15:42:08.036 26260 26483 W WindowManager: Failed looking up window callers=com.android.server.wm.WindowManagerService.windowForClientLocked:5826 com.android.server.wm.WindowManagerService.removeWindow:1745 com.android.server.wm.Session.remove:216 
05-04 15:42:08.402 26631 30921 D ProcSpeedReader: Failed to read freq stats from null
05-04 15:42:09.104 26631 30921 D ProcSpeedReader: Failed to read freq stats from null
05-04 15:42:09.126 26260 30909 I ActivityManager: Start proc 7294:com.android.dialer/u0a24 for activity com.android.dialer/com.motorola.dialer.app.ExtendedDialtactsActivity
05-04 15:42:09.167 26631 30921 D ProcSpeedReader: Failed to read freq stats from null
05-04 15:42:09.420 26260 26483 I ActivityManager: Start proc 7320:android.process.acore/u0a6 for content provider com.android.providers.contacts/.ContactsProvider2
05-04 15:42:09.474 25969 25981 I SFPerfTracer:      triggers: (rate: 0:0) (165 sw vsyncs) (0 skipped) (66:135035 vsyncs) (68:142927)
05-04 15:42:09.716 25969 25969 I SFPerfTracer:      triggers: (rate: 22:1790) (compose: 0:0) (post: 0:0) (render: 0:1) (5:23996 frames) (6:26441)
05-04 15:42:09.716 25969 25969 D SFPerfTracer:        layers: (4:12) (StatusBar#0 (0x7f9b0b0000): 0:12382) (com.android.systemui.ImageWallpaper#0 (0x7f9b524000): 0:169)* (animation background stackId=1#0 (0x7f9b178000): 0:43) (DimLayerController/Stack=0#0 (0x7f9b19e000): 0:50)* (com.antutu.ABenchMark/com.antutu.benchmark.ui.verify.activity.ActivityVerifySuccess#0 (0x7f9b156000): 0:61)* (com.android.settings/com.android.settings.Settings#0 (0x7f9b031000): 1:220)* (Sprite#0 (0x7f9b116000): 0:1)* (github.tornaco.xposedmoduletest/github.tornaco.xposedmoduletest.ui.activity.NavigatorActivityBottomNav#0 (0x7f9b175000): 0:36)- (github.tornaco.xposedmoduletest/github.tornaco.xposedmoduletest.ui.activity.prop.PropNavActivity#0 (0x7f9b5e5000): 0:36)- (github.tornaco.xposedmoduletest/github.tornaco.xposedmoduletest.ui.activity.NavigatorActivityBottomNav#0 (0x7f9b175000): 0:42)* (Splash Screen com.android.dialer#0 (0x7f9b5e5000): 6:17) (com.android.dialer/com.motorola.dialer.app.ExtendedDialtactsActivity#0 (0x7f9b0cb000): 6:13) 
05-04 15:42:09.789 26631 30921 D ProcSpeedReader: Failed to read freq stats from null
05-04 15:42:10.393 26631 30921 D ProcSpeedReader: Failed to read freq stats from null
05-04 15:42:10.966 26260 26668 I ActivityManager: Killing 5877:com.google.android.gms.unstable/u0a29 (adj 904): empty #22
05-04 15:42:10.983 26260 26668 I ActivityManager: Killing 3865:com.android.defcontainer/u0a20 (adj 904): empty #22
05-04 15:42:10.989 26260 26668 I ActivityManager: Killing 3921:com.android.keychain/1000 (adj 904): empty #22
05-04 15:42:11.684 26260 26260 D JobSchedulerService: Error executing JobStatus{2103db2 #u0a186/1 com.tencent.mtt/.browser.push.external.account.JobschedulService u=0 s=10186 TIME=-1h0m55s453ms:-41m25s777ms PERSISTED READY}
05-04 15:42:11.708 26260 26260 I ActivityManager: Start proc 7373:com.google.android.partnersetup/u0a33 for service com.google.android.partnersetup/.InstalledAppJobService
05-04 15:42:11.719 26260 26260 D JobSchedulerService: Error executing JobStatus{2103db2 #u0a186/1 com.tencent.mtt/.browser.push.external.account.JobschedulService u=0 s=10186 TIME=-1h0m55s488ms:-41m25s812ms PERSISTED READY}
05-04 15:42:11.755 26260 26270 I ActivityManager: START u0 {cmp=com.antutu.ABenchMark/com.antutu.benchmark.ui.device.activity.ActivityDeviceInfo (has extras)} from uid 10190
05-04 15:42:11.767 26631 30921 D ProcSpeedReader: Failed to read freq stats from null
05-04 15:42:11.774 26631 30921 D ProcSpeedReader: Failed to read freq stats from null
05-04 15:42:11.816 26260 26260 D JobSchedulerService: Error executing JobStatus{2103db2 #u0a186/1 com.tencent.mtt/.browser.push.external.account.JobschedulService u=0 s=10186 TIME=-1h0m55s585ms:-41m25s909ms PERSISTED READY}
05-04 15:42:11.926 25969 25981 I SFPerfTracer:      triggers: (rate: 0:0) (165 sw vsyncs) (0 skipped) (17:135124 vsyncs) (19:143030)
05-04 15:42:12.118 26260 26282 I LaunchCheckinHandler: Displayed com.antutu.ABenchMark/com.antutu.benchmark.ui.device.activity.ActivityDeviceInfo,wp,ca,347
05-04 15:42:12.353 25969 25969 I SFPerfTracer:      triggers: (rate: 22:1792) (compose: 0:0) (post: 0:0) (render: 0:1) (12:24090 frames) (13:26553)
05-04 15:42:12.353 25969 25969 D SFPerfTracer:        layers: (4:12) (StatusBar#0 (0x7f9b0b0000): 0:12383) (com.android.systemui.ImageWallpaper#0 (0x7f9b524000): 0:169)* (animation background stackId=1#0 (0x7f9b178000): 1:48) (DimLayerController/Stack=0#0 (0x7f9b19e000): 0:50)* (com.antutu.ABenchMark/com.antutu.benchmark.ui.verify.activity.ActivityVerifySuccess#0 (0x7f9b156000): 0:95)- (com.android.settings/com.android.settings.Settings#0 (0x7f9b031000): 0:222)- (Sprite#0 (0x7f9b116000): 0:1)* (github.tornaco.xposedmoduletest/github.tornaco.xposedmoduletest.ui.activity.NavigatorActivityBottomNav#0 (0x7f9b175000): 0:42)- (Splash Screen com.android.dialer#0 (0x7f9b5e5000): 0:18)- (com.android.dialer/com.motorola.dialer.app.ExtendedDialtactsActivity#0 (0x7f9b0cb000): 0:46)- (com.antutu.ABenchMark/com.antutu.benchmark.ui.home.activity.ActivityMain#0 (0x7f9b5e5000): 13:68) (com.antutu.ABenchMark/com.antutu.benchmark.ui.device.activity.ActivityDeviceInfo#0 (0x7f9b175000): 13:15) 
05-04 15:42:14.243 25969 25981 I SFPerfTracer:      triggers: (rate: 0:0) (165 sw vsyncs) (0 skipped) (67:135228 vsyncs) (69:143143)
05-04 15:42:17.434 25969 25981 I SFPerfTracer:      triggers: (rate: 0:0) (165 sw vsyncs) (0 skipped) (90:135389 vsyncs) (92:143313)
05-04 15:42:17.643 25969 25969 I SFPerfTracer:      triggers: (rate: 22:1794) (compose: 0:0) (post: 0:0) (render: 0:1) (90:24259 frames) (91:26733)
05-04 15:42:17.643 25969 25969 D SFPerfTracer:        layers: (2:7) (StatusBar#0 (0x7f9b0b0000): 0:12386) (com.android.systemui.ImageWallpaper#0 (0x7f9b524000): 0:169)* (animation background stackId=1#0 (0x7f9b178000): 0:49)* (DimLayerController/Stack=0#0 (0x7f9b19e000): 0:50)* (Sprite#0 (0x7f9b116000): 0:1)* (com.antutu.ABenchMark/com.antutu.benchmark.ui.home.activity.ActivityMain#0 (0x7f9b5e5000): 0:69)- (com.antutu.ABenchMark/com.antutu.benchmark.ui.device.activity.ActivityDeviceInfo#0 (0x7f9b175000): 91:194) 
05-04 15:42:18.791 26260 26323 D BatteryService: uevent={POWER_SUPPLY_DP_DM=0, POWER_SUPPLY_VOLTAGE_QNOVO=-22, POWER_SUPPLY_VOLTAGE_NOW=4395252, POWER_SUPPLY_SW_JEITA_ENABLED=0, POWER_SUPPLY_HEALTH=Good, POWER_SUPPLY_TECHNOLOGY=Li-ion, POWER_SUPPLY_CHARGER_TEMP_MAX=803, SEQNUM=5717, POWER_SUPPLY_INPUT_CURRENT_LIMITED=1, POWER_SUPPLY_STATUS=Full, POWER_SUPPLY_BATTERY_CHARGING_ENABLED=0, POWER_SUPPLY_CURRENT_MAX=3000000, POWER_SUPPLY_CAPACITY=100, DEVPATH=/devices/soc/800f000.qcom,spmi/spmi-0/spmi0-02/800f000.qcom,spmi:qcom,pmi8998@2:qcom,qpnp-smb2/power_supply/battery, POWER_SUPPLY_CHARGE_DONE=1, POWER_SUPPLY_CHARGE_TYPE=N/A, POWER_SUPPLY_CHARGER_TEMP=386, POWER_SUPPLY_CHARGE_RATE=Normal, POWER_SUPPLY_CURRENT_QNOVO=-22, POWER_SUPPLY_CURRENT_NOW=-11230, POWER_SUPPLY_SYSTEM_TEMP_LEVEL=0, POWER_SUPPLY_PRESENT=1, POWER_SUPPLY_PARALLEL_DISABLE=0, SUBSYSTEM=power_supply, POWER_SUPPLY_SET_SHIP_MODE=0, POWER_SUPPLY_TEMP=390, ACTION=change, POWER_SUPPLY_RERUN_AICL=0, POWER_SUPPLY_AGE=100, POWER_SUPPLY_NAME=battery, POWER_SUPPLY_VOLTAGE_MAX=-22, POWER_SUPPLY_CONSTANT_CHARGE_CURRENT_MAX=3000000, POWER_SUPPLY_CHARGE_COUNTER=2920194, POWER_SUPPLY_STEP_CHARGING_ENABLED=0, POWER_SUPPLY_NUM_SYSTEM_TEMP_LEVELS=6, POWER_SUPPLY_DIE_HEALTH=Cool, POWER_SUPPLY_INPUT_SUSPEND=0}
05-04 15:42:20.477 25969 25981 I SFPerfTracer:      triggers: (rate: 0:0) (165 sw vsyncs) (0 skipped) (83:135535 vsyncs) (85:143464)
05-04 15:42:20.515 25969 25969 I SFPerfTracer:      triggers: (rate: 22:1794) (compose: 0:0) (post: 0:0) (render: 0:1) (75:24373 frames) (76:26851)
05-04 15:42:20.515 25969 25969 D SFPerfTracer:        layers: (2:6) (StatusBar#0 (0x7f9b0b0000): 4:12390) (com.android.systemui.ImageWallpaper#0 (0x7f9b524000): 0:169)* (animation background stackId=1#0 (0x7f9b178000): 0:49)* (DimLayerController/Stack=0#0 (0x7f9b19e000): 0:50)* (Sprite#0 (0x7f9b116000): 0:1)* (com.antutu.ABenchMark/com.antutu.benchmark.ui.device.activity.ActivityDeviceInfo#0 (0x7f9b175000): 76:312) 
05-04 15:42:22.099 26260 26570 W ActivityManager: Background start not allowed: service Intent { cmp=com.google.android.googlequicksearchbox/com.google.android.apps.gsa.search.core.service.SearchService } to com.google.android.googlequicksearchbox/com.google.android.apps.gsa.search.core.service.SearchService from pid=32012 uid=10073 pkg=com.google.android.googlequicksearchbox
05-04 15:42:22.194 26260 26260 D JobSchedulerService: Error executing JobStatus{2103db2 #u0a186/1 com.tencent.mtt/.browser.push.external.account.JobschedulService u=0 s=10186 TIME=-1h1m5s963ms:-41m36s287ms PERSISTED READY}
05-04 15:42:24.951 26260 26260 D JobSchedulerService: Error executing JobStatus{2103db2 #u0a186/1 com.tencent.mtt/.browser.push.external.account.JobschedulService u=0 s=10186 TIME=-1h1m8s720ms:-41m39s44ms PERSISTED READY}
05-04 15:42:24.965 26260 26260 D JobSchedulerService: Error executing JobStatus{2103db2 #u0a186/1 com.tencent.mtt/.browser.push.external.account.JobschedulService u=0 s=10186 TIME=-1h1m8s734ms:-41m39s58ms PERSISTED READY}
05-04 15:42:25.719 25969 25969 I SFPerfTracer:      triggers: (rate: 22:1802) (compose: 0:0) (post: 0:0) (render: 0:1) (152:24580 frames) (153:27062)
05-04 15:42:25.719 25969 25969 D SFPerfTracer:        layers: (2:6) (StatusBar#0 (0x7f9b0b0000): 4:12394) (com.android.systemui.ImageWallpaper#0 (0x7f9b524000): 0:169)* (animation background stackId=1#0 (0x7f9b178000): 0:49)* (DimLayerController/Stack=0#0 (0x7f9b19e000): 0:50)* (Sprite#0 (0x7f9b116000): 0:1)* (com.antutu.ABenchMark/com.antutu.benchmark.ui.device.activity.ActivityDeviceInfo#0 (0x7f9b175000): 153:523) 
05-04 15:42:26.469 25969 25981 I SFPerfTracer:      triggers: (rate: 0:0) (165 sw vsyncs) (0 skipped) (259:135870 vsyncs) (261:143804)
05-04 15:42:29.992 25969 25981 I SFPerfTracer:      triggers: (rate: 0:0) (165 sw vsyncs) (0 skipped) (178:136048 vsyncs) (180:143984)
05-04 15:42:31.028 25969 25969 I SFPerfTracer:      triggers: (rate: 22:1802) (compose: 0:0) (post: 0:0) (render: 0:1) (161:24778 frames) (162:27263)
05-04 15:42:31.028 25969 25969 D SFPerfTracer:        layers: (2:6) (StatusBar#0 (0x7f9b0b0000): 0:12394) (com.android.systemui.ImageWallpaper#0 (0x7f9b524000): 0:169)* (animation background stackId=1#0 (0x7f9b178000): 0:49)* (DimLayerController/Stack=0#0 (0x7f9b19e000): 0:50)* (Sprite#0 (0x7f9b116000): 0:1)* (com.antutu.ABenchMark/com.antutu.benchmark.ui.device.activity.ActivityDeviceInfo#0 (0x7f9b175000): 162:724) 
05-04 15:42:32.696 25969 25981 I SFPerfTracer:      triggers: (rate: 0:0) (165 sw vsyncs) (0 skipped) (151:136199 vsyncs) (153:144137)
05-04 15:42:32.808 26260 26624 I ActivityManager: START u0 {cmp=com.antutu.ABenchMark/com.antutu.benchmark.ui.user.activity.UserLoginActivity (has extras)} from uid 10190
05-04 15:42:32.815 26631 30921 D ProcSpeedReader: Failed to read freq stats from null
05-04 15:42:32.825 26260 26270 I ActivityManager: Killing 3907:com.android.sdm.plugins.sprintdm/1001 (adj 904): empty #22
05-04 15:42:32.826 26260 26270 I ActivityManager: Killing 1217:com.android.vending:instant_app_installer/u0a59 (adj 904): empty #23
05-04 15:42:32.827 26631 30921 D ProcSpeedReader: Failed to read freq stats from null
05-04 15:42:32.905 26260 26282 I LaunchCheckinHandler: Displayed com.antutu.ABenchMark/com.antutu.benchmark.ui.user.activity.UserLoginActivity,wp,ca,83
05-04 15:42:34.466 25969 25969 I SFPerfTracer:      triggers: (rate: 22:1803) (compose: 0:0) (post: 0:0) (render: 0:1) (55:24913 frames) (56:27405)
05-04 15:42:34.466 25969 25969 D SFPerfTracer:        layers: (2:7) (StatusBar#0 (0x7f9b0b0000): 0:12394) (com.android.systemui.ImageWallpaper#0 (0x7f9b524000): 0:169)* (animation background stackId=1#0 (0x7f9b178000): 0:51)* (DimLayerController/Stack=0#0 (0x7f9b19e000): 0:50)* (Sprite#0 (0x7f9b116000): 0:1)* (com.antutu.ABenchMark/com.antutu.benchmark.ui.device.activity.ActivityDeviceInfo#0 (0x7f9b175000): 0:801)- (com.antutu.ABenchMark/com.antutu.benchmark.ui.user.activity.UserLoginActivity#0 (0x7f9b5e5000): 56:80) 
05-04 15:42:35.604 26631 30921 D ProcSpeedReader: Failed to read freq stats from null
05-04 15:42:35.609 26631 30921 D ProcSpeedReader: Failed to read freq stats from null
05-04 15:42:35.955 25969 25981 I SFPerfTracer:      triggers: (rate: 0:0) (165 sw vsyncs) (0 skipped) (75:136356 vsyncs) (77:144301)
05-04 15:42:36.372 26631 30921 D ProcSpeedReader: Failed to read freq stats from null
05-04 15:42:36.410 26631 30921 D ProcSpeedReader: Failed to read freq stats from null
05-04 15:42:39.204 25969 25969 I SFPerfTracer:      triggers: (rate: 22:1803) (compose: 0:0) (post: 0:0) (render: 0:1) (62:25052 frames) (63:27559)
05-04 15:42:39.205 25969 25969 D SFPerfTracer:        layers: (2:8) (StatusBar#0 (0x7f9b0b0000): 41:12438) (com.android.systemui.ImageWallpaper#0 (0x7f9b524000): 0:169)* (animation background stackId=1#0 (0x7f9b178000): 0:51)* (DimLayerController/Stack=0#0 (0x7f9b19e000): 0:50)* (Sprite#0 (0x7f9b116000): 0:1)* (com.antutu.ABenchMark/com.antutu.benchmark.ui.user.activity.UserLoginActivity#0 (0x7f9b5e5000): 0:114)- (com.antutu.ABenchMark/com.antutu.benchmark.ui.device.activity.ActivityDeviceInfo#0 (0x7f9b031000): 0:36)- (com.antutu.ABenchMark/com.antutu.benchmark.ui.home.activity.ActivityMain#0 (0x7f9b5e5000): 63:111) 
05-04 15:42:39.867 26260 26412 I ActivityManager: START u0 {act=android.intent.action.MAIN cat=[android.intent.category.HOME] flg=0x10200000 cmp=ch.deletescape.lawnchair/.Launcher (has extras)} from uid 1000
05-04 15:42:39.874 26631 30921 D ProcSpeedReader: Failed to read freq stats from null
05-04 15:42:39.884 26260 26412 I ActivityManager: Start proc 7476:ch.deletescape.lawnchair/u0a138 for activity ch.deletescape.lawnchair/.Launcher
05-04 15:42:39.934 25969 25981 I SFPerfTracer:      triggers: (rate: 0:0) (165 sw vsyncs) (0 skipped) (129:136545 vsyncs) (131:144496)
05-04 15:42:39.938 26631 30921 D ProcSpeedReader: Failed to read freq stats from null
05-04 15:42:39.939 26260 26668 I ActivityManager: moveHomeStack, setupComplete:true
05-04 15:42:40.671 26260 26282 I LaunchCheckinHandler: Displayed ch.deletescape.lawnchair/.Launcher,cp,ca,796
05-04 15:42:41.307 26260 26260 D JobSchedulerService: Error executing JobStatus{2103db2 #u0a186/1 com.tencent.mtt/.browser.push.external.account.JobschedulService u=0 s=10186 TIME=-1h1m25s76ms:-41m55s400ms PERSISTED READY}
05-04 15:42:41.310 26260 26260 D JobSchedulerService: Error executing JobStatus{2103db2 #u0a186/1 com.tencent.mtt/.browser.push.external.account.JobschedulService u=0 s=10186 TIME=-1h1m25s79ms:-41m55s403ms PERSISTED READY}
05-04 15:42:41.670 25969 25969 I SFPerfTracer:      triggers: (rate: 22:1804) (compose: 0:0) (post: 0:0) (render: 0:1) (1:25139 frames) (2:27660)
05-04 15:42:41.670 25969 25969 D SFPerfTracer:        layers: (3:9) (StatusBar#0 (0x7f9b0b0000): 0:12477) (com.android.systemui.ImageWallpaper#0 (0x7f9b524000): 0:182) (animation background stackId=1#0 (0x7f9b178000): 0:51)* (DimLayerController/Stack=0#0 (0x7f9b19e000): 0:50)* (Sprite#0 (0x7f9b116000): 0:1)* (com.antutu.ABenchMark/com.antutu.benchmark.ui.home.activity.ActivityMain#0 (0x7f9b5e5000): 0:177)* (Splash Screen ch.deletescape.lawnchair#0 (0x7f9b031000): 0:13)- (ch.deletescape.lawnchair/ch.deletescape.lawnchair.Launcher#0 (0x7f9b087000): 1:26) (ch.deletescape.lawnchair/ch.deletescape.lawnchair.Launcher#1 (0x7f9b0cb000): 1:6)* 
05-04 15:42:42.353 25969 25981 I SFPerfTracer:      triggers: (rate: 0:0) (165 sw vsyncs) (0 skipped) (77:136642 vsyncs) (79:144602)
05-04 15:42:42.439 26260 26668 I ActivityManager: START u0 {act=android.intent.action.MAIN cat=[android.intent.category.LAUNCHER] flg=0x10200000 cmp=com.antutu.ABenchMark/.ABenchMarkStart bnds=[582,327][857,717] (has extras)} from uid 10138
05-04 15:42:42.442 26631 30921 D ProcSpeedReader: Failed to read freq stats from null
05-04 15:42:42.463 26631 30921 D ProcSpeedReader: Failed to read freq stats from null
05-04 15:42:42.892 26260 26282 I LaunchCheckinHandler: Displayed com.antutu.ABenchMark/.ABenchMarkStart,wp,ca,438
05-04 15:42:43.967 26260 26570 I ActivityManager: START u0 {cmp=com.antutu.ABenchMark/com.antutu.benchmark.ui.home.activity.ActivityMain} from uid 10190
05-04 15:42:43.970 26631 30921 D ProcSpeedReader: Failed to read freq stats from null
05-04 15:42:43.973 26260 26570 W ActivityManager: Duplicate finish request for ActivityRecord{8ed5281 u0 com.antutu.ABenchMark/.ABenchMarkStart t1361 f}
05-04 15:42:43.983 26631 30921 D ProcSpeedReader: Failed to read freq stats from null
05-04 15:42:44.005 26260 26282 I LaunchCheckinHandler: Displayed com.antutu.ABenchMark/com.antutu.benchmark.ui.home.activity.ActivityMain,wp,wa,38
05-04 15:42:44.955 25969 25981 I SFPerfTracer:      triggers: (rate: 0:0) (165 sw vsyncs) (0 skipped) (152:136794 vsyncs) (154:144756)
05-04 15:42:45.027 26260 26570 I ActivityManager: START u0 {cmp=com.antutu.ABenchMark/com.antutu.benchmark.ui.user.activity.UserLoginActivity (has extras)} from uid 10190
05-04 15:42:45.032 26631 30921 D ProcSpeedReader: Failed to read freq stats from null
05-04 15:42:45.038 26631 30921 D ProcSpeedReader: Failed to read freq stats from null
05-04 15:42:45.045 25969 25969 I SFPerfTracer:      triggers: (rate: 22:1805) (compose: 0:0) (post: 0:0) (render: 0:1) (33:25259 frames) (34:27793)
05-04 15:42:45.045 25969 25969 D SFPerfTracer:        layers: (2:9) (StatusBar#0 (0x7f9b0b0000): 3:12521) (com.android.systemui.ImageWallpaper#0 (0x7f9b524000): 0:183)* (animation background stackId=1#0 (0x7f9b178000): 0:51)* (DimLayerController/Stack=0#0 (0x7f9b19e000): 0:50)* (Sprite#0 (0x7f9b116000): 0:1)* (com.antutu.ABenchMark/com.antutu.benchmark.ui.home.activity.ActivityMain#0 (0x7f9b5e5000): 34:233) (ch.deletescape.lawnchair/ch.deletescape.lawnchair.Launcher#0 (0x7f9b087000): 0:80)* (ch.deletescape.lawnchair/ch.deletescape.lawnchair.Launcher#1 (0x7f9b0cb000): 0:9)* (com.antutu.ABenchMark/com.antutu.ABenchMark.ABenchMarkStart#0 (0x7f9b031000): 0:27)- 
05-04 15:42:45.119 26260 26282 I LaunchCheckinHandler: Displayed com.antutu.ABenchMark/com.antutu.benchmark.ui.user.activity.UserLoginActivity,wp,ca,83
05-04 15:42:46.225 26260 26412 I ActivityManager: START u0 {act=android.intent.action.MAIN cat=[android.intent.category.HOME] flg=0x10200000 cmp=ch.deletescape.lawnchair/.Launcher (has extras)} from uid 1000
05-04 15:42:46.227 26631 30921 D ProcSpeedReader: Failed to read freq stats from null
05-04 15:42:46.263 26260 26282 I LaunchCheckinHandler: Displayed ch.deletescape.lawnchair/.Launcher,wp,wa,38
05-04 15:42:46.273 26260 26412 I ActivityManager: moveHomeStack, setupComplete:true
05-04 15:42:46.279 26631 30921 D ProcSpeedReader: Failed to read freq stats from null
05-04 15:42:46.750 26260 26260 D JobSchedulerService: Error executing JobStatus{2103db2 #u0a186/1 com.tencent.mtt/.browser.push.external.account.JobschedulService u=0 s=10186 TIME=-1h1m30s519ms:-42m0s843ms PERSISTED READY}
05-04 15:42:47.960 26260 26668 I ActivityManager: START u0 {act=android.intent.action.MAIN cat=[android.intent.category.LAUNCHER] flg=0x10200000 cmp=com.antutu.ABenchMark/.ABenchMarkStart bnds=[582,327][857,717] (has extras)} from uid 10138
05-04 15:42:47.963 26631 30921 D ProcSpeedReader: Failed to read freq stats from null
05-04 15:42:47.981 26631 30921 D ProcSpeedReader: Failed to read freq stats from null
05-04 15:42:48.354 25969 25969 I SFPerfTracer:      triggers: (rate: 22:1808) (compose: 0:0) (post: 0:0) (render: 0:1) (21:25351 frames) (22:27899)
05-04 15:42:48.354 25969 25969 D SFPerfTracer:        layers: (3:9) (StatusBar#0 (0x7f9b0b0000): 2:12543) (com.android.systemui.ImageWallpaper#0 (0x7f9b524000): 0:184) (animation background stackId=1#0 (0x7f9b178000): 0:53)* (DimLayerController/Stack=0#0 (0x7f9b19e000): 0:50)* (Sprite#0 (0x7f9b116000): 0:1)* (com.antutu.ABenchMark/com.antutu.benchmark.ui.home.activity.ActivityMain#0 (0x7f9b5e5000): 0:250)- (ch.deletescape.lawnchair/ch.deletescape.lawnchair.Launcher#0 (0x7f9b087000): 22:148) (ch.deletescape.lawnchair/ch.deletescape.lawnchair.Launcher#1 (0x7f9b0cb000): 2:15)* (com.antutu.ABenchMark/com.antutu.benchmark.ui.user.activity.UserLoginActivity#0 (0x7f9b031000): 0:46)* 
05-04 15:42:48.384 26260 26282 I LaunchCheckinHandler: Displayed com.antutu.ABenchMark/.ABenchMarkStart,wp,ca,411
05-04 15:42:50.060 25969 25981 I SFPerfTracer:      triggers: (rate: 0:0) (165 sw vsyncs) (0 skipped) (179:137056 vsyncs) (181:145032)
05-04 15:42:50.365 26260 30909 I ActivityManager: START u0 {cmp=com.antutu.ABenchMark/com.antutu.benchmark.ui.home.activity.ActivityMain} from uid 10190
05-04 15:42:50.369 26631 30921 D ProcSpeedReader: Failed to read freq stats from null
05-04 15:42:50.372 26260 26668 W ActivityManager: Duplicate finish request for ActivityRecord{9a14d4b u0 com.antutu.ABenchMark/.ABenchMarkStart t1361 f}
05-04 15:42:50.387 26631 30921 D ProcSpeedReader: Failed to read freq stats from null
05-04 15:42:50.424 26260 26282 I LaunchCheckinHandler: Displayed com.antutu.ABenchMark/com.antutu.benchmark.ui.home.activity.ActivityMain,wp,wa,59
05-04 15:42:52.217 26260 26668 I ActivityManager: START u0 {cmp=com.antutu.ABenchMark/com.antutu.benchmark.ui.monitoring.activity.ActivityMonitoring} from uid 10190
05-04 15:42:52.221 26631 30921 D ProcSpeedReader: Failed to read freq stats from null
05-04 15:42:52.228 26631 30921 D ProcSpeedReader: Failed to read freq stats from null
05-04 15:42:52.299 25969 25969 I SFPerfTracer:      triggers: (rate: 22:1808) (compose: 0:0) (post: 0:0) (render: 0:1) (39:25446 frames) (40:28008)
05-04 15:42:52.299 25969 25969 D SFPerfTracer:        layers: (2:10) (StatusBar#0 (0x7f9b0b0000): 0:12572) (com.android.systemui.ImageWallpaper#0 (0x7f9b524000): 0:185)* (animation background stackId=1#0 (0x7f9b178000): 0:53)* (DimLayerController/Stack=0#0 (0x7f9b19e000): 0:50)* (Sprite#0 (0x7f9b116000): 0:1)* (ch.deletescape.lawnchair/ch.deletescape.lawnchair.Launcher#0 (0x7f9b087000): 0:153)* (ch.deletescape.lawnchair/ch.deletescape.lawnchair.Launcher#1 (0x7f9b0cb000): 0:16)* (com.antutu.ABenchMark/com.antutu.benchmark.ui.user.activity.UserLoginActivity#0 (0x7f9b031000): 0:46)- (com.antutu.ABenchMark/com.antutu.ABenchMark.ABenchMarkStart#0 (0x7f9b5e5000): 0:26)- (com.antutu.ABenchMark/com.antutu.benchmark.ui.home.activity.ActivityMain#0 (0x7f9b031000): 40:82) 
05-04 15:42:52.457 26260 26282 I LaunchCheckinHandler: Displayed com.antutu.ABenchMark/com.antutu.benchmark.ui.monitoring.activity.ActivityMonitoring,wp,ca,232
05-04 15:42:52.462 25969 25981 I SFPerfTracer:      triggers: (rate: 0:0) (165 sw vsyncs) (0 skipped) (47:137163 vsyncs) (49:145143)
05-04 15:42:55.070 25969 25969 I SFPerfTracer:      triggers: (rate: 22:1810) (compose: 0:0) (post: 0:0) (render: 0:1) (73:25540 frames) (74:28109)
05-04 15:42:55.070 25969 25969 D SFPerfTracer:        layers: (2:9) (StatusBar#0 (0x7f9b0b0000): 3:12575) (com.android.systemui.ImageWallpaper#0 (0x7f9b524000): 0:185)* (animation background stackId=1#0 (0x7f9b178000): 0:55)* (DimLayerController/Stack=0#0 (0x7f9b19e000): 0:50)* (Sprite#0 (0x7f9b116000): 0:1)* (ch.deletescape.lawnchair/ch.deletescape.lawnchair.Launcher#0 (0x7f9b087000): 0:153)* (ch.deletescape.lawnchair/ch.deletescape.lawnchair.Launcher#1 (0x7f9b0cb000): 0:16)* (com.antutu.ABenchMark/com.antutu.benchmark.ui.home.activity.ActivityMain#0 (0x7f9b031000): 0:105)- (com.antutu.ABenchMark/com.antutu.benchmark.ui.monitoring.activity.ActivityMonitoring#0 (0x7f9b5e5000): 73:93) 
05-04 15:42:55.602 25969 25981 I SFPerfTracer:      triggers: (rate: 0:0) (165 sw vsyncs) (0 skipped) (141:137310 vsyncs) (143:145297)
05-04 15:42:58.575 25969 25981 I SFPerfTracer:      triggers: (rate: 0:0) (165 sw vsyncs) (0 skipped) (57:137445 vsyncs) (59:145440)
05-04 15:42:58.582 25969 25969 I SFPerfTracer:      triggers: (rate: 22:1814) (compose: 0:0) (post: 0:0) (render: 0:1) (100:25675 frames) (101:28247)
05-04 15:42:58.583 25969 25969 D SFPerfTracer:        layers: (2:8) (StatusBar#0 (0x7f9b0b0000): 0:12575) (com.android.systemui.ImageWallpaper#0 (0x7f9b524000): 0:185)* (animation background stackId=1#0 (0x7f9b178000): 0:55)* (DimLayerController/Stack=0#0 (0x7f9b19e000): 0:50)* (Sprite#0 (0x7f9b116000): 0:1)* (ch.deletescape.lawnchair/ch.deletescape.lawnchair.Launcher#0 (0x7f9b087000): 0:153)* (ch.deletescape.lawnchair/ch.deletescape.lawnchair.Launcher#1 (0x7f9b0cb000): 0:16)* (com.antutu.ABenchMark/com.antutu.benchmark.ui.monitoring.activity.ActivityMonitoring#0 (0x7f9b5e5000): 101:231) 
05-04 15:43:00.814 26631 30921 D ProcSpeedReader: Failed to read freq stats from null
05-04 15:43:00.823 26260 26668 I ActivityManager: START u0 {cmp=com.antutu.ABenchMark/com.antutu.benchmark.ui.home.activity.ActivityMain (has extras)} from uid 10190
05-04 15:43:00.831 26631 30921 D ProcSpeedReader: Failed to read freq stats from null
05-04 15:43:00.894 26260 26282 I LaunchCheckinHandler: Displayed com.antutu.ABenchMark/com.antutu.benchmark.ui.home.activity.ActivityMain,wp,wa,71
05-04 15:43:01.580 25969 25981 I SFPerfTracer:      triggers: (rate: 0:0) (165 sw vsyncs) (0 skipped) (58:137580 vsyncs) (60:145584)
05-04 15:43:01.975 25969 25969 I SFPerfTracer:      triggers: (rate: 22:1815) (compose: 0:0) (post: 0:0) (render: 0:1) (43:25778 frames) (44:28358)
05-04 15:43:01.975 25969 25969 D SFPerfTracer:        layers: (2:9) (StatusBar#0 (0x7f9b0b0000): 0:12577) (com.android.systemui.ImageWallpaper#0 (0x7f9b524000): 0:185)* (animation background stackId=1#0 (0x7f9b178000): 0:55)* (DimLayerController/Stack=0#0 (0x7f9b19e000): 0:50)* (Sprite#0 (0x7f9b116000): 0:1)* (ch.deletescape.lawnchair/ch.deletescape.lawnchair.Launcher#0 (0x7f9b087000): 0:153)* (ch.deletescape.lawnchair/ch.deletescape.lawnchair.Launcher#1 (0x7f9b0cb000): 0:16)* (com.antutu.ABenchMark/com.antutu.benchmark.ui.monitoring.activity.ActivityMonitoring#0 (0x7f9b5e5000): 2:298)* (com.antutu.ABenchMark/com.antutu.benchmark.ui.home.activity.ActivityMain#0 (0x7f9b181000): 44:64) 
05-04 15:43:05.408 25969 25981 I SFPerfTracer:      triggers: (rate: 0:0) (165 sw vsyncs) (0 skipped) (79:137741 vsyncs) (81:145752)
05-04 15:43:05.434 25969 25969 I SFPerfTracer:      triggers: (rate: 22:1815) (compose: 0:0) (post: 0:0) (render: 0:1) (79:25918 frames) (80:28501)
05-04 15:43:05.434 25969 25969 D SFPerfTracer:        layers: (2:8) (StatusBar#0 (0x7f9b0b0000): 3:12580) (com.android.systemui.ImageWallpaper#0 (0x7f9b524000): 0:185)* (animation background stackId=1#0 (0x7f9b178000): 0:55)* (DimLayerController/Stack=0#0 (0x7f9b19e000): 0:50)* (Sprite#0 (0x7f9b116000): 0:1)* (ch.deletescape.lawnchair/ch.deletescape.lawnchair.Launcher#0 (0x7f9b087000): 0:153)* (ch.deletescape.lawnchair/ch.deletescape.lawnchair.Launcher#1 (0x7f9b0cb000): 0:16)* (com.antutu.ABenchMark/com.antutu.benchmark.ui.home.activity.ActivityMain#0 (0x7f9b181000): 80:207) 
05-04 15:43:05.985 26260 26275 W BroadcastQueue: Permission Denial: broadcasting Intent { act=com.igexin.sdk.action.pushmanager flg=0x10 (has extras) } from com.antutu.ABenchMark (pid=1428, uid=10190) is not exported from uid 10143 due to receiver cn.wps.moffice_eng/com.igexin.sdk.PushManagerReceiver
05-04 15:43:05.987 26260 26275 W BroadcastQueue: Background execution not allowed: receiving Intent { act=com.igexin.sdk.action.pushmanager flg=0x10 (has extras) } to com.antutu.ABenchMark/com.igexin.sdk.PushManagerReceiver
05-04 15:43:05.987 26260 26275 W BroadcastQueue: Permission Denial: broadcasting Intent { act=com.igexin.sdk.action.pushmanager flg=0x10 (has extras) } from com.antutu.ABenchMark (pid=1428, uid=10190) is not exported from uid 10153 due to receiver com.sdu.didi.psnger/com.igexin.sdk.PushManagerReceiver
05-04 15:43:07.645 26260 26275 W BroadcastQueue: Background execution not allowed: receiving Intent { act=com.igexin.sdk.action.ZJJ5spRHSxAO0QpkSa6hz8 flg=0x30 (has extras) } to com.antutu.ABenchMark/com.antutu.benchmark.receiver.GeTuiReceiver
05-04 15:43:08.666 25969 25981 I SFPerfTracer:      triggers: (rate: 0:0) (165 sw vsyncs) (0 skipped) (88:137916 vsyncs) (90:145931)
05-04 15:43:08.691 25969 25969 I SFPerfTracer:      triggers: (rate: 22:1817) (compose: 0:0) (post: 0:0) (render: 0:1) (88:26092 frames) (89:28677)
05-04 15:43:08.691 25969 25969 D SFPerfTracer:        layers: (2:8) (StatusBar#0 (0x7f9b0b0000): 0:12584) (com.android.systemui.ImageWallpaper#0 (0x7f9b524000): 0:185)* (animation background stackId=1#0 (0x7f9b178000): 0:55)* (DimLayerController/Stack=0#0 (0x7f9b19e000): 0:50)* (Sprite#0 (0x7f9b116000): 0:1)* (ch.deletescape.lawnchair/ch.deletescape.lawnchair.Launcher#0 (0x7f9b087000): 0:153)* (ch.deletescape.lawnchair/ch.deletescape.lawnchair.Launcher#1 (0x7f9b0cb000): 0:16)* (com.antutu.ABenchMark/com.antutu.benchmark.ui.home.activity.ActivityMain#0 (0x7f9b181000): 89:380) 
05-04 15:43:08.800 26260 26275 W BroadcastQueue: Permission Denial: broadcasting Intent { act=com.igexin.sdk.action.pushmanager flg=0x10 (has extras) } from com.antutu.ABenchMark (pid=1428, uid=10190) is not exported from uid 10143 due to receiver cn.wps.moffice_eng/com.igexin.sdk.PushManagerReceiver
05-04 15:43:08.802 26260 26275 W BroadcastQueue: Background execution not allowed: receiving Intent { act=com.igexin.sdk.action.pushmanager flg=0x10 (has extras) } to com.antutu.ABenchMark/com.igexin.sdk.PushManagerReceiver
05-04 15:43:08.802 26260 26275 W BroadcastQueue: Permission Denial: broadcasting Intent { act=com.igexin.sdk.action.pushmanager flg=0x10 (has extras) } from com.antutu.ABenchMark (pid=1428, uid=10190) is not exported from uid 10153 due to receiver com.sdu.didi.psnger/com.igexin.sdk.PushManagerReceiver
05-04 15:43:11.798 25969 25969 I SFPerfTracer:      triggers: (rate: 22:1818) (compose: 0:0) (post: 0:0) (render: 0:1) (166:26258 frames) (167:28844)
05-04 15:43:11.798 25969 25969 D SFPerfTracer:        layers: (2:8) (StatusBar#0 (0x7f9b0b0000): 60:12644) (com.android.systemui.ImageWallpaper#0 (0x7f9b524000): 0:185)* (animation background stackId=1#0 (0x7f9b178000): 0:55)* (DimLayerController/Stack=0#0 (0x7f9b19e000): 0:50)* (Sprite#0 (0x7f9b116000): 0:1)* (ch.deletescape.lawnchair/ch.deletescape.lawnchair.Launcher#0 (0x7f9b087000): 0:153)* (ch.deletescape.lawnchair/ch.deletescape.lawnchair.Launcher#1 (0x7f9b0cb000): 0:16)* (com.antutu.ABenchMark/com.antutu.benchmark.ui.home.activity.ActivityMain#0 (0x7f9b181000): 152:532) 
05-04 15:43:12.411 26260 26260 D JobSchedulerService: Error executing JobStatus{2103db2 #u0a186/1 com.tencent.mtt/.browser.push.external.account.JobschedulService u=0 s=10186 TIME=-1h1m56s181ms:-42m26s505ms PERSISTED READY}
05-04 15:43:12.428 26260 26274 E SyncManager: Bind attempt failed - target: ComponentInfo{com.tencent.weread/com.tencent.weread.push.syncadapter.WRSyncService}
05-04 15:43:12.434 26260 26260 D JobSchedulerService: Error executing JobStatus{2103db2 #u0a186/1 com.tencent.mtt/.browser.push.external.account.JobschedulService u=0 s=10186 TIME=-1h1m56s203ms:-42m26s527ms PERSISTED READY}
05-04 15:43:14.012 25969 25969 I SFPerfTracer:      triggers: (rate: 22:1819) (compose: 0:0) (post: 0:0) (render: 0:1) (48:26369 frames) (49:28957)
05-04 15:43:14.012 25969 25969 D SFPerfTracer:        layers: (2:8) (StatusBar#0 (0x7f9b0b0000): 49:12725) (com.android.systemui.ImageWallpaper#0 (0x7f9b524000): 0:185)* (animation background stackId=1#0 (0x7f9b178000): 0:55)* (DimLayerController/Stack=0#0 (0x7f9b19e000): 0:50)* (Sprite#0 (0x7f9b116000): 0:1)* (ch.deletescape.lawnchair/ch.deletescape.lawnchair.Launcher#0 (0x7f9b087000): 0:153)* (ch.deletescape.lawnchair/ch.deletescape.lawnchair.Launcher#1 (0x7f9b0cb000): 0:16)* (com.antutu.ABenchMark/com.antutu.benchmark.ui.home.activity.ActivityMain#0 (0x7f9b181000): 41:634) 
05-04 15:43:14.846 25969 25981 I SFPerfTracer:      triggers: (rate: 0:0) (165 sw vsyncs) (0 skipped) (348:138270 vsyncs) (350:146289)
05-04 15:43:15.301 26260 26624 I ActivityManager: START u0 {cmp=com.antutu.ABenchMark/com.antutu.benchmark.ui.testscreen.activity.TestScreenActivity} from uid 10190
05-04 15:43:15.306 26631 30921 D ProcSpeedReader: Failed to read freq stats from null
05-04 15:43:15.313 26631 30921 D ProcSpeedReader: Failed to read freq stats from null
05-04 15:43:15.417 26260 26282 I LaunchCheckinHandler: Displayed com.antutu.ABenchMark/com.antutu.benchmark.ui.testscreen.activity.TestScreenActivity,wp,ca,106
05-04 15:43:17.169 26260 26270 I ActivityManager: START u0 {cmp=com.antutu.ABenchMark/com.antutu.benchmark.ui.batterycapacity.activity.ActivityBatteryCapacityLoss} from uid 10190
05-04 15:43:17.173 26631 30921 D ProcSpeedReader: Failed to read freq stats from null
05-04 15:43:17.178 26631 30921 D ProcSpeedReader: Failed to read freq stats from null
05-04 15:43:17.185 25969 25969 I SFPerfTracer:      triggers: (rate: 22:1820) (compose: 0:0) (post: 0:0) (render: 0:1) (78:26530 frames) (79:29123)
05-04 15:43:17.185 25969 25969 D SFPerfTracer:        layers: (2:9) (StatusBar#0 (0x7f9b0b0000): 0:12732) (com.android.systemui.ImageWallpaper#0 (0x7f9b524000): 0:185)* (animation background stackId=1#0 (0x7f9b178000): 1:57)* (DimLayerController/Stack=0#0 (0x7f9b19e000): 0:50)* (Sprite#0 (0x7f9b116000): 0:1)* (ch.deletescape.lawnchair/ch.deletescape.lawnchair.Launcher#0 (0x7f9b087000): 0:153)* (ch.deletescape.lawnchair/ch.deletescape.lawnchair.Launcher#1 (0x7f9b0cb000): 0:16)* (com.antutu.ABenchMark/com.antutu.benchmark.ui.home.activity.ActivityMain#0 (0x7f9b181000): 1:722)* (com.antutu.ABenchMark/com.antutu.benchmark.ui.testscreen.activity.TestScreenActivity#0 (0x7f9b5e5000): 79:94) 
05-04 15:43:17.296 25969 25981 I SFPerfTracer:      triggers: (rate: 0:0) (165 sw vsyncs) (0 skipped) (134:138406 vsyncs) (136:146429)
05-04 15:43:17.342 26260 26282 I LaunchCheckinHandler: Displayed com.antutu.ABenchMark/com.antutu.benchmark.ui.batterycapacity.activity.ActivityBatteryCapacityLoss,wp,ca,166
05-04 15:43:19.039 26260 26323 D BatteryService: uevent={POWER_SUPPLY_DP_DM=0, POWER_SUPPLY_VOLTAGE_QNOVO=-22, POWER_SUPPLY_VOLTAGE_NOW=4394031, POWER_SUPPLY_SW_JEITA_ENABLED=0, POWER_SUPPLY_HEALTH=Good, POWER_SUPPLY_TECHNOLOGY=Li-ion, POWER_SUPPLY_CHARGER_TEMP_MAX=803, SEQNUM=5718, POWER_SUPPLY_INPUT_CURRENT_LIMITED=1, POWER_SUPPLY_STATUS=Full, POWER_SUPPLY_BATTERY_CHARGING_ENABLED=0, POWER_SUPPLY_CURRENT_MAX=3000000, POWER_SUPPLY_CAPACITY=100, DEVPATH=/devices/soc/800f000.qcom,spmi/spmi-0/spmi0-02/800f000.qcom,spmi:qcom,pmi8998@2:qcom,qpnp-smb2/power_supply/battery, POWER_SUPPLY_CHARGE_DONE=1, POWER_SUPPLY_CHARGE_TYPE=N/A, POWER_SUPPLY_CHARGER_TEMP=377, POWER_SUPPLY_CHARGE_RATE=Normal, POWER_SUPPLY_CURRENT_QNOVO=-22, POWER_SUPPLY_CURRENT_NOW=-8789, POWER_SUPPLY_SYSTEM_TEMP_LEVEL=0, POWER_SUPPLY_PRESENT=1, POWER_SUPPLY_PARALLEL_DISABLE=0, SUBSYSTEM=power_supply, POWER_SUPPLY_SET_SHIP_MODE=0, POWER_SUPPLY_TEMP=380, ACTION=change, POWER_SUPPLY_RERUN_AICL=0, POWER_SUPPLY_AGE=100, POWER_SUPPLY_NAME=battery, POWER_SUPPLY_VOLTAGE_MAX=-22, POWER_SUPPLY_CONSTANT_CHARGE_CURRENT_MAX=3000000, POWER_SUPPLY_CHARGE_COUNTER=2920076, POWER_SUPPLY_STEP_CHARGING_ENABLED=0, POWER_SUPPLY_NUM_SYSTEM_TEMP_LEVELS=6, POWER_SUPPLY_DIE_HEALTH=Cool, POWER_SUPPLY_INPUT_SUSPEND=0}
05-04 15:43:21.043 25969 25981 I SFPerfTracer:      triggers: (rate: 0:0) (165 sw vsyncs) (0 skipped) (152:138561 vsyncs) (154:146591)
05-04 15:43:22.414 25969 25969 I SFPerfTracer:      triggers: (rate: 22:1821) (compose: 0:0) (post: 0:0) (render: 0:1) (81:26626 frames) (82:29226)
05-04 15:43:22.414 25969 25969 D SFPerfTracer:        layers: (2:10) (StatusBar#0 (0x7f9b0b0000): 4:12736) (com.android.systemui.ImageWallpaper#0 (0x7f9b524000): 0:185)* (animation background stackId=1#0 (0x7f9b178000): 0:59)* (DimLayerController/Stack=0#0 (0x7f9b19e000): 0:50)* (Sprite#0 (0x7f9b116000): 0:1)* (ch.deletescape.lawnchair/ch.deletescape.lawnchair.Launcher#0 (0x7f9b087000): 0:153)* (ch.deletescape.lawnchair/ch.deletescape.lawnchair.Launcher#1 (0x7f9b0cb000): 0:16)* (com.antutu.ABenchMark/com.antutu.benchmark.ui.home.activity.ActivityMain#0 (0x7f9b181000): 0:722)- (com.antutu.ABenchMark/com.antutu.benchmark.ui.testscreen.activity.TestScreenActivity#0 (0x7f9b5e5000): 0:112)- (com.antutu.ABenchMark/com.antutu.benchmark.ui.batterycapacity.activity.ActivityBatteryCapacityLoss#0 (0x7f9b031000): 82:100) 
05-04 15:43:24.141 25969 25981 I SFPerfTracer:      triggers: (rate: 0:0) (165 sw vsyncs) (0 skipped) (60:138678 vsyncs) (62:146715)
05-04 15:43:26.733 25969 25981 I SFPerfTracer:      triggers: (rate: 0:0) (165 sw vsyncs) (0 skipped) (57:138785 vsyncs) (59:146832)
05-04 15:43:27.088 26260 26624 I ActivityManager: START u0 {cmp=com.antutu.ABenchMark/com.antutu.benchmark.ui.batterycapacity.activity.ActivityBatteryCapacityLoss$SubActivityDialogCustomBatteryCapacity (has extras)} from uid 10190
05-04 15:43:27.093 26631 30921 D ProcSpeedReader: Failed to read freq stats from null
05-04 15:43:27.098 26631 30921 D ProcSpeedReader: Failed to read freq stats from null
05-04 15:43:27.233 26260 26282 I LaunchCheckinHandler: Displayed com.antutu.ABenchMark/com.antutu.benchmark.ui.batterycapacity.activity.ActivityBatteryCapacityLoss$SubActivityDialogCustomBatteryCapacity,wp,ca,137
05-04 15:43:28.492 26631 30921 D ProcSpeedReader: Failed to read freq stats from null
05-04 15:43:28.504 26631 30921 D ProcSpeedReader: Failed to read freq stats from null
05-04 15:43:29.872 25969 25981 I SFPerfTracer:      triggers: (rate: 0:0) (165 sw vsyncs) (0 skipped) (60:138921 vsyncs) (62:146980)
05-04 15:43:30.974 26260 26570 W WindowManager: Permission Denial: dismissKeyguard from pid=7646, uid=2000 requires android.permission.CONTROL_KEYGUARD
05-04 15:43:32.250 26260 26280 W RemoteFillService: Not handling { when=-5ms what=3 target=com.android.internal.os.HandlerCaller$MyHandler } as service for ComponentInfo{com.google.android.gms/com.google.android.gms.autofill.service.AutofillService} is already destroyed
05-04 15:43:32.408 26260 26294 I ActivityManager: Start proc 7672:com.android.defcontainer/u0a20 for service com.android.defcontainer/.DefaultContainerService
05-04 15:43:33.432 25969 25981 I SFPerfTracer:      triggers: (rate: 0:0) (165 sw vsyncs) (0 skipped) (60:139041 vsyncs) (62:147107)
05-04 15:43:33.746 26260 26275 I ActivityManager: Force stopping github.tornaco.xposedmoduletest appid=10142 user=-1: installPackageLI
05-04 15:43:33.747 26260 26275 I ActivityManager: Killing 6977:github.tornaco.xposedmoduletest/u0a142 (adj 900): stop github.tornaco.xposedmoduletest
05-04 15:43:33.793 26260 26282 W ActivityManager: setHasOverlayUi called on unknown pid: 6977
05-04 15:43:33.877 26260 26294 W PackageSettings: Skipping PackageSetting{42962a2 github.tornaco.xposedmoduletest.test/10163} due to missing metadata
05-04 15:43:33.895 26260 26294 I PackageManager: Package github.tornaco.xposedmoduletest codePath changed from /data/app/github.tornaco.xposedmoduletest-kVWJY9JoPs0T4zphcWG9xQ== to /data/app/github.tornaco.xposedmoduletest-ok1mqYBewxKTD1p-yOPhTw==; Retaining data and using new
05-04 15:43:33.896 26260 26294 W PackageManager: Code path for github.tornaco.xposedmoduletest changing from /data/app/github.tornaco.xposedmoduletest-kVWJY9JoPs0T4zphcWG9xQ== to /data/app/github.tornaco.xposedmoduletest-ok1mqYBewxKTD1p-yOPhTw==
05-04 15:43:33.896 26260 26294 W PackageManager: Resource path for github.tornaco.xposedmoduletest changing from /data/app/github.tornaco.xposedmoduletest-kVWJY9JoPs0T4zphcWG9xQ== to /data/app/github.tornaco.xposedmoduletest-ok1mqYBewxKTD1p-yOPhTw==
05-04 15:43:33.954 26260 26294 W PackageSettings: Skipping PackageSetting{42962a2 github.tornaco.xposedmoduletest.test/10163} due to missing metadata
05-04 15:43:34.039 26260 26294 W PackageSettings: Skipping PackageSetting{42962a2 github.tornaco.xposedmoduletest.test/10163} due to missing metadata
05-04 15:43:34.254 26260 26294 I ActivityManager: Force stopping github.tornaco.xposedmoduletest appid=10142 user=0: pkg removed
05-04 15:43:34.407 26260 26275 I ActivityManager: Start proc 7711:com.android.sdm.plugins.sprintdm/1001 for broadcast com.android.sdm.plugins.sprintdm/com.sprint.ms.smf.ConfigurationReceiver
05-04 15:43:34.449 26260 26260 I ActivityManager: Start proc 7724:com.android.keychain/1000 for service com.android.keychain/.KeyChainService
05-04 15:43:34.577 26260 31127 I ActivityManager: START u0 {act=android.intent.action.MAIN cat=[android.intent.category.LAUNCHER] flg=0x10000000 cmp=github.tornaco.xposedmoduletest/.ui.activity.NavigatorActivityBottomNav} from uid 2000
05-04 15:43:34.585 26631 30921 D ProcSpeedReader: Failed to read freq stats from null
05-04 15:43:34.595 26260 31141 I ActivityManager: Start proc 7753:github.tornaco.xposedmoduletest/u0a142 for activity github.tornaco.xposedmoduletest/.ui.activity.NavigatorActivityBottomNav
05-04 15:43:34.648 26260 31095 I ActivityManager: Start proc 7766:com.android.vending:instant_app_installer/u0a59 for broadcast com.android.vending/com.google.android.finsky.instantapps.appmanagement.InstantAppRemoveMonitor
05-04 15:43:34.666 26631 30921 D ProcSpeedReader: Failed to read freq stats from null
05-04 15:43:34.737 26260 26570 W ActivityManager: Unbind failed: could not find connection for android.os.BinderProxy@8de0933
05-04 15:43:34.739 26260 30909 W ActivityManager: Unbind failed: could not find connection for android.os.BinderProxy@bc8a69
05-04 15:43:34.741 26260 26570 W ActivityManager: Unbind failed: could not find connection for android.os.BinderProxy@8a91cee
05-04 15:43:34.743 26260 26570 W ActivityManager: Unbind failed: could not find connection for android.os.BinderProxy@4e6058f
05-04 15:43:34.752 26260 31141 I ActivityManager: Killing 4129:com.android.chrome:sandboxed_process0/u0a1i5 (adj 904): empty #22
05-04 15:43:34.762 26260 26570 W ActivityManager: Scheduling restart of crashed service com.aura.oobe.ml/org.chromium.content.app.SandboxedProcessService0 in 1000ms
05-04 15:43:34.806 26260 26260 I TelecomService: DefaultDialerCache: Refreshing default dialer for user 0: now com.android.dialer: DDC.oR@AKc
05-04 15:43:34.977 26260 26570 W BroadcastQueue: Background execution not allowed: receiving Intent { act=android.intent.action.PACKAGE_REMOVED dat=package:github.tornaco.xposedmoduletest flg=0x4000010 (has extras) } to com.google.android.googlequicksearchbox/com.google.android.apps.gsa.googlequicksearchbox.GelStubAppWatcher
05-04 15:43:34.981 26260 26275 W BroadcastQueue: Background execution not allowed: receiving Intent { act=android.intent.action.PACKAGE_REMOVED dat=package:github.tornaco.xposedmoduletest flg=0x4000010 (has extras) } to com.antutu.ABenchMark/com.taobao.accs.EventReceiver
05-04 15:43:34.983 26260 26275 W BroadcastQueue: Background execution not allowed: receiving Intent { act=android.intent.action.PACKAGE_REMOVED dat=package:github.tornaco.xposedmoduletest flg=0x4000010 (has extras) } to com.antutu.ABenchMark/com.taobao.agoo.AgooCommondReceiver
05-04 15:43:35.081 26260 31141 W BroadcastQueue: Background execution not allowed: receiving Intent { act=android.intent.action.PACKAGE_ADDED dat=package:github.tornaco.xposedmoduletest flg=0x4000010 (has extras) } to com.google.android.googlequicksearchbox/com.google.android.apps.gsa.googlequicksearchbox.GelStubAppWatcher
05-04 15:43:35.082 26260 26275 W BroadcastQueue: Background execution not allowed: receiving Intent { act=android.intent.action.PACKAGE_ADDED dat=package:github.tornaco.xposedmoduletest flg=0x4000010 (has extras) } to com.google.android.ims/.receivers.RcsAutoStartReceiver
05-04 15:43:35.113 26260 26260 E NotificationService: Error creating vibration waveform with pattern: [0]
05-04 15:43:35.114 26260 26275 W BroadcastQueue: Background execution not allowed: receiving Intent { act=android.intent.action.PACKAGE_REPLACED dat=package:github.tornaco.xposedmoduletest flg=0x4000010 (has extras) } to com.google.android.apps.photos/.account.full.FetchAccountPropertiesAppUpgradeBroadcastReceiver
05-04 15:43:35.115 26260 26275 W BroadcastQueue: Background execution not allowed: receiving Intent { act=android.intent.action.PACKAGE_REPLACED dat=package:github.tornaco.xposedmoduletest flg=0x4000010 (has extras) } to com.google.android.apps.photos/.account.full.SyncAccountsForLoginBroadcastReceiver
05-04 15:43:35.115 26260 26275 W BroadcastQueue: Background execution not allowed: receiving Intent { act=android.intent.action.PACKAGE_REPLACED dat=package:github.tornaco.xposedmoduletest flg=0x4000010 (has extras) } to com.google.android.apps.photos/.experiments.phenotype.full.PhenotypeAppUpgradeBroadcastReceiver
05-04 15:43:35.116 26260 26275 W BroadcastQueue: Background execution not allowed: receiving Intent { act=android.intent.action.PACKAGE_REPLACED dat=package:github.tornaco.xposedmoduletest flg=0x4000010 (has extras) } to com.google.android.apps.photos/.notificationchannels.AppUpdateBroadcastReceiver
05-04 15:43:35.157 26260 31141 W BroadcastQueue: Background execution not allowed: receiving Intent { act=android.intent.action.PACKAGE_REPLACED dat=package:github.tornaco.xposedmoduletest flg=0x4000010 (has extras) } to com.google.android.googlequicksearchbox/com.google.android.apps.gsa.googlequicksearchbox.GelStubAppWatcher
05-04 15:43:35.163 26260 26275 W BroadcastQueue: Background execution not allowed: receiving Intent { act=android.intent.action.PACKAGE_REPLACED dat=package:github.tornaco.xposedmoduletest flg=0x4000010 (has extras) } to com.google.android.ims/.receivers.RcsAutoStartReceiver
05-04 15:43:35.163 26260 26275 W BroadcastQueue: Background execution not allowed: receiving Intent { act=android.intent.action.PACKAGE_REPLACED dat=package:github.tornaco.xposedmoduletest flg=0x4000010 (has extras) } to com.motorola.ccc.notification/.gcm.GCMAdminReceiver
05-04 15:43:35.369 25969 25969 I SFPerfTracer:      triggers: (rate: 22:1824) (compose: 0:0) (post: 0:0) (render: 0:1) (8:26706 frames) (9:29327)
