01-07 07:13:14.653  3352  3546 I Xposed  : 	at com.android.internal.telephony.RIL.setCellInfoListRate(RIL.java:3044)
01-07 07:13:14.653  3352  3546 I Xposed  : 	at com.android.internal.telephony.RIL.setCellInfoListRate(RIL.java:3061)
01-07 07:13:14.653  3352  3546 I Xposed  : 	at com.android.internal.telephony.RadioIndication.rilConnected(RadioIndication.java:608)
01-07 07:13:14.653  3352  3546 I Xposed  : 	at android.hardware.radio.V1_1.IRadioIndication$Stub.onTransact(IRadioIndication.java:1472)
01-07 07:13:14.666  3352  3352 I Xposed  : X-APM-S-4.1.5-WARN-Error getPermissionControlBlockModeForPkg: java.lang.NullPointerException: Attempt to invoke virtual method 'github.tornaco.xposedmoduletest.xposed.repo.SetRepo github.tornaco.xposedmoduletest.xposed.repo.RepoProxy.getPerms()' on a null object reference
01-07 07:13:14.666  3352  3352 I Xposed  : 	at github.tornaco.xposedmoduletest.xposed.service.XAshmanServiceImpl.isInPermissionBlockList(XAshmanServiceImpl.java:3773)
01-07 07:13:14.666  3352  3352 I Xposed  : 	at github.tornaco.xposedmoduletest.xposed.service.XAshmanServiceImpl.getPermissionControlBlockModeForPkg(XAshmanServiceImpl.java:2785)
01-07 07:13:14.666  3352  3352 I Xposed  : 	at github.tornaco.xposedmoduletest.xposed.app.XAshmanManager.getPermissionControlBlockModeForPkg(XAshmanManager.java:520)
01-07 07:13:14.666  3352  3352 I Xposed  : 	at github.tornaco.xposedmoduletest.xposed.submodules.WakelockSubModule$1.beforeHookedMethod(WakelockSubModule.java:66)
01-07 07:13:14.666  3352  3352 I Xposed  : 	at de.robv.android.xposed.XposedBridge.handleHookedMethod(XposedBridge.java:341)
01-07 07:13:14.666  3352  3352 I Xposed  : 	at android.os.PowerManager$WakeLock.acquire(<Xposed>)
01-07 07:13:14.666  3352  3352 I Xposed  : 	at com.android.internal.telephony.RIL.acquireWakeLock(RIL.java:4121)
01-07 07:13:14.666  3352  3352 I Xposed  : 	at com.android.internal.telephony.RIL.addRequest(RIL.java:664)
01-07 07:13:14.666  3352  3352 I Xposed  : 	at com.android.internal.telephony.RIL.obtainRequest(RIL.java:673)
01-07 07:13:14.666  3352  3352 I Xposed  : 	at com.android.internal.telephony.RIL.getHardwareConfig(RIL.java:3408)
01-07 07:13:14.666  3352  3352 I Xposed  : 	at com.android.internal.telephony.TelephonyDevController.registerRIL(TelephonyDevController.java:112)
01-07 07:13:14.666  3352  3352 I Xposed  : 	at com.android.internal.telephony.RIL.<init>(RIL.java:643)
01-07 07:13:14.666  3352  3352 I Xposed  : 	at com.android.internal.telephony.PhoneFactory.makeDefaultPhone(PhoneFactory.java:168)
01-07 07:13:14.666  3352  3352 I Xposed  : 	at com.android.internal.telephony.PhoneFactory.makeDefaultPhones(PhoneFactory.java:97)
01-07 07:13:14.666  3352  3352 I Xposed  : 	at com.android.phone.PhoneGlobals.onCreate(PhoneGlobals.java:288)
01-07 07:13:14.666  3352  3352 I Xposed  : 	at com.android.phone.PhoneApp.onCreate(PhoneApp.java:41)
01-07 07:13:14.666  3352  3352 I Xposed  : 	at android.app.Instrumentation.callApplicationOnCreate(Instrumentation.java:1119)
01-07 07:13:14.666  3352  3352 I Xposed  : 	at android.app.ActivityThread.handleBindApplication(ActivityThread.java:5740)
01-07 07:13:14.666  3352  3352 I Xposed  : 	at de.robv.android.xposed.XposedBridge.invokeOriginalMethodNative(Native Method)
01-07 07:13:14.666  3352  3352 I Xposed  : 	at de.robv.android.xposed.XposedBridge.handleHookedMethod(XposedBridge.java:361)
01-07 07:13:14.666  3352  3352 I Xposed  : 	at android.app.ActivityThread.handleBindApplication(<Xposed>)
01-07 07:13:14.666  3352  3352 I Xposed  : 	at android.app.ActivityThread.-wrap1(Unknown Source:0)
01-07 07:13:14.666  3352  3352 I Xposed  : 	at android.app.ActivityThread$H.handleMessage(ActivityThread.java:1656)
01-07 07:13:14.666  3352  3352 I Xposed  : 	at android.os.Handler.dispatchMessage(Handler.java:106)
01-07 07:13:14.666  3352  3352 I Xposed  : 	at android.os.Looper.loop(Looper.java:164)
01-07 07:13:14.666  3352  3352 I Xposed  : 	at android.app.ActivityThread.main(ActivityThread.java:6494)
01-07 07:13:14.666  3352  3352 I Xposed  : 	at java.lang.reflect.Method.invoke(Native Method)
01-07 07:13:14.666  3352  3352 I Xposed  : 	at com.android.internal.os.RuntimeInit$MethodAndArgsCaller.run(RuntimeInit.java:440)
01-07 07:13:14.666  3352  3352 I Xposed  : 	at com.android.internal.os.ZygoteInit.main(ZygoteInit.java:807)
01-07 07:13:14.666  3352  3352 I Xposed  : 	at de.robv.android.xposed.XposedBridge.main(XposedBridge.java:108)
01-07 07:13:14.674  3352  3546 I Xposed  : X-APM-S-4.1.5-WARN-Error getPermissionControlBlockModeForPkg: java.lang.NullPointerException: Attempt to invoke virtual method 'github.tornaco.xposedmoduletest.xposed.repo.SetRepo github.tornaco.xposedmoduletest.xposed.repo.RepoProxy.getPerms()' on a null object reference
01-07 07:13:14.674  3352  3546 I Xposed  : 	at github.tornaco.xposedmoduletest.xposed.service.XAshmanServiceImpl.isInPermissionBlockList(XAshmanServiceImpl.java:3773)
01-07 07:13:14.674  3352  3546 I Xposed  : 	at github.tornaco.xposedmoduletest.xposed.service.XAshmanServiceImpl.getPermissionControlBlockModeForPkg(XAshmanServiceImpl.java:2785)
01-07 07:13:14.674  3352  3546 I Xposed  : 	at github.tornaco.xposedmoduletest.xposed.app.XAshmanManager.getPermissionControlBlockModeForPkg(XAshmanManager.java:520)
01-07 07:13:14.674  3352  3546 I Xposed  : 	at github.tornaco.xposedmoduletest.xposed.submodules.WakelockSubModule$1.beforeHookedMethod(WakelockSubModule.java:66)
01-07 07:13:14.674  3352  3546 I Xposed  : 	at de.robv.android.xposed.XposedBridge.handleHookedMethod(XposedBridge.java:341)
01-07 07:13:14.674  3352  3546 I Xposed  : 	at android.os.PowerManager$WakeLock.acquire(<Xposed>)
01-07 07:13:14.674  3352  3546 I Xposed  : 	at com.android.internal.telephony.RIL.acquireWakeLock(RIL.java:4121)
01-07 07:13:14.674  3352  3546 I Xposed  : 	at com.android.internal.telephony.RIL.addRequest(RIL.java:664)
01-07 07:13:14.674  3352  3546 I Xposed  : 	at com.android.internal.telephony.RIL.obtainRequest(RIL.java:673)
01-07 07:13:14.674  3352  3546 I Xposed  : 	at com.android.internal.telephony.RIL.setRadioPower(RIL.java:1171)
01-07 07:13:14.674  3352  3546 I Xposed  : 	at com.android.internal.telephony.RadioIndication.rilConnected(RadioIndication.java:606)
01-07 07:13:14.674  3352  3546 I Xposed  : 	at android.hardware.radio.V1_1.IRadioIndication$Stub.onTransact(IRadioIndication.java:1472)
01-07 07:13:14.677  3352  3546 I Xposed  : X-APM-S-4.1.5-WARN-Error getPermissionControlBlockModeForPkg: java.lang.NullPointerException: Attempt to invoke virtual method 'github.tornaco.xposedmoduletest.xposed.repo.SetRepo github.tornaco.xposedmoduletest.xposed.repo.RepoProxy.getPerms()' on a null object reference
01-07 07:13:14.677  3352  3546 I Xposed  : 	at github.tornaco.xposedmoduletest.xposed.service.XAshmanServiceImpl.isInPermissionBlockList(XAshmanServiceImpl.java:3773)
01-07 07:13:14.677  3352  3546 I Xposed  : 	at github.tornaco.xposedmoduletest.xposed.service.XAshmanServiceImpl.getPermissionControlBlockModeForPkg(XAshmanServiceImpl.java:2785)
01-07 07:13:14.677  3352  3546 I Xposed  : 	at github.tornaco.xposedmoduletest.xposed.app.XAshmanManager.getPermissionControlBlockModeForPkg(XAshmanManager.java:520)
01-07 07:13:14.677  3352  3546 I Xposed  : 	at github.tornaco.xposedmoduletest.xposed.submodules.WakelockSubModule$1.beforeHookedMethod(WakelockSubModule.java:66)
01-07 07:13:14.677  3352  3546 I Xposed  : 	at de.robv.android.xposed.XposedBridge.handleHookedMethod(XposedBridge.java:341)
01-07 07:13:14.677  3352  3546 I Xposed  : 	at android.os.PowerManager$WakeLock.acquire(<Xposed>)
01-07 07:13:14.677  3352  3546 I Xposed  : 	at com.android.internal.telephony.RIL.acquireWakeLock(RIL.java:4121)
01-07 07:13:14.677  3352  3546 I Xposed  : 	at com.android.internal.telephony.RIL.addRequest(RIL.java:664)
01-07 07:13:14.677  3352  3546 I Xposed  : 	at com.android.internal.telephony.RIL.obtainRequest(RIL.java:673)
01-07 07:13:14.677  3352  3546 I Xposed  : 	at com.android.internal.telephony.RIL.setCdmaSubscriptionSource(RIL.java:2371)
01-07 07:13:14.677  3352  3546 I Xposed  : 	at com.android.internal.telephony.RadioIndication.rilConnected(RadioIndication.java:607)
01-07 07:13:14.677  3352  3546 I Xposed  : 	at android.hardware.radio.V1_1.IRadioIndication$Stub.onTransact(IRadioIndication.java:1472)
01-07 07:13:14.677  3352  3352 I Xposed  : X-APM-S-4.1.5-VERBOSE-****************** getService: isub *****************
01-07 07:13:14.684  3352  3546 I Xposed  : X-APM-S-4.1.5-WARN-Error getPermissionControlBlockModeForPkg: java.lang.NullPointerException: Attempt to invoke virtual method 'github.tornaco.xposedmoduletest.xposed.repo.SetRepo github.tornaco.xposedmoduletest.xposed.repo.RepoProxy.getPerms()' on a null object reference
01-07 07:13:14.684  3352  3546 I Xposed  : 	at github.tornaco.xposedmoduletest.xposed.service.XAshmanServiceImpl.isInPermissionBlockList(XAshmanServiceImpl.java:3773)
01-07 07:13:14.684  3352  3546 I Xposed  : 	at github.tornaco.xposedmoduletest.xposed.service.XAshmanServiceImpl.getPermissionControlBlockModeForPkg(XAshmanServiceImpl.java:2785)
01-07 07:13:14.684  3352  3546 I Xposed  : 	at github.tornaco.xposedmoduletest.xposed.app.XAshmanManager.getPermissionControlBlockModeForPkg(XAshmanManager.java:520)
01-07 07:13:14.684  3352  3546 I Xposed  : 	at github.tornaco.xposedmoduletest.xposed.submodules.WakelockSubModule$1.beforeHookedMethod(WakelockSubModule.java:66)
01-07 07:13:14.684  3352  3546 I Xposed  : 	at de.robv.android.xposed.XposedBridge.handleHookedMethod(XposedBridge.java:341)
01-07 07:13:14.684  3352  3546 I Xposed  : 	at android.os.PowerManager$WakeLock.acquire(<Xposed>)
01-07 07:13:14.684  3352  3546 I Xposed  : 	at com.android.internal.telephony.RIL.acquireWakeLock(RIL.java:4121)
01-07 07:13:14.684  3352  3546 I Xposed  : 	at com.android.internal.telephony.RIL.addRequest(RIL.java:664)
01-07 07:13:14.684  3352  3546 I Xposed  : 	at com.android.internal.telephony.RIL.obtainRequest(RIL.java:673)
01-07 07:13:14.684  3352  3546 I Xposed  : 	at com.android.internal.telephony.RIL.setCellInfoListRate(RIL.java:3044)
01-07 07:13:14.684  3352  3546 I Xposed  : 	at com.android.internal.telephony.RIL.setCellInfoListRate(RIL.java:3061)
01-07 07:13:14.684  3352  3546 I Xposed  : 	at com.android.internal.telephony.RadioIndication.rilConnected(RadioIndication.java:608)
01-07 07:13:14.684  3352  3546 I Xposed  : 	at android.hardware.radio.V1_1.IRadioIndication$Stub.onTransact(IRadioIndication.java:1472)
01-07 07:13:14.726  3352  3352 I Xposed  : X-APM-S-4.1.5-VERBOSE-****************** getService: content *****************
01-07 07:13:14.735  3352  3352 I Xposed  : X-APM-S-4.1.5-WARN-Error getPermissionControlBlockModeForPkg: java.lang.NullPointerException: Attempt to invoke virtual method 'github.tornaco.xposedmoduletest.xposed.repo.SetRepo github.tornaco.xposedmoduletest.xposed.repo.RepoProxy.getPerms()' on a null object reference
01-07 07:13:14.735  3352  3352 I Xposed  : 	at github.tornaco.xposedmoduletest.xposed.service.XAshmanServiceImpl.isInPermissionBlockList(XAshmanServiceImpl.java:3773)
01-07 07:13:14.735  3352  3352 I Xposed  : 	at github.tornaco.xposedmoduletest.xposed.service.XAshmanServiceImpl.getPermissionControlBlockModeForPkg(XAshmanServiceImpl.java:2785)
01-07 07:13:14.735  3352  3352 I Xposed  : 	at github.tornaco.xposedmoduletest.xposed.app.XAshmanManager.getPermissionControlBlockModeForPkg(XAshmanManager.java:520)
01-07 07:13:14.735  3352  3352 I Xposed  : 	at github.tornaco.xposedmoduletest.xposed.submodules.WakelockSubModule$1.beforeHookedMethod(WakelockSubModule.java:66)
01-07 07:13:14.735  3352  3352 I Xposed  : 	at de.robv.android.xposed.XposedBridge.handleHookedMethod(XposedBridge.java:341)
01-07 07:13:14.735  3352  3352 I Xposed  : 	at android.os.PowerManager$WakeLock.acquire(<Xposed>)
01-07 07:13:14.735  3352  3352 I Xposed  : 	at com.android.internal.telephony.RIL.acquireWakeLock(RIL.java:4121)
01-07 07:13:14.735  3352  3352 I Xposed  : 	at com.android.internal.telephony.RIL.addRequest(RIL.java:664)
01-07 07:13:14.735  3352  3352 I Xposed  : 	at com.android.internal.telephony.RIL.obtainRequest(RIL.java:673)
01-07 07:13:14.735  3352  3352 I Xposed  : 	at com.android.internal.telephony.RIL.startLceService(RIL.java:3544)
01-07 07:13:14.735  3352  3352 I Xposed  : 	at com.android.internal.telephony.Phone.<init>(Phone.java:544)
01-07 07:13:14.735  3352  3352 I Xposed  : 	at com.android.internal.telephony.GsmCdmaPhone.<init>(GsmCdmaPhone.java:201)
01-07 07:13:14.735  3352  3352 I Xposed  : 	at com.android.internal.telephony.GsmCdmaPhone.<init>(GsmCdmaPhone.java:195)
01-07 07:13:14.735  3352  3352 I Xposed  : 	at com.android.internal.telephony.PhoneFactory.makeDefaultPhone(PhoneFactory.java:182)
01-07 07:13:14.735  3352  3352 I Xposed  : 	at com.android.internal.telephony.PhoneFactory.makeDefaultPhones(PhoneFactory.java:97)
01-07 07:13:14.735  3352  3352 I Xposed  : 	at com.android.phone.PhoneGlobals.onCreate(PhoneGlobals.java:288)
01-07 07:13:14.735  3352  3352 I Xposed  : 	at com.android.phone.PhoneApp.onCreate(PhoneApp.java:41)
01-07 07:13:14.735  3352  3352 I Xposed  : 	at android.app.Instrumentation.callApplicationOnCreate(Instrumentation.java:1119)
01-07 07:13:14.735  3352  3352 I Xposed  : 	at android.app.ActivityThread.handleBindApplication(ActivityThread.java:5740)
01-07 07:13:14.735  3352  3352 I Xposed  : 	at de.robv.android.xposed.XposedBridge.invokeOriginalMethodNative(Native Method)
01-07 07:13:14.735  3352  3352 I Xposed  : 	at de.robv.android.xposed.XposedBridge.handleHookedMethod(XposedBridge.java:361)
01-07 07:13:14.735  3352  3352 I Xposed  : 	at android.app.ActivityThread.handleBindApplication(<Xposed>)
01-07 07:13:14.735  3352  3352 I Xposed  : 	at android.app.ActivityThread.-wrap1(Unknown Source:0)
01-07 07:13:14.735  3352  3352 I Xposed  : 	at android.app.ActivityThread$H.handleMessage(ActivityThread.java:1656)
01-07 07:13:14.735  3352  3352 I Xposed  : 	at android.os.Handler.dispatchMessage(Handler.java:106)
01-07 07:13:14.735  3352  3352 I Xposed  : 	at android.os.Looper.loop(Looper.java:164)
01-07 07:13:14.735  3352  3352 I Xposed  : 	at android.app.ActivityThread.main(ActivityThread.java:6494)
01-07 07:13:14.735  3352  3352 I Xposed  : 	at java.lang.reflect.Method.invoke(Native Method)
01-07 07:13:14.735  3352  3352 I Xposed  : 	at com.android.internal.os.RuntimeInit$MethodAndArgsCaller.run(RuntimeInit.java:440)
01-07 07:13:14.735  3352  3352 I Xposed  : 	at com.android.internal.os.ZygoteInit.main(ZygoteInit.java:807)
01-07 07:13:14.735  3352  3352 I Xposed  : 	at de.robv.android.xposed.XposedBridge.main(XposedBridge.java:108)
01-07 07:13:14.759  2105  2105 I Xposed  : X-APM-S-4.1.5-VERBOSE-checkBroadcastIntent: Intent { act=android.media.RINGER_MODE_CHANGED flg=0x34000000 (has extras) }, callingUid 1000
01-07 07:13:14.760  2105  2105 I Xposed  : X-APM-S-4.1.5-VERBOSE-checkBroadcastIntent: Intent { act=android.media.INTERNAL_RINGER_MODE_CHANGED_ACTION flg=0x34000000 (has extras) }, callingUid 1000
01-07 07:13:14.766  2105  2105 I Xposed  : X-APM-S-4.1.5-VERBOSE-checkBroadcastIntent: Intent { act=android.media.VIBRATE_SETTING_CHANGED flg=0x14000000 (has extras) }, callingUid 1000
01-07 07:13:14.767  2105  2105 I Xposed  : X-APM-S-4.1.5-VERBOSE-checkBroadcastIntent: Intent { act=android.media.VIBRATE_SETTING_CHANGED flg=0x14000000 (has extras) }, callingUid 1000
01-07 07:13:14.769  2105  2105 I Xposed  : X-APM-S-4.1.5-VERBOSE-checkBroadcastIntent: Intent { act=android.media.MASTER_MUTE_CHANGED_ACTION flg=0x34000000 (has extras) }, callingUid 1000
01-07 07:13:14.775  3352  3352 I Xposed  : X-APM-S-4.1.5-WARN-Error getPermissionControlBlockModeForPkg: java.lang.NullPointerException: Attempt to invoke virtual method 'github.tornaco.xposedmoduletest.xposed.repo.SetRepo github.tornaco.xposedmoduletest.xposed.repo.RepoProxy.getPerms()' on a null object reference
01-07 07:13:14.775  3352  3352 I Xposed  : 	at github.tornaco.xposedmoduletest.xposed.service.XAshmanServiceImpl.isInPermissionBlockList(XAshmanServiceImpl.java:3773)
01-07 07:13:14.775  3352  3352 I Xposed  : 	at github.tornaco.xposedmoduletest.xposed.service.XAshmanServiceImpl.getPermissionControlBlockModeForPkg(XAshmanServiceImpl.java:2785)
01-07 07:13:14.775  3352  3352 I Xposed  : 	at github.tornaco.xposedmoduletest.xposed.app.XAshmanManager.getPermissionControlBlockModeForPkg(XAshmanManager.java:520)
01-07 07:13:14.775  3352  3352 I Xposed  : 	at github.tornaco.xposedmoduletest.xposed.submodules.WakelockSubModule$1.beforeHookedMethod(WakelockSubModule.java:66)
01-07 07:13:14.775  3352  3352 I Xposed  : 	at de.robv.android.xposed.XposedBridge.handleHookedMethod(XposedBridge.java:341)
01-07 07:13:14.775  3352  3352 I Xposed  : 	at android.os.PowerManager$WakeLock.acquire(<Xposed>)
01-07 07:13:14.775  3352  3352 I Xposed  : 	at com.android.internal.telephony.WakeLockStateMachine.<init>(WakeLockStateMachine.java:72)
01-07 07:13:14.775  3352  3352 I Xposed  : 	at com.android.internal.telephony.CellBroadcastHandler.<init>(CellBroadcastHandler.java:45)
01-07 07:13:14.775  3352  3352 I Xposed  : 	at com.android.internal.telephony.gsm.GsmCellBroadcastHandler.<init>(GsmCellBroadcastHandler.java:45)
01-07 07:13:14.775  3352  3352 I Xposed  : 	at com.android.internal.telephony.gsm.GsmCellBroadcastHandler.makeGsmCellBroadcastHandler(GsmCellBroadcastHandler.java:62)
01-07 07:13:14.775  3352  3352 I Xposed  : 	at com.android.internal.telephony.gsm.GsmInboundSmsHandler.<init>(GsmInboundSmsHandler.java:51)
01-07 07:13:14.775  3352  3352 I Xposed  : 	at com.android.internal.telephony.gsm.GsmInboundSmsHandler.makeInboundSmsHandler(GsmInboundSmsHandler.java:73)
01-07 07:13:14.775  3352  3352 I Xposed  : 	at com.android.internal.telephony.ImsSMSDispatcher.<init>(ImsSMSDispatcher.java:61)
01-07 07:13:14.775  3352  3352 I Xposed  : 	at com.android.internal.telephony.IccSmsInterfaceManager.<init>(IccSmsInterfaceManager.java:134)
01-07 07:13:14.775  3352  3352 I Xposed  : 	at com.android.internal.telephony.TelephonyComponentFactory.makeIccSmsInterfaceManager(TelephonyComponentFactory.java:85)
01-07 07:13:14.775  3352  3352 I Xposed  : 	at com.android.internal.telephony.GsmCdmaPhone.initOnce(GsmCdmaPhone.java:240)
01-07 07:13:14.775  3352  3352 I Xposed  : 	at com.android.internal.telephony.GsmCdmaPhone.<init>(GsmCdmaPhone.java:206)
01-07 07:13:14.775  3352  3352 I Xposed  : 	at com.android.internal.telephony.GsmCdmaPhone.<init>(GsmCdmaPhone.java:195)
01-07 07:13:14.775  3352  3352 I Xposed  : 	at com.android.internal.telephony.PhoneFactory.makeDefaultPhone(PhoneFactory.java:182)
01-07 07:13:14.775  3352  3352 I Xposed  : 	at com.android.internal.telephony.PhoneFactory.makeDefaultPhones(PhoneFactory.java:97)
01-07 07:13:14.775  3352  3352 I Xposed  : 	at com.android.phone.PhoneGlobals.onCreate(PhoneGlobals.java:288)
01-07 07:13:14.775  3352  3352 I Xposed  : 	at com.android.phone.PhoneApp.onCreate(PhoneApp.java:41)
01-07 07:13:14.775  3352  3352 I Xposed  : 	at android.app.Instrumentation.callApplicationOnCreate(Instrumentation.java:1119)
01-07 07:13:14.775  3352  3352 I Xposed  : 	at android.app.ActivityThread.handleBindApplication(ActivityThread.java:5740)
01-07 07:13:14.775  3352  3352 I Xposed  : 	at de.robv.android.xposed.XposedBridge.invokeOriginalMethodNative(Native Method)
01-07 07:13:14.775  3352  3352 I Xposed  : 	at de.robv.android.xposed.XposedBridge.handleHookedMethod(XposedBridge.java:361)
01-07 07:13:14.775  3352  3352 I Xposed  : 	at android.app.ActivityThread.handleBindApplication(<Xposed>)
01-07 07:13:14.775  3352  3352 I Xposed  : 	at android.app.ActivityThread.-wrap1(Unknown Source:0)
01-07 07:13:14.775  3352  3352 I Xposed  : 	at android.app.ActivityThread$H.handleMessage(ActivityThread.java:1656)
01-07 07:13:14.775  3352  3352 I Xposed  : 	at android.os.Handler.dispatchMessage(Handler.java:106)
01-07 07:13:14.775  3352  3352 I Xposed  : 	at android.os.Looper.loop(Looper.java:164)
01-07 07:13:14.775  3352  3352 I Xposed  : 	at android.app.ActivityThread.main(ActivityThread.java:6494)
01-07 07:13:14.775  3352  3352 I Xposed  : 	at java.lang.reflect.Method.invoke(Native Method)
01-07 07:13:14.775  3352  3352 I Xposed  : 	at com.android.internal.os.RuntimeInit$MethodAndArgsCaller.run(RuntimeInit.java:440)
01-07 07:13:14.775  3352  3352 I Xposed  : 	at com.android.internal.os.ZygoteInit.main(ZygoteInit.java:807)
01-07 07:13:14.775  3352  3352 I Xposed  : 	at de.robv.android.xposed.XposedBridge.main(XposedBridge.java:108)
01-07 07:13:14.788  3352  3352 I Xposed  : X-APM-S-4.1.5-VERBOSE-****************** getService: deviceidle *****************
01-07 07:13:14.789  2105  2105 I Xposed  : X-APM-S-4.1.5-VERBOSE-checkBroadcastIntent: Intent { act=android.media.VOLUME_CHANGED_ACTION flg=0x14000000 (has extras) }, callingUid 1000
01-07 07:13:14.793  3352  3352 I Xposed  : X-APM-S-4.1.5-WARN-Error getPermissionControlBlockModeForPkg: java.lang.NullPointerException: Attempt to invoke virtual method 'github.tornaco.xposedmoduletest.xposed.repo.SetRepo github.tornaco.xposedmoduletest.xposed.repo.RepoProxy.getPerms()' on a null object reference
01-07 07:13:14.793  3352  3352 I Xposed  : 	at github.tornaco.xposedmoduletest.xposed.service.XAshmanServiceImpl.isInPermissionBlockList(XAshmanServiceImpl.java:3773)
01-07 07:13:14.793  3352  3352 I Xposed  : 	at github.tornaco.xposedmoduletest.xposed.service.XAshmanServiceImpl.getPermissionControlBlockModeForPkg(XAshmanServiceImpl.java:2785)
01-07 07:13:14.793  3352  3352 I Xposed  : 	at github.tornaco.xposedmoduletest.xposed.app.XAshmanManager.getPermissionControlBlockModeForPkg(XAshmanManager.java:520)
01-07 07:13:14.793  3352  3352 I Xposed  : 	at github.tornaco.xposedmoduletest.xposed.submodules.WakelockSubModule$1.beforeHookedMethod(WakelockSubModule.java:66)
01-07 07:13:14.793  3352  3352 I Xposed  : 	at de.robv.android.xposed.XposedBridge.handleHookedMethod(XposedBridge.java:341)
01-07 07:13:14.793  3352  3352 I Xposed  : 	at android.os.PowerManager$WakeLock.acquire(<Xposed>)
01-07 07:13:14.793  3352  3352 I Xposed  : 	at com.android.internal.telephony.InboundSmsHandler.<init>(InboundSmsHandler.java:257)
01-07 07:13:14.793  3352  3352 I Xposed  : 	at com.android.internal.telephony.gsm.GsmInboundSmsHandler.<init>(GsmInboundSmsHandler.java:50)
01-07 07:13:14.793  3352  3352 I Xposed  : 	at com.android.internal.telephony.gsm.GsmInboundSmsHandler.makeInboundSmsHandler(GsmInboundSmsHandler.java:73)
01-07 07:13:14.793  3352  3352 I Xposed  : 	at com.android.internal.telephony.ImsSMSDispatcher.<init>(ImsSMSDispatcher.java:61)
01-07 07:13:14.793  3352  3352 I Xposed  : 	at com.android.internal.telephony.IccSmsInterfaceManager.<init>(IccSmsInterfaceManager.java:134)
01-07 07:13:14.793  3352  3352 I Xposed  : 	at com.android.internal.telephony.TelephonyComponentFactory.makeIccSmsInterfaceManager(TelephonyComponentFactory.java:85)
01-07 07:13:14.793  3352  3352 I Xposed  : 	at com.android.internal.telephony.GsmCdmaPhone.initOnce(GsmCdmaPhone.java:240)
01-07 07:13:14.793  3352  3352 I Xposed  : 	at com.android.internal.telephony.GsmCdmaPhone.<init>(GsmCdmaPhone.java:206)
01-07 07:13:14.793  3352  3352 I Xposed  : 	at com.android.internal.telephony.GsmCdmaPhone.<init>(GsmCdmaPhone.java:195)
01-07 07:13:14.793  3352  3352 I Xposed  : 	at com.android.internal.telephony.PhoneFactory.makeDefaultPhone(PhoneFactory.java:182)
01-07 07:13:14.793  3352  3352 I Xposed  : 	at com.android.internal.telephony.PhoneFactory.makeDefaultPhones(PhoneFactory.java:97)
01-07 07:13:14.793  3352  3352 I Xposed  : 	at com.android.phone.PhoneGlobals.onCreate(PhoneGlobals.java:288)
01-07 07:13:14.793  3352  3352 I Xposed  : 	at com.android.phone.PhoneApp.onCreate(PhoneApp.java:41)
01-07 07:13:14.793  3352  3352 I Xposed  : 	at android.app.Instrumentation.callApplicationOnCreate(Instrumentation.java:1119)
01-07 07:13:14.793  3352  3352 I Xposed  : 	at android.app.ActivityThread.handleBindApplication(ActivityThread.java:5740)
01-07 07:13:14.793  3352  3352 I Xposed  : 	at de.robv.android.xposed.XposedBridge.invokeOriginalMethodNative(Native Method)
01-07 07:13:14.793  3352  3352 I Xposed  : 	at de.robv.android.xposed.XposedBridge.handleHookedMethod(XposedBridge.java:361)
01-07 07:13:14.793  3352  3352 I Xposed  : 	at android.app.ActivityThread.handleBindApplication(<Xposed>)
01-07 07:13:14.793  3352  3352 I Xposed  : 	at android.app.ActivityThread.-wrap1(Unknown Source:0)
01-07 07:13:14.793  3352  3352 I Xposed  : 	at android.app.ActivityThread$H.handleMessage(ActivityThread.java:1656)
01-07 07:13:14.793  3352  3352 I Xposed  : 	at android.os.Handler.dispatchMessage(Handler.java:106)
01-07 07:13:14.793  3352  3352 I Xposed  : 	at android.os.Looper.loop(Looper.java:164)
01-07 07:13:14.793  3352  3352 I Xposed  : 	at android.app.ActivityThread.main(ActivityThread.java:6494)
01-07 07:13:14.793  3352  3352 I Xposed  : 	at java.lang.reflect.Method.invoke(Native Method)
01-07 07:13:14.793  3352  3352 I Xposed  : 	at com.android.internal.os.RuntimeInit$MethodAndArgsCaller.run(RuntimeInit.java:440)
01-07 07:13:14.793  3352  3352 I Xposed  : 	at com.android.internal.os.ZygoteInit.main(ZygoteInit.java:807)
01-07 07:13:14.793  3352  3352 I Xposed  : 	at de.robv.android.xposed.XposedBridge.main(XposedBridge.java:108)
01-07 07:13:14.794  2105  2105 I Xposed  : X-APM-S-4.1.5-VERBOSE-checkBroadcastIntent: Intent { act=android.media.VOLUME_CHANGED_ACTION flg=0x14000000 (has extras) }, callingUid 1000
01-07 07:13:14.797  3352  3352 I Xposed  : X-APM-S-4.1.5-VERBOSE-****************** getService: deviceidle *****************
01-07 07:13:14.798  2105  2105 I Xposed  : X-APM-S-4.1.5-VERBOSE-checkBroadcastIntent: Intent { act=android.media.VOLUME_CHANGED_ACTION flg=0x14000000 (has extras) }, callingUid 1000
01-07 07:13:14.806  2105  2105 I Xposed  : X-APM-S-4.1.5-VERBOSE-checkBroadcastIntent: Intent { act=android.media.VOLUME_CHANGED_ACTION flg=0x14000000 (has extras) }, callingUid 1000
01-07 07:13:14.806  3352  3352 I Xposed  : X-APM-S-4.1.5-WARN-Error getPermissionControlBlockModeForPkg: java.lang.NullPointerException: Attempt to invoke virtual method 'github.tornaco.xposedmoduletest.xposed.repo.SetRepo github.tornaco.xposedmoduletest.xposed.repo.RepoProxy.getPerms()' on a null object reference
01-07 07:13:14.806  3352  3352 I Xposed  : 	at github.tornaco.xposedmoduletest.xposed.service.XAshmanServiceImpl.isInPermissionBlockList(XAshmanServiceImpl.java:3773)
01-07 07:13:14.806  3352  3352 I Xposed  : 	at github.tornaco.xposedmoduletest.xposed.service.XAshmanServiceImpl.getPermissionControlBlockModeForPkg(XAshmanServiceImpl.java:2785)
01-07 07:13:14.806  3352  3352 I Xposed  : 	at github.tornaco.xposedmoduletest.xposed.app.XAshmanManager.getPermissionControlBlockModeForPkg(XAshmanManager.java:520)
01-07 07:13:14.806  3352  3352 I Xposed  : 	at github.tornaco.xposedmoduletest.xposed.submodules.WakelockSubModule$1.beforeHookedMethod(WakelockSubModule.java:66)
01-07 07:13:14.806  3352  3352 I Xposed  : 	at de.robv.android.xposed.XposedBridge.handleHookedMethod(XposedBridge.java:341)
01-07 07:13:14.806  3352  3352 I Xposed  : 	at android.os.PowerManager$WakeLock.acquire(<Xposed>)
01-07 07:13:14.806  3352  3352 I Xposed  : 	at com.android.internal.telephony.WakeLockStateMachine.<init>(WakeLockStateMachine.java:72)
01-07 07:13:14.806  3352  3352 I Xposed  : 	at com.android.internal.telephony.CellBroadcastHandler.<init>(CellBroadcastHandler.java:45)
01-07 07:13:14.806  3352  3352 I Xposed  : 	at com.android.internal.telephony.CellBroadcastHandler.<init>(CellBroadcastHandler.java:41)
01-07 07:13:14.806  3352  3352 I Xposed  : 	at com.android.internal.telephony.CellBroadcastHandler.makeCellBroadcastHandler(CellBroadcastHandler.java:54)
01-07 07:13:14.806  3352  3352 I Xposed  : 	at com.android.internal.telephony.cdma.CdmaInboundSmsHandler.<init>(CdmaInboundSmsHandler.java:63)
01-07 07:13:14.806  3352  3352 I Xposed  : 	at com.android.internal.telephony.cdma.CdmaInboundSmsHandler.makeInboundSmsHandler(CdmaInboundSmsHandler.java:87)
01-07 07:13:14.806  3352  3352 I Xposed  : 	at com.android.internal.telephony.ImsSMSDispatcher.<init>(ImsSMSDispatcher.java:63)
01-07 07:13:14.806  3352  3352 I Xposed  : 	at com.android.internal.telephony.IccSmsInterfaceManager.<init>(IccSmsInterfaceManager.java:134)
01-07 07:13:14.806  3352  3352 I Xposed  : 	at com.android.internal.telephony.TelephonyComponentFactory.makeIccSmsInterfaceManager(TelephonyComponentFactory.java:85)
01-07 07:13:14.806  3352  3352 I Xposed  : 	at com.android.internal.telephony.GsmCdmaPhone.initOnce(GsmCdmaPhone.java:240)
01-07 07:13:14.806  3352  3352 I Xposed  : 	at com.android.internal.telephony.GsmCdmaPhone.<init>(GsmCdmaPhone.java:206)
01-07 07:13:14.806  3352  3352 I Xposed  : 	at com.android.internal.telephony.GsmCdmaPhone.<init>(GsmCdmaPhone.java:195)
01-07 07:13:14.806  3352  3352 I Xposed  : 	at com.android.internal.telephony.PhoneFactory.makeDefaultPhone(PhoneFactory.java:182)
01-07 07:13:14.806  3352  3352 I Xposed  : 	at com.android.internal.telephony.PhoneFactory.makeDefaultPhones(PhoneFactory.java:97)
01-07 07:13:14.806  3352  3352 I Xposed  : 	at com.android.phone.PhoneGlobals.onCreate(PhoneGlobals.java:288)
01-07 07:13:14.806  3352  3352 I Xposed  : 	at com.android.phone.PhoneApp.onCreate(PhoneApp.java:41)
01-07 07:13:14.806  3352  3352 I Xposed  : 	at android.app.Instrumentation.callApplicationOnCreate(Instrumentation.java:1119)
01-07 07:13:14.806  3352  3352 I Xposed  : 	at android.app.ActivityThread.handleBindApplication(ActivityThread.java:5740)
01-07 07:13:14.806  3352  3352 I Xposed  : 	at de.robv.android.xposed.XposedBridge.invokeOriginalMethodNative(Native Method)
01-07 07:13:14.806  3352  3352 I Xposed  : 	at de.robv.android.xposed.XposedBridge.handleHookedMethod(XposedBridge.java:361)
01-07 07:13:14.806  3352  3352 I Xposed  : 	at android.app.ActivityThread.handleBindApplication(<Xposed>)
01-07 07:13:14.806  3352  3352 I Xposed  : 	at android.app.ActivityThread.-wrap1(Unknown Source:0)
01-07 07:13:14.806  3352  3352 I Xposed  : 	at android.app.ActivityThread$H.handleMessage(ActivityThread.java:1656)
01-07 07:13:14.806  3352  3352 I Xposed  : 	at android.os.Handler.dispatchMessage(Handler.java:106)
01-07 07:13:14.806  3352  3352 I Xposed  : 	at android.os.Looper.loop(Looper.java:164)
01-07 07:13:14.806  3352  3352 I Xposed  : 	at android.app.ActivityThread.main(ActivityThread.java:6494)
01-07 07:13:14.806  3352  3352 I Xposed  : 	at java.lang.reflect.Method.invoke(Native Method)
01-07 07:13:14.806  3352  3352 I Xposed  : 	at com.android.internal.os.RuntimeInit$MethodAndArgsCaller.run(RuntimeInit.java:440)
01-07 07:13:14.806  3352  3352 I Xposed  : 	at com.android.internal.os.ZygoteInit.main(ZygoteInit.java:807)
01-07 07:13:14.806  3352  3352 I Xposed  : 	at de.robv.android.xposed.XposedBridge.main(XposedBridge.java:108)
01-07 07:13:14.815  3352  3352 I Xposed  : X-APM-S-4.1.5-VERBOSE-****************** getService: deviceidle *****************
01-07 07:13:14.815  2105  2105 I Xposed  : X-APM-S-4.1.5-VERBOSE-checkBroadcastIntent: Intent { act=android.media.VOLUME_CHANGED_ACTION flg=0x14000000 (has extras) }, callingUid 1000
01-07 07:13:14.818  3352  3352 I Xposed  : X-APM-S-4.1.5-WARN-Error getPermissionControlBlockModeForPkg: java.lang.NullPointerException: Attempt to invoke virtual method 'github.tornaco.xposedmoduletest.xposed.repo.SetRepo github.tornaco.xposedmoduletest.xposed.repo.RepoProxy.getPerms()' on a null object reference
01-07 07:13:14.818  3352  3352 I Xposed  : 	at github.tornaco.xposedmoduletest.xposed.service.XAshmanServiceImpl.isInPermissionBlockList(XAshmanServiceImpl.java:3773)
01-07 07:13:14.818  3352  3352 I Xposed  : 	at github.tornaco.xposedmoduletest.xposed.service.XAshmanServiceImpl.getPermissionControlBlockModeForPkg(XAshmanServiceImpl.java:2785)
01-07 07:13:14.818  3352  3352 I Xposed  : 	at github.tornaco.xposedmoduletest.xposed.app.XAshmanManager.getPermissionControlBlockModeForPkg(XAshmanManager.java:520)
01-07 07:13:14.818  3352  3352 I Xposed  : 	at github.tornaco.xposedmoduletest.xposed.submodules.WakelockSubModule$1.beforeHookedMethod(WakelockSubModule.java:66)
01-07 07:13:14.818  3352  3352 I Xposed  : 	at de.robv.android.xposed.XposedBridge.handleHookedMethod(XposedBridge.java:341)
01-07 07:13:14.818  3352  3352 I Xposed  : 	at android.os.PowerManager$WakeLock.acquire(<Xposed>)
01-07 07:13:14.818  3352  3352 I Xposed  : 	at com.android.internal.telephony.InboundSmsHandler.<init>(InboundSmsHandler.java:257)
01-07 07:13:14.818  3352  3352 I Xposed  : 	at com.android.internal.telephony.cdma.CdmaInboundSmsHandler.<init>(CdmaInboundSmsHandler.java:62)
01-07 07:13:14.818  3352  3352 I Xposed  : 	at com.android.internal.telephony.cdma.CdmaInboundSmsHandler.makeInboundSmsHandler(CdmaInboundSmsHandler.java:87)
01-07 07:13:14.818  3352  3352 I Xposed  : 	at com.android.internal.telephony.ImsSMSDispatcher.<init>(ImsSMSDispatcher.java:63)
01-07 07:13:14.818  3352  3352 I Xposed  : 	at com.android.internal.telephony.IccSmsInterfaceManager.<init>(IccSmsInterfaceManager.java:134)
01-07 07:13:14.818  3352  3352 I Xposed  : 	at com.android.internal.telephony.TelephonyComponentFactory.makeIccSmsInterfaceManager(TelephonyComponentFactory.java:85)
01-07 07:13:14.818  3352  3352 I Xposed  : 	at com.android.internal.telephony.GsmCdmaPhone.initOnce(GsmCdmaPhone.java:240)
01-07 07:13:14.818  3352  3352 I Xposed  : 	at com.android.internal.telephony.GsmCdmaPhone.<init>(GsmCdmaPhone.java:206)
01-07 07:13:14.818  3352  3352 I Xposed  : 	at com.android.internal.telephony.GsmCdmaPhone.<init>(GsmCdmaPhone.java:195)
01-07 07:13:14.818  3352  3352 I Xposed  : 	at com.android.internal.telephony.PhoneFactory.makeDefaultPhone(PhoneFactory.java:182)
01-07 07:13:14.818  3352  3352 I Xposed  : 	at com.android.internal.telephony.PhoneFactory.makeDefaultPhones(PhoneFactory.java:97)
01-07 07:13:14.818  3352  3352 I Xposed  : 	at com.android.phone.PhoneGlobals.onCreate(PhoneGlobals.java:288)
01-07 07:13:14.818  3352  3352 I Xposed  : 	at com.android.phone.PhoneApp.onCreate(PhoneApp.java:41)
01-07 07:13:14.818  3352  3352 I Xposed  : 	at android.app.Instrumentation.callApplicationOnCreate(Instrumentation.java:1119)
01-07 07:13:14.818  3352  3352 I Xposed  : 	at android.app.ActivityThread.handleBindApplication(ActivityThread.java:5740)
01-07 07:13:14.818  3352  3352 I Xposed  : 	at de.robv.android.xposed.XposedBridge.invokeOriginalMethodNative(Native Method)
01-07 07:13:14.818  3352  3352 I Xposed  : 	at de.robv.android.xposed.XposedBridge.handleHookedMethod(XposedBridge.java:361)
01-07 07:13:14.818  3352  3352 I Xposed  : 	at android.app.ActivityThread.handleBindApplication(<Xposed>)
01-07 07:13:14.818  3352  3352 I Xposed  : 	at android.app.ActivityThread.-wrap1(Unknown Source:0)
01-07 07:13:14.818  3352  3352 I Xposed  : 	at android.app.ActivityThread$H.handleMessage(ActivityThread.java:1656)
01-07 07:13:14.818  3352  3352 I Xposed  : 	at android.os.Handler.dispatchMessage(Handler.java:106)
01-07 07:13:14.818  3352  3352 I Xposed  : 	at android.os.Looper.loop(Looper.java:164)
01-07 07:13:14.818  3352  3352 I Xposed  : 	at android.app.ActivityThread.main(ActivityThread.java:6494)
01-07 07:13:14.818  3352  3352 I Xposed  : 	at java.lang.reflect.Method.invoke(Native Method)
01-07 07:13:14.818  3352  3352 I Xposed  : 	at com.android.internal.os.RuntimeInit$MethodAndArgsCaller.run(RuntimeInit.java:440)
01-07 07:13:14.818  3352  3352 I Xposed  : 	at com.android.internal.os.ZygoteInit.main(ZygoteInit.java:807)
01-07 07:13:14.818  3352  3352 I Xposed  : 	at de.robv.android.xposed.XposedBridge.main(XposedBridge.java:108)
01-07 07:13:14.818  2105  2105 I Xposed  : X-APM-S-4.1.5-VERBOSE-checkBroadcastIntent: Intent { act=android.media.VOLUME_CHANGED_ACTION flg=0x14000000 (has extras) }, callingUid 1000
01-07 07:13:14.818  2105  3094 I Xposed  : X-APM-S-4.1.5-VERBOSE-checkBroadcastIntent: Intent { act=android.media.ACTION_SCO_AUDIO_STATE_UPDATED flg=0x10000000 (has extras) }, callingUid 1000
01-07 07:13:14.819  3352  3352 I Xposed  : X-APM-S-4.1.5-VERBOSE-****************** getService: deviceidle *****************
01-07 07:13:14.822  3352  3352 I Xposed  : X-APM-S-4.1.5-WARN-Error getPermissionControlBlockModeForPkg: java.lang.NullPointerException: Attempt to invoke virtual method 'github.tornaco.xposedmoduletest.xposed.repo.SetRepo github.tornaco.xposedmoduletest.xposed.repo.RepoProxy.getPerms()' on a null object reference
01-07 07:13:14.822  3352  3352 I Xposed  : 	at github.tornaco.xposedmoduletest.xposed.service.XAshmanServiceImpl.isInPermissionBlockList(XAshmanServiceImpl.java:3773)
01-07 07:13:14.822  3352  3352 I Xposed  : 	at github.tornaco.xposedmoduletest.xposed.service.XAshmanServiceImpl.getPermissionControlBlockModeForPkg(XAshmanServiceImpl.java:2785)
01-07 07:13:14.822  3352  3352 I Xposed  : 	at github.tornaco.xposedmoduletest.xposed.app.XAshmanManager.getPermissionControlBlockModeForPkg(XAshmanManager.java:520)
01-07 07:13:14.822  3352  3352 I Xposed  : 	at github.tornaco.xposedmoduletest.xposed.submodules.WakelockSubModule$1.beforeHookedMethod(WakelockSubModule.java:66)
01-07 07:13:14.822  3352  3352 I Xposed  : 	at de.robv.android.xposed.XposedBridge.handleHookedMethod(XposedBridge.java:341)
01-07 07:13:14.822  3352  3352 I Xposed  : 	at android.os.PowerManager$WakeLock.acquire(<Xposed>)
01-07 07:13:14.822  3352  3352 I Xposed  : 	at com.android.internal.telephony.WakeLockStateMachine.<init>(WakeLockStateMachine.java:72)
01-07 07:13:14.822  3352  3352 I Xposed  : 	at com.android.internal.telephony.cdma.CdmaServiceCategoryProgramHandler.<init>(CdmaServiceCategoryProgramHandler.java:55)
01-07 07:13:14.822  3352  3352 I Xposed  : 	at com.android.internal.telephony.cdma.CdmaServiceCategoryProgramHandler.makeScpHandler(CdmaServiceCategoryProgramHandler.java:68)
01-07 07:13:14.822  3352  3352 I Xposed  : 	at com.android.internal.telephony.cdma.CdmaInboundSmsHandler.<init>(CdmaInboundSmsHandler.java:65)
01-07 07:13:14.822  3352  3352 I Xposed  : 	at com.android.internal.telephony.cdma.CdmaInboundSmsHandler.makeInboundSmsHandler(CdmaInboundSmsHandler.java:87)
01-07 07:13:14.822  3352  3352 I Xposed  : 	at com.android.internal.telephony.ImsSMSDispatcher.<init>(ImsSMSDispatcher.java:63)
01-07 07:13:14.822  3352  3352 I Xposed  : 	at com.android.internal.telephony.IccSmsInterfaceManager.<init>(IccSmsInterfaceManager.java:134)
01-07 07:13:14.822  3352  3352 I Xposed  : 	at com.android.internal.telephony.TelephonyComponentFactory.makeIccSmsInterfaceManager(TelephonyComponentFactory.java:85)
01-07 07:13:14.822  3352  3352 I Xposed  : 	at com.android.internal.telephony.GsmCdmaPhone.initOnce(GsmCdmaPhone.java:240)
01-07 07:13:14.822  3352  3352 I Xposed  : 	at com.android.internal.telephony.GsmCdmaPhone.<init>(GsmCdmaPhone.java:206)
01-07 07:13:14.822  3352  3352 I Xposed  : 	at com.android.internal.telephony.GsmCdmaPhone.<init>(GsmCdmaPhone.java:195)
01-07 07:13:14.822  3352  3352 I Xposed  : 	at com.android.internal.telephony.PhoneFactory.makeDefaultPhone(PhoneFactory.java:182)
01-07 07:13:14.822  3352  3352 I Xposed  : 	at com.android.internal.telephony.PhoneFactory.makeDefaultPhones(PhoneFactory.java:97)
01-07 07:13:14.822  3352  3352 I Xposed  : 	at com.android.phone.PhoneGlobals.onCreate(PhoneGlobals.java:288)
01-07 07:13:14.822  3352  3352 I Xposed  : 	at com.android.phone.PhoneApp.onCreate(PhoneApp.java:41)
01-07 07:13:14.822  3352  3352 I Xposed  : 	at android.app.Instrumentation.callApplicationOnCreate(Instrumentation.java:1119)
01-07 07:13:14.822  3352  3352 I Xposed  : 	at android.app.ActivityThread.handleBindApplication(ActivityThread.java:5740)
01-07 07:13:14.822  3352  3352 I Xposed  : 	at de.robv.android.xposed.XposedBridge.invokeOriginalMethodNative(Native Method)
01-07 07:13:14.822  3352  3352 I Xposed  : 	at de.robv.android.xposed.XposedBridge.handleHookedMethod(XposedBridge.java:361)
01-07 07:13:14.822  3352  3352 I Xposed  : 	at android.app.ActivityThread.handleBindApplication(<Xposed>)
01-07 07:13:14.822  3352  3352 I Xposed  : 	at android.app.ActivityThread.-wrap1(Unknown Source:0)
01-07 07:13:14.822  3352  3352 I Xposed  : 	at android.app.ActivityThread$H.handleMessage(ActivityThread.java:1656)
01-07 07:13:14.822  3352  3352 I Xposed  : 	at android.os.Handler.dispatchMessage(Handler.java:106)
01-07 07:13:14.822  3352  3352 I Xposed  : 	at android.os.Looper.loop(Looper.java:164)
01-07 07:13:14.822  3352  3352 I Xposed  : 	at android.app.ActivityThread.main(ActivityThread.java:6494)
01-07 07:13:14.822  3352  3352 I Xposed  : 	at java.lang.reflect.Method.invoke(Native Method)
01-07 07:13:14.822  3352  3352 I Xposed  : 	at com.android.internal.os.RuntimeInit$MethodAndArgsCaller.run(RuntimeInit.java:440)
01-07 07:13:14.822  3352  3352 I Xposed  : 	at com.android.internal.os.ZygoteInit.main(ZygoteInit.java:807)
01-07 07:13:14.822  3352  3352 I Xposed  : 	at de.robv.android.xposed.XposedBridge.main(XposedBridge.java:108)
01-07 07:13:14.862  2105  2105 I Xposed  : X-APM-S-4.1.5-VERBOSE-ProtectedBroadcastReceiver: receivedIntent { act=android.intent.action.BATTERY_CHANGED flg=0x60000010 (has extras) }
01-07 07:13:14.863  2105  2693 I Xposed  : X-APM-S-4.1.5-VERBOSE-MSG_ONBATTERYSTATECHANGE
01-07 07:13:14.863  2105  2693 I Xposed  : X-APM-S-4.1.5-VERBOSE-onBatteryStateChange: BatterState(status=5, level=100)
01-07 07:13:14.889  2105  2105 I Xposed  : X-APM-S-4.1.5-VERBOSE-****************** getService: notification *****************
01-07 07:13:14.895  2105  2105 I Xposed  : X-APM-S-4.1.5-VERBOSE-****************** getService: telecom *****************
01-07 07:13:14.896  2105  2105 I Xposed  : X-APM-S-4.1.5-VERBOSE-ProtectedBroadcastReceiver: receivedIntent { act=android.intent.action.BATTERY_CHANGED flg=0x60000010 (has extras) }
01-07 07:13:14.896  2105  2693 I Xposed  : X-APM-S-4.1.5-VERBOSE-MSG_ONBATTERYSTATECHANGE
01-07 07:13:14.897  2105  2693 I Xposed  : X-APM-S-4.1.5-VERBOSE-onBatteryStateChange: BatterState(status=5, level=100)
01-07 07:13:14.899  3352  3352 I Xposed  : X-APM-S-4.1.5-VERBOSE-****************** getService: isub *****************
01-07 07:13:14.899  2105  2105 I Xposed  : X-APM-S-4.1.5-VERBOSE-****************** getService: telecom *****************
01-07 07:13:14.900  3352  3352 I Xposed  : X-APM-S-4.1.5-VERBOSE-****************** getService: carrier_config *****************
01-07 07:13:14.915  3352  3352 I Xposed  : X-APM-S-4.1.5-VERBOSE-****************** getService: isub *****************
01-07 07:13:14.919  3352  3352 I Xposed  : X-APM-S-4.1.5-VERBOSE-****************** getService: carrier_config *****************
01-07 07:13:14.920  3352  3352 I Xposed  : X-APM-S-4.1.5-VERBOSE-****************** getService: telephony.registry *****************
01-07 07:13:14.953  2105  3092 I Xposed  : X-APM-S-4.1.5-VERBOSE-****************** getService: notification *****************
01-07 07:13:14.974  2105  2105 I Xposed  : X-APM-S-4.1.5-VERBOSE-****************** getService: media_session *****************
01-07 07:13:14.985  3352  3352 I Xposed  : X-APM-S-4.1.5-WARN-Error getPermissionControlBlockModeForPkg: java.lang.NullPointerException: Attempt to invoke virtual method 'github.tornaco.xposedmoduletest.xposed.repo.SetRepo github.tornaco.xposedmoduletest.xposed.repo.RepoProxy.getPerms()' on a null object reference
01-07 07:13:14.985  3352  3352 I Xposed  : 	at github.tornaco.xposedmoduletest.xposed.service.XAshmanServiceImpl.isInPermissionBlockList(XAshmanServiceImpl.java:3773)
01-07 07:13:14.985  3352  3352 I Xposed  : 	at github.tornaco.xposedmoduletest.xposed.service.XAshmanServiceImpl.getPermissionControlBlockModeForPkg(XAshmanServiceImpl.java:2785)
01-07 07:13:14.985  3352  3352 I Xposed  : 	at github.tornaco.xposedmoduletest.xposed.app.XAshmanManager.getPermissionControlBlockModeForPkg(XAshmanManager.java:520)
01-07 07:13:14.985  3352  3352 I Xposed  : 	at github.tornaco.xposedmoduletest.xposed.submodules.WakelockSubModule$1.beforeHookedMethod(WakelockSubModule.java:66)
01-07 07:13:14.985  3352  3352 I Xposed  : 	at de.robv.android.xposed.XposedBridge.handleHookedMethod(XposedBridge.java:341)
01-07 07:13:14.985  3352  3352 I Xposed  : 	at android.os.PowerManager$WakeLock.acquire(<Xposed>)
01-07 07:13:14.985  3352  3352 I Xposed  : 	at com.android.internal.telephony.RIL.acquireWakeLock(RIL.java:4121)
01-07 07:13:14.985  3352  3352 I Xposed  : 	at com.android.internal.telephony.RIL.addRequest(RIL.java:664)
01-07 07:13:14.985  3352  3352 I Xposed  : 	at com.android.internal.telephony.RIL.obtainRequest(RIL.java:673)
01-07 07:13:14.985  3352  3352 I Xposed  : 	at com.android.internal.telephony.RIL.getSignalStrength(RIL.java:1103)
01-07 07:13:14.985  3352  3352 I Xposed  : 	at com.android.internal.telephony.ServiceStateTracker.updatePhoneType(ServiceStateTracker.java:692)
01-07 07:13:14.985  3352  3352 I Xposed  : 	at com.android.internal.telephony.ServiceStateTracker.<init>(ServiceStateTracker.java:600)
01-07 07:13:14.985  3352  3352 I Xposed  : 	at com.android.internal.telephony.TelephonyComponentFactory.makeServiceStateTracker(TelephonyComponentFactory.java:61)
01-07 07:13:14.985  3352  3352 I Xposed  : 	at com.android.internal.telephony.GsmCdmaPhone.<init>(GsmCdmaPhone.java:212)
01-07 07:13:14.985  3352  3352 I Xposed  : 	at com.android.internal.telephony.GsmCdmaPhone.<init>(GsmCdmaPhone.java:195)
01-07 07:13:14.985  3352  3352 I Xposed  : 	at com.android.internal.telephony.PhoneFactory.makeDefaultPhone(PhoneFactory.java:182)
01-07 07:13:14.985  3352  3352 I Xposed  : 	at com.android.internal.telephony.PhoneFactory.makeDefaultPhones(PhoneFactory.java:97)
01-07 07:13:14.985  3352  3352 I Xposed  : 	at com.android.phone.PhoneGlobals.onCreate(PhoneGlobals.java:288)
01-07 07:13:14.985  3352  3352 I Xposed  : 	at com.android.phone.PhoneApp.onCreate(PhoneApp.java:41)
01-07 07:13:14.985  3352  3352 I Xposed  : 	at android.app.Instrumentation.callApplicationOnCreate(Instrumentation.java:1119)
01-07 07:13:14.985  3352  3352 I Xposed  : 	at android.app.ActivityThread.handleBindApplication(ActivityThread.java:5740)
01-07 07:13:14.985  3352  3352 I Xposed  : 	at de.robv.android.xposed.XposedBridge.invokeOriginalMethodNative(Native Method)
01-07 07:13:14.985  3352  3352 I Xposed  : 	at de.robv.android.xposed.XposedBridge.handleHookedMethod(XposedBridge.java:361)
01-07 07:13:14.985  3352  3352 I Xposed  : 	at android.app.ActivityThread.handleBindApplication(<Xposed>)
01-07 07:13:14.985  3352  3352 I Xposed  : 	at android.app.ActivityThread.-wrap1(Unknown Source:0)
01-07 07:13:14.985  3352  3352 I Xposed  : 	at android.app.ActivityThread$H.handleMessage(ActivityThread.java:1656)
01-07 07:13:14.985  3352  3352 I Xposed  : 	at android.os.Handler.dispatchMessage(Handler.java:106)
01-07 07:13:14.985  3352  3352 I Xposed  : 	at android.os.Looper.loop(Looper.java:164)
01-07 07:13:14.985  3352  3352 I Xposed  : 	at android.app.ActivityThread.main(ActivityThread.java:6494)
01-07 07:13:14.985  3352  3352 I Xposed  : 	at java.lang.reflect.Method.invoke(Native Method)
01-07 07:13:14.985  3352  3352 I Xposed  : 	at com.android.internal.os.RuntimeInit$MethodAndArgsCaller.run(RuntimeInit.java:440)
01-07 07:13:14.985  3352  3352 I Xposed  : 	at com.android.internal.os.ZygoteInit.main(ZygoteInit.java:807)
01-07 07:13:14.985  3352  3352 I Xposed  : 	at de.robv.android.xposed.XposedBridge.main(XposedBridge.java:108)
01-07 07:13:14.995  2105  2105 I Xposed  : X-APM-S-4.1.5-VERBOSE-checkBroadcastIntent: Intent { act=android.os.action.USER_RESTRICTIONS_CHANGED flg=0x40000000 }, callingUid 1000
01-07 07:13:15.001  3352  3352 I Xposed  : X-APM-S-4.1.5-VERBOSE-****************** getService: alarm *****************
01-07 07:13:15.002  2105  2105 I Xposed  : X-APM-S-4.1.5-VERBOSE-****************** getService: isub *****************
01-07 07:13:15.003  2105  2105 I Xposed  : X-APM-S-4.1.5-VERBOSE-****************** getService: isub *****************
01-07 07:13:15.006  3352  3352 I Xposed  : X-APM-S-4.1.5-VERBOSE-****************** getService: telephony.registry *****************
01-07 07:13:15.009  3352  3352 I Xposed  : X-APM-S-4.1.5-VERBOSE-****************** getService: phone *****************
01-07 07:13:15.009  3352  3352 I Xposed  : X-APM-S-4.1.5-VERBOSE-****************** getService: telephony.registry *****************
01-07 07:13:15.011  2105  3511 I Xposed  : X-APM-S-4.1.5-VERBOSE-****************** getService: isub *****************
01-07 07:13:15.018  3352  3352 I Xposed  : X-APM-S-4.1.5-VERBOSE-****************** getService: isub *****************
01-07 07:13:15.023  3173  3454 I Xposed  : X-APM-S-4.1.5-VERBOSE-****************** getService: audio *****************
01-07 07:13:15.031  3352  3352 I Xposed  : X-APM-S-4.1.5-VERBOSE-****************** getService: isub *****************
01-07 07:13:15.055  3352  3352 I Xposed  : X-APM-S-4.1.5-VERBOSE-****************** getService: batterystats *****************
01-07 07:13:15.055  3352  3352 I Xposed  : X-APM-S-4.1.5-VERBOSE-****************** getService: batteryproperties *****************
01-07 07:13:15.060  3173  3173 I Xposed  : X-APM-S-4.1.5-VERBOSE-****************** getService: input_method *****************
01-07 07:13:15.067  3352  3352 I Xposed  : X-APM-S-4.1.5-WARN-Error getPermissionControlBlockModeForPkg: java.lang.NullPointerException: Attempt to invoke virtual method 'github.tornaco.xposedmoduletest.xposed.repo.SetRepo github.tornaco.xposedmoduletest.xposed.repo.RepoProxy.getPerms()' on a null object reference
01-07 07:13:15.067  3352  3352 I Xposed  : 	at github.tornaco.xposedmoduletest.xposed.service.XAshmanServiceImpl.isInPermissionBlockList(XAshmanServiceImpl.java:3773)
01-07 07:13:15.067  3352  3352 I Xposed  : 	at github.tornaco.xposedmoduletest.xposed.service.XAshmanServiceImpl.getPermissionControlBlockModeForPkg(XAshmanServiceImpl.java:2785)
01-07 07:13:15.067  3352  3352 I Xposed  : 	at github.tornaco.xposedmoduletest.xposed.app.XAshmanManager.getPermissionControlBlockModeForPkg(XAshmanManager.java:520)
