05-04 15:51:05.755 18600 18602 E wpa_supplicant: eap_proxy: card_info[i].error_code: 0x3
05-04 15:51:05.755 18600 18602 E wpa_supplicant: eap_proxy: read_card_status: Not GW it's 1x
05-04 15:51:05.755 18600 18602 E wpa_supplicant: eap_proxy: Error while reading SIM card status
05-04 15:51:05.755 18600 18602 D wpa_supplicant: eap_proxy: qmi_client_register_error_cb() status 0
05-04 15:51:05.755 18600 18602 E wpa_supplicant: eap_proxy: QMI auth service client initialized with success tid is 18602  0x8 eapol_proxy=0x7f9a65f500
05-04 15:51:05.755 18600 18602 D wpa_supplicant: registering for notification codes
05-04 15:51:05.755 18479 18479 I ActivityManager: Start proc 18613:com.android.systemui/u0a70 for service com.android.systemui/.SystemUIService
05-04 15:51:05.756 18600 18602 E wpa_supplicant: eap_proxy: Eap_proxy initialized successfully tid is 18602 
05-04 15:51:05.758 18479 18479 I SystemServer: MakeNetworkScoreReady
05-04 15:51:05.758 18479 18500 I UsbPortManager: USB port added: port=UsbPort{id=otg_default, supportedModes=dual}, status=UsbPortStatus{connected=true, currentMode=ufp, currentPowerRole=sink, currentDataRole=device, supportedRoleCombinations=[sink:device]}, canChangeMode=false, canChangePowerRole=false, canChangeDataRole=false
05-04 15:51:05.758 18479 18500 I chatty  : uid=1000(system) android.fg expire 1 line
05-04 15:51:05.761 18205 18205 I AudioFlinger: systemReady
05-04 15:51:05.769 18620 18620 W zygote  : Using default instruction set features for ARM CPU variant (cortex-a9) using conservative defaults
05-04 15:51:05.771 18479 18541 I ActivityManager: Start proc 18620:WebViewLoader-armeabi-v7a/1037 [android.webkit.WebViewFactory$RelroFileCreator] for 
05-04 15:51:05.771 18479 18479 I SystemServer: MakeNetworkManagementServiceReady
05-04 15:51:05.772 18479 18479 D NetworkManagement: enabling bandwidth control
05-04 15:51:05.778 18620 18620 V WebViewFactory: RelroFileCreator (64bit = false),  32-bit lib: /data/app/com.android.chrome-unK0hB2Of6evlLdX92AvMg==/base.apk!/lib/armeabi-v7a/libmonochrome.so, 64-bit lib: /data/app/com.android.chrome-unK0hB2Of6evlLdX92AvMg==/base.apk!/lib/arm64-v8a/libmonochrome.so
05-04 15:51:05.779   685   685 W vold    : type=1400 audit(0.0:3463): avc: denied { read } for uid=0 name="fd" dev="proc" ino=614085 scontext=u:r:vold:s0 tcontext=u:r:logd:s0 tclass=dir permissive=0
05-04 15:51:05.779   685   685 W vold    : type=1400 audit(0.0:3464): avc: denied { getattr } for uid=0 path="/proc/638/cwd" dev="proc" ino=614087 scontext=u:r:vold:s0 tcontext=u:r:logd:s0 tclass=lnk_file permissive=0
05-04 15:51:05.779   685   685 W vold    : type=1400 audit(0.0:3465): avc: denied { getattr } for uid=0 path="/proc/638/root" dev="proc" ino=614088 scontext=u:r:vold:s0 tcontext=u:r:logd:s0 tclass=lnk_file permissive=0
05-04 15:51:05.779   685   685 W vold    : type=1400 audit(0.0:3466): avc: denied { getattr } for uid=0 path="/proc/638/exe" dev="proc" ino=614089 scontext=u:r:vold:s0 tcontext=u:r:logd:s0 tclass=lnk_file permissive=0
05-04 15:51:05.784 18479 18541 I ActivityManager: Start proc 18643:WebViewLoader-arm64-v8a/1037 [android.webkit.WebViewFactory$RelroFileCreator] for 
05-04 15:51:05.796 18479 18631 I chatty  : uid=1000(system) SoundPoolThread expire 13 lines
05-04 15:51:05.802 18600 18600 I wpa_supplicant: wlan0: CTRL-EVENT-REGDOM-CHANGE init=USER type=COUNTRY alpha2=US
05-04 15:51:05.804 18479 18650 I chatty  : uid=1000 system_server expire 5 lines
05-04 15:51:05.807 18613 18613 I Xposed  : X-APM-S-VERBOSE-handleLoadPackage: com.android.systemui
05-04 15:51:05.808 18613 18613 I Xposed  : X-APM-S-BOOT_STAGE-hookCreateFromTaskSnapshot...
05-04 15:51:05.808 18643 18643 V WebViewFactory: RelroFileCreator (64bit = true),  32-bit lib: /data/app/com.android.chrome-unK0hB2Of6evlLdX92AvMg==/base.apk!/lib/armeabi-v7a/libmonochrome.so, 64-bit lib: /data/app/com.android.chrome-unK0hB2Of6evlLdX92AvMg==/base.apk!/lib/arm64-v8a/libmonochrome.so
05-04 15:51:05.809  1306  2221 I OMXMaster: makeComponentInstance(OMX.google.vorbis.decoder) in omx@1.0-service process
05-04 15:51:05.810 18613 18613 I Xposed  : X-APM-S-BOOT_STAGE-hookCreateFromTaskSnapshot OK: [de.robv.android.xposed.XC_MethodHook$Unhook@679619d]
05-04 15:51:05.812  1306  2221 E OMXNodeInstance: getConfig(0xe8525c40:google.vorbis.decoder, ConfigAndroidVendorExtension(0x6f100004)) ERROR: Undefined(0x80001001)
05-04 15:51:05.815 18613 18613 I Xposed  : [PixelNavbar] Error in hook
05-04 15:51:05.816 18613 18613 E Xposed  : de.robv.android.xposed.XposedHelpers$ClassNotFoundError: java.lang.ClassNotFoundException: com.android.systemui.statusbar.phone.NavigationButtonTransitions
05-04 15:51:05.816 18613 18613 E Xposed  : 	at de.robv.android.xposed.XposedHelpers.findClass(XposedHelpers.java:71)
05-04 15:51:05.816 18613 18613 E Xposed  : 	at xyz.paphonb.pixelnavbar.XposedHook.handleLoadPackage(XposedHook.java:140)
05-04 15:51:05.816 18613 18613 E Xposed  : 	at de.robv.android.xposed.IXposedHookLoadPackage$Wrapper.handleLoadPackage(IXposedHookLoadPackage.java:34)
05-04 15:51:05.816 18613 18613 E Xposed  : 	at de.robv.android.xposed.callbacks.XC_LoadPackage.call(XC_LoadPackage.java:61)
05-04 15:51:05.816 18613 18613 E Xposed  : 	at de.robv.android.xposed.callbacks.XCallback.callAll(XCallback.java:106)
05-04 15:51:05.816 18613 18613 E Xposed  : 	at de.robv.android.xposed.XposedInit$2.beforeHookedMethod(XposedInit.java:134)
05-04 15:51:05.816 18613 18613 E Xposed  : 	at de.robv.android.xposed.XposedBridge.handleHookedMethod(XposedBridge.java:341)
05-04 15:51:05.816 18613 18613 E Xposed  : 	at android.app.ActivityThread.handleBindApplication(<Xposed>)
05-04 15:51:05.816 18613 18613 E Xposed  : 	at android.app.ActivityThread.-wrap1(Unknown Source:0)
05-04 15:51:05.816 18613 18613 E Xposed  : 	at android.app.ActivityThread$H.handleMessage(ActivityThread.java:1723)
05-04 15:51:05.816 18613 18613 E Xposed  : 	at android.os.Handler.dispatchMessage(Handler.java:105)
05-04 15:51:05.816 18613 18613 E Xposed  : 	at android.os.Looper.loop(Looper.java:164)
05-04 15:51:05.816 18613 18613 E Xposed  : 	at android.app.ActivityThread.main(ActivityThread.java:6665)
05-04 15:51:05.816 18613 18613 E Xposed  : 	at java.lang.reflect.Method.invoke(Native Method)
05-04 15:51:05.816 18613 18613 E Xposed  : 	at com.android.internal.os.Zygote$MethodAndArgsCaller.run(Zygote.java:240)
05-04 15:51:05.816 18613 18613 E Xposed  : 	at com.android.internal.os.ZygoteInit.main(ZygoteInit.java:772)
05-04 15:51:05.816 18613 18613 E Xposed  : 	at de.robv.android.xposed.XposedBridge.main(XposedBridge.java:108)
05-04 15:51:05.816 18613 18613 E Xposed  : Caused by: java.lang.ClassNotFoundException: com.android.systemui.statusbar.phone.NavigationButtonTransitions
05-04 15:51:05.816 18613 18613 E Xposed  : 	at java.lang.Class.classForName(Native Method)
05-04 15:51:05.816 18613 18613 E Xposed  : 	at java.lang.Class.forName(Class.java:453)
05-04 15:51:05.816 18613 18613 E Xposed  : 	at external.org.apache.commons.lang3.ClassUtils.getClass(ClassUtils.java:823)
05-04 15:51:05.816 18613 18613 E Xposed  : 	at de.robv.android.xposed.XposedHelpers.findClass(XposedHelpers.java:69)
05-04 15:51:05.816 18613 18613 E Xposed  : 	... 16 more
05-04 15:51:05.816 18613 18613 E Xposed  : Caused by: java.lang.ClassNotFoundException: Didn't find class "com.android.systemui.statusbar.phone.NavigationButtonTransitions" on path: DexPathList[[zip file "/system/priv-app/SystemUI/SystemUI.apk"],nativeLibraryDirectories=[/system/priv-app/SystemUI/lib/arm64, /system/lib64, /system/vendor/lib64, /system/lib64, /system/vendor/lib64]]
05-04 15:51:05.816 18613 18613 E Xposed  : 	at dalvik.system.BaseDexClassLoader.findClass(BaseDexClassLoader.java:93)
05-04 15:51:05.816 18613 18613 E Xposed  : 	at java.lang.ClassLoader.loadClass(ClassLoader.java:379)
05-04 15:51:05.816 18613 18613 E Xposed  : 	at java.lang.ClassLoader.loadClass(ClassLoader.java:312)
05-04 15:51:05.816 18613 18613 E Xposed  : 	... 20 more
05-04 15:51:05.821  1073  1073 W /system/bin/hw/android.hidl.allocator@1.0-service: ashmem_create_region(32768) returning hidl_memory(0x7fb462c5b0, 32768)
05-04 15:51:05.827 18620 18620 I zygote  : System.exit called, status: 0
05-04 15:51:05.827 18620 18620 I AndroidRuntime: VM exiting with result code 0, cleanup skipped.
05-04 15:51:05.829 18479 18479 D NetworkManagement: enabling FW Policy deny
05-04 15:51:05.834 18600 18600 E wpa_supplicant: wpa_driver_nl80211_driver_cmd: failed to set RXFILTER option
05-04 15:51:05.834 18600 18600 E wpa_supplicant: wpa_driver_nl80211_driver_cmd: failed to set RXFILTER option
05-04 15:51:05.834 18600 18600 E wpa_supplicant: wpa_driver_nl80211_driver_cmd: failed to set RXFILTER option
05-04 15:51:05.835 18613 18613 D X-APM-S-: handleBindApplication: com.android.systemui-576--2147483648
05-04 15:51:05.836 18600 18600 E wpa_supplicant: nl80211: Failed to open /proc/sys/net/ipv4/conf/wlan0/drop_unicast_in_l2_multicast: No such file or directory
05-04 15:51:05.836 18600 18600 E wpa_supplicant: nl80211: Failed to set IPv4 unicast in multicast filter
05-04 15:51:05.836 18600 18600 E wpa_supplicant: eap_proxy: eap_proxy_notify_config
05-04 15:51:05.836 18600 18600 E wpa_supplicant: eap_proxy: eap_proxy_notify_config
05-04 15:51:05.837 18613 18613 D X-APM-S-: updateConfiguration: com.android.systemui-576--2147483648
05-04 15:51:05.843  1073  1073 W /system/bin/hw/android.hidl.allocator@1.0-service: ashmem_create_region(32768) returning hidl_memory(0x7fb462c5b0, 32768)
05-04 15:51:05.844  1073  1073 W /system/bin/hw/android.hidl.allocator@1.0-service: ashmem_create_region(32768) returning hidl_memory(0x7fb462c5b0, 32768)
05-04 15:51:05.845  1073  1073 W /system/bin/hw/android.hidl.allocator@1.0-service: ashmem_create_region(32768) returning hidl_memory(0x7fb462c5b0, 32768)
05-04 15:51:05.849  1073  1073 I chatty  : uid=1000(system) allocator@1.0-s identical 9 lines
05-04 15:51:05.850  1073  1073 W /system/bin/hw/android.hidl.allocator@1.0-service: ashmem_create_region(32768) returning hidl_memory(0x7fb462c5b0, 32768)
05-04 15:51:05.852 18613 18613 D X-APM-S-: updateConfiguration: com.android.systemui-576--2147483648
05-04 15:51:05.854 18479 18498 E BatteryStatsService: no controller energy info supplied
05-04 15:51:05.854 18613 18613 I Xposed  : [PixelNavbar] handleInitPackageResources
05-04 15:51:05.855 18479 18488 I chatty  : uid=1000(system) HeapTaskDaemon expire 1 line
05-04 15:51:05.855 18613 18613 D X-APM-S-: updateConfiguration: com.android.systemui-576--2147483648
05-04 15:51:05.861  1073  1073 W /system/bin/hw/android.hidl.allocator@1.0-service: ashmem_create_region(32768) returning hidl_memory(0x7fb462c5b0, 32768)
05-04 15:51:05.861  1073  1073 W /system/bin/hw/android.hidl.allocator@1.0-service: ashmem_create_region(32768) returning hidl_memory(0x7fb462c5b0, 32768)
05-04 15:51:05.861 18643 18643 I zygote64: System.exit called, status: 0
05-04 15:51:05.861 18643 18643 I AndroidRuntime: VM exiting with result code 0, cleanup skipped.
05-04 15:51:05.861  1073  1073 W /system/bin/hw/android.hidl.allocator@1.0-service: ashmem_create_region(32768) returning hidl_memory(0x7fb462c5b0, 32768)
05-04 15:51:05.862  1073  1073 W /system/bin/hw/android.hidl.allocator@1.0-service: ashmem_create_region(32768) returning hidl_memory(0x7fb462c5b0, 32768)
05-04 15:51:05.874 18479 18479 I SystemServer: MakeNetworkStatsServiceReady
05-04 15:51:05.889 18479 18670 I chatty  : uid=1000 system_server expire 5 lines
05-04 15:51:05.889  1306  2221 I OMXMaster: makeComponentInstance(OMX.google.vorbis.decoder) in omx@1.0-service process
05-04 15:51:05.892  1306  1567 E OMXNodeInstance: getConfig(0xe8525c40:google.vorbis.decoder, ConfigAndroidVendorExtension(0x6f100004)) ERROR: Undefined(0x80001001)
05-04 15:51:05.893 18479 18479 I SystemServer: MakeConnectivityServiceReady
05-04 15:51:05.895  1073  1073 W /system/bin/hw/android.hidl.allocator@1.0-service: ashmem_create_region(32768) returning hidl_memory(0x7fb462c5b0, 32768)
05-04 15:51:05.897  1073  1073 W /system/bin/hw/android.hidl.allocator@1.0-service: ashmem_create_region(32768) returning hidl_memory(0x7fb462c5b0, 32768)
05-04 15:51:05.897  1073  1073 W /system/bin/hw/android.hidl.allocator@1.0-service: ashmem_create_region(32768) returning hidl_memory(0x7fb462c5b0, 32768)
05-04 15:51:05.898  1073  1073 W /system/bin/hw/android.hidl.allocator@1.0-service: ashmem_create_region(32768) returning hidl_memory(0x7fb462c5b0, 32768)
05-04 15:51:05.902  1073  1073 W /system/bin/hw/android.hidl.allocator@1.0-service: ashmem_create_region(32768) returning hidl_memory(0x7fb462c5b0, 32768)
05-04 15:51:05.902  1073  1073 W /system/bin/hw/android.hidl.allocator@1.0-service: ashmem_create_region(32768) returning hidl_memory(0x7fb462c5b0, 32768)
05-04 15:51:05.912 18479 18567 D NetworkPolicy: setRestrictBackgroundUL(): false
05-04 15:51:05.914 18479 18493 I chatty  : uid=1000(system) android.bg expire 5 lines
05-04 15:51:05.916 18479 18479 I SystemServer: MakeNetworkPolicyServiceReady
05-04 15:51:05.916 18479 18567 I chatty  : uid=1000(system) NetworkPolicy expire 1 line
05-04 15:51:05.921 18613 18613 D X-APM-S-: updateConfiguration: com.android.systemui-576--2147483648
05-04 15:51:05.933 18613 18613 V SystemUIService: Starting SystemUI services for user 0.
05-04 15:51:05.937 18479 18677 I chatty  : uid=1000 system_server expire 5 lines
05-04 15:51:05.937 18479 18569 I chatty  : uid=1000(system) WifiService expire 1 line
05-04 15:51:05.938 18479 18570 I chatty  : uid=1000(system) WifiStateMachin expire 4 lines
05-04 15:51:05.938 18479 18493 I chatty  : uid=1000(system) android.bg expire 24 lines
05-04 15:51:05.939 18479 18494 I chatty  : uid=1000(system) ActivityManager expire 17 lines
05-04 15:51:05.939 18479 18591 I chatty  : uid=1000(system) pool-2-thread-1 expire 48 lines
05-04 15:51:05.940 18479 18506 I chatty  : uid=1000(system) ASHMAN-H expire 18 lines
05-04 15:51:05.941  1306  2221 I OMXMaster: makeComponentInstance(OMX.google.vorbis.decoder) in omx@1.0-service process
05-04 15:51:05.945 18479 18631 I chatty  : uid=1000(system) SoundPoolThread expire 21 lines
05-04 15:51:05.945  1306  2221 E OMXNodeInstance: getConfig(0xe8525c40:google.vorbis.decoder, ConfigAndroidVendorExtension(0x6f100004)) ERROR: Undefined(0x80001001)
05-04 15:51:05.947  1073  1073 W /system/bin/hw/android.hidl.allocator@1.0-service: ashmem_create_region(32768) returning hidl_memory(0x7fb462c5b0, 32768)
05-04 15:51:05.950  1073  1073 I chatty  : uid=1000(system) allocator@1.0-s identical 43 lines
05-04 15:51:05.950  1073  1073 W /system/bin/hw/android.hidl.allocator@1.0-service: ashmem_create_region(32768) returning hidl_memory(0x7fb462c5b0, 32768)
05-04 15:51:05.951 18613 18613 V MediaRouter: Adding route: RouteInfo{ name=, description=null, status=null, category=RouteCategory{ name= types=ROUTE_TYPE_LIVE_AUDIO ROUTE_TYPE_LIVE_VIDEO  groupable=false }, supportedTypes=ROUTE_TYPE_LIVE_AUDIO ROUTE_TYPE_LIVE_VIDEO , presentationDisplay=null }
05-04 15:51:05.952 18479 18479 I SystemServer: StartWatchdog
05-04 15:51:05.952 18479 18479 I SystemServer: PhaseThirdPartyAppsCanStart
05-04 15:51:05.953 18479 18479 I SystemServiceManager: Starting phase 600
05-04 15:51:05.953 18479 18479 I chatty  : uid=1000 system_server expire 71 lines
05-04 15:51:05.954 18613 18613 V MediaRouter: Selecting route: RouteInfo{ name=, description=null, status=null, category=RouteCategory{ name= types=ROUTE_TYPE_LIVE_AUDIO ROUTE_TYPE_LIVE_VIDEO  groupable=false }, supportedTypes=ROUTE_TYPE_LIVE_AUDIO ROUTE_TYPE_LIVE_VIDEO , presentationDisplay=null }
05-04 15:51:05.956 18479 18559 D VoldConnector: RCV <- {651 emulated 0}
05-04 15:51:05.956 18479 18559 D VoldConnector: RCV <- {651 emulated 8}
05-04 15:51:05.956 18479 18559 D VoldConnector: RCV <- {659 emulated}
05-04 15:51:05.956 18479 18559 D VoldConnector: RCV <- {650 emulated 2 "" ""}
05-04 15:51:05.957 18479 18559 D VoldConnector: RCV <- {651 emulated 0}
05-04 15:51:05.957 18479 18559 D VoldConnector: RCV <- {200 3 Command succeeded}
05-04 15:51:05.958 18479 18500 V StorageManagerService: Found primary storage at VolumeInfo{emulated}:
05-04 15:51:05.958 18479 18500 V StorageManagerService:     type=EMULATED diskId=null partGuid=null mountFlags=0 mountUserId=-1 
05-04 15:51:05.958 18479 18500 V StorageManagerService:     state=UNMOUNTED 
05-04 15:51:05.958 18479 18500 V StorageManagerService:     fsType=null fsUuid=null fsLabel=null 
05-04 15:51:05.958 18479 18500 V StorageManagerService:     path=null internalPath=null 
05-04 15:51:05.958 18479 18558 D VoldConnector: SND -> {4 volume user_added 0 0}
05-04 15:51:05.958 18479 18559 D VoldConnector: RCV <- {200 4 Command succeeded}
05-04 15:51:05.959 18479 18558 I chatty  : uid=1000(system) StorageManagerS expire 1 line
05-04 15:51:05.960 18479 18558 D VoldConnector: SND -> {5 volume mount emulated 3 -1}
05-04 15:51:05.961 18479 18559 D VoldConnector: RCV <- {651 emulated 1}
05-04 15:51:05.961 18479 18559 D VoldConnector: RCV <- {656 emulated /data/media}
05-04 15:51:05.961 18479 18559 D VoldConnector: RCV <- {655 emulated /storage/emulated}
05-04 15:51:05.963   685   691 V vold    : sdcardfs: Waiting for sdcard exit...
05-04 15:51:05.967 18479 18479 V NotificationListeners: enabling notification listener for 0: ComponentInfo{com.google.vr.vrcore/com.google.vr.vrcore.notification.VrNotificationService}
05-04 15:51:05.967  1073  1073 W /system/bin/hw/android.hidl.allocator@1.0-service: ashmem_create_region(32768) returning hidl_memory(0x7fb462c5b0, 32768)
05-04 15:51:05.968 18479 18479 W NotificationListeners: Unable to bind notification listener service: Intent { act=android.service.notification.NotificationListenerService cmp=com.google.vr.vrcore/.notification.VrNotificationService (has extras) }
05-04 15:51:05.968  1073  1073 W /system/bin/hw/android.hidl.allocator@1.0-service: ashmem_create_region(32768) returning hidl_memory(0x7fb462c5b0, 32768)
05-04 15:51:05.968 18479 18479 V NotificationListeners: enabling notification listener for 0: ComponentInfo{com.motorola.launcher3/com.android.launcher3.notification.NotificationListener}
05-04 15:51:05.968 18479 18479 W ActivityManager: Unable to start service Intent { act=android.service.notification.NotificationListenerService cmp=com.motorola.launcher3/com.android.launcher3.notification.NotificationListener } U=0: not found
05-04 15:51:05.968 18479 18479 W NotificationListeners: Unable to bind notification listener service: Intent { act=android.service.notification.NotificationListenerService cmp=com.motorola.launcher3/com.android.launcher3.notification.NotificationListener (has extras) }
05-04 15:51:05.968  1073  1073 W /system/bin/hw/android.hidl.allocator@1.0-service: ashmem_create_region(32768) returning hidl_memory(0x7fb462c5b0, 32768)
05-04 15:51:05.970 18479 18479 V ConditionProviders: enabling condition provider for 0: ComponentInfo{com.google.vr.vrcore/com.google.vr.vrcore.common.VrCoreZenConditionProvider}
05-04 15:51:05.972 18479 18479 W ConditionProviders: Unable to bind condition provider service: Intent { act=android.service.notification.ConditionProviderService cmp=com.google.vr.vrcore/.common.VrCoreZenConditionProvider (has extras) }
05-04 15:51:05.972 18479 18669 I chatty  : uid=1000(system) Binder:18479_3 expire 2 lines
05-04 15:51:05.974   685   691 V vold    : sdcardfs: Waiting for sdcard exit...
05-04 15:51:05.977 18479 18479 V WallpaperManagerService: bindWallpaperComponentLocked: componentName=ComponentInfo{com.android.systemui/com.android.systemui.ImageWallpaper}
05-04 15:51:05.984   685   691 V vold    : sdcardfs: Waiting for sdcard exit...
05-04 15:51:05.984 18681 18681 W /system/bin/sdcard: Device explicitly enabled sdcardfs
05-04 15:51:05.985 18681 18681 E cutils  : Failed to chmod(/data/media/obb, 509): Operation not permitted
05-04 15:51:05.994 18613 18613 W SoundPool: Use of stream types is deprecated for operations other than volume control
05-04 15:51:05.994 18613 18613 W SoundPool: See the documentation of SoundPool() for what to use instead with android.media.AudioAttributes to qualify your playback use case
05-04 15:51:05.994 18479 18559 D VoldConnector: RCV <- {651 emulated 2}
05-04 15:51:05.994 18479 18559 D VoldConnector: RCV <- {200 5 Command succeeded}
05-04 15:51:06.007 26325 26408 D IioSensors: batch:255 +
05-04 15:51:06.007 26325 26408 D IioSensors: activate:236 +
05-04 15:51:06.007 26325 26408 D IioSensors: activate:98 handle=0 enabled=1 pid=26325 tid=26408
05-04 15:51:06.008 18613 18684 I MediaCodec: (0x7f7cde8800) init name(audio/vorbis) isType(1) encoder(0)
05-04 15:51:06.012 18613 18686 I OMXClient: Treble IOmx obtained
05-04 15:51:06.013  1306 20509 I OMXMaster: makeComponentInstance(OMX.google.vorbis.decoder) in omx@1.0-service process
05-04 15:51:06.013 18479 18479 I SystemServer: MakeLocationServiceReady
05-04 15:51:06.014 18613 18686 I MediaCodec: (0x7f7cde8800) Component Allocated (OMX.google.vorbis.decoder)
05-04 15:51:06.014 18613 18684 I MediaCodec: (0x7f7cde8800) configure surface(0x0) crypto(0x0) flags(0)
05-04 15:51:06.014 18613 18684 D MediaCodec: (0x7f7cde8800) configure format: AMessage(what = 0x00000000) = {
05-04 15:51:06.014 18613 18684 D MediaCodec:       string mime = "audio/vorbis"
05-04 15:51:06.014 18613 18684 D MediaCodec:       int64_t durationUs = 226500
05-04 15:51:06.014 18613 18684 D MediaCodec:       int32_t track-id = 1
05-04 15:51:06.014 18613 18684 D MediaCodec:       int32_t channel-count = 2
05-04 15:51:06.014 18613 18684 D MediaCodec:       int32_t sample-rate = 48000
05-04 15:51:06.014 18613 18684 D MediaCodec:       Buffer csd-0 = {
05-04 15:51:06.014 18613 18684 D MediaCodec:         00000000:  01 76 6f 72 62 69 73 00  00 00 00 02 80 bb 00 00  .vorbis.........
05-04 15:51:06.014 18613 18684 D MediaCodec:         00000010:  00 00 00 00 00 77 01 00  00 00 00 00 b8 01        .....w........
05-04 15:51:06.014 18613 18684 D MediaCodec:       }
05-04 15:51:06.014 18613 18684 D MediaCodec:       Buffer *csd-1 = 0x7f7cc3e240
05-04 15:51:06.014 18613 18684 D MediaCodec:     }
05-04 15:51:06.016  1306 20509 E OMXNodeInstance: getConfig(0xe8525c40:google.vorbis.decoder, ConfigAndroidVendorExtension(0x6f100004)) ERROR: Undefined(0x80001001)
05-04 15:51:06.016 18613 18686 W ExtendedACodec: Failed to get extension for extradata parameter
05-04 15:51:06.016 18613 18684 I MediaCodec: (0x7f7cde8800) start
05-04 15:51:06.021  1073  1073 W /system/bin/hw/android.hidl.allocator@1.0-service: ashmem_create_region(32768) returning hidl_memory(0x7fb462c5b0, 32768)
05-04 15:51:06.022 18479 18692 I chatty  : uid=1000 system_server expire 5 lines
05-04 15:51:06.023  1306  1567 I OMXMaster: makeComponentInstance(OMX.google.vorbis.decoder) in omx@1.0-service process
05-04 15:51:06.025  1073  1073 W /system/bin/hw/android.hidl.allocator@1.0-service: ashmem_create_region(32768) returning hidl_memory(0x7fb462c5b0, 32768)
05-04 15:51:06.025  1073  1073 W /system/bin/hw/android.hidl.allocator@1.0-service: ashmem_create_region(32768) returning hidl_memory(0x7fb462c5b0, 32768)
05-04 15:51:06.025  1306  1567 E OMXNodeInstance: getConfig(0xe8525880:google.vorbis.decoder, ConfigAndroidVendorExtension(0x6f100004)) ERROR: Undefined(0x80001001)
05-04 15:51:06.025  1073  1073 W /system/bin/hw/android.hidl.allocator@1.0-service: ashmem_create_region(32768) returning hidl_memory(0x7fb462c5b0, 32768)
05-04 15:51:06.028  1073  1073 W /system/bin/hw/android.hidl.allocator@1.0-service: ashmem_create_region(32768) returning hidl_memory(0x7fb462c5b0, 32768)
05-04 15:51:06.028  1309  2786 D PerMgrLib: GPS voting for modem
05-04 15:51:06.028  1110  1482 D PerMgrSrv: GPS voting for modem
05-04 15:51:06.028  1110  1482 D PerMgrSrv: modem num voters is 5
05-04 15:51:06.028  1073  1073 W /system/bin/hw/android.hidl.allocator@1.0-service: ashmem_create_region(32768) returning hidl_memory(0x7fb462c5b0, 32768)
05-04 15:51:06.029  1073  1073 W /system/bin/hw/android.hidl.allocator@1.0-service: ashmem_create_region(32768) returning hidl_memory(0x7fb462c5b0, 32768)
05-04 15:51:06.029  1073  1073 W /system/bin/hw/android.hidl.allocator@1.0-service: ashmem_create_region(32768) returning hidl_memory(0x7fb462c5b0, 32768)
05-04 15:51:06.030  1073  1073 W /system/bin/hw/android.hidl.allocator@1.0-service: ashmem_create_region(32768) returning hidl_memory(0x7fb462c5b0, 32768)
05-04 15:51:06.030 18613 18686 I MediaCodec: (0x7f7cde8800) kWhatStartCompleted
05-04 15:51:06.031  1073  1073 W /system/bin/hw/android.hidl.allocator@1.0-service: ashmem_create_region(32768) returning hidl_memory(0x7fb462c5b0, 32768)
05-04 15:51:06.031 18479 18479 W LocationProviderProxy-network: Odd, no component found for service com.android.location.service.v3.NetworkLocationProvider
05-04 15:51:06.031  1309  2786 D PerMgrLib: GPS unvoting for modem
05-04 15:51:06.031  1110  1482 D PerMgrSrv: GPS removing vote for modem
05-04 15:51:06.031  1073  1073 W /system/bin/hw/android.hidl.allocator@1.0-service: ashmem_create_region(32768) returning hidl_memory(0x7fb462c5b0, 32768)
05-04 15:51:06.031  1110  1482 D PerMgrSrv: modem num voters is 5
05-04 15:51:06.032  1073  1073 W /system/bin/hw/android.hidl.allocator@1.0-service: ashmem_create_region(32768) returning hidl_memory(0x7fb462c5b0, 32768)
05-04 15:51:06.034 18479 18479 W GeocoderProxy: Odd, no component found for service com.android.location.service.GeocodeProvider
05-04 15:51:06.035 18479 18479 D LocationManagerService: FLP HAL not supported
05-04 15:51:06.037  1073  1073 W /system/bin/hw/android.hidl.allocator@1.0-service: ashmem_create_region(32768) returning hidl_memory(0x7fb462c5b0, 32768)
05-04 15:51:06.038  1073  1073 W /system/bin/hw/android.hidl.allocator@1.0-service: ashmem_create_region(32768) returning hidl_memory(0x7fb462c5b0, 32768)
05-04 15:51:06.038 18479 18479 W GeofenceProxy: Odd, no component found for service com.android.location.service.GeofenceProvider
05-04 15:51:06.039  1073  1073 W /system/bin/hw/android.hidl.allocator@1.0-service: ashmem_create_region(32768) returning hidl_memory(0x7fb462c5b0, 32768)
05-04 15:51:06.039 18479 18479 D LocationManagerService: Hardware Activity-Recognition not supported.
05-04 15:51:06.040 18613 18686 D MediaCodec: (0x7f7cde8800) kWhatOutputBuffersChanged
05-04 15:51:06.040  1073  1073 W /system/bin/hw/android.hidl.allocator@1.0-service: ashmem_create_region(32768) returning hidl_memory(0x7fb462c5b0, 32768)
05-04 15:51:06.040 18479 18479 W ActivityRecognitionProxy: Odd, no component found for service com.android.location.service.ActivityRecognitionProvider
05-04 15:51:06.041  1073  1073 W /system/bin/hw/android.hidl.allocator@1.0-service: ashmem_create_region(32768) returning hidl_memory(0x7fb462c5b0, 32768)
05-04 15:51:06.045 18479 18479 I SystemServer: MakeCountryDetectionServiceReady
05-04 15:51:06.045 18479 18479 I SystemServer: MakeNetworkTimeUpdateReady
05-04 15:51:06.047 18479 18479 I SystemServer: MakeCommonTimeManagementServiceReady
05-04 15:51:06.048 18479 18479 I SystemServer: MakeInputManagerServiceReady
05-04 15:51:06.049 18479 18557 I chatty  : uid=1000(system) InputReader expire 2 lines
05-04 15:51:06.049 18479 18479 I SystemServer: MakeTelephonyRegistryReady
05-04 15:51:06.050 18479 18479 I SystemServer: MakeMediaRouterServiceReady
05-04 15:51:06.050 18479 18479 I SystemServer: MakeMmsServiceReady
05-04 15:51:06.050 18479 18479 I MmsServiceBroker: Delay connecting to MmsService until an API is called
05-04 15:51:06.050 18479 18479 I SystemServer: MakeNetworkScoreServiceReady
05-04 15:51:06.050 18479 18479 I SystemServer: IncidentDaemonReady
05-04 15:51:06.051 18479 18479 I SystemServer: MayaPerformanceServiceReady
05-04 15:51:06.051 18479 18479 I SystemServiceManager: Calling onStartUser u0
05-04 15:51:06.051 18479 18699 I chatty  : uid=1000(system) NetworkTimeUpda expire 1 line
05-04 15:51:06.053 18479 18507 I chatty  : uid=1000(system) ASHMAN-LAZY-H expire 23 lines
05-04 15:51:06.057 18613 18684 I MediaCodec: (0x7f7cde8800) stop
05-04 15:51:06.058 18613 18684 I MediaCodec: (0x7f7cde8800) release
05-04 15:51:06.064 18479 18479 I ActivityManager: Start proc 18701:.dataservices/1000 for added application .dataservices
05-04 15:51:06.068 18613 18684 I MediaCodec: (0x7f7cde8800) init name(audio/vorbis) isType(1) encoder(0)
05-04 15:51:06.069 18479 18502 I chatty  : uid=1000(system) android.display expire 3 lines
05-04 15:51:06.073 18613 18707 I OMXClient: Treble IOmx obtained
05-04 15:51:06.074  1306 20509 I OMXMaster: makeComponentInstance(OMX.google.vorbis.decoder) in omx@1.0-service process
05-04 15:51:06.075 18613 18707 I MediaCodec: (0x7f7cde8800) Component Allocated (OMX.google.vorbis.decoder)
05-04 15:51:06.075 18613 18684 I MediaCodec: (0x7f7cde8800) configure surface(0x0) crypto(0x0) flags(0)
05-04 15:51:06.075 18613 18684 D MediaCodec: (0x7f7cde8800) configure format: AMessage(what = 0x00000000) = {
05-04 15:51:06.075 18613 18684 D MediaCodec:       string mime = "audio/vorbis"
05-04 15:51:06.075 18613 18684 D MediaCodec:       int64_t durationUs = 188854
05-04 15:51:06.075 18613 18684 D MediaCodec:       int32_t track-id = 1
05-04 15:51:06.075 18613 18684 D MediaCodec:       int32_t channel-count = 2
05-04 15:51:06.075 18613 18684 D MediaCodec:       int32_t sample-rate = 48000
05-04 15:51:06.075 18613 18684 D MediaCodec:       Buffer csd-0 = {
05-04 15:51:06.075 18613 18684 D MediaCodec:         00000000:  01 76 6f 72 62 69 73 00  00 00 00 02 80 bb 00 00  .vorbis.........
05-04 15:51:06.075 18613 18684 D MediaCodec:         00000010:  00 00 00 00 00 77 01 00  00 00 00 00 b8 01        .....w........
05-04 15:51:06.075 18613 18684 D MediaCodec:       }
05-04 15:51:06.075 18613 18684 D MediaCodec:       Buffer *csd-1 = 0x7f7cc3e420
05-04 15:51:06.075 18613 18684 D MediaCodec:     }
05-04 15:51:06.076  1306 20509 E OMXNodeInstance: getConfig(0xe8525880:google.vorbis.decoder, ConfigAndroidVendorExtension(0x6f100004)) ERROR: Undefined(0x80001001)
05-04 15:51:06.076 18613 18707 W ExtendedACodec: Failed to get extension for extradata parameter
05-04 15:51:06.076 18613 18684 I MediaCodec: (0x7f7cde8800) start
05-04 15:51:06.077  1073  1073 W /system/bin/hw/android.hidl.allocator@1.0-service: ashmem_create_region(32768) returning hidl_memory(0x7fb462c5b0, 32768)
05-04 15:51:06.080  1073  1073 W /system/bin/hw/android.hidl.allocator@1.0-service: ashmem_create_region(32768) returning hidl_memory(0x7fb462c5b0, 32768)
05-04 15:51:06.080 18613 18707 I MediaCodec: (0x7f7cde8800) kWhatStartCompleted
05-04 15:51:06.084  1073  1073 W /system/bin/hw/android.hidl.allocator@1.0-service: ashmem_create_region(32768) returning hidl_memory(0x7fb462c5b0, 32768)
05-04 15:51:06.086  1073  1073 W /system/bin/hw/android.hidl.allocator@1.0-service: ashmem_create_region(32768) returning hidl_memory(0x7fb462c5b0, 32768)
05-04 15:51:06.087 18613 18707 D MediaCodec: (0x7f7cde8800) kWhatOutputBuffersChanged
05-04 15:51:06.089 18479 18489 I chatty  : uid=1000(system) Binder:18479_1 expire 1 line
05-04 15:51:06.091 18479 18708 I chatty  : uid=1000 system_server expire 5 lines
05-04 15:51:06.092 18479 18479 I ActivityManager: Start proc 18717:com.qualcomm.qti.telephonyservice/1001 for added application com.qualcomm.qti.telephonyservice
05-04 15:51:06.092  1306 20509 I OMXMaster: makeComponentInstance(OMX.google.vorbis.decoder) in omx@1.0-service process
05-04 15:51:06.095  1306 20509 E OMXNodeInstance: getConfig(0xe8525c40:google.vorbis.decoder, ConfigAndroidVendorExtension(0x6f100004)) ERROR: Undefined(0x80001001)
05-04 15:51:06.097  1073  1073 W /system/bin/hw/android.hidl.allocator@1.0-service: ashmem_create_region(32768) returning hidl_memory(0x7fb462c5b0, 32768)
05-04 15:51:06.100  1073  1073 W /system/bin/hw/android.hidl.allocator@1.0-service: ashmem_create_region(32768) returning hidl_memory(0x7fb462c5b0, 32768)
05-04 15:51:06.105 18479 18479 I ActivityManager: Start proc 18732:com.motorola.process.system/1000 for added application com.motorola.process.system
05-04 15:51:06.105  1073  1073 W /system/bin/hw/android.hidl.allocator@1.0-service: ashmem_create_region(32768) returning hidl_memory(0x7fb462c5b0, 32768)
05-04 15:51:06.105  1073  1073 W /system/bin/hw/android.hidl.allocator@1.0-service: ashmem_create_region(32768) returning hidl_memory(0x7fb462c5b0, 32768)
05-04 15:51:06.106  1073  1073 W /system/bin/hw/android.hidl.allocator@1.0-service: ashmem_create_region(32768) returning hidl_memory(0x7fb462c5b0, 32768)
05-04 15:51:06.106  1073  1073 W /system/bin/hw/android.hidl.allocator@1.0-service: ashmem_create_region(32768) returning hidl_memory(0x7fb462c5b0, 32768)
05-04 15:51:06.115 18613 18684 I MediaCodec: (0x7f7cde8800) stop
05-04 15:51:06.117 18613 18684 I MediaCodec: (0x7f7cde8800) release
05-04 15:51:06.118 18738 18738 W zygote  : Using default instruction set features for ARM CPU variant (cortex-a9) using conservative defaults
05-04 15:51:06.119 18479 18479 I ActivityManager: Start proc 18738:com.motorola.actions/u0a50 for added application com.motorola.actions
05-04 15:51:06.126 18613 18684 I MediaCodec: (0x7f7cde8800) init name(audio/vorbis) isType(1) encoder(0)
05-04 15:51:06.128 18613 18752 I OMXClient: Treble IOmx obtained
05-04 15:51:06.129  1306  2221 I OMXMaster: makeComponentInstance(OMX.google.vorbis.decoder) in omx@1.0-service process
05-04 15:51:06.130 18613 18752 I MediaCodec: (0x7f7cde8800) Component Allocated (OMX.google.vorbis.decoder)
05-04 15:51:06.130 18613 18684 I MediaCodec: (0x7f7cde8800) configure surface(0x0) crypto(0x0) flags(0)
05-04 15:51:06.130 18613 18684 D MediaCodec: (0x7f7cde8800) configure format: AMessage(what = 0x00000000) = {
05-04 15:51:06.130 18613 18684 D MediaCodec:       string mime = "audio/vorbis"
05-04 15:51:06.130 18613 18684 D MediaCodec:       int64_t durationUs = 80000
05-04 15:51:06.130 18613 18684 D MediaCodec:       int32_t track-id = 1
05-04 15:51:06.130 18613 18684 D MediaCodec:       int32_t channel-count = 2
05-04 15:51:06.130 18613 18684 D MediaCodec:       int32_t sample-rate = 48000
05-04 15:51:06.130 18613 18684 D MediaCodec:       Buffer csd-0 = {
05-04 15:51:06.130 18613 18684 D MediaCodec:         00000000:  01 76 6f 72 62 69 73 00  00 00 00 02 80 bb 00 00  .vorbis.........
05-04 15:51:06.130 18613 18684 D MediaCodec:         00000010:  00 00 00 00 00 71 02 00  00 00 00 00 b8 01        .....q........
05-04 15:51:06.130 18613 18684 D MediaCodec:       }
05-04 15:51:06.130 18613 18684 D MediaCodec:       Buffer *csd-1 = 0x7f7cc3e4c0
05-04 15:51:06.130 18613 18684 D MediaCodec:     }
05-04 15:51:06.131  1306  1567 E OMXNodeInstance: getConfig(0xe85256a0:google.vorbis.decoder, ConfigAndroidVendorExtension(0x6f100004)) ERROR: Undefined(0x80001001)
05-04 15:51:06.131 18479 18479 I ActivityManager: Start proc 18754:com.android.phone/1001 for added application com.android.phone
05-04 15:51:06.131 18613 18752 W ExtendedACodec: Failed to get extension for extradata parameter
05-04 15:51:06.131 18613 18684 I MediaCodec: (0x7f7cde8800) start
05-04 15:51:06.133 18479 18479 I ActivityManager: START u0 {act=android.intent.action.MAIN cat=[android.intent.category.HOME] flg=0x10000100 cmp=com.android.settings/.FallbackHome} from uid 0
05-04 15:51:06.134  1073  1073 W /system/bin/hw/android.hidl.allocator@1.0-service: ashmem_create_region(32768) returning hidl_memory(0x7fb462c5b0, 32768)
05-04 15:51:06.137  1073  1073 W /system/bin/hw/android.hidl.allocator@1.0-service: ashmem_create_region(32768) returning hidl_memory(0x7fb462c5b0, 32768)
05-04 15:51:06.137 18613 18752 I MediaCodec: (0x7f7cde8800) kWhatStartCompleted
05-04 15:51:06.143  1073  1073 W /system/bin/hw/android.hidl.allocator@1.0-service: ashmem_create_region(32768) returning hidl_memory(0x7fb462c5b0, 32768)
05-04 15:51:06.144  1073  1073 W /system/bin/hw/android.hidl.allocator@1.0-service: ashmem_create_region(32768) returning hidl_memory(0x7fb462c5b0, 32768)
05-04 15:51:06.144  1073  1073 W /system/bin/hw/android.hidl.allocator@1.0-service: ashmem_create_region(32768) returning hidl_memory(0x7fb462c5b0, 32768)
05-04 15:51:06.145 18613 18752 D MediaCodec: (0x7f7cde8800) kWhatOutputBuffersChanged
05-04 15:51:06.147 18479 18479 I ActivityManager: Loaded persisted task ids for user 0
05-04 15:51:06.152 18613 18684 I MediaCodec: (0x7f7cde8800) stop
05-04 15:51:06.153 18613 18684 I MediaCodec: (0x7f7cde8800) release
05-04 15:51:06.163 18479 18780 I chatty  : uid=1000 system_server expire 5 lines
05-04 15:51:06.163  1306 20509 I OMXMaster: makeComponentInstance(OMX.google.vorbis.decoder) in omx@1.0-service process
05-04 15:51:06.165  1306  1567 E OMXNodeInstance: getConfig(0xe85256a0:google.vorbis.decoder, ConfigAndroidVendorExtension(0x6f100004)) ERROR: Undefined(0x80001001)
05-04 15:51:06.166  1073  1073 W /system/bin/hw/android.hidl.allocator@1.0-service: ashmem_create_region(32768) returning hidl_memory(0x7fb462c5b0, 32768)
05-04 15:51:06.168  1073  1073 W /system/bin/hw/android.hidl.allocator@1.0-service: ashmem_create_region(32768) returning hidl_memory(0x7fb462c5b0, 32768)
05-04 15:51:06.171  1073  1073 W /system/bin/hw/android.hidl.allocator@1.0-service: ashmem_create_region(32768) returning hidl_memory(0x7fb462c5b0, 32768)
05-04 15:51:06.172 18479 18479 I ActivityManager: Start proc 18783:com.android.settings/1000 for activity com.android.settings/.FallbackHome
05-04 15:51:06.172  1073  1073 W /system/bin/hw/android.hidl.allocator@1.0-service: ashmem_create_region(32768) returning hidl_memory(0x7fb462c5b0, 32768)
05-04 15:51:06.177 18479 18489 I ActivityManager: user 0 is still locked. Cannot load recents
05-04 15:51:06.184 18701 18701 I Xposed  : X-APM-S-VERBOSE-handleLoadPackage: com.quicinc.cne.CNEService
05-04 15:51:06.188 18613 18613 I vol.Events: writeEvent collection_started
05-04 15:51:06.191 18479 18591 I chatty  : uid=1000(system) pool-2-thread-1 expire 96 lines
05-04 15:51:06.191 18479 18494 I chatty  : uid=1000(system) ActivityManager expire 49 lines
05-04 15:51:06.192 18479 18506 I chatty  : uid=1000(system) ASHMAN-H expire 47 lines
05-04 15:51:06.198 18717 18717 I Xposed  : X-APM-S-VERBOSE-handleLoadPackage: com.qualcomm.qti.telephonyservice
05-04 15:51:06.199 18732 18732 I Xposed  : X-APM-S-VERBOSE-handleLoadPackage: com.motorola.android.nativedropboxagent
05-04 15:51:06.199 18479 18631 I chatty  : uid=1000(system) SoundPoolThread expire 2 lines
05-04 15:51:06.204 18479 18585 I chatty  : uid=1000(system) AudioService expire 3 lines
05-04 15:51:06.208 18479 18489 I chatty  : uid=1000(system) Binder:18479_1 expire 5 lines
05-04 15:51:06.211 18701 18701 D X-APM-S-: handleBindApplication: com.quicinc.cne.CNEService-576--2147483648
05-04 15:51:06.212 18717 18717 D X-APM-S-: handleBindApplication: com.qualcomm.qti.telephonyservice-576--2147483648
05-04 15:51:06.213 18701 18701 D X-APM-S-: updateConfiguration: com.quicinc.cne.CNEService-576--2147483648
05-04 15:51:06.214 18717 18717 D X-APM-S-: updateConfiguration: com.qualcomm.qti.telephonyservice-576--2147483648
05-04 15:51:06.215 18479 18507 I chatty  : uid=1000(system) ASHMAN-LAZY-H expire 1 line
05-04 15:51:06.215 18479 18509 I chatty  : uid=1000(system) APP-GUARD-H expire 2 lines
05-04 15:51:06.216 18732 18732 D X-APM-S-: handleBindApplication: com.motorola.android.nativedropboxagent-576--2147483648
05-04 15:51:06.218 18732 18732 D X-APM-S-: updateConfiguration: com.motorola.android.nativedropboxagent-576--2147483648
05-04 15:51:06.221 18717 18717 D X-APM-S-: updateConfiguration: com.qualcomm.qti.telephonyservice-576--2147483648
05-04 15:51:06.224 18732 18732 D X-APM-S-: updateConfiguration: com.motorola.android.nativedropboxagent-576--2147483648
05-04 15:51:06.224 18701 18701 D X-APM-S-: updateConfiguration: com.quicinc.cne.CNEService-576--2147483648
05-04 15:51:06.225 18717 18717 D X-APM-S-: SystemProp get: ro.gfx.driver.0, caller: com.qualcomm.qti.telephonyservice
05-04 15:51:06.228 18732 18732 D X-APM-S-: SystemProp get: ro.gfx.driver.0, caller: com.motorola.android.nativedropboxagent
05-04 15:51:06.230 18701 18701 D X-APM-S-: SystemProp get: ro.gfx.driver.0, caller: com.quicinc.cne.CNEService
05-04 15:51:06.233 18701 18701 D CNEServiceApp: start cne
05-04 15:51:06.237 18701 18701 D X-APM-S-: SystemProp get: persist.radio.multisim.config, caller: com.quicinc.cne.CNEService
05-04 15:51:06.237 18701 18701 I QCNEJ   : |CORE| phoneCount: 2
05-04 15:51:06.237 18701 18701 D QCNEJ   : |CORE| subs for 0th slot: null
05-04 15:51:06.237 18701 18701 D QCNEJ   : |CORE| subs for 1th slot: null
05-04 15:51:06.237 18701 18701 D X-APM-S-: SystemProp get: persist.radio.multisim.config, caller: com.quicinc.cne.CNEService
05-04 15:51:06.239 18701 18701 I QCNEJ/CndHalConnector: CndHalConnector()
05-04 15:51:06.240 18701 18701 I zygote64: Looking for service android.hidl.manager@1.0::IServiceManager/default
05-04 15:51:06.242 18701 18701 I zygote64: Starting thread pool.
05-04 15:51:06.244 18701 18810 I QCNEJ/CndHalConnector: IServiceNotification.onRegistration
05-04 15:51:06.244 18701 18806 I QCNEJ/CndHalConnector: handling CND_SERVER_UP
05-04 15:51:06.244 18701 18806 V QCNEJ/CndHalConnector: connect() mCnd=null
05-04 15:51:06.244 18701 18806 I zygote64: Looking for service com.quicinc.cne.server@2.0::IServer/cnd
05-04 15:51:06.245 18701 18806 I zygote64: Starting thread pool.
05-04 15:51:06.247 18479 18495 W Looper  : Dispatch took 183ms on android.ui, h=Handler (com.android.server.am.ActivityManagerService$UiHandler) {b780923} cb=null msg=53
05-04 15:51:06.247 18205 18205 D APM_AudioPolicyManager: setForceUse() usage 0, config 0, mPhoneState 0
05-04 15:51:06.247 18205 18205 D APM_AudioPolicyManager: setForceUse() usage 2, config 0, mPhoneState 0
05-04 15:51:06.247 18479 18479 I chatty  : uid=1000 system_server expire 41 lines
05-04 15:51:06.248 18479 18493 I chatty  : uid=1000(system) android.bg expire 4 lines
05-04 15:51:06.250 18701 18806 I QCNEJ/CndHalServerCallback: <- RCV:OnAvailableEvent{}
05-04 15:51:06.250 18701 18806 I QCNEJ/CndHalConnector: Connected to service SUCC
05-04 15:51:06.250 18701 18806 I QCNEJ   : |CORE| starting initialization of components that require cnd to have started
05-04 15:51:06.252 18701 18809 D X-APM-S-: SystemProp get: persist.radio.multisim.config, caller: com.quicinc.cne.CNEService
05-04 15:51:06.252 18701 18809 D QCNEJ   : |CORE| Registering observers for MOBILE_DATA,DATA_ROAMING and MULTI_SIM_DATA_CALL_SUBSCRIPTION
05-04 15:51:06.252 18701 18806 I QCNEJ   : |CORE| set wifi state to 3
05-04 15:51:06.252 18701 18809 I QCNEJ   : |CORE| registerSettingsObserver: getSubId for phone 0 returned Invalid sub
05-04 15:51:06.252 18701 18809 I QCNEJ   : |CORE| registerSettingsObserver: getSubId for phone 1 returned Invalid sub
05-04 15:51:06.253 18701 18806 D X-APM-S-: SystemProp get: persist.sys.timezone, caller: com.quicinc.cne.CNEService
05-04 15:51:06.253 18701 18806 I QCNEJ/CndHalConnector: -> SND notifyWifiStatusChanged(RatInfo{type=1, subType=101, state=UNKNOWN, v4=IfaceAddrPair{iface=, addr=}, v6=IfaceAddrPair{iface=, addr=}, timestamp=2018-05-04 15:51:06.253, isAndroidValidated=false, netHandle=-1, slotIdx=0} WifiInfo{freq=TWO_GHz, state=3, ssid=, bssid=00:00:00:00:00:00, dns=[0.0.0.0, 0.0.0.0, 0.0.0.0, 0.0.0.0, ]})
05-04 15:51:06.255 18701 18701 E QCNEJ   : |CORE| Feature WQE is not enabled
05-04 15:51:06.255 18613 18798 I vol.Events: writeEvent external_ringer_mode_changed vibrate
05-04 15:51:06.255 18613 18798 I vol.Events: writeEvent internal_ringer_mode_changed vibrate
05-04 15:51:06.255 18701 18806 D QCNEJ   : |CORE| No family connected
05-04 15:51:06.256 18701 18806 I QCNEJ/CndHalConnector: -> SND notifyWwanStatusChanged(RatInfo{type=0, subType=0, state=UNKNOWN, v4=IfaceAddrPair{iface=, addr=}, v6=IfaceAddrPair{iface=, addr=}, timestamp=2018-05-04 15:51:06.256, isAndroidValidated=false, netHandle=-1, slotIdx=0} CellularInfo{signalStrength=0, isRoaming=false})
05-04 15:51:06.258 18754 18754 I Xposed  : X-APM-S-VERBOSE-handleLoadPackage: com.android.phone
05-04 15:51:06.258 18783 18783 I Xposed  : X-APM-S-VERBOSE-handleLoadPackage: com.android.settings
05-04 15:51:06.259  1309  2786 E LocSvc_APIClientBase: onCtrlCollectiveResponseCb:190] ERROR: 3 ID: 60
05-04 15:51:06.259 18479 18688 D ConnectivityService: requestNetwork for uid/pid:1000/18701 NetworkRequest [ TRACK_DEFAULT id=6, [ Capabilities: INTERNET&NOT_RESTRICTED&TRUSTED&NOT_VPN] ]
05-04 15:51:06.259 18479 18592 I chatty  : uid=1000(system) EthernetService expire 1 line
05-04 15:51:06.260 18701 18806 W QCNEJ   : |CORE| Phone id invalid or Service State available
05-04 15:51:06.260 18701 18806 I QCNEJ   : |CORE| notifyMobileDataEnabled is enabled false  && isDataRoamingAllowed  false
05-04 15:51:06.260 18701 18806 I QCNEJ/CndHalConnector: -> SND notifyMobileDataEnabledChanged(false)
05-04 15:51:06.260 18479 18479 D SystemServerInitThreadPool: Shutdown successful
05-04 15:51:06.261 18701 18806 I QCNEJ/CndHalConnector: -> SND notifyScreenStateChanged(true)
05-04 15:51:06.261 18701 18701 I Xposed  : X-APM-S-VERBOSE-****************** addService: cneservice *****************
05-04 15:51:06.261 18701 18701 D CNEServiceApp: broadcast cne started
05-04 15:51:06.261 18479 18479 V FingerprintService: setNavigationState: true
05-04 15:51:06.261 18479 18766 I chatty  : uid=1000(system) Binder:18479_6 expire 1 line
05-04 15:51:06.262 18701 18806 I QCNEJ/CndHalConnector: -> SND notifyScreenStateChanged(false)
05-04 15:51:06.262 18701 18806 I QCNEJ/CndHalConnector: -> SND notifyDefaultNetworkChanged(17)
05-04 15:51:06.262 18701 18806 E QCNEJ/CndHalConnector: Failed to parse input for notifyDefaultNetworkChanged: java.lang.IllegalArgumentException: Unknown RatType:17
05-04 15:51:06.262 18701 18806 W QCNEJ   : |CORE| notifyDefaultNetworkChanged failed
05-04 15:51:06.268 18701 18806 I QCNEJ/CndHalConnector: -> SND notifyIMSProfileOverrideSettingChanged(FALSE)
05-04 15:51:06.269 18783 18783 D X-APM-S-: handleBindApplication: com.android.settings-576--2147483648
05-04 15:51:06.269 18479 18479 D ConditionProviders.SCP: onConnected
05-04 15:51:06.271 18783 18783 D X-APM-S-: updateConfiguration: com.android.settings-576--2147483648
05-04 15:51:06.274 18479 18479 D ConditionProviders: Subscribing to condition://android/schedule?days=1.2.3.4.5&start=22.0&end=7.0&exitAtAlarm=false with ComponentInfo{android/com.android.server.notification.ScheduleConditionProvider}
05-04 15:51:06.274 18479 18479 D ConditionProviders: Subscribing to condition://android/event?userId=-10000&calendar=&reply=1 with ComponentInfo{android/com.android.server.notification.EventConditionProvider}
05-04 15:51:06.274 18479 18479 D ConditionProviders: Subscribing to condition://android/schedule?days=6.7&start=23.30&end=10.0&exitAtAlarm=false with ComponentInfo{android/com.android.server.notification.ScheduleConditionProvider}
05-04 15:51:06.275 18479 18574 I chatty  : uid=1000(system) WifiScanningSer expire 1 line
05-04 15:51:06.275 18479 18575 I chatty  : uid=1000(system) WifiRttService expire 2 lines
05-04 15:51:06.277  1309  2786 D PerMgrLib: GPS voting for modem
05-04 15:51:06.277  1110  1482 D PerMgrSrv: GPS voting for modem
05-04 15:51:06.277  1110  1482 D PerMgrSrv: modem num voters is 5
05-04 15:51:06.279  1309  1309 E GnssHal_GnssGeofencing: setCallback]: mApi is NOT nullptr
05-04 15:51:06.281  130