01-07 03:09:37.332  2060  2060 I Xposed  : X-APM-S-4.1.5-BOOT_STAGE-mDeviceIdleController: DeviceIdleControllerProxy(deviceIdleController=com.android.server.DeviceIdleController@fe0fd97)
01-07 03:09:37.582  2060  2060 I Xposed  : X-APM-S-4.1.5-VERBOSE-checkBroadcastIntent: Intent { act=wifi_scan_available flg=0x4000000 (has extras) }, callingUid 1000
01-07 03:09:37.664  2060  3035 I Xposed  : X-APM-S-4.1.5-VERBOSE-checkBroadcastIntent: Intent { act=android.net.nsd.STATE_CHANGED flg=0x4000000 (has extras) }, callingUid 1000
01-07 03:09:37.667  2060  2060 I Xposed  : X-APM-S-4.1.5-VERBOSE-checkBroadcastIntent: Intent { act=android.os.UpdateLock.UPDATE_LOCK_CHANGED flg=0x4000000 (has extras) }, callingUid 1000
01-07 03:09:37.714  2060  2060 I Xposed  : X-APM-S-4.1.5-BOOT_STAGE-mNotificationService: NotificationManagerServiceProxy(EMPTY_SBN=[], notificationManagerService=com.android.server.notification.NotificationManagerService@aba998c)
01-07 03:09:37.751  2060  2060 I Xposed  : X-APM-S-4.1.5-VERBOSE-checkBroadcastIntent: Intent { act=android.media.RINGER_MODE_CHANGED flg=0x34000000 (has extras) }, callingUid 1000
01-07 03:09:37.752  2060  2060 I Xposed  : X-APM-S-4.1.5-VERBOSE-checkBroadcastIntent: Intent { act=android.media.INTERNAL_RINGER_MODE_CHANGED_ACTION flg=0x34000000 (has extras) }, callingUid 1000
01-07 03:09:37.754  2060  2060 I Xposed  : X-APM-S-4.1.5-VERBOSE-checkBroadcastIntent: Intent { act=android.media.MASTER_MUTE_CHANGED_ACTION flg=0x34000000 (has extras) }, callingUid 1000
01-07 03:09:37.769  2060  2060 I Xposed  : X-APM-S-4.1.5-VERBOSE-checkBroadcastIntent: Intent { act=android.media.STREAM_DEVICES_CHANGED_ACTION flg=0x14000000 (has extras) }, callingUid 1000
01-07 03:09:37.773  2060  2060 I Xposed  : X-APM-S-4.1.5-VERBOSE-checkBroadcastIntent: Intent { act=android.media.STREAM_DEVICES_CHANGED_ACTION flg=0x14000000 (has extras) }, callingUid 1000
01-07 03:09:37.773  2060  2060 I Xposed  : X-APM-S-4.1.5-VERBOSE-checkBroadcastIntent: Intent { act=android.media.VOLUME_CHANGED_ACTION flg=0x14000000 (has extras) }, callingUid 1000
01-07 03:09:37.779  2060  2060 I Xposed  : X-APM-S-4.1.5-VERBOSE-checkBroadcastIntent: Intent { act=android.media.VOLUME_CHANGED_ACTION flg=0x14000000 (has extras) }, callingUid 1000
01-07 03:09:37.783  2060  2060 I Xposed  : X-APM-S-4.1.5-VERBOSE-checkBroadcastIntent: Intent { act=android.media.STREAM_MUTE_CHANGED_ACTION flg=0x14000000 (has extras) }, callingUid 1000
01-07 03:09:37.786  2060  2060 I Xposed  : X-APM-S-4.1.5-VERBOSE-checkBroadcastIntent: Intent { act=android.media.STREAM_MUTE_CHANGED_ACTION flg=0x14000000 (has extras) }, callingUid 1000
01-07 03:09:38.048  2060  3084 I Xposed  : X-APM-S-4.1.5-VERBOSE-XAshmanService checkBroadcast returning: XAshmanServiceImpl.CheckResult(res=true, why=BROADCAST_CHECK_DISABLED, logRecommended=true) for: null receiverUid: 1000 callerUid: -1 action: wifi_scan_available, caller: null
01-07 03:09:38.049  2060  3084 I Xposed  : X-APM-S-4.1.5-VERBOSE-XAshmanService checkBroadcast returning: XAshmanServiceImpl.CheckResult(res=true, why=BROADCAST_CHECK_DISABLED, logRecommended=true) for: null receiverUid: 1000 callerUid: -1 action: wifi_scan_available, caller: null
01-07 03:09:38.170  2060  2060 I Xposed  : X-APM-S-4.1.5-WARN-retrieveSettings@XAshmanServiceImplDev
01-07 03:09:38.171  2060  3084 I Xposed  : X-APM-S-4.1.5-VERBOSE-XAshmanService checkBroadcast returning: XAshmanServiceImpl.CheckResult(res=true, why=BROADCAST_CHECK_DISABLED, logRecommended=true) for: null receiverUid: 1000 callerUid: 1000 action: android.intent.action.CONFIGURATION_CHANGED, caller: null
01-07 03:09:38.173  2060  3084 I Xposed  : X-APM-S-4.1.5-VERBOSE-XAshmanService checkBroadcast returning: XAshmanServiceImpl.CheckResult(res=true, why=BROADCAST_CHECK_DISABLED, logRecommended=true) for: null receiverUid: 1000 callerUid: 1000 action: android.intent.action.CONFIGURATION_CHANGED, caller: null
01-07 03:09:38.173  2060  3084 I Xposed  : X-APM-S-4.1.5-VERBOSE-XAshmanService checkBroadcast returning: XAshmanServiceImpl.CheckResult(res=true, why=BROADCAST_CHECK_DISABLED, logRecommended=true) for: null receiverUid: 1000 callerUid: 1000 action: android.intent.action.LOCALE_CHANGED, caller: null
01-07 03:09:38.174  2060  3084 I Xposed  : X-APM-S-4.1.5-VERBOSE-XAshmanService checkBroadcast returning: XAshmanServiceImpl.CheckResult(res=true, why=BROADCAST_CHECK_DISABLED, logRecommended=true) for: null receiverUid: 1000 callerUid: 1000 action: android.intent.action.LOCALE_CHANGED, caller: null
01-07 03:09:38.175  2060  2060 I Xposed  : X-APM-S-4.1.5-BOOT_STAGE-whiteSysAapp: true
01-07 03:09:38.175  2060  2060 I Xposed  : X-APM-S-4.1.5-BOOT_STAGE-bootBlockEnabled: true
01-07 03:09:38.175  2060  2060 I Xposed  : X-APM-S-4.1.5-BOOT_STAGE-startBlockEnabled:true
01-07 03:09:38.175  2060  2060 I Xposed  : X-APM-S-4.1.5-BOOT_STAGE-lockKillEnabled: false
01-07 03:09:38.175  2060  2060 I Xposed  : X-APM-S-4.1.5-BOOT_STAGE-lockKillEnabled: true
01-07 03:09:38.176  2060  2060 I Xposed  : X-APM-S-4.1.5-BOOT_STAGE-greeningEnabled: false
01-07 03:09:38.176  2060  2060 I Xposed  : X-APM-S-4.1.5-BOOT_STAGE-userDeviceId: null
01-07 03:09:38.176  2060  2060 I Xposed  : X-APM-S-4.1.5-BOOT_STAGE-userAndroidId: null
01-07 03:09:38.176  2060  2060 I Xposed  : X-APM-S-4.1.5-BOOT_STAGE-userLine1Number: null
01-07 03:09:38.176  2060  2060 I Xposed  : X-APM-S-4.1.5-BOOT_STAGE-migrated: false
01-07 03:09:38.176  2060  2060 I Xposed  : X-APM-S-4.1.5-BOOT_STAGE-dumpCrash: false
01-07 03:09:38.176  2060  2060 I Xposed  : X-APM-S-4.1.5-BOOT_STAGE-lazy: true
01-07 03:09:38.176  2060  2060 I Xposed  : X-APM-S-4.1.5-BOOT_STAGE-autoAddBlack: false
01-07 03:09:38.177  2060  2060 I Xposed  : X-APM-S-4.1.5-BOOT_STAGE-lockKillDoNotKillAudioEnabled: false
01-07 03:09:38.177  2060  2060 I Xposed  : X-APM-S-4.1.5-BOOT_STAGE-doNotKillSBNEnabled: true
01-07 03:09:38.177  2060  2060 I Xposed  : X-APM-S-4.1.5-BOOT_STAGE-rootKillEnabled: true
01-07 03:09:38.177  2060  2060 I Xposed  : X-APM-S-4.1.5-BOOT_STAGE-taskRemovedKillEnabled: true
01-07 03:09:38.177  2060  2060 I Xposed  : X-APM-S-4.1.5-BOOT_STAGE-longPressBackKill: true
01-07 03:09:38.177  2060  2060 I Xposed  : X-APM-S-4.1.5-BOOT_STAGE-compSettingBlockEnabled: false
01-07 03:09:38.177  2060  2060 I Xposed  : X-APM-S-4.1.5-BOOT_STAGE-mLockKillDelay: 0
01-07 03:09:38.177  2060  2060 I Xposed  : X-APM-S-4.1.5-BOOT_STAGE-mDozeDelay: 23
01-07 03:09:38.178  2060  2060 I Xposed  : X-APM-S-4.1.5-BOOT_STAGE-doze: true
01-07 03:09:38.178  2060  2060 I Xposed  : X-APM-S-4.1.5-BOOT_STAGE-forceDoze: true
01-07 03:09:38.178  2060  2060 I Xposed  : X-APM-S-4.1.5-VERBOSE-Our client app uid: 10077
01-07 03:09:38.181  2060  2060 I Xposed  : X-APM-S-4.1.5-WARN-Add google pkg: com.google.android.ext.services
01-07 03:09:38.181  2060  2060 I Xposed  : X-APM-S-4.1.5-DEBUG-Add to white list package: com.android.providers.telephony, sharedUid: android.uid.phone
01-07 03:09:38.181  2060  2060 I Xposed  : X-APM-S-4.1.5-WARN-Add google pkg: com.google.android.googlequicksearchbox
01-07 03:09:38.182  2060  2060 I Xposed  : X-APM-S-4.1.5-WARN-Add google pkg: com.google.android.onetimeinitializer
01-07 03:09:38.182  2060  2060 I Xposed  : X-APM-S-4.1.5-WARN-Add google pkg: com.google.android.ext.shared
01-07 03:09:38.182  2060  2060 I Xposed  : X-APM-S-4.1.5-DEBUG-Add to white list package: com.android.mms.service, sharedUid: android.uid.phone
01-07 03:09:38.182  2060  2060 I Xposed  : X-APM-S-4.1.5-WARN-Add google pkg: com.google.android.apps.messaging
01-07 03:09:38.182  2060  2060 I Xposed  : X-APM-S-4.1.5-WARN-Add google pkg: com.google.android.configupdater
01-07 03:09:38.183  2060  2060 I Xposed  : X-APM-S-4.1.5-WARN-Add google pkg: com.google.android.marvin.talkback
01-07 03:09:38.183  2060  2060 I Xposed  : X-APM-S-4.1.5-WARN-Will not add white list for persist pkg: android
01-07 03:09:38.184  2060  2060 I Xposed  : X-APM-S-4.1.5-DEBUG-Add to white list package: com.android.stk, sharedUid: android.uid.phone
01-07 03:09:38.184  2060  2060 I Xposed  : X-APM-S-4.1.5-WARN-Add google pkg: com.google.android.deskclock
01-07 03:09:38.184  2060  2060 I Xposed  : X-APM-S-4.1.5-WARN-Add google pkg: com.google.android.setupwizard
01-07 03:09:38.184  2060  2060 I Xposed  : X-APM-S-4.1.5-DEBUG-Add to white list package: com.qualcomm.qcrilmsgtunnel, sharedUid: android.uid.phone
01-07 03:09:38.185  2060  2060 I Xposed  : X-APM-S-4.1.5-WARN-Add google pkg: com.google.android.dialer
01-07 03:09:38.185  2060  2060 I Xposed  : X-APM-S-4.1.5-WARN-Add google pkg: com.google.android.contacts
01-07 03:09:38.185  2060  2060 I Xposed  : X-APM-S-4.1.5-WARN-Add google pkg: com.google.android.syncadapters.contacts
01-07 03:09:38.185  2060  2060 I Xposed  : X-APM-S-4.1.5-WARN-Add google pkg: com.google.android.calculator
01-07 03:09:38.186  2060  2060 I Xposed  : X-APM-S-4.1.5-WARN-Add google pkg: com.google.android.gms
01-07 03:09:38.186  2060  2060 I Xposed  : X-APM-S-4.1.5-WARN-Add google pkg: com.google.android.gsf
01-07 03:09:38.186  2060  2060 I Xposed  : X-APM-S-4.1.5-WARN-Add google pkg: com.google.android.tts
01-07 03:09:38.187  2060  2060 I Xposed  : X-APM-S-4.1.5-WARN-Add google pkg: com.google.android.partnersetup
01-07 03:09:38.187  2060  2060 I Xposed  : X-APM-S-4.1.5-WARN-Add google pkg: com.google.android.apps.wallpaper.nexus
01-07 03:09:38.187  2060  2060 I Xposed  : X-APM-S-4.1.5-WARN-Add google pkg: com.google.android.apps.nexuslauncher
01-07 03:09:38.187  2060  2060 I Xposed  : X-APM-S-4.1.5-WARN-Add google pkg: com.google.android.feedback
01-07 03:09:38.187  2060  2060 I Xposed  : X-APM-S-4.1.5-WARN-Add google pkg: com.google.android.apps.photos
01-07 03:09:38.187  2060  2060 I Xposed  : X-APM-S-4.1.5-WARN-Add google pkg: com.google.android.calendar
01-07 03:09:38.188  2060  2060 I Xposed  : X-APM-S-4.1.5-WARN-Add google pkg: com.google.android.backuptransport
01-07 03:09:38.188  2060  2060 I Xposed  : X-APM-S-4.1.5-WARN-Add google pkg: com.google.android.apps.turbo
01-07 03:09:38.188  2060  2060 I Xposed  : X-APM-S-4.1.5-WARN-Will not add white list for persist pkg: org.lineageos.settings.device
01-07 03:09:38.188  2060  2060 I Xposed  : X-APM-S-4.1.5-WARN-Add google pkg: com.google.android.apps.wallpaper
01-07 03:09:38.189  2060  2060 I Xposed  : X-APM-S-4.1.5-WARN-Will not add white list for persist pkg: com.android.phone
01-07 03:09:38.189  2060  2060 I Xposed  : X-APM-S-4.1.5-WARN-Will not add white list for persist pkg: com.android.systemui
01-07 03:09:38.189  2060  2060 I Xposed  : X-APM-S-4.1.5-WARN-Add google pkg: com.google.android.gms.setup
01-07 03:09:38.190  2060  2060 I Xposed  : X-APM-S-4.1.5-WARN-Add google pkg: com.google.android.inputmethod.latin
01-07 03:09:38.190  2060  2060 I Xposed  : X-APM-S-4.1.5-WARN-retrieveSettings@XAppGuardServiceImplDev
01-07 03:09:38.204  2060  2060 I Xposed  : X-APM-S-4.1.5-BOOT_STAGE-mVerifySettings: VerifySettings(verifyOnScreenOff=true, verifyOnAppSwitch=true, verifyOnTaskRemoved=true)
01-07 03:09:38.204  2060  2060 I Xposed  : X-APM-S-4.1.5-BOOT_STAGE-mUninstallProEnabled: false
01-07 03:09:38.204  2060  2060 I Xposed  : X-APM-S-4.1.5-BOOT_STAGE-mBlurEnabled: true
01-07 03:09:38.204  2060  2060 I Xposed  : X-APM-S-4.1.5-BOOT_STAGE-mInterruptFPSuccessVB: false
01-07 03:09:38.204  2060  2060 I Xposed  : X-APM-S-4.1.5-BOOT_STAGE-mEnabled: true
01-07 03:09:38.204  2060  2060 I Xposed  : X-APM-S-4.1.5-BOOT_STAGE-mBlurRadius: 15
01-07 03:09:38.216  2060  3084 I Xposed  : X-APM-S-4.1.5-VERBOSE-XAshmanService checkService returning: XAshmanServiceImpl.CheckResult(res=true, why=SYSTEM_APP, logRecommended=true)for: , comp: ComponentInfo{com.android.server.telecom/com.android.server.telecom.components.TelecomService}, caller: com.qualcomm.timeservice
01-07 03:09:38.236  2060  2634 I Xposed  : X-APM-S-4.1.5-VERBOSE-checkBroadcastIntent: Intent { act=android.net.conn.TETHER_STATE_CHANGED flg=0x24000000 (has extras) }, callingUid 1000
01-07 03:09:38.266  2060  3084 I Xposed  : X-APM-S-4.1.5-VERBOSE-XAshmanService checkService returning: XAshmanServiceImpl.CheckResult(res=true, why=SYSTEM_APP, logRecommended=true)for: , comp: ComponentInfo{com.android.bluetooth/com.android.bluetooth.btservice.AdapterService}, caller: com.qualcomm.timeservice
01-07 03:09:38.295  2060  3084 I Xposed  : X-APM-S-4.1.5-VERBOSE-XAshmanService checkBroadcast returning: XAshmanServiceImpl.CheckResult(res=true, why=SAME_CALLER, logRecommended=true) for: com.qualcomm.timeservice receiverUid: 1000 callerUid: 1000 action: android.intent.action.CONFIGURATION_CHANGED, caller: com.qualcomm.timeservice
01-07 03:09:38.295  2060  2635 I Xposed  : X-APM-S-4.1.5-VERBOSE-checkBroadcastIntent: Intent { act=android.hardware.display.action.WIFI_DISPLAY_STATUS_CHANGED flg=0x40000000 (has extras) }, callingUid 1000
01-07 03:09:38.295  2060  3084 I Xposed  : X-APM-S-4.1.5-VERBOSE-XAshmanService checkBroadcast returning: XAshmanServiceImpl.CheckResult(res=true, why=SAME_CALLER, logRecommended=true) for: com.qualcomm.timeservice receiverUid: 1000 callerUid: 1000 action: android.intent.action.CONFIGURATION_CHANGED, caller: com.qualcomm.timeservice
01-07 03:09:38.297  2060  3084 I Xposed  : X-APM-S-4.1.5-VERBOSE-XAshmanService checkBroadcast returning: XAshmanServiceImpl.CheckResult(res=true, why=SAME_CALLER, logRecommended=true) for: com.qualcomm.timeservice receiverUid: 1000 callerUid: 1000 action: android.intent.action.CONFIGURATION_CHANGED, caller: com.qualcomm.timeservice
01-07 03:09:38.297  2060  3084 I Xposed  : X-APM-S-4.1.5-VERBOSE-XAshmanService checkBroadcast returning: XAshmanServiceImpl.CheckResult(res=true, why=SAME_CALLER, logRecommended=true) for: com.qualcomm.timeservice receiverUid: 1000 callerUid: 1000 action: android.hardware.display.action.WIFI_DISPLAY_STATUS_CHANGED, caller: com.qualcomm.timeservice
01-07 03:09:38.353  3102  3102 I Xposed  : X-APM-S-4.1.5-VERBOSE-handleLoadPackage: com.android.bluetooth
01-07 03:09:38.387  2060  2060 I Xposed  : X-APM-S-4.1.5-VERBOSE-checkBroadcastIntent: Intent { act=android.intent.action.INPUT_METHOD_CHANGED flg=0x20000000 (has extras) }, callingUid 1000
01-07 03:09:38.395  2060  3084 I Xposed  : X-APM-S-4.1.5-VERBOSE-XAshmanService checkService returning: XAshmanServiceImpl.CheckResult(res=true, why=SYSTEM_APP, logRecommended=true)for: Gboard, comp: ComponentInfo{com.google.android.inputmethod.latin/com.android.inputmethod.latin.LatinIME}, caller: com.qualcomm.timeservice
01-07 03:09:38.415  2060  3084 I Xposed  : X-APM-S-4.1.5-VERBOSE-XAshmanService checkService returning: XAshmanServiceImpl.CheckResult(res=true, why=SYSTEM_APP, logRecommended=true)for: , comp: ComponentInfo{com.android.bluetooth/com.android.bluetooth.hfp.HeadsetService}, caller: com.qualcomm.timeservice
01-07 03:09:38.415  2060  3054 I Xposed  : X-APM-S-4.1.5-VERBOSE-checkBroadcastIntent: Intent { act=android.media.SCO_AUDIO_STATE_CHANGED flg=0x10000000 (has extras) }, callingUid 1000
01-07 03:09:38.417  2060  3084 I Xposed  : X-APM-S-4.1.5-VERBOSE-XAshmanService checkService returning: XAshmanServiceImpl.CheckResult(res=true, why=SYSTEM_APP, logRecommended=true)for: , comp: ComponentInfo{com.android.bluetooth/com.android.bluetooth.a2dp.A2dpService}, caller: com.qualcomm.timeservice
01-07 03:09:38.449  2060  3084 I Xposed  : X-APM-S-4.1.5-VERBOSE-XAshmanService checkService returning: XAshmanServiceImpl.CheckResult(res=true, why=ALLOWED_GENERAL, logRecommended=true)for: , comp: ComponentInfo{com.android.systemui/com.android.systemui.SystemUIService}, caller: com.qualcomm.timeservice
01-07 03:09:38.466  2060  3084 I Xposed  : X-APM-S-4.1.5-VERBOSE-XAshmanService checkService returning: XAshmanServiceImpl.CheckResult(res=true, why=ALLOWED_GENERAL, logRecommended=true)for: , comp: ComponentInfo{com.android.systemui/com.android.systemui.keyguard.KeyguardService}, caller: com.qualcomm.timeservice
01-07 03:09:38.499  2060  3014 I Xposed  : X-APM-S-4.1.5-VERBOSE-checkBroadcastIntent: Intent { act=android.net.wifi.supplicant.CONNECTION_CHANGE flg=0x4000000 (has extras) }, callingUid 1000
01-07 03:09:38.542  2060  3084 I Xposed  : X-APM-S-4.1.5-VERBOSE-XAshmanService checkBroadcast returning: XAshmanServiceImpl.CheckResult(res=true, why=SYSTEM_APP, logRecommended=true) for: com.qualcomm.timeservice receiverUid: 1000 callerUid: -1 action: android.net.conn.TETHER_STATE_CHANGED, caller: null
01-07 03:09:38.545  2060  3014 I Xposed  : X-APM-S-4.1.5-VERBOSE-checkBroadcastIntent: Intent { act=android.net.wifi.STATE_CHANGE flg=0x4000000 (has extras) }, callingUid 1000
01-07 03:09:38.552  2060  3084 I Xposed  : X-APM-S-4.1.5-VERBOSE-XAshmanService checkBroadcast returning: XAshmanServiceImpl.CheckResult(res=true, why=SAME_CALLER, logRecommended=true) for: com.qualcomm.timeservice receiverUid: 1000 callerUid: 1000 action: android.net.wifi.STATE_CHANGE, caller: com.qualcomm.timeservice
01-07 03:09:38.552  2060  3084 I Xposed  : X-APM-S-4.1.5-VERBOSE-XAshmanService checkBroadcast returning: XAshmanServiceImpl.CheckResult(res=true, why=SAME_CALLER, logRecommended=true) for: com.qualcomm.timeservice receiverUid: 1000 callerUid: 1000 action: android.net.wifi.STATE_CHANGE, caller: com.qualcomm.timeservice
01-07 03:09:38.553  2060  3084 I Xposed  : X-APM-S-4.1.5-VERBOSE-XAshmanService checkBroadcast returning: XAshmanServiceImpl.CheckResult(res=true, why=SAME_CALLER, logRecommended=true) for: com.qualcomm.timeservice receiverUid: 1000 callerUid: 1000 action: android.net.wifi.STATE_CHANGE, caller: com.qualcomm.timeservice
01-07 03:09:38.554  3139  3139 I Xposed  : X-APM-S-4.1.5-VERBOSE-handleLoadPackage: com.android.systemui
01-07 03:09:38.556  2060  3010 I Xposed  : X-APM-S-4.1.5-VERBOSE-checkBroadcastIntent: Intent { act=com.android.server.action.NETWORK_STATS_UPDATED flg=0x40000000 }, callingUid 1000
01-07 03:09:38.558  2060  3014 I Xposed  : X-APM-S-4.1.5-VERBOSE-checkBroadcastIntent: Intent { act=android.net.wifi.WIFI_STATE_CHANGED flg=0x4000000 (has extras) }, callingUid 1000
01-07 03:09:38.560  2060  3084 I Xposed  : X-APM-S-4.1.5-VERBOSE-XAshmanService checkBroadcast returning: XAshmanServiceImpl.CheckResult(res=true, why=SAME_CALLER, logRecommended=true) for: com.qualcomm.timeservice receiverUid: 1000 callerUid: 1000 action: android.net.wifi.WIFI_STATE_CHANGED, caller: com.qualcomm.timeservice
01-07 03:09:38.561  2060  3014 I Xposed  : X-APM-S-4.1.5-VERBOSE-checkBroadcastIntent: Intent { act=wifi_scan_available flg=0x4000000 (has extras) }, callingUid 1000
01-07 03:09:38.562  2060  3084 I Xposed  : X-APM-S-4.1.5-VERBOSE-XAshmanService checkBroadcast returning: XAshmanServiceImpl.CheckResult(res=true, why=SAME_CALLER, logRecommended=true) for: com.qualcomm.timeservice receiverUid: 1000 callerUid: 1000 action: wifi_scan_available, caller: com.qualcomm.timeservice
01-07 03:09:38.562  2060  3084 I Xposed  : X-APM-S-4.1.5-VERBOSE-XAshmanService checkBroadcast returning: XAshmanServiceImpl.CheckResult(res=true, why=SAME_CALLER, logRecommended=true) for: com.qualcomm.timeservice receiverUid: 1000 callerUid: 1000 action: wifi_scan_available, caller: com.qualcomm.timeservice
01-07 03:09:38.568  2060  3014 I Xposed  : X-APM-S-4.1.5-VERBOSE-checkBroadcastIntent: Intent { act=android.net.wifi.WIFI_STATE_CHANGED flg=0x4000000 (has extras) }, callingUid 1000
01-07 03:09:38.569  2060  3084 I Xposed  : X-APM-S-4.1.5-VERBOSE-XAshmanService checkBroadcast returning: XAshmanServiceImpl.CheckResult(res=true, why=SAME_CALLER, logRecommended=true) for: com.qualcomm.timeservice receiverUid: 1000 callerUid: 1000 action: android.net.wifi.WIFI_STATE_CHANGED, caller: com.qualcomm.timeservice
01-07 03:09:38.570  2060  3014 I Xposed  : X-APM-S-4.1.5-VERBOSE-checkBroadcastIntent: Intent { act=android.net.wifi.WIFI_STATE_CHANGED flg=0x4000000 (has extras) }, callingUid 1000
01-07 03:09:38.571  2060  3084 I Xposed  : X-APM-S-4.1.5-VERBOSE-XAshmanService checkBroadcast returning: XAshmanServiceImpl.CheckResult(res=true, why=SAME_CALLER, logRecommended=true) for: com.qualcomm.timeservice receiverUid: 1000 callerUid: 1000 action: android.net.wifi.WIFI_STATE_CHANGED, caller: com.qualcomm.timeservice
01-07 03:09:38.596  2060  3084 I Xposed  : X-APM-S-4.1.5-VERBOSE-XAshmanService checkService returning: XAshmanServiceImpl.CheckResult(res=true, why=APP_RUNNING, logRecommended=true)for: , comp: ComponentInfo{com.android.systemui/com.android.systemui.ImageWallpaper}, caller: com.qualcomm.timeservice
01-07 03:09:38.599  2060  2079 I Xposed  : X-APM-S-4.1.5-VERBOSE-checkBroadcastIntent: Intent { act=android.bluetooth.adapter.action.LOCAL_NAME_CHANGED flg=0x4000000 (has extras) }, callingUid 1002
01-07 03:09:38.600  2060  3084 I Xposed  : X-APM-S-4.1.5-VERBOSE-XAshmanService checkBroadcast returning: XAshmanServiceImpl.CheckResult(res=true, why=SYSTEM_APP, logRecommended=true) for: com.qualcomm.timeservice receiverUid: 1000 callerUid: 1002 action: android.bluetooth.adapter.action.LOCAL_NAME_CHANGED, caller: com.android.bluetooth
01-07 03:09:38.716  2060  3084 I Xposed  : X-APM-S-4.1.5-VERBOSE-XAshmanService checkBroadcast returning: XAshmanServiceImpl.CheckResult(res=true, why=APP_RUNNING, logRecommended=true) for:  receiverUid: 10012 callerUid: -1 action: android.media.RINGER_MODE_CHANGED, caller: null
01-07 03:09:38.865  2060  3084 I Xposed  : X-APM-S-4.1.5-VERBOSE-XAshmanService checkService returning: XAshmanServiceImpl.CheckResult(res=true, why=SYSTEM_APP, logRecommended=true)for: , comp: ComponentInfo{com.android.location.fused/com.android.location.fused.FusedLocationService}, caller: com.qualcomm.timeservice
01-07 03:09:38.888  2060  3084 I Xposed  : X-APM-S-4.1.5-VERBOSE-XAshmanService checkService returning: XAshmanServiceImpl.CheckResult(res=true, why=SAME_CALLER, logRecommended=true)for: Android , comp: ComponentInfo{android/android.hardware.location.GeofenceHardwareService}, caller: com.qualcomm.timeservice
01-07 03:09:38.892  2060  2060 I Xposed  : X-APM-S-4.1.5-VERBOSE-checkBroadcastIntent: Intent { act=android.location.PROVIDERS_CHANGED }, callingUid 1000
01-07 03:09:38.893  2060  2060 I Xposed  : X-APM-S-4.1.5-VERBOSE-checkBroadcastIntent: Intent { act=android.location.MODE_CHANGED }, callingUid 1000
01-07 03:09:38.894  2060  3084 I Xposed  : X-APM-S-4.1.5-VERBOSE-XAshmanService checkBroadcast returning: XAshmanServiceImpl.CheckResult(res=true, why=SAME_CALLER, logRecommended=true) for: com.qualcomm.timeservice receiverUid: 1000 callerUid: 1000 action: android.location.MODE_CHANGED, caller: com.qualcomm.timeservice
01-07 03:09:38.894  2060  3084 I Xposed  : X-APM-S-4.1.5-VERBOSE-XAshmanService checkBroadcast returning: XAshmanServiceImpl.CheckResult(res=true, why=SAME_CALLER, logRecommended=true) for: com.qualcomm.timeservice receiverUid: 1000 callerUid: 1000 action: android.location.MODE_CHANGED, caller: com.qualcomm.timeservice
01-07 03:09:38.945  2060  2060 I Xposed  : X-APM-S-4.1.5-DEBUG-START_ANY_ACTIVITY ALLOWED!!!
01-07 03:09:38.972  2060  2060 I Xposed  : X-APM-S-4.1.5-VERBOSE-setFocusStackUnchecked:ComponentInfo{com.android.settings/com.android.settings.FallbackHome}
01-07 03:09:38.972  2060  2060 I Xposed  : X-APM-S-4.1.5-VERBOSE-setFocusStackUnchecked:ComponentInfo{com.android.settings/com.android.settings.FallbackHome}
01-07 03:09:38.973  2060  2060 I Xposed  : X-APM-S-4.1.5-VERBOSE-onPackageMoveToFront: Intent { cmp=com.android.settings/.FallbackHome }
01-07 03:09:38.974  2060  2660 I Xposed  : X-APM-S-4.1.5-VERBOSE-AppGuardServiceHandlerImpl-handleMessage@MSG_ONACTIVITYPACKAGERESUME
01-07 03:09:38.974  2060  2660 I Xposed  : X-APM-S-4.1.5-VERBOSE-onAppSwitchedTo: com.android.settings
01-07 03:09:38.974  2060  2660 I Xposed  : X-APM-S-4.1.5-VERBOSE-add to verified list when screen id ON
01-07 03:09:38.991  2060  2060 I Xposed  : X-APM-S-4.1.5-WARN-systemReady@XAppGuardServiceImplDev
01-07 03:09:39.000  2060  3084 I Xposed  : X-APM-S-4.1.5-VERBOSE-XAshmanService checkBroadcast returning: XAshmanServiceImpl.CheckResult(res=true, why=SAME_CALLER, logRecommended=true) for: com.qualcomm.timeservice receiverUid: 1000 callerUid: 1000 action: android.intent.action.USER_STARTED, caller: com.qualcomm.timeservice
01-07 03:09:39.001  2060  3084 I Xposed  : X-APM-S-4.1.5-VERBOSE-XAshmanService checkBroadcast returning: XAshmanServiceImpl.CheckResult(res=true, why=SAME_CALLER, logRecommended=true) for: com.qualcomm.timeservice receiverUid: 1000 callerUid: 1000 action: android.intent.action.USER_STARTED, caller: com.qualcomm.timeservice
01-07 03:09:39.001  2060  3084 I Xposed  : X-APM-S-4.1.5-VERBOSE-XAshmanService checkBroadcast returning: XAshmanServiceImpl.CheckResult(res=true, why=SAME_CALLER, logRecommended=true) for: com.qualcomm.timeservice receiverUid: 1000 callerUid: 1000 action: android.intent.action.USER_FOREGROUND, caller: com.qualcomm.timeservice
01-07 03:09:39.001  2060  3084 I Xposed  : X-APM-S-4.1.5-VERBOSE-XAshmanService checkBroadcast returning: XAshmanServiceImpl.CheckResult(res=true, why=SAME_CALLER, logRecommended=true) for: com.qualcomm.timeservice receiverUid: 1000 callerUid: 1000 action: android.intent.action.USER_SWITCHED, caller: com.qualcomm.timeservice
01-07 03:09:39.004  2060  3084 I Xposed  : X-APM-S-4.1.5-VERBOSE-XAshmanService checkBroadcast returning: XAshmanServiceImpl.CheckResult(res=true, why=SAME_CALLER, logRecommended=true) for: com.qualcomm.timeservice receiverUid: 1000 callerUid: 1000 action: android.intent.action.USER_SWITCHED, caller: com.qualcomm.timeservice
01-07 03:09:39.005  2060  3084 I Xposed  : X-APM-S-4.1.5-VERBOSE-XAshmanService checkBroadcast returning: XAshmanServiceImpl.CheckResult(res=true, why=APP_RUNNING, logRecommended=true) for:  receiverUid: 10012 callerUid: 1000 action: android.intent.action.USER_SWITCHED, caller: com.qualcomm.timeservice
01-07 03:09:39.006  2060  3084 I Xposed  : X-APM-S-4.1.5-VERBOSE-XAshmanService checkBroadcast returning: XAshmanServiceImpl.CheckResult(res=true, why=SAME_CALLER, logRecommended=true) for: com.qualcomm.timeservice receiverUid: 1000 callerUid: 1000 action: android.intent.action.USER_SWITCHED, caller: com.qualcomm.timeservice
01-07 03:09:39.006  2060  3084 I Xposed  : X-APM-S-4.1.5-VERBOSE-XAshmanService checkBroadcast returning: XAshmanServiceImpl.CheckResult(res=true, why=SAME_CALLER, logRecommended=true) for: com.qualcomm.timeservice receiverUid: 1000 callerUid: 1000 action: android.intent.action.USER_SWITCHED, caller: com.qualcomm.timeservice
01-07 03:09:39.008  2060  3084 I Xposed  : X-APM-S-4.1.5-VERBOSE-XAshmanService checkBroadcast returning: XAshmanServiceImpl.CheckResult(res=true, why=SAME_CALLER, logRecommended=true) for: com.qualcomm.timeservice receiverUid: 1000 callerUid: 1000 action: android.intent.action.USER_SWITCHED, caller: com.qualcomm.timeservice
01-07 03:09:39.010  2060  3084 I Xposed  : X-APM-S-4.1.5-VERBOSE-XAshmanService checkBroadcast returning: XAshmanServiceImpl.CheckResult(res=true, why=SAME_CALLER, logRecommended=true) for: com.qualcomm.timeservice receiverUid: 1000 callerUid: 1000 action: android.intent.action.USER_SWITCHED, caller: com.qualcomm.timeservice
01-07 03:09:39.011  2060  3084 I Xposed  : X-APM-S-4.1.5-VERBOSE-XAshmanService checkBroadcast returning: XAshmanServiceImpl.CheckResult(res=true, why=SAME_CALLER, logRecommended=true) for: com.qualcomm.timeservice receiverUid: 1000 callerUid: 1000 action: android.intent.action.USER_SWITCHED, caller: com.qualcomm.timeservice
01-07 03:09:39.012  2060  3084 I Xposed  : X-APM-S-4.1.5-VERBOSE-XAshmanService checkBroadcast returning: XAshmanServiceImpl.CheckResult(res=true, why=SAME_CALLER, logRecommended=true) for: com.qualcomm.timeservice receiverUid: 1000 callerUid: 1000 action: android.intent.action.USER_SWITCHED, caller: com.qualcomm.timeservice
01-07 03:09:39.013  2060  3084 I Xposed  : X-APM-S-4.1.5-VERBOSE-XAshmanService checkBroadcast returning: XAshmanServiceImpl.CheckResult(res=true, why=SAME_CALLER, logRecommended=true) for: com.qualcomm.timeservice receiverUid: 1000 callerUid: 1000 action: android.intent.action.USER_SWITCHED, caller: com.qualcomm.timeservice
01-07 03:09:39.014  2060  3084 I Xposed  : X-APM-S-4.1.5-VERBOSE-XAshmanService checkBroadcast returning: XAshmanServiceImpl.CheckResult(res=true, why=SAME_CALLER, logRecommended=true) for: com.qualcomm.timeservice receiverUid: 1000 callerUid: 1000 action: android.intent.action.USER_SWITCHED, caller: com.qualcomm.timeservice
01-07 03:09:39.015  3117  3117 I Xposed  : X-APM-S-4.1.5-VERBOSE-handleLoadPackage: com.google.android.inputmethod.latin
01-07 03:09:39.016  2060  2060 I Xposed  : X-APM-S-4.1.5-WARN-systemReady@XAshmanServiceImplDev
01-07 03:09:39.018  2060  3084 I Xposed  : X-APM-S-4.1.5-VERBOSE-XAshmanService checkBroadcast returning: XAshmanServiceImpl.CheckResult(res=true, why=SAME_CALLER, logRecommended=true) for: com.qualcomm.timeservice receiverUid: 1000 callerUid: 1000 action: android.intent.action.USER_STARTING, caller: com.qualcomm.timeservice
01-07 03:09:39.020  2060  3084 I Xposed  : X-APM-S-4.1.5-VERBOSE-XAshmanService checkBroadcast returning: XAshmanServiceImpl.CheckResult(res=true, why=APP_RUNNING, logRecommended=true) for:  receiverUid: 10012 callerUid: -1 action: android.media.RINGER_MODE_CHANGED, caller: null
01-07 03:09:39.023  2060  3084 I Xposed  : X-APM-S-4.1.5-VERBOSE-XAshmanService checkBroadcast returning: XAshmanServiceImpl.CheckResult(res=true, why=APP_RUNNING, logRecommended=true) for:  receiverUid: 10012 callerUid: -1 action: android.media.INTERNAL_RINGER_MODE_CHANGED_ACTION, caller: null
01-07 03:09:39.024  2060  2060 I Xposed  : X-APM-S-4.1.5-DEBUG-readStringArrayFromAppGuard get id: 2130903057, for res: default_ash_white_list_packages
01-07 03:09:39.024  2060  2060 I Xposed  : X-APM-S-4.1.5-DEBUG-Res default_ash_white_list_packages: [android, com.android.providers.settings, com.android.smspush, android.providers.telephony, com.android.packageinstaller, com.android.systemui, com.android.phone, com.android.mtp, com.android.bluetoothmidiservice, android.ext.shared, com.android.shell, com.android.sharedstoragebackup, com.android.managedprovisioning, com.android.proxyhandler, com.android.wallpaperbackup, com.android.inputdevices, com.android.keychain, com.android.bluetooth, com.android.captiveportallogin, android.ext.services, com.android.vpndialogs, com.android.pacprocessor, com.android.server.telecom, com.android.carrierconfig, com.android.defcontainer, com.android.mms.service, com.validation, com.android.certinstaller, com.android.emergency, com.android.stk, com.zui.incallui, com.miui.core, de.robv.android.xposed.installer, github.tornaco.xposedmoduletest]
01-07 03:09:39.027  2060  2060 I Xposed  : X-APM-S-4.1.5-DEBUG-readStringArrayFromAppGuard get id: 2130903046, for res: ash_white_list_packages_hooks
01-07 03:09:39.027  2060  2060 I Xposed  : X-APM-S-4.1.5-DEBUG-Res ash_white_list_packages_hooks: [com.tencent.pb]
01-07 03:09:39.035  2060  2060 I Xposed  : X-APM-S-4.1.5-WARN-BUILD_VARS: app_privacy
01-07 03:09:39.035  2060  2060 I Xposed  : X-APM-S-4.1.5-WARN-BUILD_VARS: app_doze
01-07 03:09:39.035  2060  2060 I Xposed  : X-APM-S-4.1.5-WARN-BUILD_VARS: app_boot
01-07 03:09:39.035  2060  2060 I Xposed  : X-APM-S-4.1.5-WARN-BUILD_VARS: app_lazy
01-07 03:09:39.035  2060  2060 I Xposed  : X-APM-S-4.1.5-WARN-BUILD_VARS: app_ops
01-07 03:09:39.035  2060  2060 I Xposed  : X-APM-S-4.1.5-WARN-BUILD_VARS: app_uninstall
01-07 03:09:39.035  2060  2060 I Xposed  : X-APM-S-4.1.5-WARN-BUILD_VARS: app_smart_sense
01-07 03:09:39.035  2060  2060 I Xposed  : X-APM-S-4.1.5-WARN-BUILD_VARS: app_comp_edit
01-07 03:09:39.035  2060  2060 I Xposed  : X-APM-S-4.1.5-WARN-BUILD_VARS: app_rfk
01-07 03:09:39.035  2060  2060 I Xposed  : X-APM-S-4.1.5-WARN-BUILD_VARS: app_comp_replace
01-07 03:09:39.035  2060  2060 I Xposed  : X-APM-S-4.1.5-WARN-BUILD_VARS: app_green
01-07 03:09:39.035  2060  2060 I Xposed  : X-APM-S-4.1.5-WARN-BUILD_VARS: app_lock
01-07 03:09:39.035  2060  2060 I Xposed  : X-APM-S-4.1.5-WARN-BUILD_VARS: app_blur
01-07 03:09:39.036  2060  2060 I Xposed  : X-APM-S-4.1.5-WARN-BUILD_VARS: app_start
01-07 03:09:39.036  2060  2060 I Xposed  : X-APM-S-4.1.5-WARN-BUILD_VARS: app_lk
01-07 03:09:39.038  2060  2060 I Xposed  : X-APM-S-4.1.5-VERBOSE-checkBroadcastIntent: Intent { act=android.intent.action.BATTERY_CHANGED flg=0x60000000 (has extras) }, callingUid 1000
01-07 03:09:39.041  2060  3084 I Xposed  : X-APM-S-4.1.5-VERBOSE-XAshmanService checkBroadcast returning: XAshmanServiceImpl.CheckResult(res=true, why=SAME_CALLER, logRecommended=true) for: com.qualcomm.timeservice receiverUid: 1000 callerUid: 1000 action: android.intent.action.BATTERY_CHANGED, caller: com.qualcomm.timeservice
01-07 03:09:39.041  2060  3084 I Xposed  : X-APM-S-4.1.5-VERBOSE-XAshmanService checkBroadcast returning: XAshmanServiceImpl.CheckResult(res=true, why=SAME_CALLER, logRecommended=true) for: com.qualcomm.timeservice receiverUid: 1000 callerUid: 1000 action: android.intent.action.BATTERY_CHANGED, caller: com.qualcomm.timeservice
01-07 03:09:39.041  2060  3084 I Xposed  : X-APM-S-4.1.5-VERBOSE-XAshmanService checkBroadcast returning: XAshmanServiceImpl.CheckResult(res=true, why=WHITE_LISTED, logRecommended=true) for:  receiverUid: 10012 callerUid: 1000 action: android.intent.action.BATTERY_CHANGED, caller: com.qualcomm.timeservice
01-07 03:09:39.041  2060  3084 I Xposed  : X-APM-S-4.1.5-VERBOSE-XAshmanService checkBroadcast returning: XAshmanServiceImpl.CheckResult(res=true, why=SAME_CALLER, logRecommended=true) for: com.qualcomm.timeservice receiverUid: 1000 callerUid: 1000 action: android.intent.action.BATTERY_CHANGED, caller: com.qualcomm.timeservice
01-07 03:09:39.049  2060  2060 I Xposed  : X-APM-S-4.1.5-VERBOSE-checkBroadcastIntent: Intent { act=android.app.action.INTERRUPTION_FILTER_CHANGED flg=0x40000000 }, callingUid 1000
01-07 03:09:39.050  2060  2060 I Xposed  : X-APM-S-4.1.5-VERBOSE-checkBroadcastIntent: Intent { act=android.app.action.INTERRUPTION_FILTER_CHANGED_INTERNAL flg=0x4000000 }, callingUid 1000
01-07 03:09:39.060  3321  3321 I Xposed  : X-APM-S-4.1.5-VERBOSE-handleLoadPackage: com.android.phone
01-07 03:09:39.062  2060  2060 I Xposed  : X-APM-S-4.1.5-VERBOSE-checkBroadcastIntent: Intent { act=android.intent.action.BATTERY_CHANGED flg=0x60000000 (has extras) }, callingUid 1000
01-07 03:09:39.064  2060  3084 I Xposed  : X-APM-S-4.1.5-VERBOSE-XAshmanService checkBroadcast returning: XAshmanServiceImpl.CheckResult(res=true, why=SAME_CALLER, logRecommended=true) for: com.qualcomm.timeservice receiverUid: 1000 callerUid: 1000 action: android.intent.action.BATTERY_CHANGED, caller: com.qualcomm.timeservice
01-07 03:09:39.065  2060  3084 I Xposed  : X-APM-S-4.1.5-VERBOSE-XAshmanService checkBroadcast returning: XAshmanServiceImpl.CheckResult(res=true, why=SAME_CALLER, logRecommended=true) for: com.qualcomm.timeservice receiverUid: 1000 callerUid: 1000 action: android.intent.action.BATTERY_CHANGED, caller: com.qualcomm.timeservice
01-07 03:09:39.065  2060  3084 I Xposed  : X-APM-S-4.1.5-VERBOSE-XAshmanService checkBroadcast returning: XAshmanServiceImpl.CheckResult(res=true, why=WHITE_LISTED, logRecommended=true) for:  receiverUid: 10012 callerUid: 1000 action: android.intent.action.BATTERY_CHANGED, caller: com.qualcomm.timeservice
01-07 03:09:39.066  2060  3084 I Xposed  : X-APM-S-4.1.5-VERBOSE-XAshmanService checkBroadcast returning: XAshmanServiceImpl.CheckResult(res=true, why=SAME_CALLER, logRecommended=true) for: com.qualcomm.timeservice receiverUid: 1000 callerUid: 1000 action: android.intent.action.BATTERY_CHANGED, caller: com.qualcomm.timeservice
01-07 03:09:39.078  2060  2060 I Xposed  : X-APM-S-4.1.5-VERBOSE-handleLoadPackage: com.android.server.telecom
01-07 03:09:39.105  3337  3337 I Xposed  : X-APM-S-4.1.5-VERBOSE-handleLoadPackage: com.android.settings
01-07 03:09:39.174  3321  3321 I Xposed  : X-APM-S-4.1.5-VERBOSE-handleLoadPackage: com.android.providers.telephony
01-07 03:09:39.229  2060  2653 I Xposed  : X-APM-S-4.1.5-VERBOSE-LazyHandler handle message: MSG_ONPACKAGEMOVETOFRONT
01-07 03:09:39.281  2060  3084 I Xposed  : X-APM-S-4.1.5-VERBOSE-XAshmanService checkService returning: XAshmanServiceImpl.CheckResult(res=true, why=WHITE_LISTED, logRecommended=true)for: , comp: ComponentInfo{com.android.server.telecom/com.android.server.telecom.components.BluetoothPhoneService}, caller: com.qualcomm.timeservice
01-07 03:09:39.324  2060  3084 I Xposed  : X-APM-S-4.1.5-VERBOSE-XAshmanService checkService returning: XAshmanServiceImpl.CheckResult(res=true, why=WHITE_LISTED, logRecommended=true)for: Android , comp: ComponentInfo{android/com.android.server.content.SyncJobService}, caller: com.qualcomm.timeservice
01-07 03:09:39.340  2060  2634 I Xposed  : X-APM-S-4.1.5-VERBOSE-checkBroadcastIntent: Intent { act=android.bluetooth.adapter.action.BLE_STATE_CHANGED flg=0x4000000 (has extras) }, callingUid 1000
01-07 03:09:39.360  2060  3084 I Xposed  : X-APM-S-4.1.5-VERBOSE-XAshmanService checkService returning: XAshmanServiceImpl.CheckResult(res=true, why=WHITE_LISTED, logRecommended=true)for: , comp: ComponentInfo{com.android.bluetooth/com.android.bluetooth.gatt.GattService}, caller: com.android.bluetooth
01-07 03:09:39.366  2060  2060 I Xposed  : X-APM-S-4.1.5-VERBOSE-handleLoadPackage: com.android.location.fused
01-07 03:09:39.617  2060  2060 I Xposed  : X-APM-S-4.1.5-VERBOSE-checkBroadcastIntent: Intent { act=android.media.RINGER_MODE_CHANGED flg=0x34000000 (has extras) }, callingUid 1000
01-07 03:09:39.620  2060  3084 I Xposed  : X-APM-S-4.1.5-VERBOSE-XAshmanService checkBroadcast returning: XAshmanServiceImpl.CheckResult(res=true, why=WHITE_LISTED, logRecommended=true) for:  receiverUid: 10012 callerUid: 1000 action: android.media.RINGER_MODE_CHANGED, caller: com.qualcomm.timeservice
01-07 03:09:39.620  2060  3084 I Xposed  : X-APM-S-4.1.5-VERBOSE-XAshmanService checkBroadcast returning: XAshmanServiceImpl.CheckResult(res=true, why=WHITE_LISTED, logRecommended=true) for:  receiverUid: 10012 callerUid: 1000 action: android.media.RINGER_MODE_CHANGED, caller: com.qualcomm.timeservice
01-07 03:09:39.621  2060  2060 I Xposed  : X-APM-S-4.1.5-VERBOSE-checkBroadcastIntent: Intent { act=android.media.INTERNAL_RINGER_MODE_CHANGED_ACTION flg=0x34000000 (has extras) }, callingUid 1000
01-07 03:09:39.623  2060  3084 I Xposed  : X-APM-S-4.1.5-VERBOSE-XAshmanService checkBroadcast returning: XAshmanServiceImpl.CheckResult(res=true, why=WHITE_LISTED, logRecommended=true) for:  receiverUid: 10012 callerUid: 1000 action: android.media.INTERNAL_RINGER_MODE_CHANGED_ACTION, caller: com.qualcomm.timeservice
01-07 03:09:39.623  2060  2060 I Xposed  : X-APM-S-4.1.5-VERBOSE-checkBroadcastIntent: Intent { act=android.media.VIBRATE_SETTING_CHANGED flg=0x14000000 (has extras) }, callingUid 1000
01-07 03:09:39.627  2060  2060 I Xposed  : X-APM-S-4.1.5-VERBOSE-checkBroadcastIntent: Intent { act=android.media.VIBRATE_SETTING_CHANGED flg=0x14000000 (has extras) }, callingUid 1000
01-07 03:09:39.628  2060  2060 I Xposed  : X-APM-S-4.1.5-VERBOSE-checkBroadcastIntent: Intent { act=android.media.MASTER_MUTE_CHANGED_ACTION flg=0x34000000 (has extras) }, callingUid 1000
01-07 03:09:39.649  2060  2060 I Xposed  : X-APM-S-4.1.5-VERBOSE-checkBroadcastIntent: Intent { act=android.media.VOLUME_CHANGED_ACTION flg=0x14000000 (has extras) }, callingUid 1000
01-07 03:09:39.650  2060  3084 I Xposed  : X-APM-S-4.1.5-VERBOSE-XAshmanService checkBroadcast returning: XAshmanServiceImpl.CheckResult(res=true, why=SAME_CALLER, logRecommended=true) for: com.qualcomm.timeservice receiverUid: 1000 callerUid: 1000 action: android.media.VOLUME_CHANGED_ACTION, caller: com.qualcomm.timeservice
01-07 03:09:39.651  2060  3084 I Xposed  : X-APM-S-4.1.5-VERBOSE-XAshmanService checkBroadcast returning: XAshmanServiceImpl.CheckResult(res=true, why=WHITE_LISTED, logRecommended=true) for:  receiverUid: 10012 callerUid: 1000 action: android.media.VOLUME_CHANGED_ACTION, caller: com.qualcomm.timeservice
01-07 03:09:39.651  2060  3084 I Xposed  : X-APM-S-4.1.5-VERBOSE-XAshmanService checkBroadcast returning: XAshmanServiceImpl.CheckResult(res=true, why=WHITE_LISTED, logRecommended=true) for:  receiverUid: 10012 callerUid: 1000 action: android.media.VOLUME_CHANGED_ACTION, caller: com.qualcomm.timeservice
01-07 03:09:39.653  2060  2060 I Xposed  : X-APM-S-4.1.5-VERBOSE-checkBroadcastIntent: Intent { act=android.media.VOLUME_CHANGED_ACTION flg=0x14000000 (has extras) }, callingUid 1000
01-07 03:09:39.654  2060  3084 I Xposed  : X-APM-S-4.1.5-VERBOSE-XAshmanService checkBroadcast returning: XAshmanServiceImpl.CheckResult(res=true, why=SAME_CALLER, logRecommended=true) for: com.qualcomm.timeservice receiverUid: 1000 callerUid: 1000 action: android.media.VOLUME_CHANGED_ACTION, caller: com.qualcomm.timeservice
01-07 03:09:39.654  2060  3084 I Xposed  : X-APM-S-4.1.5-VERBOSE-XAshmanService checkBroadcast returning: XAshmanServiceImpl.CheckResult(res=true, why=WHITE_LISTED, logRecommended=true) for:  receiverUid: 10012 callerUid: 1000 action: android.media.VOLUME_CHANGED_ACTION, caller: com.qualcomm.timeservice
01-07 03:09:39.655  2060  3084 I Xposed  : X-APM-S-4.1.5-VERBOSE-XAshmanService checkBroadcast returning: XAshmanServiceImpl.CheckResult(res=true, why=WHITE_LISTED, logRecommended=true) for:  receiverUid: 10012 callerUid: 1000 action: android.media.VOLUME_CHANGED_ACTION, caller: com.qualcomm.timeservice
01-07 03:09:39.668  2060  2060 I Xposed  : X-APM-S-4.1.5-VERBOSE-checkBroadcastIntent: Intent { act=android.media.VOLUME_CHANGED_ACTION flg=0x14000000 (has extras) }, callingUid 1000
01-07 03:09:39.680  2060  2060 I Xposed  : X-APM-S-4.1.5-VERBOSE-checkBroadcastIntent: Intent { act=android.media.VOLUME_CHANGED_ACTION flg=0x14000000 (has extras) }, callingUid 1000
01-07 03:09:39.681  2060  3084 I Xposed  : X-APM-S-4.1.5-VERBOSE-XAshmanService checkBroadcast returning: XAshmanServiceImpl.CheckResult(res=true, why=SAME_CALLER, logRecommended=true) for: com.qualcomm.timeservice receiverUid: 1000 callerUid: 1000 action: android.media.VOLUME_CHANGED_ACTION, caller: com.qualcomm.timeservice
01-07 03:09:39.681  2060  3084 I Xposed  : X-APM-S-4.1.5-VERBOSE-XAshmanService checkBroadcast returning: XAshmanServiceImpl.CheckResult(res=true, why=WHITE_LISTED, logRecommended=true) for:  receiverUid: 10012 callerUid: 1000 action: android.media.VOLUME_CHANGED_ACTION, caller: com.qualcomm.timeservice
01-07 03:09:39.681  2060  3084 I Xposed  : X-APM-S-4.1.5-VERBOSE-XAshmanService checkBroadcast returning: XAshmanServiceImpl.CheckResult(res=true, why=WHITE_LISTED, logRecommended=true) for:  receiverUid: 10012 callerUid: 1000 action: android.media.VOLUME_CHANGED_ACTION, caller: com.qualcomm.timeservice
01-07 03:09:39.681  2060  3084 I Xposed  : X-APM-S-4.1.5-VERBOSE-XAshmanService checkBroadcast returning: XAshmanServiceImpl.CheckResult(res=true, why=SAME_CALLER, logRecommended=true) for: com.qualcomm.timeservice receiverUid: 1000 callerUid: 1000 action: android.media.VOLUME_CHANGED_ACTION, caller: com.qualcomm.timeservice
01-07 03:09:39.681  2060  3084 I Xposed  : X-APM-S-4.1.5-VERBOSE-XAshmanService checkBroadcast returning: XAshmanServiceImpl.CheckResult(res=true, why=WHITE_LISTED, logRecommended=true) for:  receiverUid: 10012 callerUid: 1000 action: android.media.VOLUME_CHANGED_ACTION, caller: com.qualcomm.timeservice
01-07 03:09:39.682  2060  2060 I Xposed  : X-APM-S-4.1.5-VERBOSE-checkBroadcastIntent: Intent { act=android.media.VOLUME_CHANGED_ACTION flg=0x14000000 (has extras) }, callingUid 1000
01-07 03:09:39.682  2060  3084 I Xposed  : X-APM-S-4.1.5-VERBOSE-XAshmanService checkBroadcast returning: XAshmanServiceImpl.CheckResult(res=true, why=WHITE_LISTED, logRecommended=true) for:  receiverUid: 10012 callerUid: 1000 action: android.media.VOLUME_CHANGED_ACTION, caller: com.qualcomm.timeservice
01-07 03:09:39.682  2060  3084 I Xposed  : X-APM-S-4.1.5-VERBOSE-XAshmanService checkBroadcast returning: XAshmanServiceImpl.CheckResult(res=true, why=SAME_CALLER, logRecommended=true) for: com.qualcomm.timeservice receiverUid: 1000 callerUid: 1000 action: android.media.VOLUME_CHANGED_ACTION, caller: com.qualcomm.timeservice
01-07 03:09:39.682  2060  3084 I Xposed  : X-APM-S-4.1.5-VERBOSE-XAshmanService checkBroadcast returning: XAshmanServiceImpl.CheckResult(res=true, why=WHITE_LISTED, logRecommended=true) for:  receiverUid: 10012 callerUid: 1000 action: android.media.VOLUME_CHANGED_ACTION, caller: com.qualcomm.timeservice
01-07 03:09:39.683  2060  3084 I Xposed  : X-APM-S-4.1.5-VERBOSE-XAshmanService checkBroadcast returning: XAshmanServiceImpl.CheckResult(res=true, why=WHITE_LISTED, logRecommended=true) for:  receiverUid: 10012 callerUid: 1000 action: android.media.VOLUME_CHANGED_ACTION, caller: com.qualcomm.timeservice
01-07 03:09:39.684  2060  2060 I Xposed  : X-APM-S-4.1.5-VERBOSE-checkBroadcastIntent: Intent { act=android.media.VOLUME_CHANGED_ACTION flg=0x14000000 (has extras) }, callingUid 1000
01-07 03:09:39.685  2060  2060 I Xposed  : X-APM-S-4.1.5-VERBOSE-checkBroadcastIntent: Intent { act=android.media.VOLUME_CHANGED_ACTION flg=0x14000000 (has extras) }, callingUid 1000
01-07 03:09:39.686  2060  3084 I Xposed  : X-APM-S-4.1.5-VERBOSE-XAshmanService checkBroadcast returning: XAshmanServiceImpl.CheckResult(res=true, why=SAME_CALLER, logRecommended=true) for: com.qualcomm.timeservice receiverUid: 1000 callerUid: 1000 action: android.media.VOLUME_CHANGED_ACTION, caller: com.qualcomm.timeservice
01-07 03:09:39.688  2060  3084 I Xposed  : X-APM-S-4.1.5-VERBOSE-XAshmanService checkBroadcast returning: XAshmanServiceImpl.CheckResult(res=true, why=WHITE_LISTED, logRecommended=true) for:  receiverUid: 10012 callerUid: 1000 action: android.media.VOLUME_CHANGED_ACTION, caller: com.qualcomm.timeservice
01-07 03:09:39.688  2060  3084 I Xposed  : X-APM-S-4.1.5-VERBOSE-XAshmanService checkBroadcast returning: XAshmanServiceImpl.CheckResult(res=true, why=WHITE_LISTED, logRecommended=true) for:  receiverUid: 10012 callerUid: 1000 action: android.media.VOLUME_CHANGED_ACTION, caller: com.qualcomm.timeservice
01-07 03:09:39.689  2060  2060 I Xposed  : X-APM-S-4.1.5-VERBOSE-checkBroadcastIntent: Intent { act=android.media.VOLUME_CHANGED_ACTION flg=0x14000000 (has extras) }, callingUid 1000
01-07 03:09:39.689  2060  3084 I Xposed  : X-APM-S-4.1.5-VERBOSE-XAshmanService checkBroadcast returning: XAshmanServiceImpl.CheckResult(res=true, why=SAME_CALLER, logRecommended=true) for: com.qualcomm.timeservice receiverUid: 1000 callerUid: 1000 action: android.media.VOLUME_CHANGED_ACTION, caller: com.qualcomm.timeservice
01-07 03:09:39.689  2060  3084 I Xposed  : X-APM-S-4.1.5-VERBOSE-XAshmanService checkBroadcast returning: XAshmanServiceImpl.CheckResult(res=true, why=WHITE_LISTED, logRecommended=true) for:  receiverUid: 10012 callerUid: 1000 action: android.media.VOLUME_CHANGED_ACTION, caller: com.qualcomm.timeservice
01-07 03:09:39.689  2060  3084 I Xposed  : X-APM-S-4.1.5-VERBOSE-XAshmanService checkBroadcast returning: XAshmanServiceImpl.CheckResult(res=true, why=WHITE_LISTED, logRecommended=true) for:  receiverUid: 10012 callerUid: 1000 action: android.media.VOLUME_CHANGED_ACTION, caller: com.qualcomm.timeservice
01-07 03:09:39.691  2060  3084 I Xposed  : X-APM-S-4.1.5-VERBOSE-XAshmanService checkBroadcast returning: XAshmanServiceImpl.CheckResult(res=true, why=SAME_CALLER, logRecommended=true) for: com.qualcomm.timeservice receiverUid: 1000 callerUid: 1000 action: android.media.VOLUME_CHANGED_ACTION, caller: com.qualcomm.timeservice
01-07 03:09:39.691  2060  3084 I Xposed  : X-APM-S-4.1.5-VERBOSE-XAshmanService checkBroadcast returning: XAshmanServiceImpl.CheckResult(res=true, why=WHITE_LISTED, logRecommended=true) for:  receiverUid: 10012 callerUid: 1000 action: android.media.VOLUME_CHANGED_ACTION, caller: com.qualcomm.timeservice
01-07 03:09:39.692  2060  3084 I Xposed  : X-APM-S-4.1.5-VERBOSE-XAshmanService checkBroadcast returning: XAshmanServiceImpl.CheckResult(res=true, why=WHITE_LISTED, logRecommended=true) for:  receiverUid: 10012 callerUid: 1000 action: android.media.VOLUME_CHANGED_ACTION, caller: com.qualcomm.timeservice
01-07 03:09:39.708  2060  2060 I Xposed  : X-APM-S-4.1.5-VERBOSE-ProtectedBroadcastReceiver: receivedIntent { act=android.intent.action.BATTERY_CHANGED flg=0x60000010 (has extras) }
01-07 03:09:39.714  2060  2654 I Xposed  : X-APM-S-4.1.5-VERBOSE-MSG_ONBATTERYSTATECHANGE
01-07 03:09:39.715  2060  2654 I Xposed  : X-APM-S-4.1.5-VERBOSE-onBatteryStateChange: BatterState(status=2, level=12)
01-07 03:09:39.735  2060  2060 I Xposed  : X-APM-S-4.1.5-VERBOSE-ProtectedBroadcastReceiver: receivedIntent { act=android.intent.action.BATTERY_CHANGED flg=0x60000010 (has extras) }
01-07 03:09:39.736  2060  2654 I Xposed  : X-APM-S-4.1.5-VERBOSE-MSG_ONBATTERYSTATECHANGE
01-07 03:09:39.736  2060  2654 I Xposed  : X-APM-S-4.1.5-VERBOSE-onBatteryStateChange: BatterState(status=2, level=12)
01-07 03:09:39.820  2060  2060 I Xposed  : X-APM-S-4.1.5-VERBOSE-checkBroadcastIntent: Intent { act=android.os.action.USER_RESTRICTIONS_CHANGED flg=0x40000000 }, callingUid 1000
01-07 03:09:39.870  2060  3054 I Xposed  : X-APM-S-4.1.5-VERBOSE-checkBroadcastIntent: Intent { act=android.media.ACTION_SCO_AUDIO_STATE_UPDATED flg=0x10000000 (has extras) }, callingUid 1000
01-07 03:09:39.940  2060  3084 I Xposed  : X-APM-S-4.1.5-VERBOSE-XAshmanService checkBroadcast returning: XAshmanServiceImpl.CheckResult(res=true, why=WHITE_LISTED, logRecommended=true) for:  receiverUid: 1001 callerUid: -1 action: android.net.wifi.STATE_CHANGE, caller: null
01-07 03:09:39.942  2060  3084 I Xposed  : X-APM-S-4.1.5-VERBOSE-XAshmanService checkBroadcast returning: XAshmanServiceImpl.CheckResult(res=true, why=WHITE_LISTED, logRecommended=true) for:  receiverUid: 1001 callerUid: -1 action: android.net.wifi.WIFI_STATE_CHANGED, caller: null
01-07 03:09:39.964  2060  3084 I Xposed  : X-APM-S-4.1.5-VERBOSE-XAshmanService checkBroadcast returning: XAshmanServiceImpl.CheckResult(res=true, why=WHITE_LISTED, logRecommended=true) for:  receiverUid: 10012 callerUid: -1 action: android.net.wifi.WIFI_STATE_CHANGED, caller: null
