01-07 03:09:42.244  2060  3084 I Xposed  : X-APM-S-4.1.5-VERBOSE-XAshmanService checkBroadcast returning: XAshmanServiceImpl.CheckResult(res=true, why=SAME_CALLER, logRecommended=true) for: com.qualcomm.timeservice receiverUid: 1000 callerUid: 1000 action: android.intent.action.LOCKED_BOOT_COMPLETED, caller: com.qualcomm.timeservice
01-07 03:09:42.249  2060  3004 I Xposed  : X-APM-S-4.1.5-VERBOSE-checkBroadcastIntent: Intent { act=android.intent.action.MEDIA_MOUNTED dat=file:///storage/emulated/0 flg=0x5000000 (has extras) }, callingUid 1000
01-07 03:09:42.250  2060  3084 I Xposed  : X-APM-S-4.1.5-VERBOSE-XAshmanService checkBroadcast returning: XAshmanServiceImpl.CheckResult(res=true, why=SYSTEM_APP, logRecommended=true) for: TalkBack receiverUid: 10070 callerUid: 1000 action: android.intent.action.LOCKED_BOOT_COMPLETED, caller: com.qualcomm.timeservice
01-07 03:09:42.258  2060  3014 I Xposed  : X-APM-S-4.1.5-VERBOSE-checkBroadcastIntent: Intent { act=android.net.wifi.CONFIGURED_NETWORKS_CHANGE flg=0x4000000 (has extras) }, callingUid 1000
01-07 03:09:42.433  2060  3032 I Xposed  : X-APM-S-4.1.5-VERBOSE-checkBroadcastIntent: Intent { act=android.net.wifi.p2p.STATE_CHANGED flg=0x4000000 (has extras) }, callingUid 1000
01-07 03:09:42.444  2060  3032 I Xposed  : X-APM-S-4.1.5-VERBOSE-checkBroadcastIntent: Intent { act=android.net.wifi.p2p.CONNECTION_STATE_CHANGE flg=0x24000000 (has extras) }, callingUid 1000
01-07 03:09:42.458  2060  3032 I Xposed  : X-APM-S-4.1.5-VERBOSE-checkBroadcastIntent: Intent { act=android.net.wifi.p2p.THIS_DEVICE_CHANGED flg=0x4000000 (has extras) }, callingUid 1000
01-07 03:09:42.472  2060  3032 I Xposed  : X-APM-S-4.1.5-VERBOSE-checkBroadcastIntent: Intent { act=android.net.wifi.p2p.PERSISTENT_GROUPS_CHANGED flg=0x4000000 }, callingUid 1000
01-07 03:09:42.512  2060  3084 I Xposed  : X-APM-S-4.1.5-VERBOSE-XAshmanService checkService returning: XAshmanServiceImpl.CheckResult(res=true, why=WHITE_LISTED, logRecommended=true)for: Android , comp: ComponentInfo{android/com.android.internal.backup.LocalTransportService}, caller: com.qualcomm.timeservice
01-07 03:09:42.520  2060  3084 I Xposed  : X-APM-S-4.1.5-VERBOSE-XAshmanService checkService returning: XAshmanServiceImpl.CheckResult(res=true, why=SYSTEM_APP, logRecommended=true)for: Google Play , comp: ComponentInfo{com.google.android.gms/com.google.android.gms.backup.BackupTransportService}, caller: com.qualcomm.timeservice
01-07 03:09:42.534  2060  3084 I Xposed  : X-APM-S-4.1.5-VERBOSE-XAshmanService checkService returning: XAshmanServiceImpl.CheckResult(res=true, why=SYSTEM_APP, logRecommended=true)for: Google Play , comp: ComponentInfo{com.google.android.gms/com.google.android.gms.backup.component.D2dTransportService}, caller: com.qualcomm.timeservice
01-07 03:09:42.591  2060  2060 I Xposed  : X-APM-S-4.1.5-VERBOSE-checkBroadcastIntent: Intent { act=android.intent.action.INPUT_METHOD_CHANGED flg=0x20000000 (has extras) }, callingUid 1000
01-07 03:09:42.611  2060  3084 I Xposed  : X-APM-S-4.1.5-VERBOSE-XAshmanService checkService returning: XAshmanServiceImpl.CheckResult(res=true, why=SYSTEM_APP, logRecommended=true)for: Google, comp: ComponentInfo{com.google.android.googlequicksearchbox/com.google.android.voiceinteraction.GsaVoiceInteractionService}, caller: com.qualcomm.timeservice
01-07 03:09:42.782  4019  4019 I Xposed  : X-APM-S-4.1.5-VERBOSE-handleLoadPackage: com.google.android.marvin.talkback
01-07 03:09:42.835  4123  4123 I Xposed  : X-APM-S-4.1.5-VERBOSE-handleLoadPackage: org.lineageos.settings.device
01-07 03:09:42.846  2060  3084 I Xposed  : X-APM-S-4.1.5-VERBOSE-XAshmanService checkBroadcast returning: XAshmanServiceImpl.CheckResult(res=true, why=SAME_CALLER, logRecommended=true) for: com.qualcomm.timeservice receiverUid: 1000 callerUid: 1000 action: android.net.wifi.CONFIGURED_NETWORKS_CHANGE, caller: com.qualcomm.timeservice
01-07 03:09:42.853  2060  3084 I Xposed  : X-APM-S-4.1.5-VERBOSE-XAshmanService checkBroadcast returning: XAshmanServiceImpl.CheckResult(res=true, why=SAME_CALLER, logRecommended=true) for: com.qualcomm.timeservice receiverUid: 1000 callerUid: 1000 action: android.net.wifi.p2p.STATE_CHANGED, caller: com.qualcomm.timeservice
01-07 03:09:42.860  2060  2635 I Xposed  : X-APM-S-4.1.5-VERBOSE-checkBroadcastIntent: Intent { act=android.hardware.display.action.WIFI_DISPLAY_STATUS_CHANGED flg=0x40000000 (has extras) }, callingUid 1000
01-07 03:09:42.868  2060  3084 I Xposed  : X-APM-S-4.1.5-VERBOSE-XAshmanService checkBroadcast returning: XAshmanServiceImpl.CheckResult(res=true, why=SAME_CALLER, logRecommended=true) for: com.qualcomm.timeservice receiverUid: 1000 callerUid: 1000 action: android.net.wifi.p2p.CONNECTION_STATE_CHANGE, caller: com.qualcomm.timeservice
01-07 03:09:42.874  2060  3084 I Xposed  : X-APM-S-4.1.5-VERBOSE-XAshmanService checkBroadcast returning: XAshmanServiceImpl.CheckResult(res=true, why=SAME_CALLER, logRecommended=true) for: com.qualcomm.timeservice receiverUid: 1000 callerUid: 1000 action: android.net.wifi.p2p.THIS_DEVICE_CHANGED, caller: com.qualcomm.timeservice
01-07 03:09:42.875  2060  3084 I Xposed  : X-APM-S-4.1.5-VERBOSE-XAshmanService checkBroadcast returning: XAshmanServiceImpl.CheckResult(res=true, why=SYSTEM_APP, logRecommended=true) for: Gboard receiverUid: 10052 callerUid: 1000 action: android.intent.action.INPUT_METHOD_CHANGED, caller: com.qualcomm.timeservice
01-07 03:09:42.891  2060  3084 I Xposed  : X-APM-S-4.1.5-VERBOSE-XAshmanService checkBroadcast returning: XAshmanServiceImpl.CheckResult(res=true, why=SAME_CALLER, logRecommended=true) for: com.qualcomm.timeservice receiverUid: 1000 callerUid: 1000 action: android.intent.action.USER_UNLOCKED, caller: com.qualcomm.timeservice
01-07 03:09:42.895  2060  3084 I Xposed  : X-APM-S-4.1.5-VERBOSE-XAshmanService checkBroadcast returning: XAshmanServiceImpl.CheckResult(res=true, why=SAME_CALLER, logRecommended=true) for: com.qualcomm.timeservice receiverUid: 1000 callerUid: 1000 action: android.intent.action.USER_UNLOCKED, caller: com.qualcomm.timeservice
01-07 03:09:42.901  2060  3084 I Xposed  : X-APM-S-4.1.5-VERBOSE-XAshmanService checkBroadcast returning: XAshmanServiceImpl.CheckResult(res=true, why=SAME_CALLER, logRecommended=true) for: com.qualcomm.timeservice receiverUid: 1000 callerUid: 1000 action: android.intent.action.USER_UNLOCKED, caller: com.qualcomm.timeservice
01-07 03:09:42.902  2060  3084 I Xposed  : X-APM-S-4.1.5-VERBOSE-XAshmanService checkBroadcast returning: XAshmanServiceImpl.CheckResult(res=true, why=WHITE_LISTED, logRecommended=true) for:  receiverUid: 1002 callerUid: 1000 action: android.intent.action.USER_UNLOCKED, caller: com.qualcomm.timeservice
01-07 03:09:42.919  2060  3084 I Xposed  : X-APM-S-4.1.5-VERBOSE-XAshmanService checkBroadcast returning: XAshmanServiceImpl.CheckResult(res=true, why=WHITE_LISTED, logRecommended=true) for:  receiverUid: 10012 callerUid: 1000 action: android.intent.action.USER_UNLOCKED, caller: com.qualcomm.timeservice
01-07 03:09:42.921  2060  3084 I Xposed  : X-APM-S-4.1.5-VERBOSE-XAshmanService checkBroadcast returning: XAshmanServiceImpl.CheckResult(res=true, why=SAME_CALLER, logRecommended=true) for: com.qualcomm.timeservice receiverUid: 1000 callerUid: 1000 action: android.intent.action.USER_UNLOCKED, caller: com.qualcomm.timeservice
01-07 03:09:42.923  2060  3084 I Xposed  : X-APM-S-4.1.5-VERBOSE-XAshmanService checkBroadcast returning: XAshmanServiceImpl.CheckResult(res=true, why=SAME_CALLER, logRecommended=true) for: com.qualcomm.timeservice receiverUid: 1000 callerUid: 1000 action: android.intent.action.USER_UNLOCKED, caller: com.qualcomm.timeservice
01-07 03:09:42.923  2060  3084 I Xposed  : X-APM-S-4.1.5-VERBOSE-XAshmanService checkBroadcast returning: XAshmanServiceImpl.CheckResult(res=true, why=SAME_CALLER, logRecommended=true) for: com.qualcomm.timeservice receiverUid: 1000 callerUid: 1000 action: android.intent.action.USER_UNLOCKED, caller: com.qualcomm.timeservice
01-07 03:09:42.927  2060  3084 I Xposed  : X-APM-S-4.1.5-VERBOSE-XAshmanService checkBroadcast returning: XAshmanServiceImpl.CheckResult(res=true, why=SYSTEM_APP, logRecommended=true) for: Gboard receiverUid: 10052 callerUid: 1000 action: android.intent.action.USER_UNLOCKED, caller: com.qualcomm.timeservice
01-07 03:09:42.935  2060  3084 I Xposed  : X-APM-S-4.1.5-VERBOSE-XAshmanService checkBroadcast returning: XAshmanServiceImpl.CheckResult(res=true, why=WHITE_LISTED, logRecommended=true) for:  receiverUid: 1001 callerUid: 1000 action: android.intent.action.USER_UNLOCKED, caller: com.qualcomm.timeservice
01-07 03:09:42.937  2060  3084 I Xposed  : X-APM-S-4.1.5-VERBOSE-XAshmanService checkBroadcast returning: XAshmanServiceImpl.CheckResult(res=true, why=WHITE_LISTED, logRecommended=true) for:  receiverUid: 1001 callerUid: 1000 action: android.intent.action.USER_UNLOCKED, caller: com.qualcomm.timeservice
01-07 03:09:42.939  2060  3084 I Xposed  : X-APM-S-4.1.5-VERBOSE-XAshmanService checkBroadcast returning: XAshmanServiceImpl.CheckResult(res=true, why=WHITE_LISTED, logRecommended=true) for:  receiverUid: 10012 callerUid: 1000 action: android.intent.action.USER_UNLOCKED, caller: com.qualcomm.timeservice
01-07 03:09:42.940  2060  3084 I Xposed  : X-APM-S-4.1.5-VERBOSE-XAshmanService checkBroadcast returning: XAshmanServiceImpl.CheckResult(res=true, why=WHITE_LISTED, logRecommended=true) for:  receiverUid: 1001 callerUid: 1000 action: android.intent.action.USER_UNLOCKED, caller: com.qualcomm.timeservice
01-07 03:09:42.941  2060  3084 I Xposed  : X-APM-S-4.1.5-VERBOSE-XAshmanService checkBroadcast returning: XAshmanServiceImpl.CheckResult(res=true, why=WHITE_LISTED, logRecommended=true) for:  receiverUid: 1001 callerUid: 1000 action: android.intent.action.USER_UNLOCKED, caller: com.qualcomm.timeservice
01-07 03:09:42.942  2060  3084 I Xposed  : X-APM-S-4.1.5-VERBOSE-XAshmanService checkBroadcast returning: XAshmanServiceImpl.CheckResult(res=true, why=WHITE_LISTED, logRecommended=true) for:  receiverUid: 1001 callerUid: 1000 action: android.intent.action.USER_UNLOCKED, caller: com.qualcomm.timeservice
01-07 03:09:42.943  2060  3084 I Xposed  : X-APM-S-4.1.5-VERBOSE-XAshmanService checkBroadcast returning: XAshmanServiceImpl.CheckResult(res=true, why=SAME_CALLER, logRecommended=true) for: com.qualcomm.timeservice receiverUid: 1000 callerUid: 1000 action: android.hardware.display.action.WIFI_DISPLAY_STATUS_CHANGED, caller: com.qualcomm.timeservice
01-07 03:09:42.943  2060  3137 I Xposed  : X-APM-S-4.1.5-VERBOSE-checkBroadcastIntent: Intent { act=android.intent.action.SIM_STATE_CHANGED flg=0x4000000 (has extras) }, callingUid 1001
01-07 03:09:42.944  2060  3084 I Xposed  : X-APM-S-4.1.5-VERBOSE-XAshmanService checkBroadcast returning: XAshmanServiceImpl.CheckResult(res=true, why=WHITE_LISTED, logRecommended=true) for:  receiverUid: 10012 callerUid: 1000 action: android.hardware.display.action.WIFI_DISPLAY_STATUS_CHANGED, caller: com.qualcomm.timeservice
01-07 03:09:42.958  2060  2079 I Xposed  : X-APM-S-4.1.5-VERBOSE-setFocusStackUnchecked:ComponentInfo{com.android.settings/com.android.settings.FallbackHome}
01-07 03:09:42.959  2060  2079 I Xposed  : X-APM-S-4.1.5-VERBOSE-setFocusStackUnchecked:ComponentInfo{com.android.settings/com.android.settings.FallbackHome}
01-07 03:09:42.959  2060  2079 I Xposed  : X-APM-S-4.1.5-VERBOSE-onPackageMoveToFront: Intent { cmp=com.android.settings/.FallbackHome }
01-07 03:09:42.959  2060  2660 I Xposed  : X-APM-S-4.1.5-VERBOSE-AppGuardServiceHandlerImpl-handleMessage@MSG_ONACTIVITYPACKAGERESUME
01-07 03:09:42.959  2060  2660 I Xposed  : X-APM-S-4.1.5-VERBOSE-onAppSwitchedTo: com.android.settings
01-07 03:09:42.959  2060  2660 I Xposed  : X-APM-S-4.1.5-VERBOSE-add to verified list when screen id ON
01-07 03:09:42.983  2060  3084 I Xposed  : X-APM-S-4.1.5-VERBOSE-XAshmanService checkService returning: XAshmanServiceImpl.CheckResult(res=true, why=SYSTEM_APP, logRecommended=true)for: , comp: ComponentInfo{com.android.printspooler/com.android.printspooler.model.PrintSpoolerService}, caller: com.qualcomm.timeservice
01-07 03:09:43.019  2060  3084 I Xposed  : X-APM-S-4.1.5-VERBOSE-XAshmanService checkService returning: XAshmanServiceImpl.CheckResult(res=true, why=SYSTEM_APP, logRecommended=true)for: Pixel Launcher, comp: ComponentInfo{com.google.android.apps.nexuslauncher/com.android.launcher3.notification.NotificationListener}, caller: com.qualcomm.timeservice
01-07 03:09:43.037  2060  3084 I Xposed  : X-APM-S-4.1.5-VERBOSE-XAshmanService checkService returning: XAshmanServiceImpl.CheckResult(res=true, why=WHITE_LISTED, logRecommended=true)for: com.android.smspush, comp: ComponentInfo{com.android.smspush/com.android.smspush.WapPushManager}, caller: com.android.phone
01-07 03:09:43.067  2060  3084 I Xposed  : X-APM-S-4.1.5-VERBOSE-XAshmanService checkService returning: XAshmanServiceImpl.CheckResult(res=true, why=WHITE_LISTED, logRecommended=true)for: com.android.smspush, comp: ComponentInfo{com.android.smspush/com.android.smspush.WapPushManager}, caller: com.android.phone
01-07 03:09:43.069  2060  3084 I Xposed  : X-APM-S-4.1.5-VERBOSE-XAshmanService checkService returning: XAshmanServiceImpl.CheckResult(res=true, why=WHITE_LISTED, logRecommended=true)for: com.android.smspush, comp: ComponentInfo{com.android.smspush/com.android.smspush.WapPushManager}, caller: com.android.phone
01-07 03:09:43.071  2060  4164 I Xposed  : X-APM-S-4.1.5-VERBOSE-checkBroadcastIntent: Intent { act=android.intent.action.SIM_STATE_CHANGED flg=0x4000000 (has extras) }, callingUid 1001
01-07 03:09:43.077  2060  3084 I Xposed  : X-APM-S-4.1.5-VERBOSE-XAshmanService checkBroadcast returning: XAshmanServiceImpl.CheckResult(res=true, why=SYSTEM_APP, logRecommended=true) for: com.qualcomm.timeservice receiverUid: 1000 callerUid: 1001 action: android.intent.action.SIM_STATE_CHANGED, caller: com.android.phone
01-07 03:09:43.077  2060  3084 I Xposed  : X-APM-S-4.1.5-VERBOSE-XAshmanService checkBroadcast returning: XAshmanServiceImpl.CheckResult(res=true, why=SYSTEM_APP, logRecommended=true) for: com.qualcomm.timeservice receiverUid: 1000 callerUid: 1001 action: android.intent.action.SIM_STATE_CHANGED, caller: com.android.phone
01-07 03:09:43.078  2060  3084 I Xposed  : X-APM-S-4.1.5-VERBOSE-XAshmanService checkBroadcast returning: XAshmanServiceImpl.CheckResult(res=true, why=WHITE_LISTED, logRecommended=true) for:  receiverUid: 10012 callerUid: 1001 action: android.intent.action.SIM_STATE_CHANGED, caller: com.android.phone
01-07 03:09:43.078  2060  3084 I Xposed  : X-APM-S-4.1.5-VERBOSE-XAshmanService checkBroadcast returning: XAshmanServiceImpl.CheckResult(res=true, why=SYSTEM_APP, logRecommended=true) for: com.qualcomm.timeservice receiverUid: 1000 callerUid: 1001 action: android.intent.action.SIM_STATE_CHANGED, caller: com.android.phone
01-07 03:09:43.078  2060  3084 I Xposed  : X-APM-S-4.1.5-VERBOSE-XAshmanService checkBroadcast returning: XAshmanServiceImpl.CheckResult(res=true, why=SAME_CALLER, logRecommended=true) for:  receiverUid: 1001 callerUid: 1001 action: android.intent.action.SIM_STATE_CHANGED, caller: com.android.phone
01-07 03:09:43.078  2060  3084 I Xposed  : X-APM-S-4.1.5-VERBOSE-XAshmanService checkBroadcast returning: XAshmanServiceImpl.CheckResult(res=true, why=SAME_CALLER, logRecommended=true) for:  receiverUid: 1001 callerUid: 1001 action: android.intent.action.SIM_STATE_CHANGED, caller: com.android.phone
01-07 03:09:43.079  2060  3084 I Xposed  : X-APM-S-4.1.5-VERBOSE-XAshmanService checkBroadcast returning: XAshmanServiceImpl.CheckResult(res=true, why=WHITE_LISTED, logRecommended=true) for:  receiverUid: 10012 callerUid: 1001 action: android.intent.action.SIM_STATE_CHANGED, caller: com.android.phone
01-07 03:09:43.079  2060  3084 I Xposed  : X-APM-S-4.1.5-VERBOSE-XAshmanService checkBroadcast returning: XAshmanServiceImpl.CheckResult(res=true, why=SAME_CALLER, logRecommended=true) for:  receiverUid: 1001 callerUid: 1001 action: android.intent.action.SIM_STATE_CHANGED, caller: com.android.phone
01-07 03:09:43.079  2060  3084 I Xposed  : X-APM-S-4.1.5-VERBOSE-XAshmanService checkBroadcast returning: XAshmanServiceImpl.CheckResult(res=true, why=SAME_CALLER, logRecommended=true) for:  receiverUid: 1001 callerUid: 1001 action: android.intent.action.SIM_STATE_CHANGED, caller: com.android.phone
01-07 03:09:43.079  2060  3084 I Xposed  : X-APM-S-4.1.5-VERBOSE-XAshmanService checkBroadcast returning: XAshmanServiceImpl.CheckResult(res=true, why=WHITE_LISTED, logRecommended=true) for:  receiverUid: 10012 callerUid: 1001 action: android.intent.action.SIM_STATE_CHANGED, caller: com.android.phone
01-07 03:09:43.080  2060  3084 I Xposed  : X-APM-S-4.1.5-VERBOSE-XAshmanService checkService returning: XAshmanServiceImpl.CheckResult(res=true, why=WHITE_LISTED, logRecommended=true)for: com.android.smspush, comp: ComponentInfo{com.android.smspush/com.android.smspush.WapPushManager}, caller: com.android.phone
01-07 03:09:43.084  2060  3127 E Xposed  : java.lang.NullPointerException: Attempt to invoke virtual method 'java.lang.Class java.lang.Object.getClass()' on a null object reference
01-07 03:09:43.084  2060  3127 E Xposed  : 	at de.robv.android.xposed.XposedHelpers.getObjectField(XposedHelpers.java:894)
01-07 03:09:43.084  2060  3127 E Xposed  : 	at github.tornaco.xposedmoduletest.xposed.submodules.ActivityStackSupervisorSetFocusedStackSubModule$1.afterHookedMethod(ActivityStackSupervisorSetFocusedStackSubModule.java:48)
01-07 03:09:43.084  2060  3127 E Xposed  : 	at de.robv.android.xposed.XposedBridge.handleHookedMethod(XposedBridge.java:375)
01-07 03:09:43.084  2060  3127 E Xposed  : 	at com.android.server.am.ActivityStackSupervisor.setFocusStackUnchecked(<Xposed>)
01-07 03:09:43.084  2060  3127 E Xposed  : 	at com.android.server.am.ActivityStack.moveToFront(ActivityStack.java:863)
01-07 03:09:43.084  2060  3127 E Xposed  : 	at com.android.server.am.ActivityStack.moveToFront(ActivityStack.java:849)
01-07 03:09:43.084  2060  3127 E Xposed  : 	at com.android.server.am.ActivityStackSupervisor.moveHomeStackToFront(ActivityStackSupervisor.java:733)
01-07 03:09:43.084  2060  3127 E Xposed  : 	at com.android.server.am.ActivityStack.removeTask(ActivityStack.java:5199)
01-07 03:09:43.084  2060  3127 E Xposed  : 	at com.android.server.am.ActivityStack.removeActivityFromHistoryLocked(ActivityStack.java:4166)
01-07 03:09:43.084  2060  3127 E Xposed  : 	at com.android.server.am.ActivityStack.activityDestroyedLocked(ActivityStack.java:4395)
01-07 03:09:43.084  2060  3127 E Xposed  : 	at com.android.server.am.ActivityManagerService.activityDestroyed(ActivityManagerService.java:7480)
01-07 03:09:43.084  2060  3127 E Xposed  : 	at android.app.IActivityManager$Stub.onTransact(IActivityManager.java:960)
01-07 03:09:43.084  2060  3127 E Xposed  : 	at com.android.server.am.ActivityManagerService.onTransact(ActivityManagerService.java:2922)
01-07 03:09:43.084  2060  3127 E Xposed  : 	at android.os.Binder.execTransact(Binder.java:707)
01-07 03:09:43.086  2060  3127 E Xposed  : java.lang.NullPointerException: Attempt to invoke virtual method 'java.lang.Class java.lang.Object.getClass()' on a null object reference
01-07 03:09:43.086  2060  3127 E Xposed  : 	at de.robv.android.xposed.XposedHelpers.getObjectField(XposedHelpers.java:894)
01-07 03:09:43.086  2060  3127 E Xposed  : 	at github.tornaco.xposedmoduletest.xposed.submodules.ActivityStackSupervisorSetFocusedStackSubModule$1.afterHookedMethod(ActivityStackSupervisorSetFocusedStackSubModule.java:48)
01-07 03:09:43.086  2060  3127 E Xposed  : 	at de.robv.android.xposed.XposedBridge.handleHookedMethod(XposedBridge.java:375)
01-07 03:09:43.086  2060  3127 E Xposed  : 	at com.android.server.am.ActivityStackSupervisor.setFocusStackUnchecked(<Xposed>)
01-07 03:09:43.086  2060  3127 E Xposed  : 	at com.android.server.am.ActivityStack.moveToFront(ActivityStack.java:863)
01-07 03:09:43.086  2060  3127 E Xposed  : 	at com.android.server.am.ActivityStack.moveToFront(ActivityStack.java:849)
01-07 03:09:43.086  2060  3127 E Xposed  : 	at com.android.server.am.ActivityStackSupervisor.moveHomeStackToFront(ActivityStackSupervisor.java:733)
01-07 03:09:43.086  2060  3127 E Xposed  : 	at com.android.server.am.ActivityStack.removeTask(ActivityStack.java:5199)
01-07 03:09:43.086  2060  3127 E Xposed  : 	at com.android.server.am.ActivityStack.removeActivityFromHistoryLocked(ActivityStack.java:4166)
01-07 03:09:43.086  2060  3127 E Xposed  : 	at com.android.server.am.ActivityStack.activityDestroyedLocked(ActivityStack.java:4395)
01-07 03:09:43.086  2060  3127 E Xposed  : 	at com.android.server.am.ActivityManagerService.activityDestroyed(ActivityManagerService.java:7480)
01-07 03:09:43.086  2060  3127 E Xposed  : 	at android.app.IActivityManager$Stub.onTransact(IActivityManager.java:960)
01-07 03:09:43.086  2060  3127 E Xposed  : 	at com.android.server.am.ActivityManagerService.onTransact(ActivityManagerService.java:2922)
01-07 03:09:43.086  2060  3127 E Xposed  : 	at android.os.Binder.execTransact(Binder.java:707)
01-07 03:09:43.087  2060  3127 I Xposed  : X-APM-S-4.1.5-DEBUG-START_ANY_ACTIVITY ALLOWED!!!
01-07 03:09:43.103  2060  3127 I Xposed  : X-APM-S-4.1.5-VERBOSE-setFocusStackUnchecked:ComponentInfo{com.google.android.apps.nexuslauncher/com.google.android.apps.nexuslauncher.NexusLauncherActivity}
01-07 03:09:43.103  2060  3127 I Xposed  : X-APM-S-4.1.5-VERBOSE-setFocusStackUnchecked:ComponentInfo{com.google.android.apps.nexuslauncher/com.google.android.apps.nexuslauncher.NexusLauncherActivity}
01-07 03:09:43.103  2060  3127 I Xposed  : X-APM-S-4.1.5-VERBOSE-onPackageMoveToFront: Intent { cmp=com.google.android.apps.nexuslauncher/.NexusLauncherActivity }
01-07 03:09:43.104  2060  2660 I Xposed  : X-APM-S-4.1.5-VERBOSE-AppGuardServiceHandlerImpl-handleMessage@MSG_ONACTIVITYPACKAGERESUME
01-07 03:09:43.104  2060  2660 I Xposed  : X-APM-S-4.1.5-VERBOSE-onAppSwitchedTo: com.google.android.apps.nexuslauncher
01-07 03:09:43.104  2060  2660 I Xposed  : X-APM-S-4.1.5-VERBOSE-add to verified list when screen id ON
01-07 03:09:43.112  2060  3084 I Xposed  : X-APM-S-4.1.5-VERBOSE-XAshmanService checkBroadcast returning: XAshmanServiceImpl.CheckResult(res=true, why=SYSTEM_APP, logRecommended=true) for: com.qualcomm.timeservice receiverUid: 1000 callerUid: 1001 action: android.intent.action.SIM_STATE_CHANGED, caller: com.android.phone
01-07 03:09:43.112  2060  3084 I Xposed  : X-APM-S-4.1.5-VERBOSE-XAshmanService checkBroadcast returning: XAshmanServiceImpl.CheckResult(res=true, why=SYSTEM_APP, logRecommended=true) for: com.qualcomm.timeservice receiverUid: 1000 callerUid: 1001 action: android.intent.action.SIM_STATE_CHANGED, caller: com.android.phone
01-07 03:09:43.112  2060  3084 I Xposed  : X-APM-S-4.1.5-VERBOSE-XAshmanService checkBroadcast returning: XAshmanServiceImpl.CheckResult(res=true, why=WHITE_LISTED, logRecommended=true) for:  receiverUid: 10012 callerUid: 1001 action: android.intent.action.SIM_STATE_CHANGED, caller: com.android.phone
01-07 03:09:43.112  2060  3084 I Xposed  : X-APM-S-4.1.5-VERBOSE-XAshmanService checkBroadcast returning: XAshmanServiceImpl.CheckResult(res=true, why=SYSTEM_APP, logRecommended=true) for: com.qualcomm.timeservice receiverUid: 1000 callerUid: 1001 action: android.intent.action.SIM_STATE_CHANGED, caller: com.android.phone
01-07 03:09:43.112  2060  3084 I Xposed  : X-APM-S-4.1.5-VERBOSE-XAshmanService checkBroadcast returning: XAshmanServiceImpl.CheckResult(res=true, why=SAME_CALLER, logRecommended=true) for:  receiverUid: 1001 callerUid: 1001 action: android.intent.action.SIM_STATE_CHANGED, caller: com.android.phone
01-07 03:09:43.115  2060  3084 I Xposed  : X-APM-S-4.1.5-VERBOSE-XAshmanService checkBroadcast returning: XAshmanServiceImpl.CheckResult(res=true, why=SAME_CALLER, logRecommended=true) for:  receiverUid: 1001 callerUid: 1001 action: android.intent.action.SIM_STATE_CHANGED, caller: com.android.phone
01-07 03:09:43.115  2060  3084 I Xposed  : X-APM-S-4.1.5-VERBOSE-XAshmanService checkBroadcast returning: XAshmanServiceImpl.CheckResult(res=true, why=WHITE_LISTED, logRecommended=true) for:  receiverUid: 10012 callerUid: 1001 action: android.intent.action.SIM_STATE_CHANGED, caller: com.android.phone
01-07 03:09:43.115  2060  3084 I Xposed  : X-APM-S-4.1.5-VERBOSE-XAshmanService checkBroadcast returning: XAshmanServiceImpl.CheckResult(res=true, why=SAME_CALLER, logRecommended=true) for:  receiverUid: 1001 callerUid: 1001 action: android.intent.action.SIM_STATE_CHANGED, caller: com.android.phone
01-07 03:09:43.116  2060  3084 I Xposed  : X-APM-S-4.1.5-VERBOSE-XAshmanService checkBroadcast returning: XAshmanServiceImpl.CheckResult(res=true, why=SAME_CALLER, logRecommended=true) for:  receiverUid: 1001 callerUid: 1001 action: android.intent.action.SIM_STATE_CHANGED, caller: com.android.phone
01-07 03:09:43.117  2060  3084 I Xposed  : X-APM-S-4.1.5-VERBOSE-XAshmanService checkBroadcast returning: XAshmanServiceImpl.CheckResult(res=true, why=SAME_CALLER, logRecommended=true) for:  receiverUid: 1001 callerUid: 1001 action: android.intent.action.SIM_STATE_CHANGED, caller: com.android.phone
01-07 03:09:43.117  2060  3084 I Xposed  : X-APM-S-4.1.5-VERBOSE-XAshmanService checkBroadcast returning: XAshmanServiceImpl.CheckResult(res=true, why=WHITE_LISTED, logRecommended=true) for:  receiverUid: 10012 callerUid: 1001 action: android.intent.action.SIM_STATE_CHANGED, caller: com.android.phone
01-07 03:09:43.129  4167  4167 I Xposed  : X-APM-S-4.1.5-VERBOSE-handleLoadPackage: com.android.printspooler
01-07 03:09:43.177  2060  3084 I Xposed  : X-APM-S-4.1.5-VERBOSE-XAshmanService checkBroadcast returning: XAshmanServiceImpl.CheckResult(res=true, why=SYSTEM_APP, logRecommended=true) for:  receiverUid: 10046 callerUid: 1000 action: android.intent.action.LOCKED_BOOT_COMPLETED, caller: com.qualcomm.timeservice
01-07 03:09:43.214  4194  4194 I Xposed  : X-APM-S-4.1.5-VERBOSE-handleLoadPackage: com.android.smspush
01-07 03:09:43.257  4186  4186 I Xposed  : X-APM-S-4.1.5-VERBOSE-handleLoadPackage: com.google.android.apps.nexuslauncher
01-07 03:09:43.265  2060  4159 I Xposed  : X-APM-S-4.1.5-VERBOSE-checkBroadcastIntent: Intent { act=android.intent.action.ACTION_DEFAULT_DATA_SUBSCRIPTION_CHANGED flg=0x21000000 (has extras) }, callingUid 1001
01-07 03:09:43.266  2060  3084 I Xposed  : X-APM-S-4.1.5-VERBOSE-XAshmanService checkBroadcast returning: XAshmanServiceImpl.CheckResult(res=true, why=WHITE_LISTED, logRecommended=true) for:  receiverUid: 10012 callerUid: 1001 action: android.intent.action.ACTION_DEFAULT_DATA_SUBSCRIPTION_CHANGED, caller: com.android.phone
01-07 03:09:43.267  2060  3084 I Xposed  : X-APM-S-4.1.5-VERBOSE-XAshmanService checkBroadcast returning: XAshmanServiceImpl.CheckResult(res=true, why=SAME_CALLER, logRecommended=true) for:  receiverUid: 1001 callerUid: 1001 action: android.intent.action.ACTION_DEFAULT_DATA_SUBSCRIPTION_CHANGED, caller: com.android.phone
01-07 03:09:43.268  2060  3084 I Xposed  : X-APM-S-4.1.5-VERBOSE-XAshmanService checkBroadcast returning: XAshmanServiceImpl.CheckResult(res=true, why=SAME_CALLER, logRecommended=true) for:  receiverUid: 1001 callerUid: 1001 action: android.intent.action.ACTION_DEFAULT_DATA_SUBSCRIPTION_CHANGED, caller: com.android.phone
01-07 03:09:43.322  2060  4174 I Xposed  : X-APM-S-4.1.5-VERBOSE-checkBroadcastIntent: Intent { act=android.intent.action.ACTION_SUBINFO_CONTENT_CHANGE }, callingUid 1001
01-07 03:09:43.324  3321  3321 I Xposed  : X-APM-S-4.1.5-VERBOSE-getLine1Number: com.android.phone
01-07 03:09:43.330  2060  3127 I Xposed  : X-APM-S-4.1.5-VERBOSE-checkBroadcastIntent: Intent { act=android.intent.action.ACTION_SUBINFO_RECORD_UPDATED }, callingUid 1001
01-07 03:09:43.344  3321  3321 I Xposed  : X-APM-S-4.1.5-VERBOSE-getLine1Number: com.android.phone
01-07 03:09:43.359  2060  3084 I Xposed  : X-APM-S-4.1.5-VERBOSE-XAshmanService checkService returning: XAshmanServiceImpl.CheckResult(res=true, why=WHITE_LISTED, logRecommended=true)for: , comp: ComponentInfo{com.android.keychain/com.android.keychain.KeyChainService}, caller: com.qualcomm.timeservice
01-07 03:09:43.360  2060  2653 I Xposed  : X-APM-S-4.1.5-VERBOSE-LazyHandler handle message: MSG_ONPACKAGEMOVETOFRONT
01-07 03:09:43.360  2060  2653 I Xposed  : X-APM-S-4.1.5-VERBOSE-LazyHandler handle message: MSG_NOTIFYTOPPACKAGECHANGED
01-07 03:09:43.376  2060  3084 I Xposed  : X-APM-S-4.1.5-VERBOSE-XAshmanService checkService returning: XAshmanServiceImpl.CheckResult(res=true, why=SYSTEM_APP, logRecommended=true)for: Google Play , comp: ComponentInfo{com.google.android.gms/com.google.android.gms.clearcut.service.ClearcutLoggerService}, caller: com.google.android.inputmethod.latin
01-07 03:09:43.407  2060  3030 I Xposed  : X-APM-S-4.1.5-VERBOSE-checkBroadcastIntent: Intent { act=android.net.wifi.SCAN_RESULTS flg=0x4000000 (has extras) }, callingUid 1000
01-07 03:09:43.411  2060  4174 I Xposed  : X-APM-S-4.1.5-VERBOSE-checkBroadcastIntent: Intent { act=android.intent.action.ACTION_DEFAULT_DATA_SUBSCRIPTION_CHANGED flg=0x21000000 (has extras) }, callingUid 1001
01-07 03:09:43.412  2060  3084 I Xposed  : X-APM-S-4.1.5-VERBOSE-XAshmanService checkBroadcast returning: XAshmanServiceImpl.CheckResult(res=true, why=WHITE_LISTED, logRecommended=true) for:  receiverUid: 10012 callerUid: 1001 action: android.intent.action.ACTION_DEFAULT_DATA_SUBSCRIPTION_CHANGED, caller: com.android.phone
01-07 03:09:43.413  2060  3084 I Xposed  : X-APM-S-4.1.5-VERBOSE-XAshmanService checkBroadcast returning: XAshmanServiceImpl.CheckResult(res=true, why=SAME_CALLER, logRecommended=true) for:  receiverUid: 1001 callerUid: 1001 action: android.intent.action.ACTION_DEFAULT_DATA_SUBSCRIPTION_CHANGED, caller: com.android.phone
01-07 03:09:43.414  2060  3084 I Xposed  : X-APM-S-4.1.5-VERBOSE-XAshmanService checkBroadcast returning: XAshmanServiceImpl.CheckResult(res=true, why=SAME_CALLER, logRecommended=true) for:  receiverUid: 1001 callerUid: 1001 action: android.intent.action.ACTION_DEFAULT_DATA_SUBSCRIPTION_CHANGED, caller: com.android.phone
01-07 03:09:43.421  3321  3321 I Xposed  : X-APM-S-4.1.5-VERBOSE-getLine1Number: com.android.phone
01-07 03:09:43.447  2060  4162 I Xposed  : X-APM-S-4.1.5-VERBOSE-checkBroadcastIntent: Intent { act=android.intent.action.ACTION_SUBINFO_CONTENT_CHANGE }, callingUid 1001
01-07 03:09:43.452  3321  3321 I Xposed  : X-APM-S-4.1.5-VERBOSE-getLine1Number: com.android.phone
01-07 03:09:43.453  2060  4161 I Xposed  : X-APM-S-4.1.5-VERBOSE-checkBroadcastIntent: Intent { act=android.intent.action.ACTION_SUBINFO_RECORD_UPDATED }, callingUid 1001
01-07 03:09:43.492  2060  3014 I Xposed  : X-APM-S-4.1.5-VERBOSE-checkBroadcastIntent: Intent { act=android.net.wifi.STATE_CHANGE flg=0x4000000 (has extras) }, callingUid 1000
01-07 03:09:43.494  2060  3014 I Xposed  : X-APM-S-4.1.5-VERBOSE-checkBroadcastIntent: Intent { act=android.net.wifi.supplicant.STATE_CHANGE flg=0x24000000 (has extras) }, callingUid 1000
01-07 03:09:43.495  2060  3084 I Xposed  : X-APM-S-4.1.5-VERBOSE-XAshmanService checkBroadcast returning: XAshmanServiceImpl.CheckResult(res=true, why=SAME_CALLER, logRecommended=true) for: com.qualcomm.timeservice receiverUid: 1000 callerUid: 1000 action: android.net.wifi.STATE_CHANGE, caller: com.qualcomm.timeservice
01-07 03:09:43.495  2060  3084 I Xposed  : X-APM-S-4.1.5-VERBOSE-XAshmanService checkBroadcast returning: XAshmanServiceImpl.CheckResult(res=true, why=SAME_CALLER, logRecommended=true) for: com.qualcomm.timeservice receiverUid: 1000 callerUid: 1000 action: android.net.wifi.STATE_CHANGE, caller: com.qualcomm.timeservice
01-07 03:09:43.495  2060  3084 I Xposed  : X-APM-S-4.1.5-VERBOSE-XAshmanService checkBroadcast returning: XAshmanServiceImpl.CheckResult(res=true, why=WHITE_LISTED, logRecommended=true) for:  receiverUid: 1001 callerUid: 1000 action: android.net.wifi.STATE_CHANGE, caller: com.qualcomm.timeservice
01-07 03:09:43.495  2060  3084 I Xposed  : X-APM-S-4.1.5-VERBOSE-XAshmanService checkBroadcast returning: XAshmanServiceImpl.CheckResult(res=true, why=WHITE_LISTED, logRecommended=true) for:  receiverUid: 10012 callerUid: 1000 action: android.net.wifi.STATE_CHANGE, caller: com.qualcomm.timeservice
01-07 03:09:43.495  2060  3084 I Xposed  : X-APM-S-4.1.5-VERBOSE-XAshmanService checkBroadcast returning: XAshmanServiceImpl.CheckResult(res=true, why=WHITE_LISTED, logRecommended=true) for:  receiverUid: 1001 callerUid: 1000 action: android.net.wifi.STATE_CHANGE, caller: com.qualcomm.timeservice
01-07 03:09:43.510  4279  4279 I Xposed  : X-APM-S-4.1.5-VERBOSE-handleLoadPackage: com.android.keychain
01-07 03:09:43.532  4264  4264 I Xposed  : X-APM-S-4.1.5-VERBOSE-handleLoadPackage: com.google.android.gsf
01-07 03:09:43.535  2060  2633 I Xposed  : X-APM-S-4.1.5-VERBOSE-checkBroadcastIntent: Intent { act=android.intent.action.DROPBOX_ENTRY_ADDED (has extras) }, callingUid 1000
01-07 03:09:43.546  4233  4233 I Xposed  : X-APM-S-4.1.5-VERBOSE-handleLoadPackage: com.google.android.deskclock
01-07 03:09:43.547  2060  3084 I Xposed  : X-APM-S-4.1.5-VERBOSE-XAshmanService checkService returning: XAshmanServiceImpl.CheckResult(res=true, why=SYSTEM_APP, logRecommended=true)for: Google Play , comp: ComponentInfo{com.google.android.gms/com.google.android.gms.phenotype.service.PhenotypeService}, caller: com.google.android.apps.nexuslauncher
01-07 03:09:43.603  2060  3014 I Xposed  : X-APM-S-4.1.5-VERBOSE-checkBroadcastIntent: Intent { act=android.net.wifi.STATE_CHANGE flg=0x4000000 (has extras) }, callingUid 1000
01-07 03:09:43.606  2060  3084 I Xposed  : X-APM-S-4.1.5-VERBOSE-XAshmanService checkBroadcast returning: XAshmanServiceImpl.CheckResult(res=true, why=SAME_CALLER, logRecommended=true) for: com.qualcomm.timeservice receiverUid: 1000 callerUid: 1000 action: android.net.wifi.STATE_CHANGE, caller: com.qualcomm.timeservice
01-07 03:09:43.606  2060  3084 I Xposed  : X-APM-S-4.1.5-VERBOSE-XAshmanService checkBroadcast returning: XAshmanServiceImpl.CheckResult(res=true, why=SAME_CALLER, logRecommended=true) for: com.qualcomm.timeservice receiverUid: 1000 callerUid: 1000 action: android.net.wifi.STATE_CHANGE, caller: com.qualcomm.timeservice
01-07 03:09:43.606  2060  3084 I Xposed  : X-APM-S-4.1.5-VERBOSE-XAshmanService checkBroadcast returning: XAshmanServiceImpl.CheckResult(res=true, why=WHITE_LISTED, logRecommended=true) for:  receiverUid: 1001 callerUid: 1000 action: android.net.wifi.STATE_CHANGE, caller: com.qualcomm.timeservice
01-07 03:09:43.606  2060  3084 I Xposed  : X-APM-S-4.1.5-VERBOSE-XAshmanService checkBroadcast returning: XAshmanServiceImpl.CheckResult(res=true, why=WHITE_LISTED, logRecommended=true) for:  receiverUid: 10012 callerUid: 1000 action: android.net.wifi.STATE_CHANGE, caller: com.qualcomm.timeservice
01-07 03:09:43.606  2060  3084 I Xposed  : X-APM-S-4.1.5-VERBOSE-XAshmanService checkBroadcast returning: XAshmanServiceImpl.CheckResult(res=true, why=WHITE_LISTED, logRecommended=true) for:  receiverUid: 1001 callerUid: 1000 action: android.net.wifi.STATE_CHANGE, caller: com.qualcomm.timeservice
01-07 03:09:43.607  2060  3014 I Xposed  : X-APM-S-4.1.5-VERBOSE-checkBroadcastIntent: Intent { act=android.net.wifi.supplicant.STATE_CHANGE flg=0x24000000 (has extras) }, callingUid 1000
01-07 03:09:43.635  2060  3084 I Xposed  : X-APM-S-4.1.5-VERBOSE-XAshmanService checkService returning: XAshmanServiceImpl.CheckResult(res=true, why=SYSTEM_APP, logRecommended=true)for: Google Play , comp: ComponentInfo{com.google.android.gms/com.google.android.location.network.NetworkLocationService}, caller: com.qualcomm.timeservice
01-07 03:09:43.639  2060  3084 I Xposed  : X-APM-S-4.1.5-VERBOSE-XAshmanService checkService returning: XAshmanServiceImpl.CheckResult(res=true, why=SYSTEM_APP, logRecommended=true)for: Google Play , comp: ComponentInfo{com.google.android.gms/com.google.android.location.fused.FusedLocationService}, caller: com.qualcomm.timeservice
01-07 03:09:43.641  2060  3084 I Xposed  : X-APM-S-4.1.5-VERBOSE-XAshmanService checkService returning: XAshmanServiceImpl.CheckResult(res=true, why=SYSTEM_APP, logRecommended=true)for: Google Play , comp: ComponentInfo{com.google.android.gms/com.google.android.location.geocode.GeocodeService}, caller: com.qualcomm.timeservice
01-07 03:09:43.643  2060  3084 I Xposed  : X-APM-S-4.1.5-VERBOSE-XAshmanService checkService returning: XAshmanServiceImpl.CheckResult(res=true, why=SYSTEM_APP, logRecommended=true)for: Google Play , comp: ComponentInfo{com.google.android.gms/com.google.android.location.geofencer.service.GeofenceProviderService}, caller: com.qualcomm.timeservice
01-07 03:09:43.645  2060  3084 I Xposed  : X-APM-S-4.1.5-VERBOSE-XAshmanService checkService returning: XAshmanServiceImpl.CheckResult(res=true, why=SYSTEM_APP, logRecommended=true)for: Google Play , comp: ComponentInfo{com.google.android.gms/com.google.android.location.internal.server.HardwareArProviderService}, caller: com.qualcomm.timeservice
01-07 03:09:43.758  2060  3014 I Xposed  : X-APM-S-4.1.5-VERBOSE-checkBroadcastIntent: Intent { act=android.net.wifi.STATE_CHANGE flg=0x4000000 (has extras) }, callingUid 1000
01-07 03:09:43.759  2060  3014 I Xposed  : X-APM-S-4.1.5-VERBOSE-checkBroadcastIntent: Intent { act=android.net.wifi.supplicant.STATE_CHANGE flg=0x24000000 (has extras) }, callingUid 1000
01-07 03:09:43.762  2060  3084 I Xposed  : X-APM-S-4.1.5-VERBOSE-XAshmanService checkBroadcast returning: XAshmanServiceImpl.CheckResult(res=true, why=SAME_CALLER, logRecommended=true) for: com.qualcomm.timeservice receiverUid: 1000 callerUid: 1000 action: android.net.wifi.STATE_CHANGE, caller: com.qualcomm.timeservice
01-07 03:09:43.762  2060  3084 I Xposed  : X-APM-S-4.1.5-VERBOSE-XAshmanService checkBroadcast returning: XAshmanServiceImpl.CheckResult(res=true, why=SAME_CALLER, logRecommended=true) for: com.qualcomm.timeservice receiverUid: 1000 callerUid: 1000 action: android.net.wifi.STATE_CHANGE, caller: com.qualcomm.timeservice
01-07 03:09:43.762  2060  3084 I Xposed  : X-APM-S-4.1.5-VERBOSE-XAshmanService checkBroadcast returning: XAshmanServiceImpl.CheckResult(res=true, why=WHITE_LISTED, logRecommended=true) for:  receiverUid: 1001 callerUid: 1000 action: android.net.wifi.STATE_CHANGE, caller: com.qualcomm.timeservice
01-07 03:09:43.762  2060  3084 I Xposed  : X-APM-S-4.1.5-VERBOSE-XAshmanService checkBroadcast returning: XAshmanServiceImpl.CheckResult(res=true, why=WHITE_LISTED, logRecommended=true) for:  receiverUid: 10012 callerUid: 1000 action: android.net.wifi.STATE_CHANGE, caller: com.qualcomm.timeservice
01-07 03:09:43.762  2060  3084 I Xposed  : X-APM-S-4.1.5-VERBOSE-XAshmanService checkBroadcast returning: XAshmanServiceImpl.CheckResult(res=true, why=WHITE_LISTED, logRecommended=true) for:  receiverUid: 1001 callerUid: 1000 action: android.net.wifi.STATE_CHANGE, caller: com.qualcomm.timeservice
01-07 03:09:43.762  2060  3014 I Xposed  : X-APM-S-4.1.5-VERBOSE-checkBroadcastIntent: Intent { act=android.net.wifi.supplicant.STATE_CHANGE flg=0x24000000 (has extras) }, callingUid 1000
01-07 03:09:43.768  2060  3014 I Xposed  : X-APM-S-4.1.5-VERBOSE-checkBroadcastIntent: Intent { act=android.net.wifi.STATE_CHANGE flg=0x4000000 (has extras) }, callingUid 1000
01-07 03:09:43.769  2060  3014 I Xposed  : X-APM-S-4.1.5-VERBOSE-checkBroadcastIntent: Intent { act=android.net.wifi.STATE_CHANGE flg=0x4000000 (has extras) }, callingUid 1000
01-07 03:09:43.772  2060  3084 I Xposed  : X-APM-S-4.1.5-VERBOSE-XAshmanService checkBroadcast returning: XAshmanServiceImpl.CheckResult(res=true, why=SAME_CALLER, logRecommended=true) for: com.qualcomm.timeservice receiverUid: 1000 callerUid: 1000 action: android.net.wifi.STATE_CHANGE, caller: com.qualcomm.timeservice
01-07 03:09:43.772  2060  3084 I Xposed  : X-APM-S-4.1.5-VERBOSE-XAshmanService checkBroadcast returning: XAshmanServiceImpl.CheckResult(res=true, why=SAME_CALLER, logRecommended=true) for: com.qualcomm.timeservice receiverUid: 1000 callerUid: 1000 action: android.net.wifi.STATE_CHANGE, caller: com.qualcomm.timeservice
01-07 03:09:43.772  2060  3084 I Xposed  : X-APM-S-4.1.5-VERBOSE-XAshmanService checkBroadcast returning: XAshmanServiceImpl.CheckResult(res=true, why=WHITE_LISTED, logRecommended=true) for:  receiverUid: 1001 callerUid: 1000 action: android.net.wifi.STATE_CHANGE, caller: com.qualcomm.timeservice
01-07 03:09:43.777  2060  3084 I Xposed  : X-APM-S-4.1.5-VERBOSE-XAshmanService checkBroadcast returning: XAshmanServiceImpl.CheckResult(res=true, why=WHITE_LISTED, logRecommended=true) for:  receiverUid: 10012 callerUid: 1000 action: android.net.wifi.STATE_CHANGE, caller: com.qualcomm.timeservice
01-07 03:09:43.778  2060  3084 I Xposed  : X-APM-S-4.1.5-VERBOSE-XAshmanService checkBroadcast returning: XAshmanServiceImpl.CheckResult(res=true, why=WHITE_LISTED, logRecommended=true) for:  receiverUid: 1001 callerUid: 1000 action: android.net.wifi.STATE_CHANGE, caller: com.qualcomm.timeservice
01-07 03:09:43.780  2060  3084 I Xposed  : X-APM-S-4.1.5-VERBOSE-XAshmanService checkBroadcast returning: XAshmanServiceImpl.CheckResult(res=true, why=SAME_CALLER, logRecommended=true) for: com.qualcomm.timeservice receiverUid: 1000 callerUid: 1000 action: android.net.wifi.STATE_CHANGE, caller: com.qualcomm.timeservice
01-07 03:09:43.781  2060  3084 I Xposed  : X-APM-S-4.1.5-VERBOSE-XAshmanService checkBroadcast returning: XAshmanServiceImpl.CheckResult(res=true, why=SAME_CALLER, logRecommended=true) for: com.qualcomm.timeservice receiverUid: 1000 callerUid: 1000 action: android.net.wifi.STATE_CHANGE, caller: com.qualcomm.timeservice
01-07 03:09:43.782  2060  3084 I Xposed  : X-APM-S-4.1.5-VERBOSE-XAshmanService checkBroadcast returning: XAshmanServiceImpl.CheckResult(res=true, why=WHITE_LISTED, logRecommended=true) for:  receiverUid: 1001 callerUid: 1000 action: android.net.wifi.STATE_CHANGE, caller: com.qualcomm.timeservice
01-07 03:09:43.782  2060  3084 I Xposed  : X-APM-S-4.1.5-VERBOSE-XAshmanService checkBroadcast returning: XAshmanServiceImpl.CheckResult(res=true, why=WHITE_LISTED, logRecommended=true) for:  receiverUid: 10012 callerUid: 1000 action: android.net.wifi.STATE_CHANGE, caller: com.qualcomm.timeservice
01-07 03:09:43.783  2060  3084 I Xposed  : X-APM-S-4.1.5-VERBOSE-XAshmanService checkBroadcast returning: XAshmanServiceImpl.CheckResult(res=true, why=WHITE_LISTED, logRecommended=true) for:  receiverUid: 1001 callerUid: 1000 action: android.net.wifi.STATE_CHANGE, caller: com.qualcomm.timeservice
01-07 03:09:43.811  2060  3014 I Xposed  : X-APM-S-4.1.5-VERBOSE-checkBroadcastIntent: Intent { act=android.net.wifi.STATE_CHANGE flg=0x4000000 (has extras) }, callingUid 1000
01-07 03:09:43.815  2060  3084 I Xposed  : X-APM-S-4.1.5-VERBOSE-XAshmanService checkBroadcast returning: XAshmanServiceImpl.CheckResult(res=true, why=SAME_CALLER, logRecommended=true) for: com.qualcomm.timeservice receiverUid: 1000 callerUid: 1000 action: android.net.wifi.STATE_CHANGE, caller: com.qualcomm.timeservice
01-07 03:09:43.815  2060  3084 I Xposed  : X-APM-S-4.1.5-VERBOSE-XAshmanService checkBroadcast returning: XAshmanServiceImpl.CheckResult(res=true, why=SAME_CALLER, logRecommended=true) for: com.qualcomm.timeservice receiverUid: 1000 callerUid: 1000 action: android.net.wifi.STATE_CHANGE, caller: com.qualcomm.timeservice
01-07 03:09:43.815  2060  3084 I Xposed  : X-APM-S-4.1.5-VERBOSE-XAshmanService checkBroadcast returning: XAshmanServiceImpl.CheckResult(res=true, why=WHITE_LISTED, logRecommended=true) for:  receiverUid: 1001 callerUid: 1000 action: android.net.wifi.STATE_CHANGE, caller: com.qualcomm.timeservice
01-07 03:09:43.815  2060  3084 I Xposed  : X-APM-S-4.1.5-VERBOSE-XAshmanService checkBroadcast returning: XAshmanServiceImpl.CheckResult(res=true, why=WHITE_LISTED, logRecommended=true) for:  receiverUid: 10012 callerUid: 1000 action: android.net.wifi.STATE_CHANGE, caller: com.qualcomm.timeservice
01-07 03:09:43.815  2060  3084 I Xposed  : X-APM-S-4.1.5-VERBOSE-XAshmanService checkBroadcast returning: XAshmanServiceImpl.CheckResult(res=true, why=WHITE_LISTED, logRecommended=true) for:  receiverUid: 1001 callerUid: 1000 action: android.net.wifi.STATE_CHANGE, caller: com.qualcomm.timeservice
01-07 03:09:43.846  2060  3014 I Xposed  : X-APM-S-4.1.5-VERBOSE-checkBroadcastIntent: Intent { act=android.net.wifi.RSSI_CHANGED flg=0x4000000 (has extras) }, callingUid 1000
01-07 03:09:43.848  2060  3084 I Xposed  : X-APM-S-4.1.5-VERBOSE-XAshmanService checkBroadcast returning: XAshmanServiceImpl.CheckResult(res=true, why=WHITE_LISTED, logRecommended=true) for:  receiverUid: 10012 callerUid: 1000 action: android.net.wifi.RSSI_CHANGED, caller: com.qualcomm.timeservice
01-07 03:09:43.852  2060  3014 I Xposed  : X-APM-S-4.1.5-VERBOSE-checkBroadcastIntent: Intent { act=android.net.wifi.supplicant.STATE_CHANGE flg=0x24000000 (has extras) }, callingUid 1000
01-07 03:09:43.913  2060  3084 I Xposed  : X-APM-S-4.1.5-VERBOSE-XAshmanService checkService returning: XAshmanServiceImpl.CheckResult(res=true, why=SYSTEM_APP, logRecommended=true)for: Google Play , comp: ComponentInfo{com.google.android.gms/com.google.android.gms.config.ConfigService}, caller: com.google.android.inputmethod.latin
01-07 03:09:43.939  2060  4164 I Xposed  : X-APM-S-4.1.5-VERBOSE-checkBroadcastIntent: Intent { act=com.google.android.gms.gcm.ACTION_SCHEDULE pkg=com.google.android.gms (has extras) }, callingUid 10052
01-07 03:09:43.944  2060  3127 I Xposed  : X-APM-S-4.1.5-VERBOSE-checkBroadcastIntent: Intent { act=com.google.android.gms.gcm.ACTION_SCHEDULE pkg=com.google.android.gms (has extras) }, callingUid 10052
01-07 03:09:44.080  2060  3014 I Xposed  : X-APM-S-4.1.5-VERBOSE-checkBroadcastIntent: Intent { act=android.net.wifi.STATE_CHANGE flg=0x4000000 (has extras) }, callingUid 1000
01-07 03:09:44.081  2060  3084 I Xposed  : X-APM-S-4.1.5-VERBOSE-XAshmanService checkBroadcast returning: XAshmanServiceImpl.CheckResult(res=true, why=SAME_CALLER, logRecommended=true) for: com.qualcomm.timeservice receiverUid: 1000 callerUid: 1000 action: android.net.wifi.STATE_CHANGE, caller: com.qualcomm.timeservice
01-07 03:09:44.082  2060  3084 I Xposed  : X-APM-S-4.1.5-VERBOSE-XAshmanService checkBroadcast returning: XAshmanServiceImpl.CheckResult(res=true, why=SAME_CALLER, logRecommended=true) for: com.qualcomm.timeservice receiverUid: 1000 callerUid: 1000 action: android.net.wifi.STATE_CHANGE, caller: com.qualcomm.timeservice
01-07 03:09:44.083  2060  3084 I Xposed  : X-APM-S-4.1.5-VERBOSE-XAshmanService checkBroadcast returning: XAshmanServiceImpl.CheckResult(res=true, why=WHITE_LISTED, logRecommended=true) for:  receiverUid: 1001 callerUid: 1000 action: android.net.wifi.STATE_CHANGE, caller: com.qualcomm.timeservice
01-07 03:09:44.085  2060  3084 I Xposed  : X-APM-S-4.1.5-VERBOSE-XAshmanService checkBroadcast returning: XAshmanServiceImpl.CheckResult(res=true, why=WHITE_LISTED, logRecommended=true) for:  receiverUid: 10012 callerUid: 1000 action: android.net.wifi.STATE_CHANGE, caller: com.qualcomm.timeservice
01-07 03:09:44.085  2060  3084 I Xposed  : X-APM-S-4.1.5-VERBOSE-XAshmanService checkBroadcast returning: XAshmanServiceImpl.CheckResult(res=true, why=WHITE_LISTED, logRecommended=true) for:  receiverUid: 1001 callerUid: 1000 action: android.net.wifi.STATE_CHANGE, caller: com.qualcomm.timeservice
01-07 03:09:44.101  2060  3014 I Xposed  : X-APM-S-4.1.5-VERBOSE-checkBroadcastIntent: Intent { act=android.net.wifi.RSSI_CHANGED flg=0x4000000 (has extras) }, callingUid 1000
01-07 03:09:44.102  2060  3084 I Xposed  : X-APM-S-4.1.5-VERBOSE-XAshmanService checkBroadcast returning: XAshmanServiceImpl.CheckResult(res=true, why=WHITE_LISTED, logRecommended=true) for:  receiverUid: 10012 callerUid: 1000 action: android.net.wifi.RSSI_CHANGED, caller: com.qualcomm.timeservice
01-07 03:09:44.103  2060  3014 I Xposed  : X-APM-S-4.1.5-VERBOSE-checkBroadcastIntent: Intent { act=android.net.wifi.STATE_CHANGE flg=0x4000000 (has extras) }, callingUid 1000
01-07 03:09:44.106  2060  3084 I Xposed  : X-APM-S-4.1.5-VERBOSE-XAshmanService checkBroadcast returning: XAshmanServiceImpl.CheckResult(res=true, why=SAME_CALLER, logRecommended=true) for: com.qualcomm.timeservice receiverUid: 1000 callerUid: 1000 action: android.net.wifi.STATE_CHANGE, caller: com.qualcomm.timeservice
01-07 03:09:44.106  2060  3084 I Xposed  : X-APM-S-4.1.5-VERBOSE-XAshmanService checkBroadcast returning: XAshmanServiceImpl.CheckResult(res=true, why=SAME_CALLER, logRecommended=true) for: com.qualcomm.timeservice receiverUid: 1000 callerUid: 1000 action: android.net.wifi.STATE_CHANGE, caller: com.qualcomm.timeservice
01-07 03:09:44.106  2060  3084 I Xposed  : X-APM-S-4.1.5-VERBOSE-XAshmanService checkBroadcast returning: XAshmanServiceImpl.CheckResult(res=true, why=WHITE_LISTED, logRecommended=true) for:  receiverUid: 1001 callerUid: 1000 action: android.net.wifi.STATE_CHANGE, caller: com.qualcomm.timeservice
01-07 03:09:44.106  2060  3084 I Xposed  : X-APM-S-4.1.5-VERBOSE-XAshmanService checkBroadcast returning: XAshmanServiceImpl.CheckResult(res=true, why=WHITE_LISTED, logRecommended=true) for:  receiverUid: 10012 callerUid: 1000 action: android.net.wifi.STATE_CHANGE, caller: com.qualcomm.timeservice
01-07 03:09:44.106  2060  3084 I Xposed  : X-APM-S-4.1.5-VERBOSE-XAshmanService checkBroadcast returning: XAshmanServiceImpl.CheckResult(res=true, why=WHITE_LISTED, logRecommended=true) for:  receiverUid: 1001 callerUid: 1000 action: android.net.wifi.STATE_CHANGE, caller: com.qualcomm.timeservice
01-07 03:09:44.108  2060  3014 I Xposed  : X-APM-S-4.1.5-VERBOSE-checkBroadcastIntent: Intent { act=android.net.wifi.CONFIGURED_NETWORKS_CHANGE flg=0x4000000 (has extras) }, callingUid 1000
01-07 03:09:44.125  2060  3014 I Xposed  : X-APM-S-4.1.5-VERBOSE-checkBroadcastIntent: Intent { act=android.net.wifi.STATE_CHANGE flg=0x4000000 (has extras) }, callingUid 1000
