04-30 11:19:08.743 11166 11404 I BrcmNfcNfa: nfa_dm_evt_hdlr event: NFA_DM_API_START_RF_DISCOVERY_EVT (0x0f)
04-30 11:19:08.743 11166 11404 I BrcmNfcNfa: nfa_dm_act_start_rf_discovery ()
04-30 11:19:08.743 11166 11404 I BrcmNfcNfa: nfa_dm_start_rf_discover (): enter
04-30 11:19:08.743 11166 11404 I BrcmNfcNfa: nfa_ee_get_tech_route(): power state : 1
04-30 11:19:08.743 11166 11404 I BrcmNfcNfa: TechA route: 0x0, TechB route: 0x0, TechF route: 0x0, TechB' route: 0x0
04-30 11:19:08.743 11166 11404 I BrcmNfcNfa: requested_disc_mask = 0x140000, xx=0
04-30 11:19:08.743 11166 11404 I BrcmNfcNfa: poll_mask=0x0 listen_mask=0x0
04-30 11:19:08.743 11166 11404 I BrcmNfcNfa: listen_mask value after NFC-A = 0x40000
04-30 11:19:08.743 11166 11404 I BrcmNfcNfa: listen_mask value after NFC-B = 0x140000
04-30 11:19:08.743 11166 11404 I BrcmNfcNfa: listen_mask value after NFC-F = 0x140000
04-30 11:19:08.743 11166 11404 I BrcmNfcNfa: listen_mask value after NFC-B Prime = 0x140000
04-30 11:19:08.743 11166 11404 I BrcmNfcNfa: dm_disc_mask = 0x0
04-30 11:19:08.743 11166 11404 I BrcmNfcNfa: listen_mask value after T1T and T2T = 0x140000
04-30 11:19:08.743 11166 11404 I BrcmNfcNfa: listen_mask value after NFC-DEP = 0x140000
04-30 11:19:08.743 11166 11404 I BrcmNfcNfa: nfa_dm_cb.disc_cb.entry[0].selected_disc_mask = 0x140000
04-30 11:19:08.743 11166 11404 I BrcmNfcNfa: selected dm_disc_mask 0x140000 for entry[0]
04-30 11:19:08.743 11166 11404 I BrcmNfcNfa: requested_disc_mask = 0xc400000, xx=2
04-30 11:19:08.743 11166 11404 I BrcmNfcNfa: poll_mask=0x0 listen_mask=0x0
04-30 11:19:08.743 11166 11404 I BrcmNfcNfa: listen_mask value after NFC-A = 0x4000000
04-30 11:19:08.743 11166 11404 I BrcmNfcNfa: listen_mask value after NFC-B = 0x4000000
04-30 11:19:08.743 11166 11404 I BrcmNfcNfa: listen_mask value after NFC-F = 0xc400000
04-30 11:19:08.743 11166 11404 I BrcmNfcNfa: listen_mask value after NFC-B Prime = 0xc400000
04-30 11:19:08.743 11166 11404 I BrcmNfcNfa: dm_disc_mask = 0x140000
04-30 11:19:08.743 11166 11404 I BrcmNfcNfa: listen_mask value after T1T and T2T = 0xc400000
04-30 11:19:08.743 11166 11404 I BrcmNfcNfa: listen_mask value after NFC-DEP = 0xc400000
04-30 11:19:08.743 11166 11404 I BrcmNfcNfa: nfa_dm_cb.disc_cb.entry[2].selected_disc_mask = 0xc400000
04-30 11:19:08.743 11166 11404 I BrcmNfcNfa: selected dm_disc_mask 0xC540000 for entry[2]
04-30 11:19:08.743 11166 11404 I BrcmNfcNfa: dm_disc_mask calculated finally for discovery: 0xC540000
04-30 11:19:08.743 11166 11404 D NfcAdaptation: find found NXP_FWD_FUNCTIONALITY_ENABLE=(0x1)
04-30 11:19:08.743 11166 11404 D NfcAdaptation: find found HOST_LISTEN_TECH_MASK=(0x7)
04-30 11:19:08.743 11166 11404 I BrcmNfcNfa: nfa_dm_start_rf_discover:HOST_LISTEN_TECH_MASK = 0x07;
04-30 11:19:08.743 11166 11404 D NfcAdaptation: find found UICC_LISTEN_TECH_MASK=(0x7)
04-30 11:19:08.743 11166 11404 I BrcmNfcNfa: nfa_dm_start_rf_discover:UICC_LISTEN_TECH_MASK = 0x07;
04-30 11:19:08.743 11166 11404 D NfcAdaptation: find found P2P_LISTEN_TECH_MASK=(0xC4)
04-30 11:19:08.743 11166 11404 I BrcmNfcNfa: nfa_dm_start_rf_discover:P2P_LISTEN_TECH_MASK = 0x0C4;
04-30 11:19:08.743 11166 11404 I BrcmNfcNfa: nfa_ee_find_ecb ()
04-30 11:19:08.743 11166 11404 I BrcmNfcNfa: supported tech list is 0x00 for given nfcee_id: 0x2 
04-30 11:19:08.743 11166 11404 I BrcmNfcNfa: nfa_p2p_set_config ()
04-30 11:19:08.743 11166 11404 I BrcmNfcNfa: LLCP_GetDiscoveryConfig ()
04-30 11:19:08.743 11166 11404 I BrcmNfcNfa: nfa_dm_check_set_config () tlv_len=25
04-30 11:19:08.743 11166 11404 I BrcmNfcNfa: dm_disc_mask before masking = 0xc540000
04-30 11:19:08.743 11166 11404 I BrcmNfcNfa: dm_disc_mask after masking = 0xc540000
04-30 11:19:08.743 11166 11404 I BrcmNfcNfa: nfa_dm_get_rf_discover_config : dm_disc_mask = 0x0C540000
04-30 11:19:08.743 11166 11404 I BrcmNfcNfa: nfa_dm_set_listen_mode_set_configs : tech_proto_mask = 0x0C540000
04-30 11:19:08.743 11166 11404 D NfcAdaptation: find found HOST_LISTEN_TECH_MASK=(0x7)
04-30 11:19:08.743 11166 11404 I BrcmNfcNfa: nfa_dm_set_listen_mode_set_configs : HOST_LISTEN_TECH_MASK = 0x07;
04-30 11:19:08.743 11166 11404 I BrcmNfcNfa: nfa_dm_set_listen_mode_set_configs : LA_SEL_INFO = 0x20;
04-30 11:19:08.743 11166 11404 I BrcmNfcNfa: nfa_dm_set_listen_mode_set_configs : LB_SENSB_INFO = 0x1;
04-30 11:19:08.743 11166 11404 I BrcmNfcNfa: nfa_dm_set_listen_mode_set_configs : LF_PROTOCOL_TYPE = 0x2;
04-30 11:19:08.743 11166 11404 I BrcmNfcNfa: nfa_dm_check_set_config () tlv_len=9
04-30 11:19:08.743 11166 11404 I BrcmNfcNfa: nfa_dm_check_set_config () updated_len=6
04-30 11:19:08.743 11166 11404 I BrcmNfcNfa: nfc_ncif_send_cmd()
04-30 11:19:08.743 11166 11404 I BrcmNfcNfa: nfc_ncif_check_cmd_queue : Writing to HAL...
04-30 11:19:08.743 11166 11404 I BrcmNfcNfa: nfc_ncif_check_cmd_queue : cmd_size:7
04-30 11:19:08.743 11166 11404 D NfcAdaptation: NfcAdaptation::HalWrite
04-30 11:19:08.743  1109 11452 D NxpTml  : PN54X - Read requested.....
04-30 11:19:08.743  1109 11452 D NxpTml  : PN54X - Invoking I2C Read.....
04-30 11:19:08.743  1109  1109 D NxpExtns: find found MIFARE_READER_ENABLE=(0x1)
04-30 11:19:08.743  1109 11453 D NxpTml  : PN54X - Write requested.....
04-30 11:19:08.743  1109 11453 D NxpTml  : PN54X - Invoking I2C Write.....
04-30 11:19:08.745  1109 11453 D NxpNciX : len =  10 => 20020702320120380101
04-30 11:19:08.745  1109 11453 D NxpTml  : PN54X - I2C Write successful.....
04-30 11:19:08.745  1109 11453 D NxpTml  : PN54X - Posting Fresh Write message.....
04-30 11:19:08.745  1109 11453 D NxpTml  : PN54X - Tml Writer Thread Running................
04-30 11:19:08.745  1109 11455 D NxpHal  : write successful status = 0x0
04-30 11:19:08.746 11166 11404 I BrcmNfcNfa: nfa_dm_set_total_duration ()
04-30 11:19:08.746 11166 11404 I BrcmNfcNfa: nfa_dm_check_set_config () tlv_len=4
04-30 11:19:08.746 11166 11404 I BrcmNfcNfa: NFC_DiscoveryStart
04-30 11:19:08.746 11166 11404 I BrcmNfcNfa: NFC_DiscoveryStart status: 0xe3
04-30 11:19:08.747  1109 11452 D NxpTml  : PN54X - I2C Read successful.....len = 5
04-30 11:19:08.747  1109 11452 D NxpTml  : PN54X - Posting read message.....
04-30 11:19:08.747  1109 11452 D NxpNciR : len =   5 <= 4002020000
04-30 11:19:08.747  1109 11455 D NxpHal  : read successful status = 0x0
04-30 11:19:08.747  1109 11455 D NxpHal  : phNxpNciHal_print_res_status: response status =STATUS_OK
04-30 11:19:08.747 11166 11404 I BrcmNfcNfa: NFC received rsp gid:0
04-30 11:19:08.747 11166 11404 I BrcmNfcNfa: nci_proc_core_rsp opcode:0x2
04-30 11:19:08.747 11166 11404 I BrcmNfcNfa: nfa_dm_nfc_response_cback () NFC_SET_CONFIG_REVT(0x5002)
04-30 11:19:08.747 11166 11404 D NfcAdaptation: NfcAdaptation::HalPrediscover
04-30 11:19:08.748 11166 11404 I BrcmNfcNfa: nfc_ncif_send_cmd()
04-30 11:19:08.748 11166 11404 I BrcmNfcNfa: nfc_ncif_check_cmd_queue : Writing to HAL...
04-30 11:19:08.748 11166 11404 I BrcmNfcNfa: nfc_ncif_check_cmd_queue : cmd_size:11
04-30 11:19:08.748 11166 11404 D NfcAdaptation: NfcAdaptation::HalWrite
04-30 11:19:08.748  1109  1109 D NxpExtns: find found MIFARE_READER_ENABLE=(0x1)
04-30 11:19:08.748  1109  1109 D NxpHal  : > Polling Loop Started
04-30 11:19:08.748  1109 11453 D NxpTml  : PN54X - Write requested.....
04-30 11:19:08.748  1109 11453 D NxpTml  : PN54X - Invoking I2C Write.....
04-30 11:19:08.748  1109 11452 D NxpTml  : PN54X - Read requested.....
04-30 11:19:08.748  1109 11452 D NxpTml  : PN54X - Invoking I2C Read.....
04-30 11:19:08.755  1109 11453 D NxpNciX : len =  14 => 21030B0580018101820183018501
04-30 11:19:08.755  1109 11453 D NxpTml  : PN54X - I2C Write successful.....
04-30 11:19:08.755  1109 11453 D NxpTml  : PN54X - Posting Fresh Write message.....
04-30 11:19:08.755  1109 11453 D NxpTml  : PN54X - Tml Writer Thread Running................
04-30 11:19:08.755  1109 11455 D NxpHal  : write successful status = 0x0
04-30 11:19:08.758  1109 11452 D NxpTml  : PN54X - I2C Read successful.....len = 4
04-30 11:19:08.758  1109 11452 D NxpTml  : PN54X - Posting read message.....
04-30 11:19:08.758  1109 11452 D NxpNciR : len =   4 <= 41030100
04-30 11:19:08.758  1109 11455 D NxpHal  : read successful status = 0x0
04-30 11:19:08.758 11166 11404 I BrcmNfcNfa: NFC received rsp gid:1
04-30 11:19:08.758 11166 11404 I BrcmNfcNfa: returning true
04-30 11:19:08.758 11166 11404 I BrcmNfcNfa: nfa_dm_disc_discovery_cback (): event:0x4000
04-30 11:19:08.758 11166 11404 I BrcmNfcNfa: nfa_dm_disc_sm_execute (): state: IDLE (0), event: DISCOVER_RSP(1) disc_flags: 0x31
04-30 11:19:08.758 11166 11404 I BrcmNfcNfa: nfa_dm_disc_new_state (): old_state: IDLE (0), new_state: DISCOVERY (1) disc_flags: 0x11
04-30 11:19:08.758 11166 11404 D BrcmNfcJni: nfaConnectionCallback: Connection Event = 30
04-30 11:19:08.758 11166 11404 D BrcmNfcJni: nfaConnectionCallback: NFA_RF_DISCOVERY_STARTED_EVT: status = 0x0
04-30 11:19:08.758 11166 11404 I BrcmNfcNfa: nfa_dm_disc_sm_execute (): new state: DISCOVERY (1), disc_flags: 0x1
04-30 11:19:08.758 11166 11166 D BrcmNfcJni: startRfDiscovery: is exit=1
04-30 11:19:08.758 11166 11166 D BrcmNfcJni: releaseRfInterfaceMutexLock: sRfInterfaceMutex unlock
04-30 11:19:08.758 11166 11166 D BrcmNfcJni: transactionEnd: Transaction ended : setScreenState 
04-30 11:19:08.758  1109 11452 D NxpTml  : PN54X - Read requested.....
04-30 11:19:08.758  1109 11452 D NxpTml  : PN54X - Invoking I2C Read.....
04-30 11:19:08.765 13969 13969 D X-APM-S-: updateConfiguration: com.motorola.motodisplay-544--2147483648
04-30 11:19:08.766 11166 14029 D BrcmNfcJni: Inside transactionAbortTimerCb
04-30 11:19:08.766 11166 14029 D BrcmNfcJni: lastRequestResume
04-30 11:19:08.766 11166 14030 D BrcmNfcJni: enableThread: enter
04-30 11:19:08.766 11166 14030 D BrcmNfcJni: get_lastScreenStateRequest: 0
04-30 11:19:08.766 11166 14030 D BrcmNfcJni: transactionTerminate: Enter. Requested by : exec_pending_req 
04-30 11:19:08.766 11166 14030 D BrcmNfcJni: transactionTerminate: Transaction terminated : exec_pending_req 
04-30 11:19:08.766 11166 14030 D BrcmNfcJni: No request pending
04-30 11:19:08.766 11166 14030 D BrcmNfcJni: send the last request enable
04-30 11:19:08.766 11166 14030 D BrcmNfcJni: transactionAttempt: Transaction attempted : enableDiscovery when barrier is: 1
04-30 11:19:08.766 11166 14030 D BrcmNfcJni: transactionLiveLockable: Performing check for long duration transaction
04-30 11:19:08.766 11166 14030 D BrcmNfcJni: transactionAttempt: Transaction granted : enableDiscovery 
04-30 11:19:08.766 11166 14030 D BrcmNfcJni: transactionAttempt: Transaction granted : enableDiscovery and barrier is: 0
04-30 11:19:08.766 11166 14030 D BrcmNfcJni: nfcManager_enableDiscovery: enter; tech_mask = 01
04-30 11:19:08.766 11166 14030 D BrcmNfcJni: nfcManager_enableDiscovery: sIsSecElemSelected=0
04-30 11:19:08.766 11166 14030 D BrcmNfcJni: acquireRfInterfaceMutexLock: try to acquire lock
04-30 11:19:08.766 11166 14030 D BrcmNfcJni: acquireRfInterfaceMutexLock: sRfInterfaceMutex lock
04-30 11:19:08.767 11166 14030 D BrcmNfcJni: PowerSwitch::setLevel: level=PS-FULL (1)
04-30 11:19:08.767 11166 14030 D BrcmNfcJni: startRfDiscovery: is start=0
04-30 11:19:08.768 13969 13974 I zygote64: Do partial code cache collection, code=38KB, data=44KB
04-30 11:19:08.768 11166 14030 I BrcmNfcNfa: NFA_StopRfDiscovery ()
04-30 11:19:08.768 11166 11404 I BrcmNfcNfa: NFA got event 0x0110
04-30 11:19:08.768 11166 11404 I BrcmNfcNfa: nfa_dm_evt_hdlr event: NFA_DM_API_STOP_RF_DISCOVERY_EVT (0x10)
04-30 11:19:08.768 11166 11404 I BrcmNfcNfa: nfa_dm_act_stop_rf_discovery ()
04-30 11:19:08.768 11166 11404 I BrcmNfcNfa: nfa_dm_rf_deactivate () deactivate_type:0x0
04-30 11:19:08.768 11166 11404 I BrcmNfcNfa: nfa_dm_disc_sm_execute (): state: DISCOVERY (1), event: DEACTIVATE_CMD(6) disc_flags: 0x2
04-30 11:19:08.768 11166 11404 I BrcmNfcNfa: NFC_Deactivate 4 (IDLE) deactivate_type:0
04-30 11:19:08.768 11166 11404 I BrcmNfcNfa: nfc_ncif_send_cmd()
04-30 11:19:08.768 11166 11404 I BrcmNfcNfa: nfc_ncif_check_cmd_queue : Writing to HAL...
04-30 11:19:08.768 11166 11404 I BrcmNfcNfa: nfc_ncif_check_cmd_queue : cmd_size:1
04-30 11:19:08.768 13969 13974 I zygote64: After code cache collection, code=38KB, data=44KB
04-30 11:19:08.768 13969 13974 I zygote64: Increasing code cache capacity to 256KB
04-30 11:19:08.768 11166 11404 D NfcAdaptation: NfcAdaptation::HalWrite
04-30 11:19:08.768  1109  1109 D NxpExtns: find found MIFARE_READER_ENABLE=(0x1)
04-30 11:19:08.768  1109 11453 D NxpTml  : PN54X - Write requested.....
04-30 11:19:08.768  1109 11453 D NxpTml  : PN54X - Invoking I2C Write.....
04-30 11:19:08.768 13969 13974 I zygote64: Compiler allocated 8MB to compile void android.widget.TextView.<init>(android.content.Context, android.util.AttributeSet, int, int)
04-30 11:19:08.769  1109 11453 D NxpNciX : len =   4 => 21060100
04-30 11:19:08.769  1109 11453 D NxpTml  : PN54X - I2C Write successful.....
04-30 11:19:08.769  1109 11453 D NxpTml  : PN54X - Posting Fresh Write message.....
04-30 11:19:08.769  1109 11453 D NxpTml  : PN54X - Tml Writer Thread Running................
04-30 11:19:08.769  1109 11455 D NxpHal  : write successful status = 0x0
04-30 11:19:08.770 11166 11404 I BrcmNfcNfa: nfa_dm_disc_sm_execute (): new state: DISCOVERY (1), disc_flags: 0x22
04-30 11:19:08.770 11166 11404 I BrcmNfcNfa: nfa_sys_ptim_stop_timer 715b6530
04-30 11:19:08.770 11166 11404 I BrcmNfcNfa: ptim timer stop
04-30 11:19:08.770 11166 11404 I BrcmNfcNfa: Stopped presence check timer (if started)
04-30 11:19:08.772  1109 11452 D NxpTml  : PN54X - I2C Read successful.....len = 4
04-30 11:19:08.772  1109 11452 D NxpTml  : PN54X - Posting read message.....
04-30 11:19:08.772  1109 11452 D NxpNciR : len =   4 <= 41060100
04-30 11:19:08.772  1109 11455 D NxpHal  : read successful status = 0x0
04-30 11:19:08.773 11166 11404 I BrcmNfcNfa: NFC received rsp gid:1
04-30 11:19:08.773 11166 11404 I BrcmNfcNfa: P2P_Prio_Logic
04-30 11:19:08.773 11166 11404 I BrcmNfcNfa: nfa_dm_p2p_prio_logic event_type = 0x1
04-30 11:19:08.773 11166 11404 I BrcmNfcNfa: returning true
04-30 11:19:08.773 11166 11404 I BrcmNfcNfa: nfc_set_state 4 (IDLE)->4 (IDLE)
04-30 11:19:08.773 11166 11404 I BrcmNfcNfa: nfa_dm_disc_data_cback ()
04-30 11:19:08.773 11166 11404 I BrcmNfcNfa: nfa_dm_disc_discovery_cback (): event:0x4005
04-30 11:19:08.773 11166 11404 I BrcmNfcNfa: nfa_dm_disc_sm_execute (): state: DISCOVERY (1), event: DEACTIVATE_RSP(7) disc_flags: 0x22
04-30 11:19:08.773 11166 11404 I BrcmNfcNfa: nfa_dm_disc_new_state (): old_state: DISCOVERY (1), new_state: IDLE (0) disc_flags: 0x2
04-30 11:19:08.773 11166 11404 D BrcmNfcJni: nfaConnectionCallback: Connection Event = 31
04-30 11:19:08.773 11166 11404 D BrcmNfcJni: nfaConnectionCallback: NFA_RF_DISCOVERY_STOPPED_EVT: status = 0x0
04-30 11:19:08.773 11166 11404 D BrcmNfcJni: notifyPollingEventwhileNfcOff: sDiscCmdwhleNfcOff=0
04-30 11:19:08.773 11166 11404 D BrcmNfcJni: getReconnectState = 0x0
04-30 11:19:08.773 11166 11404 I BrcmNfcNfa: nfa_dm_start_rf_discover (): enter
04-30 11:19:08.773 11166 11404 I BrcmNfcNfa: nfa_dm_start_rf_discover (): return
04-30 11:19:08.773 11166 11404 I BrcmNfcNfa: nfa_dm_disc_sm_execute (): new state: IDLE (0), disc_flags: 0x0
04-30 11:19:08.773  1109 11452 D NxpTml  : PN54X - Read requested.....
04-30 11:19:08.773  1109 11452 D NxpTml  : PN54X - Invoking I2C Read.....
04-30 11:19:08.774 11166 14030 D BrcmNfcJni: startRfDiscovery: is exit=0
04-30 11:19:08.774 11166 14030 D NfcAdaptation: find found UICC_LISTEN_TECH_MASK=(0x7)
04-30 11:19:08.774 11166 14030 D BrcmNfcJni: nfcManager_enableDiscovery:UICC_LISTEN_MASK=0x07;
04-30 11:19:08.774 11166 14030 D BrcmNfcJni: nfcManager_enableDiscovery: Disable p2pListening
04-30 11:19:08.774 11166 14030 D BrcmNfcJni: PeerToPeer::enableP2pListening: enter isEnable: 0  mIsP2pListening: 1
04-30 11:19:08.774 11166 14030 I BrcmNfcNfa: NFA_P2pSetListenTech (): tech_mask:0x0
04-30 11:19:08.774 11166 11404 I BrcmNfcNfa: NFA got event 0x010E
04-30 11:19:08.774 11166 11404 I BrcmNfcNfa: nfa_dm_evt_hdlr event: NFA_DM_API_SET_P2P_LISTEN_TECH_EVT (0x0e)
04-30 11:19:08.774 11166 11404 I BrcmNfcNfa: nfa_dm_set_p2p_listen_tech ()  tech_mask = 0
04-30 11:19:08.774 11166 11404 I BrcmNfcNfa: nfa_p2p_update_listen_tech ()  tech_mask = 0x0
04-30 11:19:08.774 11166 11404 I BrcmNfcNfa: nfa_dm_delete_rf_discover () handle=0x2
04-30 11:19:08.774 11166 11404 I BrcmNfcNfa: nfa_p2p_enable_listening () sys_id = 3, update_wks = 0
04-30 11:19:08.774 11166 11404 D BrcmNfcJni: nfaConnectionCallback: Connection Event = 33
04-30 11:19:08.774 11166 11404 D BrcmNfcJni: nfaConnectionCallback: NFA_SET_P2P_LISTEN_TECH_EVT
04-30 11:19:08.774 11166 14030 D BrcmNfcJni: PeerToPeer::enableP2pListening: exit; mIsP2pListening: 0
04-30 11:19:08.774 11166 14030 D BrcmNfcJni: stopPolling_rfDiscoveryDisabled: disable polling
04-30 11:19:08.774 11166 14030 I BrcmNfcNfa: NFA_DisablePolling ()
04-30 11:19:08.775 11166 11404 I BrcmNfcNfa: NFA got event 0x0107
04-30 11:19:08.775 11166 11404 I BrcmNfcNfa: nfa_dm_evt_hdlr event: NFA_DM_API_DISABLE_POLLING_EVT (0x07)
04-30 11:19:08.775 11166 11404 I BrcmNfcNfa: nfa_dm_act_disable_polling ()
04-30 11:19:08.775 11166 11404 D BrcmNfcJni: nfaConnectionCallback: Connection Event = 1
04-30 11:19:08.775 11166 11404 D BrcmNfcJni: nfaConnectionCallback: NFA_POLL_DISABLED_EVT: status = 0x3
04-30 11:19:08.775 11166 14030 D BrcmNfcJni: startPolling_rfDiscoveryDisabled: enable polling
04-30 11:19:08.775 11166 14030 I BrcmNfcNfa: NFA_EnablePolling () 0x1
04-30 11:19:08.775 11166 14030 D BrcmNfcJni: startPolling_rfDiscoveryDisabled: wait for enable event
04-30 11:19:08.775 11166 11404 I BrcmNfcNfa: NFA got event 0x0106
04-30 11:19:08.775 11166 11404 I BrcmNfcNfa: nfa_dm_evt_hdlr event: NFA_DM_API_ENABLE_POLLING_EVT (0x06)
04-30 11:19:08.775 11166 11404 I BrcmNfcNfa: nfa_dm_act_enable_polling ()
04-30 11:19:08.775 11166 11404 I BrcmNfcNfa: nfa_dm_start_polling ()
04-30 11:19:08.775 11166 11404 I BrcmNfcNfa: nfa_dm_add_rf_discover ():host_id=0x0 disc_mask=0x200f
04-30 11:19:08.775 11166 11404 I BrcmNfcNfa: nfa_dm_add_rf_discover ():disc_mask=0x200f, cback entry:[1]
04-30 11:19:08.775 11166 11404 D BrcmNfcJni: nfaConnectionCallback: Connection Event = 0
04-30 11:19:08.775 11166 11404 D BrcmNfcJni: nfaConnectionCallback: NFA_POLL_ENABLED_EVT: status = 0x0
04-30 11:19:08.776 11166 14030 D BrcmNfcJni: nfcManager_enableDiscovery: Enable p2pListening
04-30 11:19:08.776 11166 14030 D BrcmNfcJni: PeerToPeer::enableP2pListening: enter isEnable: 0  mIsP2pListening: 0
04-30 11:19:08.776 11166 14030 D BrcmNfcJni: PeerToPeer::enableP2pListening: exit; mIsP2pListening: 0
04-30 11:19:08.776 11166 14030 I BrcmNfcNfa: NFA_PauseP2p ()
04-30 11:19:08.776 11166 14030 D BrcmNfcJni: nfcManager_enableDiscovery: restart UICC listen mode (07)
04-30 11:19:08.776 11166 14030 D BrcmNfcJni: SecureElement::getEseHandleFromGenericId: enter; ESE-ID = 0x02
04-30 11:19:08.776 11166 14030 D BrcmNfcJni: SecureElement::getEseHandleFromGenericId: enter; ESE-Handle = 0x402
04-30 11:19:08.776 11166 14030 I BrcmNfcNfa: NFA_CeConfigureUiccListenTech () ee_handle = 0x402 tech_mask = 0x0
04-30 11:19:08.777 12175 13659 I ProcessCheckinRequest: Setting cookie as: NID=129=fjfwOzgQJandAgPdFVHGrxWA1uWXmO4PXpU706Z9FjcTMbr0Qn1S5p6VX2YQRG45AqVtBA8K9e1KwTmvObOxHmBphiSXP2WSePr4aQMEsmhe_dTP8zCSCsbFz52J6Oaq
04-30 11:19:08.777 11166 11404 I BrcmNfcNfa: NFA got event 0x010B
04-30 11:19:08.777 11166 11404 I BrcmNfcNfa: nfa_dm_evt_hdlr event: NFA_DM_API_PAUSE_P2P_EVT (0x0b)
04-30 11:19:08.777 11166 11404 I BrcmNfcNfa: nfa_dm_act_pause_p2p ()
04-30 11:19:08.777 11166 11404 D BrcmNfcJni: nfaConnectionCallback: Connection Event = 38
04-30 11:19:08.777 11166 11404 E BrcmNfcJni: nfaConnectionCallback: unknown event ????
04-30 11:19:08.777 11166 11404 I BrcmNfcNfa: NFA got event 0x0602
04-30 11:19:08.777 11166 11404 I BrcmNfcNfa: nfa_ce_handle_event event: NFA_CE_API_DEREG_LISTEN_EVT (0x602), flags: 00000000
04-30 11:19:08.777 11166 11404 I BrcmNfcNfa: NFA_CE: removing listen_info entry 2
04-30 11:19:08.777 11166 11404 D BrcmNfcJni: nfaConnectionCallback: Connection Event = 29
04-30 11:19:08.777 11166 11404 D BrcmNfcJni: nfaConnectionCallback: NFA_CE_UICC_LISTEN_CONFIGURED_EVT : status = 0x0
04-30 11:19:08.778 11166 14030 I BrcmNfcNfa: NFA_CeConfigureUiccListenTech () ee_handle = 0x402 tech_mask = 0x7
04-30 11:19:08.778 10170 10170 I chatty  : uid=1000 system_server expire 45 lines
04-30 11:19:08.778 11166 11404 I BrcmNfcNfa: NFA got event 0x0601
04-30 11:19:08.778 11166 11404 I BrcmNfcNfa: nfa_ce_handle_event event: NFA_CE_API_REG_LISTEN_EVT (0x601), flags: 00000000
04-30 11:19:08.778 11166 11404 I BrcmNfcNfa: nfa_ce_api_reg_listen ():Registering UICC/ESE/Felica/Type-4 tag listener. Type=3
04-30 11:19:08.778 11166 11404 I BrcmNfcNfa: nfa_ce_api_reg_listen ():found free entry listen_info_idx = 2
04-30 11:19:08.778 11166 11404 I BrcmNfcNfa: NFA_CE: adding listen_info entry 2
04-30 11:19:08.778 11166 11404 I BrcmNfcNfa: nfa_ce_start_listening(): enter
04-30 11:19:08.778 11166 11404 E BrcmNfcNfa: UICC/ESE[0x402] is not activated
04-30 11:19:08.778 11166 11404 I BrcmNfcNfa: nfa_ce_start_listening(): exit
04-30 11:19:08.778 11166 11404 D BrcmNfcJni: nfaConnectionCallback: Connection Event = 29
04-30 11:19:08.778 11166 11404 D BrcmNfcJni: nfaConnectionCallback: NFA_CE_UICC_LISTEN_CONFIGURED_EVT : status = 0x0
04-30 11:19:08.778 11166 14030 D BrcmNfcJni: startRfDiscovery: is start=1
04-30 11:19:08.778 11166 14030 I BrcmNfcNfa: NFA_StartRfDiscovery ()
04-30 11:19:08.778 11166 11404 I BrcmNfcNfa: NFA got event 0x010F
04-30 11:19:08.778 11166 11404 I BrcmNfcNfa: nfa_dm_evt_hdlr event: NFA_DM_API_START_RF_DISCOVERY_EVT (0x0f)
04-30 11:19:08.778 11166 11404 I BrcmNfcNfa: nfa_dm_act_start_rf_discovery ()
04-30 11:19:08.778 11166 11404 I BrcmNfcNfa: nfa_dm_start_rf_discover (): enter
04-30 11:19:08.778 11166 11404 I BrcmNfcNfa: nfa_ee_get_tech_route(): power state : 1
04-30 11:19:08.779 11166 11404 I BrcmNfcNfa: TechA route: 0x0, TechB route: 0x0, TechF route: 0x0, TechB' route: 0x0
04-30 11:19:08.779 11166 11404 I BrcmNfcNfa: requested_disc_mask = 0x140000, xx=0
04-30 11:19:08.779 11166 11404 I BrcmNfcNfa: poll_mask=0x0 listen_mask=0x0
04-30 11:19:08.779 11166 11404 I BrcmNfcNfa: listen_mask value after NFC-A = 0x40000
04-30 11:19:08.779 11166 11404 I BrcmNfcNfa: listen_mask value after NFC-B = 0x140000
04-30 11:19:08.779 11166 11404 I BrcmNfcNfa: listen_mask value after NFC-F = 0x140000
04-30 11:19:08.779 11166 11404 I BrcmNfcNfa: listen_mask value after NFC-B Prime = 0x140000
04-30 11:19:08.779 11166 11404 I BrcmNfcNfa: dm_disc_mask = 0x0
04-30 11:19:08.779 11166 11404 I BrcmNfcNfa: listen_mask value after T1T and T2T = 0x140000
04-30 11:19:08.779 11166 11404 I BrcmNfcNfa: listen_mask value after NFC-DEP = 0x140000
04-30 11:19:08.779 11166 11404 I BrcmNfcNfa: nfa_dm_cb.disc_cb.entry[0].selected_disc_mask = 0x140000
04-30 11:19:08.779 11166 11404 I BrcmNfcNfa: selected dm_disc_mask 0x140000 for entry[0]
04-30 11:19:08.779 11166 11404 I BrcmNfcNfa: requested_disc_mask = 0x200f, xx=1
04-30 11:19:08.779 11166 11404 I BrcmNfcNfa: poll_mask=0x200F listen_mask=0x0
04-30 11:19:08.779 11166 11404 I BrcmNfcNfa: listen_mask value after NFC-A = 0x0
04-30 11:19:08.779 11166 11404 I BrcmNfcNfa: listen_mask value after NFC-B = 0x0
04-30 11:19:08.779 11166 11404 I BrcmNfcNfa: listen_mask value after NFC-F = 0x0
04-30 11:19:08.779 11166 11404 I BrcmNfcNfa: listen_mask value after NFC-B Prime = 0x0
04-30 11:19:08.779 11166 11404 I BrcmNfcNfa: dm_disc_mask = 0x140000
04-30 11:19:08.779 11166 11404 I BrcmNfcNfa: listen_mask value after T1T and T2T = 0x0
04-30 11:19:08.779 11166 11404 I BrcmNfcNfa: listen_mask value after NFC-DEP = 0x0
04-30 11:19:08.779 11166 11404 I BrcmNfcNfa: nfa_dm_cb.disc_cb.entry[1].selected_disc_mask = 0x200f
04-30 11:19:08.779 11166 11404 I BrcmNfcNfa: selected dm_disc_mask 0x14200F for entry[1]
04-30 11:19:08.779 11166 11404 I BrcmNfcNfa: dm_disc_mask calculated finally for discovery: 0x14200F
04-30 11:19:08.779 11166 11404 D NfcAdaptation: find found NXP_FWD_FUNCTIONALITY_ENABLE=(0x1)
04-30 11:19:08.779 11166 11404 D NfcAdaptation: find found HOST_LISTEN_TECH_MASK=(0x7)
04-30 11:19:08.779 11166 11404 I BrcmNfcNfa: nfa_dm_start_rf_discover:HOST_LISTEN_TECH_MASK = 0x07;
04-30 11:19:08.779 11166 11404 D NfcAdaptation: find found UICC_LISTEN_TECH_MASK=(0x7)
04-30 11:19:08.779 11166 11404 I BrcmNfcNfa: nfa_dm_start_rf_discover:UICC_LISTEN_TECH_MASK = 0x07;
04-30 11:19:08.779 11166 11404 D NfcAdaptation: find found P2P_LISTEN_TECH_MASK=(0xC4)
04-30 11:19:08.779 11166 11404 I BrcmNfcNfa: nfa_dm_start_rf_discover:P2P_LISTEN_TECH_MASK = 0x0C4;
04-30 11:19:08.779 11166 11404 I BrcmNfcNfa: nfa_ee_find_ecb ()
04-30 11:19:08.779 11166 11404 I BrcmNfcNfa: supported tech list is 0x00 for given nfcee_id: 0x2 
04-30 11:19:08.779 11166 11404 I BrcmNfcNfa: nfa_p2p_set_config ()
04-30 11:19:08.779 11166 11404 I BrcmNfcNfa: LLCP_GetDiscoveryConfig ()
04-30 11:19:08.779 11166 11404 I BrcmNfcNfa: nfa_dm_check_set_config () tlv_len=2
04-30 11:19:08.779 11166 11404 I BrcmNfcNfa: nfa_dm_check_set_config () updated_len=2
04-30 11:19:08.779 11166 11404 I BrcmNfcNfa: nfc_ncif_send_cmd()
04-30 11:19:08.779 11166 11404 I BrcmNfcNfa: nfc_ncif_check_cmd_queue : Writing to HAL...
04-30 11:19:08.779 11166 11404 I BrcmNfcNfa: nfc_ncif_check_cmd_queue : cmd_size:3
04-30 11:19:08.779 11166 11404 D NfcAdaptation: NfcAdaptation::HalWrite
04-30 11:19:08.779  1109  1109 D NxpExtns: find found MIFARE_READER_ENABLE=(0x1)
04-30 11:19:08.779  1109 11453 D NxpTml  : PN54X - Write requested.....
04-30 11:19:08.779  1109 11453 D NxpTml  : PN54X - Invoking I2C Write.....
04-30 11:19:08.780 12175 13659 E ProcessCheckinRequest: CheckinNowTaskTag : Checkin failed: https://android.clients.google.com/checkin (request #0): java.net.UnknownHostException: Unable to resolve host "android.clients.google.com": No address associated with hostname
04-30 11:19:08.780 10170 10187 I chatty  : uid=1000(system) ActivityManager expire 14 lines
04-30 11:19:08.781  1109 11453 D NxpNciX : len =   6 => 200203012900
04-30 11:19:08.781  1109 11453 D NxpTml  : PN54X - I2C Write successful.....
04-30 11:19:08.781  1109 11453 D NxpTml  : PN54X - Posting Fresh Write message.....
04-30 11:19:08.781  1109 11453 D NxpTml  : PN54X - Tml Writer Thread Running................
04-30 11:19:08.781  1109 11455 D NxpHal  : write successful status = 0x0
04-30 11:19:08.781 11166 11404 I BrcmNfcNfa: dm_disc_mask before masking = 0x14200f
04-30 11:19:08.781 11166 11404 I BrcmNfcNfa: dm_disc_mask after masking = 0x14200f
04-30 11:19:08.781 11166 11404 I BrcmNfcNfa: nfa_dm_get_rf_discover_config : dm_disc_mask = 0x0014200F
04-30 11:19:08.781 11166 11404 I BrcmNfcNfa: nfa_dm_get_rf_discover_config () removing active listen A/B 0x14200f
04-30 11:19:08.781 11166 11404 I BrcmNfcNfa: nfa_dm_set_listen_mode_set_configs : tech_proto_mask = 0x0014200F
04-30 11:19:08.781 11166 11404 D NfcAdaptation: find found HOST_LISTEN_TECH_MASK=(0x7)
04-30 11:19:08.781 11166 11404 I BrcmNfcNfa: nfa_dm_set_listen_mode_set_configs : HOST_LISTEN_TECH_MASK = 0x07;
04-30 11:19:08.781 11166 11404 I BrcmNfcNfa: nfa_dm_set_listen_mode_set_configs : LA_SEL_INFO = 0x20;
04-30 11:19:08.781 11166 11404 I BrcmNfcNfa: nfa_dm_set_listen_mode_set_configs : LB_SENSB_INFO = 0x1;
04-30 11:19:08.781 11166 11404 I BrcmNfcNfa: nfa_dm_set_listen_mode_set_configs : LF_PROTOCOL_TYPE = 0x0;
04-30 11:19:08.781 11166 11404 I BrcmNfcNfa: nfa_dm_check_set_config () tlv_len=9
04-30 11:19:08.781 11166 11404 I BrcmNfcNfa: nfa_dm_check_set_config () updated_len=9
04-30 11:19:08.781 11166 11404 I BrcmNfcNfa: nfc_ncif_send_cmd()
04-30 11:19:08.781 11166 11404 I BrcmNfcNfa: nfc_ncif_check_cmd_queue : making p_buf NULL.
04-30 11:19:08.781 11166 11404 I BrcmNfcNfa: nfa_dm_set_total_duration ()
04-30 11:19:08.781 11166 11404 I BrcmNfcNfa: nfa_dm_check_set_config () tlv_len=4
04-30 11:19:08.781 11166 11404 I BrcmNfcNfa: NFC_DiscoveryStart
04-30 11:19:08.781 11166 11404 I BrcmNfcNfa: NFC_DiscoveryStart status: 0xe3
04-30 11:19:08.783 10448 10921 D ADSPD_LIB: Connecting Ultrasound...daemon_fd = -1
04-30 11:19:08.785 10448 10921 D ADSPD_LIB: Disconnecting Ultrasound...daemon_fd=48
04-30 11:19:08.791 10170 10170 W ContextImpl: Calling a method in the system process without a qualified user: android.app.ContextImpl.sendBroadcast:965 com.motorola.internal.widget.GestureSharingTouchManager.handleScreenOff:155 com.motorola.internal.widget.GestureSharingTouchManager.-wrap0:0 com.motorola.internal.widget.GestureSharingTouchManager$2.onReceive:68 android.app.LoadedApk$ReceiverDispatcher$Args.lambda$-android_app_LoadedApk$ReceiverDispatcher$Args_51615:1304 
04-30 11:19:08.792  1109 11452 D NxpTml  : PN54X - I2C Read successful.....len = 5
04-30 11:19:08.792  1109 11452 D NxpTml  : PN54X - Posting read message.....
04-30 11:19:08.792  1109 11452 D NxpNciR : len =   5 <= 4002020000
04-30 11:19:08.792  1109 11455 D NxpHal  : read successful status = 0x0
04-30 11:19:08.792  1109 11455 D NxpHal  : phNxpNciHal_print_res_status: response status =STATUS_OK
04-30 11:19:08.792 11166 11404 I BrcmNfcNfa: NFC received rsp gid:0
04-30 11:19:08.792 11166 11404 I BrcmNfcNfa: nci_proc_core_rsp opcode:0x2
04-30 11:19:08.792 11166 11404 I BrcmNfcNfa: nfa_dm_nfc_response_cback () NFC_SET_CONFIG_REVT(0x5002)
04-30 11:19:08.792 11166 11404 I BrcmNfcNfa: nfc_ncif_check_cmd_queue : Writing to HAL...
04-30 11:19:08.792 11166 11404 I BrcmNfcNfa: nfc_ncif_check_cmd_queue : cmd_size:10
04-30 11:19:08.792 11166 11404 D NfcAdaptation: NfcAdaptation::HalWrite
04-30 11:19:08.792  1109 11452 D NxpTml  : PN54X - Read requested.....
04-30 11:19:08.792  1109 11452 D NxpTml  : PN54X - Invoking I2C Read.....
04-30 11:19:08.792  1109  1109 D NxpExtns: find found MIFARE_READER_ENABLE=(0x1)
04-30 11:19:08.792  1109 11453 D NxpTml  : PN54X - Write requested.....
04-30 11:19:08.792  1109 11453 D NxpTml  : PN54X - Invoking I2C Write.....
04-30 11:19:08.795  1109 11453 D NxpNciX : len =  13 => 20020A03320120380101500100
04-30 11:19:08.795  1109 11453 D NxpTml  : PN54X - I2C Write successful.....
04-30 11:19:08.795  1109 11453 D NxpTml  : PN54X - Posting Fresh Write message.....
04-30 11:19:08.795  1109 11453 D NxpTml  : PN54X - Tml Writer Thread Running................
04-30 11:19:08.795  1109 11455 D NxpHal  : write successful status = 0x0
04-30 11:19:08.795 13969 13969 I MotoDisplay: Glance register result: true for sensor: {Sensor name="Moto Glance Gesture", vendor="Motorola", version=2, type=65548, maxRange=1.0, resolution=1.0, power=0.001, minDelay=0}
04-30 11:19:08.799 13969 13969 W MotoDisplay: Exception getting package info. Name not found - com.android.calculator2
04-30 11:19:08.799 10170 12924 I chatty  : uid=1000(system) Binder:10170_14 expire 1 line
04-30 11:19:08.799  1109 11452 D NxpTml  : PN54X - I2C Read successful.....len = 5
04-30 11:19:08.799  1109 11452 D NxpTml  : PN54X - Posting read message.....
04-30 11:19:08.799  1109 11452 D NxpNciR : len =   5 <= 4002020000
04-30 11:19:08.799  1109 11455 D NxpHal  : read successful status = 0x0
04-30 11:19:08.799  1109 11455 D NxpHal  : phNxpNciHal_print_res_status: response status =STATUS_OK
04-30 11:19:08.799 11166 11404 I BrcmNfcNfa: NFC received rsp gid:0
04-30 11:19:08.799 11166 11404 I BrcmNfcNfa: nci_proc_core_rsp opcode:0x2
04-30 11:19:08.799 11166 11404 I BrcmNfcNfa: nfa_dm_nfc_response_cback () NFC_SET_CONFIG_REVT(0x5002)
04-30 11:19:08.799 11166 11404 D NfcAdaptation: NfcAdaptation::HalPrediscover
04-30 11:19:08.799  1109 11452 D NxpTml  : PN54X - Read requested.....
04-30 11:19:08.799  1109 11452 D NxpTml  : PN54X - Invoking I2C Read.....
04-30 11:19:08.799 11166 11404 I BrcmNfcNfa: nfc_ncif_send_cmd()
04-30 11:19:08.799 11166 11404 I BrcmNfcNfa: nfc_ncif_check_cmd_queue : Writing to HAL...
04-30 11:19:08.799 11166 11404 I BrcmNfcNfa: nfc_ncif_check_cmd_queue : cmd_size:7
04-30 11:19:08.800 11166 11404 D NfcAdaptation: NfcAdaptation::HalWrite
04-30 11:19:08.800  9904 10717 D audio_hw_primary: adev_set_parameters: enter: screen_state=off
04-30 11:19:08.800 13969 13969 W MotoDisplay: Exception getting package info. Name not found - com.motorola.tools.batterytracer
04-30 11:19:08.800  9904 10717 V msm8974_platform: platform_set_parameters: enter: screen_state=off
04-30 11:19:08.800  9904 10717 V msm8974_platform: platform_set_parameters: exit with code(0)
04-30 11:19:08.800  1109  1109 D NxpExtns: find found MIFARE_READER_ENABLE=(0x1)
04-30 11:19:08.800  1109  1109 D NxpHal  : > Polling Loop Started
04-30 11:19:08.800  1109 11453 D NxpTml  : PN54X - Write requested.....
04-30 11:19:08.800  1109 11453 D NxpTml  : PN54X - Invoking I2C Write.....
04-30 11:19:08.801  9904 10717 D mot_vr_audio_hw: adev_set_parameters: screen_state=off
04-30 11:19:08.802  1109 11453 D NxpNciX : len =  10 => 21030703000180018101
04-30 11:19:08.802  1109 11453 D NxpTml  : PN54X - I2C Write successful.....
04-30 11:19:08.802  1109 11453 D NxpTml  : PN54X - Posting Fresh Write message.....
04-30 11:19:08.802  1109 11453 D NxpTml  : PN54X - Tml Writer Thread Running................
04-30 11:19:08.803  1109 11455 D NxpHal  : write successful status = 0x0
04-30 11:19:08.806  1109 11452 D NxpTml  : PN54X - I2C Read successful.....len = 4
04-30 11:19:08.806  1109 11452 D NxpTml  : PN54X - Posting read message.....
04-30 11:19:08.806  1109 11452 D NxpNciR : len =   4 <= 41030100
04-30 11:19:08.806  1109 11455 D NxpHal  : read successful status = 0x0
04-30 11:19:08.807 11166 11404 I BrcmNfcNfa: NFC received rsp gid:1
04-30 11:19:08.807 11166 11404 I BrcmNfcNfa: returning true
04-30 11:19:08.807 11166 11404 I BrcmNfcNfa: nfa_dm_disc_discovery_cback (): event:0x4000
04-30 11:19:08.807 11166 11404 I BrcmNfcNfa: nfa_dm_disc_sm_execute (): state: IDLE (0), event: DISCOVER_RSP(1) disc_flags: 0x31
04-30 11:19:08.807  1109 11452 D NxpTml  : PN54X - Read requested.....
04-30 11:19:08.807  1109 11452 D NxpTml  : PN54X - Invoking I2C Read.....
04-30 11:19:08.807 11166 11404 I BrcmNfcNfa: nfa_dm_disc_new_state (): old_state: IDLE (0), new_state: DISCOVERY (1) disc_flags: 0x11
04-30 11:19:08.807 11166 11404 I BrcmNfcNfa: nfa_dm_poll_disc_cback (): event:0x00
04-30 11:19:08.807 11166 11404 D BrcmNfcJni: nfaConnectionCallback: Connection Event = 30
04-30 11:19:08.807 11166 11404 D BrcmNfcJni: nfaConnectionCallback: NFA_RF_DISCOVERY_STARTED_EVT: status = 0x0
04-30 11:19:08.807 11166 11404 I BrcmNfcNfa: nfa_dm_disc_sm_execute (): new state: DISCOVERY (1), disc_flags: 0x1
04-30 11:19:08.807 11166 14030 D BrcmNfcJni: startRfDiscovery: is exit=1
04-30 11:19:08.807 11166 14030 D BrcmNfcJni: PowerSwitch::setModeOn(activated=0x1) : mCurrActivity=0x1
04-30 11:19:08.807 11166 14030 D BrcmNfcJni: releaseRfInterfaceMutexLock: sRfInterfaceMutex unlock
04-30 11:19:08.807 11166 14030 D BrcmNfcJni: transactionEnd: Transaction ended : enableDiscovery 
04-30 11:19:08.807 11166 14030 D BrcmNfcJni: nfcManager_enableDiscovery: exit
04-30 11:19:08.807 11166 14030 D BrcmNfcJni: enableThread: exit
04-30 11:19:08.814 11166 14035 D BrcmNfcJni: Inside transactionAbortTimerCb
04-30 11:19:08.814 11166 14035 D BrcmNfcJni: lastRequestResume
04-30 11:19:08.818 11166 14037 D BrcmNfcJni: enableThread: enter
04-30 11:19:08.818 11166 14037 D BrcmNfcJni: get_lastScreenStateRequest: 0
04-30 11:19:08.818 11166 14037 D BrcmNfcJni: transactionTerminate: Enter. Requested by : exec_pending_req 
04-30 11:19:08.818 11166 14037 D BrcmNfcJni: transactionTerminate: Transaction terminated : exec_pending_req 
04-30 11:19:08.818 11166 14037 D BrcmNfcJni: No request pending
04-30 11:19:08.818 11166 14037 D BrcmNfcJni: enableThread: exit
04-30 11:19:08.819 10170 10199 I chatty  : uid=1000(system) ASHMAN-LAZY-H expire 2 lines
04-30 11:19:08.835 10170 11249 I ActivityManager: Start proc 14039:com.android.keychain/1000 for service com.android.keychain/.KeyChainService
04-30 11:19:08.837 10170 11253 I chatty  : uid=1000(system) Binder:10170_10 expire 38 lines
04-30 11:19:08.837 10170 10198 I chatty  : uid=1000(system) ASHMAN-H expire 29 lines
04-30 11:19:08.837 10170 10286 I chatty  : uid=1000(system) pool-2-thread-1 expire 54 lines
04-30 11:19:08.837 13982 13982 I TransientFileCleaner: Deleting 0 files
04-30 11:19:08.839 10170 10186 I chatty  : uid=1000(system) android.bg expire 2 lines
04-30 11:19:08.840 10170 10170 I chatty  : uid=1000 system_server expire 16 lines
04-30 11:19:08.840 10170 10200 I chatty  : uid=1000(system) ASHMAN-DOZE-H expire 2 lines
04-30 11:19:08.842 10413 10531 I QCNEJ/CndHalConnector: -> SND notifyScreenStateChanged(false)
04-30 11:19:08.842 10413 10531 I QCNEJ/CndHalConnector: -> SND notifyScreenStateChanged(false)
04-30 11:19:08.847 10170 11249 I chatty  : uid=1000(system) Binder:10170_E expire 40 lines
04-30 11:19:08.850 10170 12120 I chatty  : uid=1000(system) pool-1-thread-1 expire 30 lines
04-30 11:19:08.850 13982 13987 I zygote64: Do partial code cache collection, code=28KB, data=21KB
04-30 11:19:08.854 13982 13987 I zygote64: After code cache collection, code=17KB, data=17KB
04-30 11:19:08.854 13982 13987 I zygote64: Increasing code cache capacity to 128KB
04-30 11:19:08.867 13982 13982 I LauncherIconVisibility: doUpdate() : Visible = false
04-30 11:19:08.873 10724 10724 V BtOppService: action : android.intent.action.SCREEN_OFF
04-30 11:19:08.876 11030 11030 D X-APM-S-: set alarm: com.google.android.gms
04-30 11:19:08.877 11030 11030 D X-APM-S-: set alarm: com.google.android.gms, greening: false
04-30 11:19:08.882 10170 12924 I chatty  : uid=1000(system) Binder:10170_14 expire 37 lines
04-30 11:19:08.891 11166 11166 E NfcService: screen state android.intent.action.SCREEN_OFF
04-30 11:19:08.893 11166 11166 E NfcService: screen state OFF required
04-30 11:19:08.893 11166 11166 E NfcService: screen state 2
04-30 11:19:08.893 11166 11166 E NfcService: screen state mScreenState 4
04-30 11:19:08.894 11166 11166 E BrcmNfcJni: nfcManager_doSetScreenOrPowerState: Enter
04-30 11:19:08.894 11166 11166 D BrcmNfcJni: nfcManager_doSetScreenState: state = 2
04-30 11:19:08.894 11166 11166 D BrcmNfcJni: transactionAttempt: Transaction attempted : setScreenState when barrier is: 1
04-30 11:19:08.894 11166 11166 D BrcmNfcJni: transactionLiveLockable: Performing check for long duration transaction
04-30 11:19:08.894 11166 11166 D BrcmNfcJni: transactionAttempt: Transaction granted : setScreenState 
04-30 11:19:08.894 11166 11166 D BrcmNfcJni: transactionAttempt: Transaction granted : setScreenState and barrier is: 0
04-30 11:19:08.894 11166 11166 D BrcmNfcJni: acquireRfInterfaceMutexLock: try to acquire lock
04-30 11:19:08.894 11166 11166 D BrcmNfcJni: acquireRfInterfaceMutexLock: sRfInterfaceMutex lock
04-30 11:19:08.894 11166 11166 D BrcmNfcJni: startRfDiscovery: is start=0
04-30 11:19:08.894 11166 11166 I BrcmNfcNfa: NFA_StopRfDiscovery ()
04-30 11:19:08.894 11166 11404 I BrcmNfcNfa: NFA got event 0x0110
04-30 11:19:08.894 11166 11404 I BrcmNfcNfa: nfa_dm_evt_hdlr event: NFA_DM_API_STOP_RF_DISCOVERY_EVT (0x10)
04-30 11:19:08.894 11166 11404 I BrcmNfcNfa: nfa_dm_act_stop_rf_discovery ()
04-30 11:19:08.894 11166 11404 I BrcmNfcNfa: nfa_dm_rf_deactivate () deactivate_type:0x0
04-30 11:19:08.894 11166 11404 I BrcmNfcNfa: nfa_dm_disc_sm_execute (): state: DISCOVERY (1), event: DEACTIVATE_CMD(6) disc_flags: 0x2
04-30 11:19:08.894 11166 11404 I BrcmNfcNfa: NFC_Deactivate 4 (IDLE) deactivate_type:0
04-30 11:19:08.894 11166 11404 I BrcmNfcNfa: nfc_ncif_send_cmd()
04-30 11:19:08.894 11166 11404 I BrcmNfcNfa: nfc_ncif_check_cmd_queue : Writing to HAL...
04-30 11:19:08.894 11166 11404 I BrcmNfcNfa: nfc_ncif_check_cmd_queue : cmd_size:1
04-30 11:19:08.894 11166 11404 D NfcAdaptation: NfcAdaptation::HalWrite
04-30 11:19:08.896  1109  1109 D NxpExtns: find found MIFARE_READER_ENABLE=(0x1)
04-30 11:19:08.896  1109 11453 D NxpTml  : PN54X - Write requested.....
04-30 11:19:08.896  1109 11453 D NxpTml  : PN54X - Invoking I2C Write.....
04-30 11:19:08.897  1109 11453 D NxpNciX : len =   4 => 21060100
04-30 11:19:08.897  1109 11453 D NxpTml  : PN54X - I2C Write successful.....
04-30 11:19:08.897  1109 11453 D NxpTml  : PN54X - Posting Fresh Write message.....
04-30 11:19:08.897  1109 11453 D NxpTml  : PN54X - Tml Writer Thread Running................
04-30 11:19:08.899  1109 11455 D NxpHal  : write successful status = 0x0
04-30 11:19:08.899 11166 11404 I BrcmNfcNfa: nfa_dm_disc_sm_execute (): new state: DISCOVERY (1), disc_flags: 0x22
04-30 11:19:08.899 11166 11404 I BrcmNfcNfa: nfa_sys_ptim_stop_timer 715b6530
04-30 11:19:08.899 11166 11404 I BrcmNfcNfa: ptim timer stop
04-30 11:19:08.899 11166 11404 I BrcmNfcNfa: Stopped presence check timer (if started)
04-30 11:19:08.899 14039 14039 I Xposed  : X-APM-S-VERBOSE-handleLoadPackage: com.android.keychain
04-30 11:19:08.899  1109 11452 D NxpTml  : PN54X - I2C Read successful.....len = 4
04-30 11:19:08.899  1109 11452 D NxpTml  : PN54X - Posting read message.....
04-30 11:19:08.899  1109 11452 D NxpNciR : len =   4 <= 41060100
04-30 11:19:08.900  1109 11455 D NxpHal  : read successful status = 0x0
04-30 11:19:08.900 11166 11404 I BrcmNfcNfa: NFC received rsp gid:1
04-30 11:19:08.900 11166 11404 I BrcmNfcNfa: P2P_Prio_Logic
04-30 11:19:08.900 11166 11404 I BrcmNfcNfa: nfa_dm_p2p_prio_logic event_type = 0x1
04-30 11:19:08.900 11166 11404 I BrcmNfcNfa: returning true
04-30 11:19:08.900 11166 11404 I BrcmNfcNfa: nfc_set_state 4 (IDLE)->4 (IDLE)
04-30 11:19:08.900 11166 11404 I BrcmNfcNfa: nfa_dm_disc_data_cback ()
04-30 11:19:08.900 11166 11404 I BrcmNfcNfa: nfa_dm_disc_discovery_cback (): event:0x4005
04-30 11:19:08.900 11166 11404 I BrcmNfcNfa: nfa_dm_disc_sm_execute (): state: DISCOVERY (1), event: DEACTIVATE_RSP(7) disc_flags: 0x22
04-30 11:19:08.900 11166 11404 I BrcmNfcNfa: nfa_dm_disc_new_state (): old_state: DISCOVERY (1), new_state: IDLE (0) disc_flags: 0x2
04-30 11:19:08.900 11166 11404 D BrcmNfcJni: nfaConnectionCallback: Connection Event = 31
04-30 11:19:08.900 11166 11404 D BrcmNfcJni: nfaConnectionCallback: NFA_RF_DISCOVERY_STOPPED_EVT: status = 0x0
04-30 11:19:08.900 11166 11404 D BrcmNfcJni: notifyPollingEventwhileNfcOff: sDiscCmdwhleNfcOff=0
04-30 11:19:08.900 11166 11404 D BrcmNfcJni: getReconnectState = 0x0
04-30 11:19:08.900 11166 11404 I BrcmNfcNfa: nfa_dm_start_rf_discover (): enter
04-30 11:19:08.900 11166 11404 I BrcmNfcNfa: nfa_dm_start_rf_discover (): return
04-30 11:19:08.900 11166 11404 I BrcmNfcNfa: nfa_dm_disc_sm_execute (): new state: IDLE (0), disc_flags: 0x0
04-30 11:19:08.901 11166 11166 D BrcmNfcJni: startRfDiscovery: is exit=0
04-30 11:19:08.901 11166 11166 I BrcmNfcNfa: NFA_DisablePolling ()
04-30 11:19:08.901 11166 11404 I BrcmNfcNfa: NFA got event 0x0107
04-30 11:19:08.901 11166 11404 I BrcmNfcNfa: nfa_dm_evt_hdlr event: NFA_DM_API_DISABLE_POLLING_EVT (0x07)
04-30 11:19:08.901 11166 11404 I BrcmNfcNfa: nfa_dm_act_disable_polling ()
04-30 11:19:08.901 11166 11404 I BrcmNfcNfa: nfa_dm_deactivate_polling ()
04-30 11:19:08.901 11166 11404 I BrcmNfcNfa: nfa_dm_delete_rf_discover () handle=0x1
04-30 11:19:08.901 11166 11404 D BrcmNfcJni: nfaConnectionCallback: Connection Event = 1
04-30 11:19:08.901 11166 11404 D BrcmNfcJni: nfaConnectionCallback: NFA_POLL_DISABLED_EVT: status = 0x0
04-30 11:19:08.901 11166 11166 D BrcmNfcJni: SetScreenState: enter
04-30 11:19:08.901  1109 11452 D NxpTml  : PN54X - Read requested.....
04-30 11:19:08.901 11166 11166 D BrcmNfcJni: Set Screen OFF
04-30 11:19:08.901  1109 11452 D NxpTml  : PN54X - Invoking I2C Read.....
04-30 11:19:08.901 11166 11166 D BrcmNfcJni: SetScreenState: Success NFA_SendNxpNciCommand
04-30 11:19:08.901 11166 11404 I BrcmNfcNfa: NFA got event 0x011B
04-30 11:19:08.901 11166 11404 I BrcmNfcNfa: nfa_dm_evt_hdlr event: Unknown or Vendor Specific (0x1b)
04-30 11:19:08.901 11166 11404 I BrcmNfcNfa: nfc_ncif_check_cmd_queue : Writing to HAL...
04-30 11:19:08.901 11166 11404 I BrcmNfcNfa: nfc_ncif_check_cmd_queue : cmd_size:1
04-30 11:19:08.901 11166 11404 D NfcAdaptation: NfcAdaptation::HalWrite
04-30 11:19:08.901  1109  1109 D NxpExtns: find found MIFARE_READER_ENABLE=(0x1)
04-30 11:19:08.901  1109 11453 D NxpTml  : PN54X - Write requested.....
04-30 11:19:08.901  1109 11453 D NxpTml  : PN54X - Invoking I2C Write.....
04-30 11:19:08.903  1109 11453 D NxpNciX : len =   4 => 2F150101
04-30 11:19:08.903  1109 11453 D NxpTml  : PN54X - I2C Write successful.....
04-30 11:19:08.903  1109 11453 D NxpTml  : PN54X - Posting Fresh Write message.....
04-30 11:19:08.903  1109 11453 D NxpTml  : PN54X - Tml Writer Thread Running................
04-30 11:19:08.903  1109 11455 D NxpHal  : write successful status = 0x0
04-30 11:19:08.906  1109 11452 D NxpTml  : PN54X - I2C Read successful.....len = 4
04-30 11:19:08.907  1109 11452 D NxpTml  : PN54X - Posting read message.....
04-30 11:19:08.907  1109 11452 D NxpNciR : len =   4 <= 4F150100
04-30 11:19:08.907  1109 11455 D NxpHal  : read successful status = 0x0
04-30 11:19:08.907 11166 11404 I BrcmNfcNfa: nfc_ncif_proc_proprietary_rsp: mt=2, gid=15, oid=21
04-30 11:19:08.907 11166 11404 I BrcmNfcNfa: nfc_ncif_proc_proprietary_rsp: exit status=1
04-30 11:19:08.907 11166 11404 D BrcmNfcJni: NxpResponse_SetDhlf_Cb Received length data = 0x4 status = 0x0
04-30 11:19:08.907  1109 11452 D NxpTml  : PN54X - Read requested.....
04-30 11:19:08.907  1109 11452 D NxpTml  : PN54X - Invoking I2C Read.....
04-30 11:19:08.907 11166 11166 D BrcmNfcJni: StoreScreenState: enter
04-30 11:19:08.907 11166 11166 I BrcmNfcNfa: nfc_ncif_storeScreenState gScreenState : 2
04-30 11:19:08.907 11166 11166 D BrcmNfcJni: StoreScreenState: exit
04-30 11:19:08.907 11166 11166 D BrcmNfcJni: nfcManager_doSetScreenState: auto_num : 0  sAutonomousSet : 0  sRfFieldOff : 1
04-30 11:19:08.907 11166 11166 D BrcmNfcJni: Not sending AUTONOMOUS command state is 2
04-30 11:19:08.907 11166 11166 D BrcmNfcJni: startRfDiscovery: is start=1
04-30 11:19:08.907 11166 11166 I BrcmNfcNfa: NFA_StartRfDiscovery ()
04-30 11:19:08.907 11166 11404 I BrcmNfcNfa: NFA got event 0x010F
04-30 11:19:08.907 11166 11404 I BrcmNfcNfa: nfa_dm_evt_hdlr event: NFA_DM_API_START_RF_DISCOVERY_EVT (0x0f)
04-30 11:19:08.907 11166 11404 I BrcmNfcNfa: nfa_dm_act_start_rf_discovery ()
04-30 11:19:08.907 11166 11404 I BrcmNfcNfa: nfa_dm_start_rf_discover (): enter
04-30 11:19:08.907 11166 11404 I BrcmNfcNfa: nfa_ee_get_tech_route(): power state : 1
04-30 11:19:08.907 13969 13969 I MotoDisplay: Glance register result: true for sensor: {Sensor name="Moto Glance Gesture:Approach", vendor="Motorola", version=2, type=65555, maxRange=1.0, resolution=1.0, power=0.001, minDelay=0}
04-30 11:19:08.908 11166 11404 I BrcmNfcNfa: TechA route: 0x0, TechB route: 0x0, TechF route: 0x0, TechB' route: 0x0
04-30 11:19:08.908 11166 11404 I BrcmNfcNfa: requested_disc_mask = 0x140000, xx=0
04-30 11:19:08.908 11166 11404 I BrcmNfcNfa: poll_mask=0x0 listen_mask=0x0
04-30 11:19:08.908 11166 11404 I BrcmNfcNfa: listen_mask value after NFC-A = 0x40000
04-30 11:19:08.908 11166 11404 I BrcmNfcNfa: listen_mask value after NFC-B = 0x140000
04-30 11:19:08.908 11166 11404 I BrcmNfcN