01-07 18:52:09.608   355   355 E QC-QMI  : qmi_qmux: TX failed, connection inactive or in reset, conn_id=48, status_flags=4
01-07 18:52:09.608   355   355 E QC-QMI  : qmi_ctl_tx_msg: qmi_qmux_tx_msg failed
01-07 18:52:09.608   355   355 E QC-QMI  : qmi_ctl_handle_request: qmi_ctl_tx_msg call failed
01-07 18:52:09.609   355   355 E QC-QMI  : qmi_qmux_open_connection: connection is disabled for conn_id=48
01-07 18:52:09.609   355   355 E QC-QMI  : qmi_qmux_tx_msg: failed to open inactive connd_id=48
01-07 18:52:09.609   355   355 E QC-QMI  : qmi_qmux: TX failed, connection inactive or in reset, conn_id=48, status_flags=4
01-07 18:52:09.609   355   355 E QC-QMI  : qmi_ctl_tx_msg: qmi_qmux_tx_msg failed
01-07 18:52:09.609   355   355 E QC-QMI  : qmi_ctl_handle_request: qmi_ctl_tx_msg call failed
01-07 18:52:09.609   355   355 E QC-QMI  : qmi_qmux_open_connection: connection is disabled for conn_id=57
01-07 18:52:09.609   355   355 E QC-QMI  : qmi_qmux_tx_msg: failed to open inactive connd_id=57
01-07 18:52:09.609   355   355 E QC-QMI  : qmi_qmux: TX failed, connection inactive or in reset, conn_id=57, status_flags=4
01-07 18:52:09.609   355   355 E QC-QMI  : qmi_ctl_tx_msg: qmi_qmux_tx_msg failed
01-07 18:52:09.609   355   355 E QC-QMI  : qmi_ctl_handle_request: qmi_ctl_tx_msg call failed
01-07 18:52:09.609   355   355 E QC-QMI  : qmi_qmux_open_connection: connection is disabled for conn_id=57
01-07 18:52:09.609   355   355 E QC-QMI  : qmi_qmux_tx_msg: failed to open inactive connd_id=57
01-07 18:52:09.609   355   355 E QC-QMI  : qmi_qmux: TX failed, connection inactive or in reset, conn_id=57, status_flags=4
01-07 18:52:09.609   355   355 E QC-QMI  : qmi_ctl_tx_msg: qmi_qmux_tx_msg failed
01-07 18:52:09.609   355   355 E QC-QMI  : qmi_ctl_handle_request: qmi_ctl_tx_msg call failed
01-07 18:52:09.612   355   355 E QC-QMI  : qmi_qmux_open_connection: connection is disabled for conn_id=29
01-07 18:52:09.612   355   355 E QC-QMI  : qmi_qmux_tx_msg: failed to open inactive connd_id=29
01-07 18:52:09.612   355   355 E QC-QMI  : qmi_qmux: TX failed, connection inactive or in reset, conn_id=29, status_flags=4
01-07 18:52:09.612   355   355 E QC-QMI  : qmi_ctl_tx_msg: qmi_qmux_tx_msg failed
01-07 18:52:09.612   355   355 E QC-QMI  : qmi_ctl_handle_request: qmi_ctl_tx_msg call failed
01-07 18:52:09.612   355   355 E QC-QMI  : qmi_qmux_open_connection: connection is disabled for conn_id=29
01-07 18:52:09.612   355   355 E QC-QMI  : qmi_qmux_tx_msg: failed to open inactive connd_id=29
01-07 18:52:09.612   355   355 E QC-QMI  : qmi_qmux: TX failed, connection inactive or in reset, conn_id=29, status_flags=4
01-07 18:52:09.612   355   355 E QC-QMI  : qmi_ctl_tx_msg: qmi_qmux_tx_msg failed
01-07 18:52:09.612   355   355 E QC-QMI  : qmi_ctl_handle_request: qmi_ctl_tx_msg call failed
01-07 18:52:09.612   355   355 E QC-QMI  : qmi_qmux_open_connection: connection is disabled for conn_id=48
01-07 18:52:09.612   355   355 E QC-QMI  : qmi_qmux_tx_msg: failed to open inactive connd_id=48
01-07 18:52:09.612   355   355 E QC-QMI  : qmi_qmux: TX failed, connection inactive or in reset, conn_id=48, status_flags=4
01-07 18:52:09.612   355   355 E QC-QMI  : qmi_ctl_tx_msg: qmi_qmux_tx_msg failed
01-07 18:52:09.612   355   355 E QC-QMI  : qmi_ctl_handle_request: qmi_ctl_tx_msg call failed
01-07 18:52:09.613   612   701 I Adreno-EGL: <qeglDrvAPI_eglInitialize:379>: EGL 1.4 QUALCOMM build: Nondeterministic_AU_msm8974_LA.BF.1.1.3_RB1__release_AU (I741a3d36ca)
01-07 18:52:09.613   612   701 I Adreno-EGL: OpenGL ES Shader Compiler Version: E031.29.00.00
01-07 18:52:09.613   612   701 I Adreno-EGL: Build Date: 04/04/16 Mon
01-07 18:52:09.613   612   701 I Adreno-EGL: Local Branch: mybranch19053788
01-07 18:52:09.613   612   701 I Adreno-EGL: Remote Branch: quic/LA.BF.1.1.3_rb1.12
01-07 18:52:09.613   612   701 I Adreno-EGL: Local Patches: NONE
01-07 18:52:09.613   612   701 I Adreno-EGL: Reconstruct Branch: NOTHING
01-07 18:52:09.613   355   355 E QC-QMI  : qmi_qmux_open_connection: connection is disabled for conn_id=48
01-07 18:52:09.613   355   355 E QC-QMI  : qmi_qmux_tx_msg: failed to open inactive connd_id=48
01-07 18:52:09.613   355   355 E QC-QMI  : qmi_qmux: TX failed, connection inactive or in reset, conn_id=48, status_flags=4
01-07 18:52:09.613   355   355 E QC-QMI  : qmi_ctl_tx_msg: qmi_qmux_tx_msg failed
01-07 18:52:09.613   355   355 E QC-QMI  : qmi_ctl_handle_request: qmi_ctl_tx_msg call failed
01-07 18:52:09.614   355   355 E QC-QMI  : qmi_qmux_open_connection: connection is disabled for conn_id=57
01-07 18:52:09.614   355   355 E QC-QMI  : qmi_qmux_tx_msg: failed to open inactive connd_id=57
01-07 18:52:09.614   355   355 E QC-QMI  : qmi_qmux: TX failed, connection inactive or in reset, conn_id=57, status_flags=4
01-07 18:52:09.614   355   355 E QC-QMI  : qmi_ctl_tx_msg: qmi_qmux_tx_msg failed
01-07 18:52:09.614   355   355 E QC-QMI  : qmi_ctl_handle_request: qmi_ctl_tx_msg call failed
01-07 18:52:09.614   355   355 E QC-QMI  : qmi_qmux_open_connection: connection is disabled for conn_id=57
01-07 18:52:09.614   355   355 E QC-QMI  : qmi_qmux_tx_msg: failed to open inactive connd_id=57
01-07 18:52:09.614   355   355 E QC-QMI  : qmi_qmux: TX failed, connection inactive or in reset, conn_id=57, status_flags=4
01-07 18:52:09.614   355   355 E QC-QMI  : qmi_ctl_tx_msg: qmi_qmux_tx_msg failed
01-07 18:52:09.614   355   355 E QC-QMI  : qmi_ctl_handle_request: qmi_ctl_tx_msg call failed
01-07 18:52:09.617   612   701 I /system/bin/bootanimation: android::hardware::configstore::V1_0::ISurfaceFlingerConfigs::hasWideColorDisplay retrieved: 0
01-07 18:52:09.617   355   355 E QC-QMI  : qmi_qmux_open_connection: connection is disabled for conn_id=29
01-07 18:52:09.617   355   355 E QC-QMI  : qmi_qmux_tx_msg: failed to open inactive connd_id=29
01-07 18:52:09.617   355   355 E QC-QMI  : qmi_qmux: TX failed, connection inactive or in reset, conn_id=29, status_flags=4
01-07 18:52:09.617   355   355 E QC-QMI  : qmi_ctl_tx_msg: qmi_qmux_tx_msg failed
01-07 18:52:09.617   355   355 E QC-QMI  : qmi_ctl_handle_request: qmi_ctl_tx_msg call failed
01-07 18:52:09.618   612   701 W Adreno-EGL: <qeglDrvAPI_eglGetConfigAttrib:607>: EGL_BAD_ATTRIBUTE
01-07 18:52:09.618   247   247 E cutils-trace: Error opening trace file: No such file or directory (2)
01-07 18:52:09.618   355   355 E QC-QMI  : qmi_qmux_open_connection: connection is disabled for conn_id=29
01-07 18:52:09.618   355   355 E QC-QMI  : qmi_qmux_tx_msg: failed to open inactive connd_id=29
01-07 18:52:09.618   355   355 E QC-QMI  : qmi_qmux: TX failed, connection inactive or in reset, conn_id=29, status_flags=4
01-07 18:52:09.618   355   355 E QC-QMI  : qmi_ctl_tx_msg: qmi_qmux_tx_msg failed
01-07 18:52:09.618   355   355 E QC-QMI  : qmi_ctl_handle_request: qmi_ctl_tx_msg call failed
01-07 18:52:09.619   355   355 E QC-QMI  : qmi_qmux_open_connection: connection is disabled for conn_id=48
01-07 18:52:09.619   355   355 E QC-QMI  : qmi_qmux_tx_msg: failed to open inactive connd_id=48
01-07 18:52:09.619   355   355 E QC-QMI  : qmi_qmux: TX failed, connection inactive or in reset, conn_id=48, status_flags=4
01-07 18:52:09.619   355   355 E QC-QMI  : qmi_ctl_tx_msg: qmi_qmux_tx_msg failed
01-07 18:52:09.619   355   355 E QC-QMI  : qmi_ctl_handle_request: qmi_ctl_tx_msg call failed
01-07 18:52:09.619   612   701 D vndksupport: Loading /vendor/lib/hw/gralloc.msm8974.so from current namespace instead of sphal namespace.
01-07 18:52:09.619   355   355 E QC-QMI  : qmi_qmux_open_connection: connection is disabled for conn_id=48
01-07 18:52:09.619   355   355 E QC-QMI  : qmi_qmux_tx_msg: failed to open inactive connd_id=48
01-07 18:52:09.619   355   355 E QC-QMI  : qmi_qmux: TX failed, connection inactive or in reset, conn_id=48, status_flags=4
01-07 18:52:09.619   355   355 E QC-QMI  : qmi_ctl_tx_msg: qmi_qmux_tx_msg failed
01-07 18:52:09.619   355   355 E QC-QMI  : qmi_ctl_handle_request: qmi_ctl_tx_msg call failed
01-07 18:52:09.619   355   355 E QC-QMI  : qmi_qmux_open_connection: connection is disabled for conn_id=57
01-07 18:52:09.619   355   355 E QC-QMI  : qmi_qmux_tx_msg: failed to open inactive connd_id=57
01-07 18:52:09.619   355   355 E QC-QMI  : qmi_qmux: TX failed, connection inactive or in reset, conn_id=57, status_flags=4
01-07 18:52:09.619   355   355 E QC-QMI  : qmi_ctl_tx_msg: qmi_qmux_tx_msg failed
01-07 18:52:09.619   355   355 E QC-QMI  : qmi_ctl_handle_request: qmi_ctl_tx_msg call failed
01-07 18:52:09.620   355   355 E QC-QMI  : qmi_qmux_open_connection: connection is disabled for conn_id=57
01-07 18:52:09.620   355   355 E QC-QMI  : qmi_qmux_tx_msg: failed to open inactive connd_id=57
01-07 18:52:09.620   355   355 E QC-QMI  : qmi_qmux: TX failed, connection inactive or in reset, conn_id=57, status_flags=4
01-07 18:52:09.620   355   355 E QC-QMI  : qmi_ctl_tx_msg: qmi_qmux_tx_msg failed
01-07 18:52:09.620   355   355 E QC-QMI  : qmi_ctl_handle_request: qmi_ctl_tx_msg call failed
01-07 18:52:09.621   355   355 E QC-QMI  : qmi_qmux_open_connection: connection is disabled for conn_id=29
01-07 18:52:09.621   355   355 E QC-QMI  : qmi_qmux_tx_msg: failed to open inactive connd_id=29
01-07 18:52:09.621   355   355 E QC-QMI  : qmi_qmux: TX failed, connection inactive or in reset, conn_id=29, status_flags=4
01-07 18:52:09.621   355   355 E QC-QMI  : qmi_ctl_tx_msg: qmi_qmux_tx_msg failed
01-07 18:52:09.622   355   355 E QC-QMI  : qmi_ctl_handle_request: qmi_ctl_tx_msg call failed
01-07 18:52:09.622   355   355 E QC-QMI  : qmi_qmux_open_connection: connection is disabled for conn_id=29
01-07 18:52:09.622   355   355 E QC-QMI  : qmi_qmux_tx_msg: failed to open inactive connd_id=29
01-07 18:52:09.622   355   355 E QC-QMI  : qmi_qmux: TX failed, connection inactive or in reset, conn_id=29, status_flags=4
01-07 18:52:09.622   355   355 E QC-QMI  : qmi_ctl_tx_msg: qmi_qmux_tx_msg failed
01-07 18:52:09.622   355   355 E QC-QMI  : qmi_ctl_handle_request: qmi_ctl_tx_msg call failed
01-07 18:52:09.622   247   247 I zygote  : option[0]=-Xzygote
01-07 18:52:09.622   247   247 I zygote  : option[1]=-Xusetombstonedtraces
01-07 18:52:09.622   247   247 I zygote  : option[2]=exit
01-07 18:52:09.622   247   247 I zygote  : option[3]=vfprintf
01-07 18:52:09.622   247   247 I zygote  : option[4]=sensitiveThread
01-07 18:52:09.622   247   247 I zygote  : option[5]=-verbose:gc
01-07 18:52:09.622   247   247 I zygote  : option[6]=-Xms16m
01-07 18:52:09.622   355   355 E QC-QMI  : qmi_qmux_open_connection: connection is disabled for conn_id=48
01-07 18:52:09.622   355   355 E QC-QMI  : qmi_qmux_tx_msg: failed to open inactive connd_id=48
01-07 18:52:09.622   247   247 I zygote  : option[7]=-Xmx512m
01-07 18:52:09.622   355   355 E QC-QMI  : qmi_qmux: TX failed, connection inactive or in reset, conn_id=48, status_flags=4
01-07 18:52:09.622   355   355 E QC-QMI  : qmi_ctl_tx_msg: qmi_qmux_tx_msg failed
01-07 18:52:09.622   247   247 I zygote  : option[8]=-XX:HeapGrowthLimit=192m
01-07 18:52:09.622   355   355 E QC-QMI  : qmi_ctl_handle_request: qmi_ctl_tx_msg call failed
01-07 18:52:09.622   247   247 I zygote  : option[9]=-XX:HeapMinFree=2m
01-07 18:52:09.622   247   247 I zygote  : option[10]=-XX:HeapMaxFree=8m
01-07 18:52:09.623   247   247 I zygote  : option[11]=-XX:HeapTargetUtilization=0.75
01-07 18:52:09.623   247   247 I zygote  : option[12]=-Xusejit:true
01-07 18:52:09.623   247   247 I zygote  : option[13]=-Xjitsaveprofilinginfo
01-07 18:52:09.623   247   247 I zygote  : option[14]=-agentlib:jdwp=transport=dt_android_adb,suspend=n,server=y
01-07 18:52:09.623   247   247 I zygote  : option[15]=-Ximage-compiler-option
01-07 18:52:09.623   247   247 I zygote  : option[16]=--runtime-arg
01-07 18:52:09.623   247   247 I zygote  : option[17]=-Ximage-compiler-option
01-07 18:52:09.623   247   247 I zygote  : option[18]=-Xms64m
01-07 18:52:09.623   247   247 I zygote  : option[19]=-Ximage-compiler-option
01-07 18:52:09.623   247   247 I zygote  : option[20]=--runtime-arg
01-07 18:52:09.623   355   355 E QC-QMI  : qmi_qmux_open_connection: connection is disabled for conn_id=48
01-07 18:52:09.623   247   247 I zygote  : option[21]=-Ximage-compiler-option
01-07 18:52:09.623   355   355 E QC-QMI  : qmi_qmux_tx_msg: failed to open inactive connd_id=48
01-07 18:52:09.623   247   247 I zygote  : option[22]=-Xmx64m
01-07 18:52:09.623   355   355 E QC-QMI  : qmi_qmux: TX failed, connection inactive or in reset, conn_id=48, status_flags=4
01-07 18:52:09.623   247   247 I zygote  : option[23]=-Ximage-compiler-option
01-07 18:52:09.623   355   355 E QC-QMI  : qmi_ctl_tx_msg: qmi_qmux_tx_msg failed
01-07 18:52:09.623   247   247 I zygote  : option[24]=--image-classes=/system/etc/preloaded-classes
01-07 18:52:09.623   355   355 E QC-QMI  : qmi_ctl_handle_request: qmi_ctl_tx_msg call failed
01-07 18:52:09.623   247   247 I zygote  : option[25]=-Ximage-compiler-option
01-07 18:52:09.623   247   247 I zygote  : option[26]=--compiled-classes=/system/etc/compiled-classes
01-07 18:52:09.623   247   247 I zygote  : option[27]=-Ximage-compiler-option
01-07 18:52:09.623   247   247 I zygote  : option[28]=--dirty-image-objects=/system/etc/dirty-image-objects
01-07 18:52:09.623   247   247 I zygote  : option[29]=-Xcompiler-option
01-07 18:52:09.623   247   247 I zygote  : option[30]=--runtime-arg
01-07 18:52:09.623   247   247 I zygote  : option[31]=-Xcompiler-option
01-07 18:52:09.623   247   247 I zygote  : option[32]=-Xms64m
01-07 18:52:09.623   247   247 I zygote  : option[33]=-Xcompiler-option
01-07 18:52:09.623   247   247 I zygote  : option[34]=--runtime-arg
01-07 18:52:09.623   247   247 I zygote  : option[35]=-Xcompiler-option
01-07 18:52:09.623   247   247 I zygote  : option[36]=-Xmx512m
01-07 18:52:09.623   247   247 I zygote  : option[37]=-Ximage-compiler-option
01-07 18:52:09.623   355   355 E QC-QMI  : qmi_qmux_open_connection: connection is disabled for conn_id=57
01-07 18:52:09.623   247   247 I zygote  : option[38]=--instruction-set-variant=krait
01-07 18:52:09.623   355   355 E QC-QMI  : qmi_qmux_tx_msg: failed to open inactive connd_id=57
01-07 18:52:09.623   247   247 I zygote  : option[39]=-Xcompiler-option
01-07 18:52:09.623   355   355 E QC-QMI  : qmi_qmux: TX failed, connection inactive or in reset, conn_id=57, status_flags=4
01-07 18:52:09.623   355   355 E QC-QMI  : qmi_ctl_tx_msg: qmi_qmux_tx_msg failed
01-07 18:52:09.623   247   247 I zygote  : option[40]=--instruction-set-variant=krait
01-07 18:52:09.623   355   355 E QC-QMI  : qmi_ctl_handle_request: qmi_ctl_tx_msg call failed
01-07 18:52:09.623   247   247 I zygote  : option[41]=-Ximage-compiler-option
01-07 18:52:09.623   247   247 I zygote  : option[42]=--instruction-set-features=default
01-07 18:52:09.623   247   247 I zygote  : option[43]=-Xcompiler-option
01-07 18:52:09.623   247   247 I zygote  : option[44]=--instruction-set-features=default
01-07 18:52:09.623   247   247 I zygote  : option[45]=-Duser.locale=zh-Hans-CN
01-07 18:52:09.623   247   247 I zygote  : option[46]=--cpu-abilist=armeabi-v7a,armeabi
01-07 18:52:09.623   247   247 I zygote  : option[47]=-Xfingerprint:google/walleye/walleye:8.1.0/OPM1.171019.011/4448085:user/release-keys
01-07 18:52:09.623   355   355 E QC-QMI  : qmi_qmux_open_connection: connection is disabled for conn_id=57
01-07 18:52:09.623   355   355 E QC-QMI  : qmi_qmux_tx_msg: failed to open inactive connd_id=57
01-07 18:52:09.623   355   355 E QC-QMI  : qmi_qmux: TX failed, connection inactive or in reset, conn_id=57, status_flags=4
01-07 18:52:09.623   355   355 E QC-QMI  : qmi_ctl_tx_msg: qmi_qmux_tx_msg failed
01-07 18:52:09.624   355   355 E QC-QMI  : qmi_ctl_handle_request: qmi_ctl_tx_msg call failed
01-07 18:52:09.627   247   247 W zygote  : Could not reserve sentinel fault page
01-07 18:52:09.641   355   355 E QC-QMI  : qmi_qmux_open_connection: connection is disabled for conn_id=29
01-07 18:52:09.642   355   355 E QC-QMI  : qmi_qmux_tx_msg: failed to open inactive connd_id=29
01-07 18:52:09.642   355   355 E QC-QMI  : qmi_qmux: TX failed, connection inactive or in reset, conn_id=29, status_flags=4
01-07 18:52:09.642   355   355 E QC-QMI  : qmi_ctl_tx_msg: qmi_qmux_tx_msg failed
01-07 18:52:09.642   355   355 E QC-QMI  : qmi_ctl_handle_request: qmi_ctl_tx_msg call failed
01-07 18:52:09.642   355   355 E QC-QMI  : qmi_qmux_open_connection: connection is disabled for conn_id=29
01-07 18:52:09.642   355   355 E QC-QMI  : qmi_qmux_tx_msg: failed to open inactive connd_id=29
01-07 18:52:09.642   355   355 E QC-QMI  : qmi_qmux: TX failed, connection inactive or in reset, conn_id=29, status_flags=4
01-07 18:52:09.642   355   355 E QC-QMI  : qmi_ctl_tx_msg: qmi_qmux_tx_msg failed
01-07 18:52:09.642   355   355 E QC-QMI  : qmi_ctl_handle_request: qmi_ctl_tx_msg call failed
01-07 18:52:09.642   355   355 E QC-QMI  : qmi_qmux_open_connection: connection is disabled for conn_id=48
01-07 18:52:09.642   355   355 E QC-QMI  : qmi_qmux_tx_msg: failed to open inactive connd_id=48
01-07 18:52:09.642   355   355 E QC-QMI  : qmi_qmux: TX failed, connection inactive or in reset, conn_id=48, status_flags=4
01-07 18:52:09.642   355   355 E QC-QMI  : qmi_ctl_tx_msg: qmi_qmux_tx_msg failed
01-07 18:52:09.642   355   355 E QC-QMI  : qmi_ctl_handle_request: qmi_ctl_tx_msg call failed
01-07 18:52:09.642   355   355 E QC-QMI  : qmi_qmux_open_connection: connection is disabled for conn_id=48
01-07 18:52:09.642   355   355 E QC-QMI  : qmi_qmux_tx_msg: failed to open inactive connd_id=48
01-07 18:52:09.642   355   355 E QC-QMI  : qmi_qmux: TX failed, connection inactive or in reset, conn_id=48, status_flags=4
01-07 18:52:09.643   355   355 E QC-QMI  : qmi_ctl_tx_msg: qmi_qmux_tx_msg failed
01-07 18:52:09.643   355   355 E QC-QMI  : qmi_ctl_handle_request: qmi_ctl_tx_msg call failed
01-07 18:52:09.643   355   355 E QC-QMI  : qmi_qmux_open_connection: connection is disabled for conn_id=57
01-07 18:52:09.643   355   355 E QC-QMI  : qmi_qmux_tx_msg: failed to open inactive connd_id=57
01-07 18:52:09.643   355   355 E QC-QMI  : qmi_qmux: TX failed, connection inactive or in reset, conn_id=57, status_flags=4
01-07 18:52:09.643   355   355 E QC-QMI  : qmi_ctl_tx_msg: qmi_qmux_tx_msg failed
01-07 18:52:09.643   355   355 E QC-QMI  : qmi_ctl_handle_request: qmi_ctl_tx_msg call failed
01-07 18:52:09.643   355   355 E QC-QMI  : qmi_qmux_open_connection: connection is disabled for conn_id=57
01-07 18:52:09.643   355   355 E QC-QMI  : qmi_qmux_tx_msg: failed to open inactive connd_id=57
01-07 18:52:09.643   355   355 E QC-QMI  : qmi_qmux: TX failed, connection inactive or in reset, conn_id=57, status_flags=4
01-07 18:52:09.643   355   355 E QC-QMI  : qmi_ctl_tx_msg: qmi_qmux_tx_msg failed
01-07 18:52:09.643   355   355 E QC-QMI  : qmi_ctl_handle_request: qmi_ctl_tx_msg call failed
01-07 18:52:09.646   355   355 E QC-QMI  : qmi_qmux_open_connection: connection is disabled for conn_id=29
01-07 18:52:09.646   355   355 E QC-QMI  : qmi_qmux_tx_msg: failed to open inactive connd_id=29
01-07 18:52:09.646   355   355 E QC-QMI  : qmi_qmux: TX failed, connection inactive or in reset, conn_id=29, status_flags=4
01-07 18:52:09.646   355   355 E QC-QMI  : qmi_ctl_tx_msg: qmi_qmux_tx_msg failed
01-07 18:52:09.646   355   355 E QC-QMI  : qmi_ctl_handle_request: qmi_ctl_tx_msg call failed
01-07 18:52:09.647   355   355 E QC-QMI  : qmi_qmux_open_connection: connection is disabled for conn_id=29
01-07 18:52:09.647   355   355 E QC-QMI  : qmi_qmux_tx_msg: failed to open inactive connd_id=29
01-07 18:52:09.647   355   355 E QC-QMI  : qmi_qmux: TX failed, connection inactive or in reset, conn_id=29, status_flags=4
01-07 18:52:09.647   355   355 E QC-QMI  : qmi_ctl_tx_msg: qmi_qmux_tx_msg failed
01-07 18:52:09.647   355   355 E QC-QMI  : qmi_ctl_handle_request: qmi_ctl_tx_msg call failed
01-07 18:52:09.647   355   355 E QC-QMI  : qmi_qmux_open_connection: connection is disabled for conn_id=48
01-07 18:52:09.647   355   355 E QC-QMI  : qmi_qmux_tx_msg: failed to open inactive connd_id=48
01-07 18:52:09.647   355   355 E QC-QMI  : qmi_qmux: TX failed, connection inactive or in reset, conn_id=48, status_flags=4
01-07 18:52:09.647   355   355 E QC-QMI  : qmi_ctl_tx_msg: qmi_qmux_tx_msg failed
01-07 18:52:09.647   355   355 E QC-QMI  : qmi_ctl_handle_request: qmi_ctl_tx_msg call failed
01-07 18:52:09.648   355   355 E QC-QMI  : qmi_qmux_open_connection: connection is disabled for conn_id=48
01-07 18:52:09.648   355   355 E QC-QMI  : qmi_qmux_tx_msg: failed to open inactive connd_id=48
01-07 18:52:09.648   355   355 E QC-QMI  : qmi_qmux: TX failed, connection inactive or in reset, conn_id=48, status_flags=4
01-07 18:52:09.648   355   355 E QC-QMI  : qmi_ctl_tx_msg: qmi_qmux_tx_msg failed
01-07 18:52:09.648   355   355 E QC-QMI  : qmi_ctl_handle_request: qmi_ctl_tx_msg call failed
01-07 18:52:09.648   355   355 E QC-QMI  : qmi_qmux_open_connection: connection is disabled for conn_id=57
01-07 18:52:09.648   355   355 E QC-QMI  : qmi_qmux_tx_msg: failed to open inactive connd_id=57
01-07 18:52:09.648   355   355 E QC-QMI  : qmi_qmux: TX failed, connection inactive or in reset, conn_id=57, status_flags=4
01-07 18:52:09.648   355   355 E QC-QMI  : qmi_ctl_tx_msg: qmi_qmux_tx_msg failed
01-07 18:52:09.648   355   355 E QC-QMI  : qmi_ctl_handle_request: qmi_ctl_tx_msg call failed
01-07 18:52:09.648   355   355 E QC-QMI  : qmi_qmux_open_connection: connection is disabled for conn_id=57
01-07 18:52:09.648   355   355 E QC-QMI  : qmi_qmux_tx_msg: failed to open inactive connd_id=57
01-07 18:52:09.648   355   355 E QC-QMI  : qmi_qmux: TX failed, connection inactive or in reset, conn_id=57, status_flags=4
01-07 18:52:09.648   355   355 E QC-QMI  : qmi_ctl_tx_msg: qmi_qmux_tx_msg failed
01-07 18:52:09.648   355   355 E QC-QMI  : qmi_ctl_handle_request: qmi_ctl_tx_msg call failed
01-07 18:52:09.650   355   355 E QC-QMI  : qmi_qmux_open_connection: connection is disabled for conn_id=29
01-07 18:52:09.650   355   355 E QC-QMI  : qmi_qmux_tx_msg: failed to open inactive connd_id=29
01-07 18:52:09.650   355   355 E QC-QMI  : qmi_qmux: TX failed, connection inactive or in reset, conn_id=29, status_flags=4
01-07 18:52:09.650   355   355 E QC-QMI  : qmi_ctl_tx_msg: qmi_qmux_tx_msg failed
01-07 18:52:09.650   355   355 E QC-QMI  : qmi_ctl_handle_request: qmi_ctl_tx_msg call failed
01-07 18:52:09.651   355   355 E QC-QMI  : qmi_qmux_open_connection: connection is disabled for conn_id=29
01-07 18:52:09.651   355   355 E QC-QMI  : qmi_qmux_tx_msg: failed to open inactive connd_id=29
01-07 18:52:09.651   355   355 E QC-QMI  : qmi_qmux: TX failed, connection inactive or in reset, conn_id=29, status_flags=4
01-07 18:52:09.651   355   355 E QC-QMI  : qmi_ctl_tx_msg: qmi_qmux_tx_msg failed
01-07 18:52:09.651   355   355 E QC-QMI  : qmi_ctl_handle_request: qmi_ctl_tx_msg call failed
01-07 18:52:09.651   355   355 E QC-QMI  : qmi_qmux_open_connection: connection is disabled for conn_id=48
01-07 18:52:09.651   355   355 E QC-QMI  : qmi_qmux_tx_msg: failed to open inactive connd_id=48
01-07 18:52:09.651   355   355 E QC-QMI  : qmi_qmux: TX failed, connection inactive or in reset, conn_id=48, status_flags=4
01-07 18:52:09.651   355   355 E QC-QMI  : qmi_ctl_tx_msg: qmi_qmux_tx_msg failed
01-07 18:52:09.651   355   355 E QC-QMI  : qmi_ctl_handle_request: qmi_ctl_tx_msg call failed
01-07 18:52:09.651   355   355 E QC-QMI  : qmi_qmux_open_connection: connection is disabled for conn_id=48
01-07 18:52:09.651   355   355 E QC-QMI  : qmi_qmux_tx_msg: failed to open inactive connd_id=48
01-07 18:52:09.651   355   355 E QC-QMI  : qmi_qmux: TX failed, connection inactive or in reset, conn_id=48, status_flags=4
01-07 18:52:09.651   355   355 E QC-QMI  : qmi_ctl_tx_msg: qmi_qmux_tx_msg failed
01-07 18:52:09.651   355   355 E QC-QMI  : qmi_ctl_handle_request: qmi_ctl_tx_msg call failed
01-07 18:52:09.652   355   355 E QC-QMI  : qmi_qmux_open_connection: connection is disabled for conn_id=57
01-07 18:52:09.652   355   355 E QC-QMI  : qmi_qmux_tx_msg: failed to open inactive connd_id=57
01-07 18:52:09.652   355   355 E QC-QMI  : qmi_qmux: TX failed, connection inactive or in reset, conn_id=57, status_flags=4
01-07 18:52:09.652   355   355 E QC-QMI  : qmi_ctl_tx_msg: qmi_qmux_tx_msg failed
01-07 18:52:09.652   355   355 E QC-QMI  : qmi_ctl_handle_request: qmi_ctl_tx_msg call failed
01-07 18:52:09.652   355   355 E QC-QMI  : qmi_qmux_open_connection: connection is disabled for conn_id=57
01-07 18:52:09.652   355   355 E QC-QMI  : qmi_qmux_tx_msg: failed to open inactive connd_id=57
01-07 18:52:09.652   355   355 E QC-QMI  : qmi_qmux: TX failed, connection inactive or in reset, conn_id=57, status_flags=4
01-07 18:52:09.652   355   355 E QC-QMI  : qmi_ctl_tx_msg: qmi_qmux_tx_msg failed
01-07 18:52:09.652   355   355 E QC-QMI  : qmi_ctl_handle_request: qmi_ctl_tx_msg call failed
01-07 18:52:09.688   355   355 E QC-QMI  : qmi_qmux_open_connection: connection is disabled for conn_id=29
01-07 18:52:09.688   355   355 E QC-QMI  : qmi_qmux_tx_msg: failed to open inactive connd_id=29
01-07 18:52:09.688   355   355 E QC-QMI  : qmi_qmux: TX failed, connection inactive or in reset, conn_id=29, status_flags=4
01-07 18:52:09.688   355   355 E QC-QMI  : qmi_ctl_tx_msg: qmi_qmux_tx_msg failed
01-07 18:52:09.688   355   355 E QC-QMI  : qmi_ctl_handle_request: qmi_ctl_tx_msg call failed
01-07 18:52:09.689   355   355 E QC-QMI  : qmi_qmux_open_connection: connection is disabled for conn_id=29
01-07 18:52:09.689   355   355 E QC-QMI  : qmi_qmux_tx_msg: failed to open inactive connd_id=29
01-07 18:52:09.689   355   355 E QC-QMI  : qmi_qmux: TX failed, connection inactive or in reset, conn_id=29, status_flags=4
01-07 18:52:09.689   355   355 E QC-QMI  : qmi_ctl_tx_msg: qmi_qmux_tx_msg failed
01-07 18:52:09.689   355   355 E QC-QMI  : qmi_ctl_handle_request: qmi_ctl_tx_msg call failed
01-07 18:52:09.689   355   355 E QC-QMI  : qmi_qmux_open_connection: connection is disabled for conn_id=48
01-07 18:52:09.689   355   355 E QC-QMI  : qmi_qmux_tx_msg: failed to open inactive connd_id=48
01-07 18:52:09.689   355   355 E QC-QMI  : qmi_qmux: TX failed, connection inactive or in reset, conn_id=48, status_flags=4
01-07 18:52:09.689   355   355 E QC-QMI  : qmi_ctl_tx_msg: qmi_qmux_tx_msg failed
01-07 18:52:09.689   355   355 E QC-QMI  : qmi_ctl_handle_request: qmi_ctl_tx_msg call failed
01-07 18:52:09.689   355   355 E QC-QMI  : qmi_qmux_open_connection: connection is disabled for conn_id=48
01-07 18:52:09.689   355   355 E QC-QMI  : qmi_qmux_tx_msg: failed to open inactive connd_id=48
01-07 18:52:09.689   355   355 E QC-QMI  : qmi_qmux: TX failed, connection inactive or in reset, conn_id=48, status_flags=4
01-07 18:52:09.689   355   355 E QC-QMI  : qmi_ctl_tx_msg: qmi_qmux_tx_msg failed
01-07 18:52:09.689   355   355 E QC-QMI  : qmi_ctl_handle_request: qmi_ctl_tx_msg call failed
01-07 18:52:09.690   355   355 E QC-QMI  : qmi_qmux_open_connection: connection is disabled for conn_id=57
01-07 18:52:09.690   355   355 E QC-QMI  : qmi_qmux_tx_msg: failed to open inactive connd_id=57
01-07 18:52:09.690   355   355 E QC-QMI  : qmi_qmux: TX failed, connection inactive or in reset, conn_id=57, status_flags=4
01-07 18:52:09.690   355   355 E QC-QMI  : qmi_ctl_tx_msg: qmi_qmux_tx_msg failed
01-07 18:52:09.690   355   355 E QC-QMI  : qmi_ctl_handle_request: qmi_ctl_tx_msg call failed
01-07 18:52:09.690   355   355 E QC-QMI  : qmi_qmux_open_connection: connection is disabled for conn_id=57
01-07 18:52:09.690   355   355 E QC-QMI  : qmi_qmux_tx_msg: failed to open inactive connd_id=57
01-07 18:52:09.690   355   355 E QC-QMI  : qmi_qmux: TX failed, connection inactive or in reset, conn_id=57, status_flags=4
01-07 18:52:09.690   355   355 E QC-QMI  : qmi_ctl_tx_msg: qmi_qmux_tx_msg failed
01-07 18:52:09.690   355   355 E QC-QMI  : qmi_ctl_handle_request: qmi_ctl_tx_msg call failed
01-07 18:52:09.691   355   355 E QC-QMI  : qmi_qmux_open_connection: connection is disabled for conn_id=29
01-07 18:52:09.691   355   355 E QC-QMI  : qmi_qmux_tx_msg: failed to open inactive connd_id=29
01-07 18:52:09.691   355   355 E QC-QMI  : qmi_qmux: TX failed, connection inactive or in reset, conn_id=29, status_flags=4
01-07 18:52:09.691   355   355 E QC-QMI  : qmi_ctl_tx_msg: qmi_qmux_tx_msg failed
01-07 18:52:09.691   355   355 E QC-QMI  : qmi_ctl_handle_request: qmi_ctl_tx_msg call failed
01-07 18:52:09.691   355   355 E QC-QMI  : qmi_qmux_open_connection: connection is disabled for conn_id=29
01-07 18:52:09.691   355   355 E QC-QMI  : qmi_qmux_tx_msg: failed to open inactive connd_id=29
01-07 18:52:09.691   355   355 E QC-QMI  : qmi_qmux: TX failed, connection inactive or in reset, conn_id=29, status_flags=4
01-07 18:52:09.691   355   355 E QC-QMI  : qmi_ctl_tx_msg: qmi_qmux_tx_msg failed
01-07 18:52:09.691   355   355 E QC-QMI  : qmi_ctl_handle_request: qmi_ctl_tx_msg call failed
01-07 18:52:09.692   355   355 E QC-QMI  : qmi_qmux_open_connection: connection is disabled for conn_id=48
01-07 18:52:09.692   355   355 E QC-QMI  : qmi_qmux_tx_msg: failed to open inactive connd_id=48
01-07 18:52:09.692   355   355 E QC-QMI  : qmi_qmux: TX failed, connection inactive or in reset, conn_id=48, status_flags=4
01-07 18:52:09.692   355   355 E QC-QMI  : qmi_ctl_tx_msg: qmi_qmux_tx_msg failed
01-07 18:52:09.692   355   355 E QC-QMI  : qmi_ctl_handle_request: qmi_ctl_tx_msg call failed
01-07 18:52:09.692   355   355 E QC-QMI  : qmi_qmux_open_connection: connection is disabled for conn_id=48
01-07 18:52:09.692   355   355 E QC-QMI  : qmi_qmux_tx_msg: failed to open inactive connd_id=48
01-07 18:52:09.692   355   355 E QC-QMI  : qmi_qmux: TX failed, connection inactive or in reset, conn_id=48, status_flags=4
01-07 18:52:09.692   355   355 E QC-QMI  : qmi_ctl_tx_msg: qmi_qmux_tx_msg failed
01-07 18:52:09.692   355   355 E QC-QMI  : qmi_ctl_handle_request: qmi_ctl_tx_msg call failed
01-07 18:52:09.693   355   355 E QC-QMI  : qmi_qmux_open_connection: connection is disabled for conn_id=57
01-07 18:52:09.693   355   355 E QC-QMI  : qmi_qmux_tx_msg: failed to open inactive connd_id=57
01-07 18:52:09.693   355   355 E QC-QMI  : qmi_qmux: TX failed, connection inactive or in reset, conn_id=57, status_flags=4
01-07 18:52:09.693   355   355 E QC-QMI  : qmi_ctl_tx_msg: qmi_qmux_tx_msg failed
01-07 18:52:09.693   355   355 E QC-QMI  : qmi_ctl_handle_request: qmi_ctl_tx_msg call failed
01-07 18:52:09.694   355   355 E QC-QMI  : qmi_qmux_open_connection: connection is disabled for conn_id=57
01-07 18:52:09.694   355   355 E QC-QMI  : qmi_qmux_tx_msg: failed to open inactive connd_id=57
01-07 18:52:09.694   355   355 E QC-QMI  : qmi_qmux: TX failed, connection inactive or in reset, conn_id=57, status_flags=4
01-07 18:52:09.694   355   355 E QC-QMI  : qmi_ctl_tx_msg: qmi_qmux_tx_msg failed
01-07 18:52:09.694   355   355 E QC-QMI  : qmi_ctl_handle_request: qmi_ctl_tx_msg call failed
01-07 18:52:09.695   355   355 E QC-QMI  : qmi_qmux_open_connection: connection is disabled for conn_id=29
01-07 18:52:09.695   355   355 E QC-QMI  : qmi_qmux_tx_msg: failed to open inactive connd_id=29
01-07 18:52:09.695   355   355 E QC-QMI  : qmi_qmux: TX failed, connection inactive or in reset, conn_id=29, status_flags=4
01-07 18:52:09.695   355   355 E QC-QMI  : qmi_ctl_tx_msg: qmi_qmux_tx_msg failed
01-07 18:52:09.695   355   355 E QC-QMI  : qmi_ctl_handle_request: qmi_ctl_tx_msg call failed
01-07 18:52:09.695   355   355 E QC-QMI  : qmi_qmux_open_connection: connection is disabled for conn_id=29
01-07 18:52:09.695   355   355 E QC-QMI  : qmi_qmux_tx_msg: failed to open inactive connd_id=29
01-07 18:52:09.695   355   355 E QC-QMI  : qmi_qmux: TX failed, connection inactive or in reset, conn_id=29, status_flags=4
01-07 18:52:09.695   355   355 E QC-QMI  : qmi_ctl_tx_msg: qmi_qmux_tx_msg failed
01-07 18:52:09.695   355   355 E QC-QMI  : qmi_ctl_handle_request: qmi_ctl_tx_msg call failed
01-07 18:52:09.695   355   355 E QC-QMI  : qmi_qmux_open_connection: connection is disabled for conn_id=48
01-07 18:52:09.695   355   355 E QC-QMI  : qmi_qmux_tx_msg: failed to open inactive connd_id=48
01-07 18:52:09.695   355   355 E QC-QMI  : qmi_qmux: TX failed, connection inactive or in reset, conn_id=48, status_flags=4
01-07 18:52:09.695   355   355 E QC-QMI  : qmi_ctl_tx_msg: qmi_qmux_tx_msg failed
01-07 18:52:09.695   355   355 E QC-QMI  : qmi_ctl_handle_request: qmi_ctl_tx_msg call failed
01-07 18:52:09.696   355   355 E QC-QMI  : qmi_qmux_open_connection: connection is disabled for conn_id=48
01-07 18:52:09.696   355   355 E QC-QMI  : qmi_qmux_tx_msg: failed to open inactive connd_id=48
01-07 18:52:09.696   355   355 E QC-QMI  : qmi_qmux: TX failed, connection inactive or in reset, conn_id=48, status_flags=4
01-07 18:52:09.696   355   355 E QC-QMI  : qmi_ctl_tx_msg: qmi_qmux_tx_msg failed
01-07 18:52:09.696   355   355 E QC-QMI  : qmi_ctl_handle_request: qmi_ctl_tx_msg call failed
01-07 18:52:09.696   355   355 E QC-QMI  : qmi_qmux_open_connection: connection is disabled for conn_id=57
01-07 18:52:09.696   355   355 E QC-QMI  : qmi_qmux_tx_msg: failed to open inactive connd_id=57
01-07 18:52:09.696   355   355 E QC-QMI  : qmi_qmux: TX failed, connection inactive or in reset, conn_id=57, status_flags=4
01-07 18:52:09.696   355   355 E QC-QMI  : qmi_ctl_tx_msg: qmi_qmux_tx_msg failed
01-07 18:52:09.696   355   355 E QC-QMI  : qmi_ctl_handle_request: qmi_ctl_tx_msg call failed
01-07 18:52:09.696   355   355 E QC-QMI  : qmi_qmux_open_connection: connection is disabled for conn_id=57
01-07 18:52:09.696   355   355 E QC-QMI  : qmi_qmux_tx_msg: failed to open inactive connd_id=57
01-07 18:52:09.696   355   355 E QC-QMI  : qmi_qmux: TX failed, connection inactive or in reset, conn_id=57, status_flags=4
01-07 18:52:09.696   355   355 E QC-QMI  : qmi_ctl_tx_msg: qmi_qmux_tx_msg failed
01-07 18:52:09.696   355   355 E QC-QMI  : qmi_ctl_handle_request: qmi_ctl_tx_msg call failed
01-07 18:52:09.697   355   355 E QC-QMI  : qmi_qmux_open_connection: connection is disabled for conn_id=29
01-07 18:52:09.697   355   355 E QC-QMI  : qmi_qmux_tx_msg: failed to open inactive connd_id=29
01-07 18:52:09.697   355   355 E QC-QMI  : qmi_qmux: TX failed, connection inactive or in reset, conn_id=29, status_flags=4
01-07 18:52:09.697   355   355 E QC-QMI  : qmi_ctl_tx_msg: qmi_qmux_tx_msg failed
01-07 18:52:09.697   355   355 E QC-QMI  : qmi_ctl_handle_request: qmi_ctl_tx_msg call failed
01-07 18:52:09.697   355   355 E QC-QMI  : qmi_qmux_open_connection: connection is disabled for conn_id=29
01-07 18:52:09.697   355   355 E QC-QMI  : qmi_qmux_tx_msg: failed to open inactive connd_id=29
01-07 18:52:09.697   355   355 E QC-QMI  : qmi_qmux: TX failed, connection inactive or in reset, conn_id=29, status_flags=4
01-07 18:52:09.697   355   355 E QC-QMI  : qmi_ctl_tx_msg: qmi_qmux_tx_msg failed
01-07 18:52:09.697   355   355 E QC-QMI  : qmi_ctl_handle_request: qmi_ctl_tx_msg call failed
01-07 18:52:09.697   355   355 E QC-QMI  : qmi_qmux_open_connection: connection is disabled for conn_id=48
01-07 18:52:09.697   355   355 E QC-QMI  : qmi_qmux_tx_msg: failed to open inactive connd_id=48
01-07 18:52:09.697   355   355 E QC-QMI  : qmi_qmux: TX failed, connection inactive or in reset, conn_id=48, status_flags=4
01-07 18:52:09.697   355   355 E QC-QMI  : qmi_ctl_tx_msg: qmi_qmux_tx_msg failed
01-07 18:52:09.697   355   355 E QC-QMI  : qmi_ctl_handle_request: qmi_ctl_tx_msg call failed
01-07 18:52:09.698   355   355 E QC-QMI  : qmi_qmux_open_connection: connection is disabled for conn_id=48
01-07 18:52:09.698   355   355 E QC-QMI  : qmi_qmux_tx_msg: failed to open inactive connd_id=48
01-07 18:52:09.698   355   355 E QC-QMI  : qmi_qmux: TX failed, connection inactive or in reset, conn_id=48, status_flags=4
01-07 18:52:09.698   355   355 E QC-QMI  : qmi_ctl_tx_msg: qmi_qmux_tx_msg failed
01-07 18:52:09.699   355   355 E QC-QMI  : qmi_ctl_handle_request: qmi_ctl_tx_msg call failed
01-07 18:52:09.700   355   355 E QC-QMI  : qmi_qmux_open_connection: connection is disabled for conn_id=57
01-07 18:52:09.700   355   355 E QC-QMI  : qmi_qmux_tx_msg: failed to open inactive connd_id=57
01-07 18:52:09.700   355   355 E QC-QMI  : qmi_qmux: TX failed, connection inactive or in reset, conn_id=57, status_flags=4
01-07 18:52:09.700   355   355 E QC-QMI  : qmi_ctl_tx_msg: qmi_qmux_tx_msg failed
01-07 18:52:09.700   355   355 E QC-QMI  : qmi_ctl_handle_request: qmi_ctl_tx_msg call failed
01-07 18:52:09.700   355   355 E QC-QMI  : qmi_qmux_open_connection: connection is disabled for conn_id=57
01-07 18:52:09.700   355   355 E QC-QMI  : qmi_qmux_tx_msg: failed to open inactive connd_id=57
01-07 18:52:09.700   355   355 E QC-QMI  : qmi_qmux: TX failed, connection inactive or in reset, conn_id=57, status_flags=4
01-07 18:52:09.700   355   355 E QC-QMI  : qmi_ctl_tx_msg: qmi_qmux_tx_msg failed
01-07 18:52:09.700   355   355 E QC-QMI  : qmi_ctl_handle_request: qmi_ctl_tx_msg call failed
01-07 18:52:09.701   355   355 E QC-QMI  : qmi_qmux_open_connection: connection is disabled for conn_id=29
01-07 18:52:09.701   355   355 E QC-QMI  : qmi_qmux_tx_msg: failed to open inactive connd_id=29
01-07 18:52:09.701   355   355 E QC-QMI  : qmi_qmux: TX failed, connection inactive or in reset, conn_id=29, status_flags=4
01-07 18:52:09.701   355   355 E QC-QMI  : qmi_ctl_tx_msg: qmi_qmux_tx_msg failed
01-07 18:52:09.701   355   355 E QC-QMI  : qmi_ctl_handle_request: qmi_ctl_tx_msg call failed
01-07 18:52:09.702   355   355 E QC-QMI  : qmi_qmux_open_connection: connection is disabled for conn_id=29
01-07 18:52:09.702   355   355 E QC-QMI  : qmi_qmux_tx_msg: failed to open inactive connd_id=29
01-07 18:52:09.702   355   355 E QC-QMI  : qmi_qmux: TX failed, connection inactive or in reset, conn_id=29, status_flags=4
01-07 18:52:09.702   355   355 E QC-QMI  : qmi_ctl_tx_msg: qmi_qmux_tx_msg failed
01-07 18:52:09.702   355   355 E QC-QMI  : qmi_ctl_handle_request: qmi_ctl_tx_msg call failed
01-07 18:52:09.702   355   355 E QC-QMI  : qmi_qmux_open_connection: connection is disabled for conn_id=48
01-07 18:52:09.702   355   355 E QC-QMI  : qmi_qmux_tx_msg: failed to open inactive connd_id=48
01-07 18:52:09.702   355   355 E QC-QMI  : qmi_qmux: TX failed, connection inactive or in reset, conn_id=48, status_flags=4
01-07 18:52:09.702   355   355 E QC-QMI  : qmi_ctl_tx_msg: qmi_qmux_tx_msg failed
01-07 18:52:09.702   355   355 E QC-QMI  : qmi_ctl_handle_request: qmi_ctl_tx_msg call failed
01-07 18:52:09.702   355   355 E QC-QMI  : qmi_qmux_open_connection: connection is disabled for conn_id=48
01-07 18:52:09.702   355   355 E QC-QMI  : qmi_qmux_tx_msg: failed to open inactive connd_id=48
01-07 18:52:09.702   355   355 E QC-QMI  : qmi_qmux: TX failed, connection inactive or in reset, conn_id=48, status_flags=4
01-07 18:52:09.702   355   355 E QC-QMI  : qmi_ctl_tx_msg: qmi_qmux_tx_msg failed
01-07 18:52:09.702   355   355 E QC-QMI  : qmi_ctl_handle_request: qmi_ctl_tx_msg call failed
01-07 18:52:09.703   355   355 E QC-QMI  : qmi_qmux_open_connection: connection is disabled for conn_id=57
01-07 18:52:09.703   355   355 E QC-QMI  : qmi_qmux_tx_msg: failed to open inactive connd_id=57
01-07 18:52:09.703   355   355 E QC-QMI  : qmi_qmux: TX failed, connection inactive or in reset, conn_id=57, status_flags=4
01-07 18:52:09.703   355   355 E QC-QMI  : qmi_ctl_tx_msg: qmi_qmux_tx_msg failed
01-07 18:52:09.703   355   355 E QC-QMI  : qmi_ctl_handle_request: qmi_ctl_tx_msg call failed
01-07 18:52:09.703   355   355 E QC-QMI  : qmi_qmux_open_connection: connection is disabled for conn_id=57
01-07 18:52:09.703   355   355 E QC-QMI  : qmi_qmux_tx_msg: failed to open inactive connd_id=57
01-07 18:52:09.703   355   355 E QC-QMI  : qmi_qmux: TX failed, connection inactive or in reset, conn_id=57, status_flags=4
01-07 18:52:09.703   355   355 E QC-QMI  : qmi_ctl_tx_msg: qmi_qmux_tx_msg failed
01-07 18:52:09.703   355   355 E QC-QMI  : qmi_ctl_handle_request: qmi_ctl_tx_msg call failed
01-07 18:52:09.703   355   355 E QC-QMI  : qmi_qmux_open_connection: connection is disabled for conn_id=29
01-07 18:52:09.703   355   355 E QC-QMI  : qmi_qmux_tx_msg: failed to open inactive connd_id=29
01-07 18:52:09.703   355   355 E QC-QMI  : qmi_qmux: TX failed, connection inactive or in reset, conn_id=29, status_flags=4
01-07 18:52:09.703   355   355 E QC-QMI  : qmi_ctl_tx_msg: qmi_qmux_tx_msg failed
01-07 18:52:09.703   355   355 E QC-QMI  : qmi_ctl_handle_request: qmi_ctl_tx_msg call failed
01-07 18:52:09.704   355   355 E QC-QMI  : qmi_qmux_open_connection: connection is disabled for conn_id=29
01-07 18:52:09.704   355   355 E QC-QMI  : qmi_qmux_tx_msg: failed to open inactive connd_id=29
01-07 18:52:09.704   355   355 E QC-QMI  : qmi_qmux: TX failed, connection inactive or in reset, conn_id=29, status_flags=4
01-07 18:52:09.704   355   355 E QC-QMI  : qmi_ctl_tx_msg: qmi_qmux_tx_msg failed
01-07 18:52:09.704   355   355 E QC-QMI  : qmi_ctl_handle_request: qmi_ctl_tx_msg call failed
01-07 18:52:09.704   355   355 E QC-QMI  : qmi_qmux_open_connection: connection is disabled for conn_id=48
01-07 18:52:09.704   355   355 E QC-QMI  : qmi_qmux_tx_msg: failed to open inactive connd_id=48
01-07 18:52:09.704   355   355 E QC-QMI  : qmi_qmux: TX failed, connection inactive or in reset, conn_id=48, status_flags=4
01-07 18:52:09.704   355   355 E QC-QMI  : qmi_ctl_tx_msg: qmi_qmux_tx_msg failed
01-07 18:52:09.704   355   355 E QC-QMI  : qmi_ctl_handle_request: qmi_ctl_tx_msg call failed
01-07 18:52:09.704   355   355 E QC-QMI  : qmi_qmux_open_connection: connection is disabled for conn_id=48
01-07 18:52:09.704   355   355 E QC-QMI  : qmi_qmux_tx_msg: failed to open inactive connd_id=48
01-07 18:52:09.704   355   355 E QC-QMI  : qmi_qmux: TX failed, connection inactive or in reset, conn_id=48, status_flags=4
01-07 18:52:09.704   355   355 E QC-QMI  : qmi_ctl_tx_msg: qmi_qmux_tx_msg failed
01-07 18:52:09.704   355   355 E QC-QMI  : qmi_ctl_handle_request: qmi_ctl_tx_msg call failed
01-07 18:52:09.705   355   355 E QC-QMI  : qmi_qmux_open_connection: connection is disabled for conn_id=57
01-07 18:52:09.705   355   355 E QC-QMI  : qmi_qmux_tx_msg: failed to open inactive connd_id=57
01-07 18:52:09.705   355   355 E QC-QMI  : qmi_qmux: TX failed, connection inactive or in reset, conn_id=57, status_flags=4
01-07 18:52:09.705   355   355 E QC-QMI  : qmi_ctl_tx_msg: qmi_qmux_tx_msg failed
01-07 18:52:09.705   355   355 E QC-QMI  : qmi_ctl_handle_request: qmi_ctl_tx_msg call failed
01-07 18:52:09.705   355   355 E QC-QMI  : qmi_qmux_open_connection: connection is disabled for conn_id=57
01-07 18:52:09.705   355   355 E QC-QMI  : qmi_qmux_tx_msg: failed to open inactive connd_id=57
01-07 18:52:09.705   355   355 E QC-QMI  : qmi_qmux: TX failed, connection inactive or in reset, conn_id=57, status_flags=4
01-07 18:52:09.705   355   355 E QC-QMI  : qmi_ctl_tx_msg: qmi_qmux_tx_msg failed
01-07 18:52:09.705   355   355 E QC-QMI  : qmi_ctl_handle_request: qmi_ctl_tx_msg call failed
01-07 18:52:09.707   355   355 E QC-QMI  : qmi_qmux_open_connection: connection is disabled for conn_id=29
01-07 18:52:09.707   355   355 E QC-QMI  : qmi_qmux_tx_msg: failed to open inactive connd_id=29
01-07 18:52:09.707   355   355 E QC-QMI  : qmi_qmux: TX failed, connection inactive or in reset, conn_id=29, status_flags=4
01-07 18:52:09.707   355   355 E QC-QMI  : qmi_ctl_tx_msg: qmi_qmux_tx_msg failed
01-07 18:52:09.707   355   355 E QC-QMI  : qmi_ctl_handle_request: qmi_ctl_tx_msg call failed
01-07 18:52:09.707   355   355 E QC-QMI  : qmi_qmux_open_connection: connection is disabled for conn_id=29
01-07 18:52:09.707   355   355 E QC-QMI  : qmi_qmux_tx_msg: failed to open inactive connd_id=29
01-07 18:52:09.707   355   355 E QC-QMI  : qmi_qmux: TX failed, connection inactive or in reset, conn_id=29, status_flags=4
01-07 18:52:09.707   355   355 E QC-QMI  : qmi_ctl_tx_msg: qmi_qmux_tx_msg failed
01-07 18:52:09.707   355   355 E QC-QMI  : qmi_ctl_handle_request: qmi_ctl_tx_msg call failed
01-07 18:52:09.708   355   355 E QC-QMI  : qmi_qmux_open_connection: connection is disabled for conn_id=48
01-07 18:52:09.708   355   355 E QC-QMI  : qmi_qmux_tx_msg: failed to open inactive connd_id=48
01-07 18:52:09.708   355   355 E QC-QMI  : qmi_qmux: TX failed, connection inactive or in reset, conn_id=48, status_flags=4
01-07 18:52:09.708   355   355 E QC-QMI  : qmi_ctl_tx_msg: qmi_qmux_tx_msg failed
01-07 18:52:09.708   355   355 E QC-QMI  : qmi_ctl_handle_request: qmi_ctl_tx_msg call failed
01-07 18:52:09.708   355   355 E QC-QMI  : qmi_qmux_open_connection: connection is disabled for conn_id=48
01-07 18:52:09.708   355   355 E QC-QMI  : qmi_qmux_tx_msg: failed to open inactive connd_id=48
01-07 18:52:09.708   355   355 E QC-QMI  : qmi_qmux: TX failed, connection inactive or in reset, conn_id=48, status_flags=4
01-07 18:52:09.708   355   355 E QC-QMI  : qmi_ctl_tx_msg: qmi_qmux_tx_msg failed
01-07 18:52:09.708   355   355 E QC-QMI  : qmi_ctl_handle_request: qmi_ctl_tx_msg call failed
01-07 18:52:09.709   355   355 E QC-QMI  : qmi_qmux_open_connection: connection is disabled for conn_id=57
01-07 18:52:09.709   355   355 E QC-QMI  : qmi_qmux_tx_msg: failed to open inactive connd_id=57
01-07 18:52:09.709   355   355 E QC-QMI  : qmi_qmux: TX failed, connection inactive or in reset, conn_id=57, status_flags=4
01-07 18:52:09.709   355   355 E QC-QMI  : qmi_ctl_tx_msg: qmi_qmux_tx_msg failed
01-07 18:52:09.709   355   355 E QC-QMI  : qmi_ctl_handle_request: qmi_ctl_tx_msg call failed
01-07 18:52:09.709   355   355 E QC-QMI  : qmi_qmux_open_connection: connection is disabled for conn_id=57
01-07 18:52:09.709   355   355 E QC-QMI  : qmi_qmux_tx_msg: failed to open inactive connd_id=57
01-07 18:52:09.709   355   355 E QC-QMI  : qmi_qmux: TX failed, connection inactive or in reset, conn_id=57, status_flags=4
01-07 18:52:09.709   355   355 E QC-QMI  : qmi_ctl_tx_msg: qmi_qmux_tx_msg failed
01-07 18:52:09.709   355   355 E QC-QMI  : qmi_ctl_handle_request: qmi_ctl_tx_msg call failed
01-07 18:52:09.710   355   355 E QC-QMI  : qmi_qmux_open_connection: connection is disabled for conn_id=29
01-07 18:52:09.710   355   355 E QC-QMI  : qmi_qmux_tx_msg: failed to open inactive connd_id=29
01-07 18:52:09.710   355   355 E QC-QMI  : qmi_qmux: TX failed, connection inactive or in reset, conn_id=29, status_flags=4
01-07 18:52:09.710   355   355 E QC-QMI  : qmi_ctl_tx_msg: qmi_qmux_tx_msg failed
01-07 18:52:09.710   355   355 E QC-QMI  : qmi_ctl_handle_request: qmi_ctl_tx_msg call failed
01-07 18:52:09.710   355   355 E QC-QMI  : qmi_qmux_open_connection: connection is disabled for conn_id=29
01-07 18:52:09.710   355   355 E QC-QMI  : qmi_qmux_tx_msg: failed to open inactive connd_id=29
01-07 18:52:09.710   355   355 E QC-QMI  : qmi_qmux: TX failed, connection inactive or in reset, conn_id=29, status_flags=4
01-07 18:52:09.710   355   355 E QC-QMI  : qmi_ctl_tx_msg: qmi_qmux_tx_msg failed
01-07 18:52:09.710   355   355 E QC-QMI  : qmi_ctl_handle_request: qmi_ctl_tx_msg call failed
01-07 18:52:09.710   355   355 E QC-QMI  : qmi_qmux_open_connection: connection is disabled for conn_id=48
01-07 18:52:09.710   355   355 E QC-QMI  : qmi_qmux_tx_msg: failed to open inactive connd_id=48
01-07 18:52:09.710   355   355 E QC-QMI  : qmi_qmux: TX failed, connection inactive or in reset, conn_id=48, status_flags=4
01-07 18:52:09.710   355   355 E QC-QMI  : qmi_ctl_tx_msg: qmi_qmux_tx_msg failed
01-07 18:52:09.710   355   355 E QC-QMI  : qmi_ctl_handle_request: qmi_ctl_tx_msg call failed
01-07 18:52:09.711   355   355 E QC-QMI  : qmi_qmux_open_connection: connection is disabled for conn_id=48
01-07 18:52:09.711   355   355 E QC-QMI  : qmi_qmux_tx_msg: failed to open inactive connd_id=48
01-07 18:52:09.711   355   355 E QC-QMI  : qmi_qmux: TX failed, connection inactive or in reset, conn_id=48, status_flags=4
01-07 18:52:09.711   355   355 E QC-QMI  : qmi_ctl_tx_msg: qmi_qmux_tx_msg failed
01-07 18:52:09.711   355   355 E QC-QMI  : qmi_ctl_handle_request: qmi_ctl_tx_msg call failed
01-07 18:52:09.711   355   355 E QC-QMI  : qmi_qmux_open_connection: connection is disabled for conn_id=57
01-07 18:52:09.711   355   355 E QC-QMI  : qmi_qmux_tx_msg: failed to open inactive connd_id=57
01-07 18:52:09.711   355   355 E QC-QMI  : qmi_qmux: TX failed, connection inactive or in reset, conn_id=57, status_flags=4
01-07 18:52:09.711   355   355 E QC-QMI  : qmi_ctl_tx_msg: qmi_qmux_tx_msg failed
01-07 18:52:09.711   355   355 E QC-QMI  : qmi_ctl_handle_request: qmi_ctl_tx_msg call failed
01-07 18:52:09.712   355   355 E QC-QMI  : qmi_qmux_open_connection: connection is disabled for conn_id=57
01-07 18:52:09.712   355   355 E QC-QMI  : qmi_qmux_tx_msg: failed to open inactive connd_id=57
01-07 18:52:09.712   355   355 E QC-QMI  : qmi_qmux: TX failed, connection inactive or in reset, conn_id=57, status_flags=4
01-07 18:52:09.712   355   355 E QC-QMI  : qmi_ctl_tx_msg: qmi_qmux_tx_msg failed
01-07 18:52:09.712   355   355 E QC-QMI  : qmi_ctl_handle_request: qmi_ctl_tx_msg call failed
01-07 18:52:09.712   355   355 E QC-QMI  : qmi_qmux_open_connection: connection is disabled for conn_id=29
01-07 18:52:09.712   355   355 E QC-QMI  : qmi_qmux_tx_msg: failed to open inactive connd_id=29
01-07 18:52:09.712   355   355 E QC-QMI  : qmi_qmux: TX failed, connection inactive or in reset, conn_id=29, status_flags=4
01-07 18:52:09.712   355   355 E QC-QMI  : qmi_ctl_tx_msg: qmi_qmux_tx_msg failed
01-07 18:52:09.712   355   355 E QC-QMI  : qmi_ctl_handle_request: qmi_ctl_tx_msg call failed
01-07 18:52:09.712   355   355 E QC-QMI  : qmi_qmux_open_connection: connection is disabled for conn_id=29
01-07 18:52:09.712   355   355 E QC-QMI  : qmi_qmux_tx_msg: failed to open inactive connd_id=29
01-07 18:52:09.712   355   355 E QC-QMI  : qmi_qmux: TX failed, connection inactive or in reset, conn_id=29, status_flags=4
01-07 18:52:09.713   355   355 E QC-QMI  : qmi_ctl_tx_msg: qmi_qmux_tx_msg failed
01-07 18:52:09.713   355   355 E QC-QMI  : qmi_ctl_handle_request: qmi_ctl_tx_msg call failed
