04-30 11:16:40.949  2510  2649 D BatteryService: uevent={POWER_SUPPLY_DP_DM=0, POWER_SUPPLY_VOLTAGE_QNOVO=-22, POWER_SUPPLY_VOLTAGE_NOW=4151600, POWER_SUPPLY_SW_JEITA_ENABLED=0, POWER_SUPPLY_HEALTH=Good, POWER_SUPPLY_TECHNOLOGY=Li-ion, POWER_SUPPLY_CHARGER_TEMP_MAX=803, SEQNUM=4849, POWER_SUPPLY_INPUT_CURRENT_LIMITED=1, POWER_SUPPLY_STATUS=Charging, POWER_SUPPLY_BATTERY_CHARGING_ENABLED=1, POWER_SUPPLY_CURRENT_MAX=3000000, POWER_SUPPLY_CAPACITY=84, DEVPATH=/devices/soc/800f000.qcom,spmi/spmi-0/spmi0-02/800f000.qcom,spmi:qcom,pmi8998@2:qcom,qpnp-smb2/power_supply/battery, POWER_SUPPLY_CHARGE_DONE=0, POWER_SUPPLY_CHARGE_TYPE=Fast, POWER_SUPPLY_CHARGER_TEMP=394, POWER_SUPPLY_CHARGE_RATE=Normal, POWER_SUPPLY_CURRENT_QNOVO=-22, POWER_SUPPLY_CURRENT_NOW=-22949, POWER_SUPPLY_SYSTEM_TEMP_LEVEL=0, POWER_SUPPLY_PRESENT=1, POWER_SUPPLY_PARALLEL_DISABLE=0, SUBSYSTEM=power_supply, POWER_SUPPLY_SET_SHIP_MODE=0, POWER_SUPPLY_TEMP=370, ACTION=change, POWER_SUPPLY_RERUN_AICL=0, POWER_SUPPLY_AGE=100, POWER_SUPPLY_NAME=battery, POWER_SUPPLY_VOLTAGE_MAX=-22, POWER_SUPPLY_CONSTANT_CHARGE_CURRENT_MAX=3000000, POWER_SUPPLY_CHARGE_COUNTER=2315384, POWER_SUPPLY_STEP_CHARGING_ENABLED=0, POWER_SUPPLY_NUM_SYSTEM_TEMP_LEVELS=6, POWER_SUPPLY_DIE_HEALTH=Cool, POWER_SUPPLY_INPUT_SUSPEND=0}
04-30 11:16:41.826  2510  2592 I ActivityManager: Start proc 5243:com.motorola.timeweatherwidget/u0a126 for broadcast com.motorola.timeweatherwidget/com.motorola.commandcenter.row2.RowProvider2
04-30 11:16:42.109  2510  3679 I ActivityManager: Start proc 5270:com.android.providers.calendar/u0a7 for content provider com.android.providers.calendar/.CalendarProvider2
04-30 11:16:42.110  4325  5175 E ActivityThread: Failed to find provider info for com.baidu.tieba.BaiduGidContentProvider
04-30 11:16:42.115  4325  5175 E ActivityThread: Failed to find provider info for com.baidu.tieba.BaiduGidContentProvider
04-30 11:16:42.201  2510  2510 I ActivityManager: Start proc 5288:com.motorola.moto/u0a51 for broadcast com.motorola.moto/com.motorola.maya.external.OTANSetupCompleteReceiver
04-30 11:16:42.217  2510  5286 I BootReceiver: Copying audit failures to DropBox
04-30 11:16:42.240  2510  5286 I BootReceiver: Checking for fsck errors
04-30 11:16:42.241  2510  5286 I BootReceiver: fs_stat, partition:userdata stat:0x9
04-30 11:16:42.242  2510  5286 I BootReceiver: fs_stat, partition:modem_a stat:0x1
04-30 11:16:42.243  2510  5286 I BootReceiver: fs_stat, partition:bluetooth_a stat:0x1
04-30 11:16:42.243  2510  5286 I BootReceiver: fs_stat, partition:dsp_a stat:0x3
04-30 11:16:42.243  2510  5286 I BootReceiver: fs_stat, partition:persist stat:0x1
04-30 11:16:42.243  2510  5286 I BootReceiver: fs_stat, partition:fsg_a stat:0x3
04-30 11:16:42.243  2510  5286 I BootReceiver: fs_stat, partition:oem_a stat:0x1
04-30 11:16:42.243  2510  5286 I BootReceiver: fs_stat, partition:carrier stat:0x1
04-30 11:16:42.542  2510  2510 I TelecomService: DefaultDialerCache: Refreshing default dialer for user 0: now com.android.dialer: DDC.oR@ADs
04-30 11:16:42.545  2510  2510 I TelecomService: MissedCallNotifierImpl: Boot not yet complete -- call log db may not be available. Deferring loading until boot complete.: TSStR.oR@ADw
04-30 11:16:42.575  2510  3663 I ActivityManager: Start proc 5326:com.android.carrierconfig/u0a8 for service com.android.carrierconfig/.DefaultCarrierConfigService
04-30 11:16:42.596  2510  2798 I ActivityManager: Start proc 5336:com.google.android.music:main/u0a119 for service com.google.android.music/.browse.MediaBrowserService
04-30 11:16:42.618  2510  3679 I ActivityManager: Start proc 5352:com.spotify.music/u0a176 for broadcast com.spotify.music/.spotlets.freetiernotification.receiver.FreeTierNotificationReceiver
04-30 11:16:42.726  2510  2592 I ActivityManager: Start proc 5378:com.android.sdm.plugins.sprintdm/1001 for service com.android.sdm.plugins.sprintdm/.SprintConfigurationService
04-30 11:16:42.821  2510  2510 I TelecomService: PhoneAccountRegistrar: SimCallManager queried, returning: null: TSI.gSCMFU@AD4
04-30 11:16:43.496  2510  2592 I ActivityManager: Start proc 5474:com.google.android.youtube/u0a131 for service com.google.android.youtube/com.google.android.apps.youtube.app.extensions.mediabrowser.impl.MainAppMediaBrowserService
04-30 11:16:44.147  2510  3675 I ActivityManager: Start proc 5660:com.android.contacts/u0a18 for broadcast com.android.contacts/.interactions.OnBootOrUpgradeReceiver
04-30 11:16:44.208  5352  5656 E ActivityThread: Failed to find provider info for com.facebook.katana.provider.AttributionIdProvider
04-30 11:16:44.496  2510  2603 V ActivityManager: Attempted to start a foreground service (ComponentInfo{com.zhihu.android/com.zhihu.android.player.walkman.player.AudioPlayService}) with a broken notification (no icon: Notification(channel=null pri=0 contentView=null vibrate=null sound=null defaults=0x0 flags=0x40 color=0x00000000 vis=PRIVATE))
04-30 11:16:44.515  2510  3675 I ActivityManager: Start proc 5713:com.android.hotwordenrollment.okgoogle/u0a37 for broadcast com.android.hotwordenrollment.okgoogle/.StartupReceiver
04-30 11:16:44.560  2510  3676 I ActivityManager: Start proc 5730:org.telegram.messenger/u0a158 for service org.telegram.messenger/.MusicBrowserService
04-30 11:16:45.264  2510  3675 I ActivityManager: Start proc 5837:com.android.hotwordenrollment.tgoogle/u0a38 for broadcast com.android.hotwordenrollment.tgoogle/.StartupReceiver
04-30 11:16:45.354  2510  3675 I ActivityManager: Start proc 5862:com.tencent.mm:push/u0a156 for service com.tencent.mm/.booter.CoreService
04-30 11:16:45.372  2510  2592 I ActivityManager: Start proc 5874:org.telegram.plus/u0a159 for service org.telegram.plus/org.telegram.messenger.MusicBrowserService
04-30 11:16:45.445  2510  2909 I ActivityManager: Killing 3215:com.google.android.deskclock/u0a90 (adj 906): empty #22
04-30 11:16:45.709  5874  5874 E SchedPolicy: set_timerslack_ns write failed: Operation not permitted
04-30 11:16:45.709  5874  5874 I chatty  : uid=10159(u0_a159) identical 2 lines
04-30 11:16:45.709  5874  5874 E SchedPolicy: set_timerslack_ns write failed: Operation not permitted
04-30 11:16:45.743  4839  4934 E ActivityThread: Failed to find provider info for com.huawei.android.launcher.settings
04-30 11:16:45.751  4839  4934 E ActivityThread: Failed to find provider info for com.android.badge
04-30 11:16:46.170  2510  2592 I ActivityManager: Start proc 5945:com.android.hotwordenrollment.xgoogle/u0a39 for broadcast com.android.hotwordenrollment.xgoogle/.StartupReceiver
04-30 11:16:46.171  2510  2592 I ActivityManager: Killing 3255:com.motorola.cameramod/u0a115 (adj 906): empty #22
04-30 11:16:46.365  5862  5862 E ActivityThread: Failed to find provider info for com.tencent.mm.coolassist.debugprovider
04-30 11:16:46.495  2510  2893 I ActivityManager: Start proc 5976:com.android.managedprovisioning/u0a46 for broadcast com.android.managedprovisioning/.preprovisioning.BootReminder
04-30 11:16:46.496  2510  2893 I ActivityManager: Killing 3304:com.motorola.motodisplay/u0a53 (adj 906): empty #22
04-30 11:16:46.771  2510  2893 I ActivityManager: Killing 3728:com.google.vr.vrcore/u0a34 (adj 906): empty #22
04-30 11:16:46.982  2510  2603 I ActivityManager: Waited long enough for: ServiceRecord{37db6af u0 com.baidu.tieba/.screenlocknotify.ScreenLockNotifyService}
04-30 11:16:47.214  2510  3663 I ActivityManager: Start proc 6031:com.android.vending/u0a59 for broadcast com.android.vending/com.google.android.finsky.boothandler.BootCompletedReceiver
04-30 11:16:48.136  2510  3663 W ActivityManager: Permission Denial: opening provider com.android.providers.contacts.ContactsProvider2 from ProcessRecord{7209077 5862:com.tencent.mm:push/u0a156} (pid=5862, uid=10156) requires android.permission.READ_CONTACTS or android.permission.WRITE_CONTACTS
04-30 11:16:49.428  2510  3663 I ActivityManager: Killing 3894:com.android.keychain/1000 (adj 906): empty #22
04-30 11:16:49.524  2510  2893 W BroadcastQueue: Permission Denial: receiving Intent { act=android.intent.action.BOOT_COMPLETED flg=0x9000010 (has extras) } to com.google.android.apps.docs/.notification.common.NotificationChannelReceiver requires android.permission.RECEIVE_BOOT_COMPLETED due to sender null (uid 1000)
04-30 11:16:49.524  2510  2603 W BroadcastQueue: Permission Denial: receiving Intent { act=android.intent.action.BOOT_COMPLETED flg=0x9000010 (has extras) } to com.google.android.apps.docs.editors.docs/com.google.android.apps.docs.notification.common.NotificationChannelReceiver requires android.permission.RECEIVE_BOOT_COMPLETED due to sender null (uid 1000)
04-30 11:16:49.524  2510  2603 W BroadcastQueue: Permission Denial: receiving Intent { act=android.intent.action.BOOT_COMPLETED flg=0x9000010 (has extras) } to com.google.android.apps.docs.editors.sheets/com.google.android.apps.docs.notification.common.NotificationChannelReceiver requires android.permission.RECEIVE_BOOT_COMPLETED due to sender null (uid 1000)
04-30 11:16:49.525  2510  2603 W BroadcastQueue: Permission Denial: receiving Intent { act=android.intent.action.BOOT_COMPLETED flg=0x9000010 (has extras) } to com.google.android.apps.docs.editors.slides/com.google.android.apps.docs.notification.common.NotificationChannelReceiver requires android.permission.RECEIVE_BOOT_COMPLETED due to sender null (uid 1000)
04-30 11:16:49.537  2510  2603 I ActivityManager: Start proc 6145:com.google.android.apps.inputmethod.hindi/u0a101 for broadcast com.google.android.apps.inputmethod.hindi/com.google.android.apps.inputmethod.libs.framework.core.LauncherIconVisibilityInitializer
04-30 11:16:49.812  2510  2603 I ActivityManager: Waited long enough for: ServiceRecord{ace5ece u0 com.baidu.tieba/com.baidu.android.pushservice.PushService}
04-30 11:16:49.949  2510  3685 I ActivityManager: Killing 4141:com.google.android.partnersetup/u0a33 (adj 906): empty #22
04-30 11:16:50.175  2510  3685 I ActivityManager: Start proc 6173:com.tencent.mm:support/u0a156 for service com.tencent.mm/.ipcinvoker.wx_extension.service.SupportProcessIPCService
04-30 11:16:50.434  2510  2609 I ActivityManager: Start proc 6193:com.google.android.ext.services/u0a28 for service com.google.android.ext.services/android.ext.services.storage.CacheQuotaServiceImpl
04-30 11:16:50.451  2510  3685 I ActivityManager: Start proc 6201:com.google.android.apps.inputmethod.zhuyin/u0a130 for broadcast com.google.android.apps.inputmethod.zhuyin/com.google.android.apps.inputmethod.libs.framework.core.LauncherIconVisibilityInitializer
04-30 11:16:50.451  2510  3685 I ActivityManager: Killing 2920:com.android.settings/1000 (adj 906): empty #22
04-30 11:16:50.496  2510  2610 W ActivityManager: setHasOverlayUi called on unknown pid: 2920
04-30 11:16:50.838  6173  6173 E ActivityThread: Failed to find provider info for com.tencent.mm.coolassist.debugprovider
04-30 11:16:50.950  2510  3676 I ActivityManager: Killing 3592:com.android.printspooler/u0a124 (adj 906): empty #22
04-30 11:16:51.679  2510  2893 I ActivityManager: Killing 4723:com.google.android.apps.photos/u0a122 (adj 906): empty #22
04-30 11:16:51.695  2510  2820 I ActivityManager: Start proc 6294:com.google.android.apps.maps/u0a113 for broadcast com.google.android.apps.maps/com.google.android.apps.gmm.navigation.service.detection.StartDetectionReceiver
04-30 11:16:52.009  2510  2680 D ConnectivityService: NetworkAgentInfo [WIFI () - 100] validation failed
04-30 11:16:52.390  2510  3676 I ActivityManager: Start proc 6327:com.android.keychain/1000 for service com.android.keychain/.KeyChainService
04-30 11:16:52.500  2510  3676 I ActivityManager: Killing 4753:com.google.android.apps.translate/u0a127 (adj 906): empty #22
04-30 11:16:52.918  2510  3675 I ActivityManager: Killing 4839:com.tencent.mm/u0a156 (adj 906): empty #22
04-30 11:16:52.983  2510  3686 W ActivityManager: Scheduling restart of crashed service com.tencent.mm/.ipcinvoker.wx_extension.service.MainProcessIPCService in 1000ms
04-30 11:16:53.996  2510  2603 I ActivityManager: Start proc 6404:com.tencent.mm/u0a156 for service com.tencent.mm/.ipcinvoker.wx_extension.service.MainProcessIPCService
04-30 11:16:54.392  6404  6404 E ActivityThread: Failed to find provider info for com.tencent.mm.coolassist.debugprovider
04-30 11:16:54.478  2510  3686 I ActivityManager: Start proc 6436:com.google.android.apps.messaging/u0a114 for broadcast com.google.android.apps.messaging/.shared.receiver.BootAndPackageReplacedReceiver
04-30 11:16:54.479  2510  3686 I ActivityManager: Killing 5288:com.motorola.moto/u0a51 (adj 906): empty #22
04-30 11:16:54.958  2510  2591 W ActivityManager: Background start not allowed: service Intent { act=com.google.firebase.INSTANCE_ID_EVENT pkg=com.google.android.apps.messaging cmp=com.google.android.apps.messaging/com.google.firebase.iid.FirebaseInstanceIdService (has extras) } to com.google.android.apps.messaging/com.google.firebase.iid.FirebaseInstanceIdService from pid=6436 uid=10114 pkg=com.google.android.apps.messaging
04-30 11:16:55.277  2510  2591 I ActivityManager: Start proc 6479:com.google.android.tts/u0a105 for service com.google.android.tts/.service.GoogleTTSService
04-30 11:16:55.807  2510  2663 I ActivityManager: START u0 {act=android.intent.action.MAIN cat=[android.intent.category.HOME] flg=0x10200000 cmp=ch.deletescape.lawnchair/.Launcher (has extras)} from uid 1000
04-30 11:16:55.815  2510  2663 I ActivityManager: moveHomeStack, setupComplete:true
04-30 11:16:55.921  2510  2610 I LaunchCheckinHandler: Displayed ch.deletescape.lawnchair/.Launcher,wp,wa,114
04-30 11:16:56.129  2510  3686 W ActivityManager: Background start not allowed: service Intent { cmp=com.google.android.apps.messaging/.shared.datamodel.action.ActionExecutorImpl$EmptyService } to com.google.android.apps.messaging/.shared.datamodel.action.ActionExecutorImpl$EmptyService from pid=6436 uid=10114 pkg=com.google.android.apps.messaging
04-30 11:16:56.134  2510  3676 W ActivityManager: Background start not allowed: service Intent { cmp=com.google.android.apps.messaging/.shared.datamodel.action.ActionExecutorImpl$EmptyService } to com.google.android.apps.messaging/.shared.datamodel.action.ActionExecutorImpl$EmptyService from pid=6436 uid=10114 pkg=com.google.android.apps.messaging
04-30 11:16:56.401  6173  6402 W FileUtils: Failed to chmod(/data/user/0/com.tencent.mobileqq/app_tbs): android.system.ErrnoException: chmod failed: ENOENT (No such file or directory)
04-30 11:16:56.402  6173  6402 W FileUtils: Failed to chmod(/data/user/0/com.tencent.mobileqq/app_tbs_common_share): android.system.ErrnoException: chmod failed: ENOENT (No such file or directory)
04-30 11:16:56.422  2510  3675 W ActivityManager: Background start not allowed: service Intent { cmp=com.google.android.apps.messaging/.shared.datamodel.action.ActionExecutorImpl$EmptyService } to com.google.android.apps.messaging/.shared.datamodel.action.ActionExecutorImpl$EmptyService from pid=6436 uid=10114 pkg=com.google.android.apps.messaging
04-30 11:16:56.486  6173  6402 W FileUtils: Failed to chmod(/data/user/0/com.tencent.mobileqq/app_tbs): android.system.ErrnoException: chmod failed: ENOENT (No such file or directory)
04-30 11:16:56.486  6173  6402 W FileUtils: Failed to chmod(/data/user/0/com.tencent.mobileqq/app_tbs_common_share): android.system.ErrnoException: chmod failed: ENOENT (No such file or directory)
04-30 11:16:56.496  2510  3676 W ActivityManager: Background start not allowed: service Intent { cmp=com.google.android.apps.messaging/.shared.datamodel.action.ActionExecutorImpl$EmptyService } to com.google.android.apps.messaging/.shared.datamodel.action.ActionExecutorImpl$EmptyService from pid=6436 uid=10114 pkg=com.google.android.apps.messaging
04-30 11:16:56.505  2510  3676 W ActivityManager: Background start not allowed: service Intent { cmp=com.google.android.apps.messaging/.shared.datamodel.action.ActionExecutorImpl$EmptyService } to com.google.android.apps.messaging/.shared.datamodel.action.ActionExecutorImpl$EmptyService from pid=6436 uid=10114 pkg=com.google.android.apps.messaging
04-30 11:16:56.508  2510  2786 W ActivityManager: Background start not allowed: service Intent { cmp=com.google.android.apps.messaging/.shared.datamodel.action.ActionExecutorImpl$EmptyService } to com.google.android.apps.messaging/.shared.datamodel.action.ActionExecutorImpl$EmptyService from pid=6436 uid=10114 pkg=com.google.android.apps.messaging
04-30 11:16:56.568  2510  3676 W ActivityManager: Background start not allowed: service Intent { cmp=com.google.android.apps.messaging/.shared.datamodel.action.ActionExecutorImpl$EmptyService } to com.google.android.apps.messaging/.shared.datamodel.action.ActionExecutorImpl$EmptyService from pid=6436 uid=10114 pkg=com.google.android.apps.messaging
04-30 11:16:56.596  2510  3675 I ActivityManager: Start proc 6568:com.google.android.apps.messaging:rcs/u0a114 for broadcast com.google.android.apps.messaging/com.google.android.ims.receiver.AutoStartReceiver
04-30 11:16:56.596  2510  3676 W ActivityManager: Background start not allowed: service Intent { cmp=com.google.android.apps.messaging/.shared.datamodel.action.ActionExecutorImpl$EmptyService } to com.google.android.apps.messaging/.shared.datamodel.action.ActionExecutorImpl$EmptyService from pid=6436 uid=10114 pkg=com.google.android.apps.messaging
04-30 11:16:56.603  2510  3675 I ActivityManager: Killing 3431:eu.chainfire.supersu/u0a135 (adj 906): empty #22
04-30 11:16:56.633  2510  3676 W ActivityManager: Background start not allowed: service Intent { cmp=com.google.android.apps.messaging/.shared.datamodel.action.ActionExecutorImpl$EmptyService } to com.google.android.apps.messaging/.shared.datamodel.action.ActionExecutorImpl$EmptyService from pid=6436 uid=10114 pkg=com.google.android.apps.messaging
04-30 11:16:56.832  2510  3676 W ActivityManager: Background start not allowed: service Intent { cmp=com.google.android.apps.messaging/.shared.datamodel.action.ActionExecutorImpl$EmptyService } to com.google.android.apps.messaging/.shared.datamodel.action.ActionExecutorImpl$EmptyService from pid=6436 uid=10114 pkg=com.google.android.apps.messaging
04-30 11:16:57.334  2510  3684 I ActivityManager: Start proc 6608:com.google.android.apps.photos/u0a122 for broadcast com.google.android.apps.photos/.backup.freestorage.full.release.PixelOfferReceiver
04-30 11:16:57.334  2510  3676 I ActivityManager: Killing 3125:com.google.android.marvin.talkback/u0a132 (adj 906): empty #22
04-30 11:16:58.019  1160  1269 I SFPerfTracer:      triggers: (rate: 0:0) (0 sw vsyncs) (0 skipped) (34:1414 vsyncs) (36:1495)
04-30 11:16:58.020  1160  1160 I SFPerfTracer:      triggers: (rate: 4:514) (compose: 0:0) (post: 0:0) (render: 0:0) (35:794 frames) (36:886)
04-30 11:16:58.020  1160  1160 D SFPerfTracer:        layers: (3:7) (StatusBar#0 (0x7f78cac000): 9:277) (com.android.systemui.ImageWallpaper#0 (0x7f78c0d000): 0:17) (github.tornaco.xposedmoduletest/github.tornaco.xposedmoduletest.ui.activity.NavigatorActivityBottomNav#0 (0x7f78cec000): 0:49)- (github.tornaco.xposedmoduletest/github.tornaco.xposedmoduletest.ui.activity.NavigatorActivityBottomNav#1 (0x7f78ce8000): 0:58)- (DimLayerController/Stack=0#0 (0x7f78d11000): 0:25)* (ch.deletescape.lawnchair/ch.deletescape.lawnchair.Launcher#0 (0x7f78c86000): 0:3)* (ch.deletescape.lawnchair/ch.deletescape.lawnchair.Launcher#1 (0x7f78c61000): 36:40) 
04-30 11:16:58.127  2510  3676 I ActivityManager: Killing 5326:com.android.carrierconfig/u0a8 (adj 906): empty #22
04-30 11:16:58.713  2510  3686 I ActivityManager: Start proc 6661:com.google.android.apps.tachyon/u0a92 for broadcast com.google.android.apps.tachyon/.BootReceiver
04-30 11:16:59.144  2510  3684 I ActivityManager: START u0 {act=android.intent.action.MAIN cat=[android.intent.category.LAUNCHER] flg=0x10200000 cmp=com.speedsoftware.rootexplorer/.RootExplorer bnds=[31,1384][307,1776] (has extras)} from uid 10138
04-30 11:16:59.175  2510  3686 I ActivityManager: Start proc 6688:com.speedsoftware.rootexplorer/u0a171 for activity com.speedsoftware.rootexplorer/.RootExplorer
04-30 11:16:59.570  2510  2649 D BatteryService: uevent={POWER_SUPPLY_DP_DM=0, POWER_SUPPLY_VOLTAGE_QNOVO=-22, POWER_SUPPLY_VOLTAGE_NOW=4135731, POWER_SUPPLY_SW_JEITA_ENABLED=0, POWER_SUPPLY_HEALTH=Good, POWER_SUPPLY_TECHNOLOGY=Li-ion, POWER_SUPPLY_CHARGER_TEMP_MAX=803, SEQNUM=4850, POWER_SUPPLY_INPUT_CURRENT_LIMITED=1, POWER_SUPPLY_STATUS=Charging, POWER_SUPPLY_BATTERY_CHARGING_ENABLED=1, POWER_SUPPLY_CURRENT_MAX=3000000, POWER_SUPPLY_CAPACITY=84, DEVPATH=/devices/soc/800f000.qcom,spmi/spmi-0/spmi0-02/800f000.qcom,spmi:qcom,pmi8998@2:qcom,qpnp-smb2/power_supply/battery, POWER_SUPPLY_CHARGE_DONE=0, POWER_SUPPLY_CHARGE_TYPE=Fast, POWER_SUPPLY_CHARGER_TEMP=390, POWER_SUPPLY_CHARGE_RATE=Normal, POWER_SUPPLY_CURRENT_QNOVO=-22, POWER_SUPPLY_CURRENT_NOW=168945, POWER_SUPPLY_SYSTEM_TEMP_LEVEL=0, POWER_SUPPLY_PRESENT=1, POWER_SUPPLY_PARALLEL_DISABLE=0, SUBSYSTEM=power_supply, POWER_SUPPLY_SET_SHIP_MODE=0, POWER_SUPPLY_TEMP=370, ACTION=change, POWER_SUPPLY_RERUN_AICL=0, POWER_SUPPLY_AGE=100, POWER_SUPPLY_NAME=battery, POWER_SUPPLY_VOLTAGE_MAX=-22, POWER_SUPPLY_CONSTANT_CHARGE_CURRENT_MAX=3000000, POWER_SUPPLY_CHARGE_COUNTER=2315364, POWER_SUPPLY_STEP_CHARGING_ENABLED=0, POWER_SUPPLY_NUM_SYSTEM_TEMP_LEVELS=6, POWER_SUPPLY_DIE_HEALTH=Cool, POWER_SUPPLY_INPUT_SUSPEND=0}
04-30 11:16:59.811  2510  2610 I LaunchCheckinHandler: Displayed com.speedsoftware.rootexplorer/.RootExplorer,cp,ca,648
04-30 11:17:00.032  2510  3676 I ActivityManager: Killing 5336:com.google.android.music:main/u0a119 (adj 906): empty #22
04-30 11:17:00.046  2510  3686 I ActivityManager: Start proc 6772:com.google.android.apps.translate/u0a127 for broadcast com.google.android.apps.translate/.RebootReceiver
04-30 11:17:00.047  2510  3686 I ActivityManager: Killing 5474:com.google.android.youtube/u0a131 (adj 906): empty #22
04-30 11:17:00.122  2510  2893 D ConnectivityService: ConnectivityService NetworkRequestInfo binderDied(NetworkRequest [ LISTEN id=20, [ Capabilities: INTERNET&NOT_RESTRICTED&TRUSTED&FOREGROUND] ], android.os.BinderProxy@46f4d45)
04-30 11:17:00.123  2510  2680 E ConnectivityService: RemoteException caught trying to send a callback msg for NetworkRequest [ LISTEN id=20, [ Capabilities: INTERNET&NOT_RESTRICTED&TRUSTED&FOREGROUND] ]
04-30 11:17:00.284  2510  2603 I ActivityManager: Start proc 6815:eu.chainfire.supersu/u0a135 for broadcast eu.chainfire.supersu/.NativeAccessReceiver
04-30 11:17:00.494  2510  2912 I ActivityManager: Killing 2987:com.android.cellbroadcastreceiver/u0a14 (adj 906): empty #22
04-30 11:17:00.652  2510  3679 I ActivityManager: Start proc 6879:com.google.android.apps.wallpaper/u0a106 for broadcast com.google.android.apps.wallpaper/.module.GoogleAlarmInitializer
04-30 11:17:00.653  2510  4398 I ActivityManager: Killing 5660:com.android.contacts/u0a18 (adj 906): empty #22
04-30 11:17:00.882  4325  6290 W PackageParser: Ignoring duplicate uses-permissions/uses-permissions-sdk-m: android.permission.MODIFY_AUDIO_SETTINGS in package: com.baidu.tieba at: Binary XML file line #103
04-30 11:17:00.882  4325  6290 W PackageParser: Ignoring duplicate uses-permissions/uses-permissions-sdk-m: android.permission.WRITE_EXTERNAL_STORAGE in package: com.baidu.tieba at: Binary XML file line #104
04-30 11:17:00.882  4325  6290 W PackageParser: Ignoring duplicate uses-permissions/uses-permissions-sdk-m: android.permission.WRITE_SETTINGS in package: com.baidu.tieba at: Binary XML file line #105
04-30 11:17:00.883  4325  6290 W PackageParser: Ignoring duplicate uses-permissions/uses-permissions-sdk-m: android.permission.WRITE_SETTINGS in package: com.baidu.tieba at: Binary XML file line #108
04-30 11:17:00.883  4325  6290 W PackageParser: Ignoring duplicate uses-permissions/uses-permissions-sdk-m: android.permission.WRITE_EXTERNAL_STORAGE in package: com.baidu.tieba at: Binary XML file line #109
04-30 11:17:00.883  4325  6290 W PackageParser: Ignoring duplicate uses-permissions/uses-permissions-sdk-m: android.permission.WAKE_LOCK in package: com.baidu.tieba at: Binary XML file line #110
04-30 11:17:00.883  4325  6290 W PackageParser: Ignoring duplicate uses-permissions/uses-permissions-sdk-m: android.permission.MOUNT_UNMOUNT_FILESYSTEMS in package: com.baidu.tieba at: Binary XML file line #111
04-30 11:17:00.883  4325  6290 W PackageParser: Ignoring duplicate uses-permissions/uses-permissions-sdk-m: android.permission.CALL_PHONE in package: com.baidu.tieba at: Binary XML file line #112
04-30 11:17:00.883  4325  6290 W PackageParser: Ignoring duplicate uses-permissions/uses-permissions-sdk-m: android.permission.VIBRATE in package: com.baidu.tieba at: Binary XML file line #113
04-30 11:17:00.883  4325  6290 W PackageParser: Ignoring duplicate uses-permissions/uses-permissions-sdk-m: android.permission.ACCESS_DOWNLOAD_MANAGER in package: com.baidu.tieba at: Binary XML file line #114
04-30 11:17:00.883  4325  6290 W PackageParser: Ignoring duplicate uses-permissions/uses-permissions-sdk-m: android.permission.DOWNLOAD_WITHOUT_NOTIFICATION in package: com.baidu.tieba at: Binary XML file line #115
04-30 11:17:00.883  4325  6290 W PackageParser: Ignoring duplicate uses-permissions/uses-permissions-sdk-m: android.permission.DISABLE_KEYGUARD in package: com.baidu.tieba at: Binary XML file line #116
04-30 11:17:00.883  4325  6290 W PackageParser: Ignoring duplicate uses-permissions/uses-permissions-sdk-m: android.permission.BROADCAST_STICKY in package: com.baidu.tieba at: Binary XML file line #117
04-30 11:17:00.883  4325  6290 W PackageParser: Ignoring duplicate uses-permissions/uses-permissions-sdk-m: android.permission.WRITE_SETTINGS in package: com.baidu.tieba at: Binary XML file line #122
04-30 11:17:00.883  4325  6290 W PackageParser: Ignoring duplicate uses-permissions/uses-permissions-sdk-m: android.permission.READ_EXTERNAL_STORAGE in package: com.baidu.tieba at: Binary XML file line #123
04-30 11:17:00.883  4325  6290 W PackageParser: Ignoring duplicate uses-permissions/uses-permissions-sdk-m: android.permission.WRITE_EXTERNAL_STORAGE in package: com.baidu.tieba at: Binary XML file line #124
04-30 11:17:00.883  4325  6290 W PackageParser: Ignoring duplicate uses-permissions/uses-permissions-sdk-m: android.permission.ACCESS_COARSE_LOCATION in package: com.baidu.tieba at: Binary XML file line #125
04-30 11:17:00.883  4325  6290 W PackageParser: Ignoring duplicate uses-permissions/uses-permissions-sdk-m: android.permission.WAKE_LOCK in package: com.baidu.tieba at: Binary XML file line #126
04-30 11:17:00.883  4325  6290 W PackageParser: Ignoring duplicate uses-permissions/uses-permissions-sdk-m: android.permission.READ_PHONE_STATE in package: com.baidu.tieba at: Binary XML file line #127
04-30 11:17:00.883  4325  6290 W PackageParser: Ignoring duplicate uses-permissions/uses-permissions-sdk-m: android.permission.ACCESS_NETWORK_STATE in package: com.baidu.tieba at: Binary XML file line #128
04-30 11:17:00.883  4325  6290 W PackageParser: Ignoring duplicate uses-permissions/uses-permissions-sdk-m: android.permission.INTERNET in package: com.baidu.tieba at: Binary XML file line #129
04-30 11:17:00.883  4325  6290 W PackageParser: Ignoring duplicate uses-permissions/uses-permissions-sdk-m: android.permission.ACCESS_WIFI_STATE in package: com.baidu.tieba at: Binary XML file line #130
04-30 11:17:00.884  4325  6290 W PackageParser: Ignoring duplicate uses-permissions/uses-permissions-sdk-m: android.permission.WRITE_SYNC_SETTINGS in package: com.baidu.tieba at: Binary XML file line #168
04-30 11:17:01.048  2510  3676 I ActivityManager: Start proc 6912:com.google.android.calendar/u0a89 for broadcast com.google.android.calendar/.alerts.HabitsIntentReceiver
04-30 11:17:01.048  2510  3676 I ActivityManager: Killing 3177:com.android.dialer/u0a24 (adj 906): empty #22
04-30 11:17:01.769  2510  4398 I ActivityManager: Start proc 6971:com.google.android.configupdater/u0a15 for broadcast com.google.android.configupdater/.MainReceiver
04-30 11:17:01.771  2510  4398 I ActivityManager: Killing 5713:com.android.hotwordenrollment.okgoogle/u0a37 (adj 906): empty #22
04-30 11:17:01.915  1160  1269 I SFPerfTracer:      triggers: (rate: 0:0) (0 sw vsyncs) (0 skipped) (53:1527 vsyncs) (55:1629)
04-30 11:17:02.153  2510  4398 I ActivityManager: Start proc 7045:com.google.android.deskclock/u0a90 for broadcast com.google.android.deskclock/com.android.deskclock.AlarmInitReceiver
04-30 11:17:02.153  2510  4398 I ActivityManager: Killing 5837:com.android.hotwordenrollment.tgoogle/u0a38 (adj 906): empty #22
04-30 11:17:02.553  2510  2510 W WindowManager: removeWindowToken: Attempted to remove non-existing token: android.os.Binder@12575a8
04-30 11:17:02.559  2510  2510 I ActivityManager: Killing 5945:com.android.hotwordenrollment.xgoogle/u0a39 (adj 906): empty #22
04-30 11:17:02.580  2510  4398 I ActivityManager: Start proc 7090:com.google.android.gm/u0a100 for broadcast com.google.android.gm/.GoogleMailDeviceStartupReceiver
04-30 11:17:02.580  2510  4398 I ActivityManager: Killing 5976:com.android.managedprovisioning/u0a46 (adj 906): empty #22
04-30 11:17:02.588  1160  1160 I SFPerfTracer:      triggers: (rate: 4:518) (compose: 0:0) (post: 0:0) (render: 0:0) (51:910 frames) (52:1017)
04-30 11:17:02.589  1160  1160 D SFPerfTracer:        layers: (3:8) (StatusBar#0 (0x7f78cac000): 0:290) (com.android.systemui.ImageWallpaper#0 (0x7f78c0d000): 0:18)* (DimLayerController/Stack=0#0 (0x7f78d11000): 0:25)* (ch.deletescape.lawnchair/ch.deletescape.lawnchair.Launcher#0 (0x7f78c86000): 0:5)- (ch.deletescape.lawnchair/ch.deletescape.lawnchair.Launcher#1 (0x7f78c61000): 0:76)- (Splash Screen com.speedsoftware.rootexplorer#0 (0x7f78d0e000): 0:35)- (com.speedsoftware.rootexplorer/com.speedsoftware.rootexplorer.RootExplorer#0 (0x7f78ceb000): 27:35) (Toast#0 (0x7f78d0e000): 30:34) 
04-30 11:17:03.228  7090  7090 D ActivityThread: Loading provider com.google.android.gm.sapi: com.google.android.gm.sapi.SapiUiProvider
04-30 11:17:03.755  2510  4398 W ActivityManager: Unable to start service Intent { cmp=com.google.android.gm.exchange/com.android.exchange.service.EasService } U=0: not found
04-30 11:17:04.055  2510  3679 W ActivityManager: Unable to start service Intent { cmp=com.google.android.gm/com.android.email.service.AttachmentService } U=0: not found
04-30 11:17:04.445  2510  3676 W ActivityManager: Unable to start service Intent { cmp=com.google.android.gm.exchange/com.android.exchange.service.EasService } U=0: not found
04-30 11:17:04.675  2510  3679 W ActivityManager: Unable to start service Intent { cmp=com.google.android.gm.exchange/com.android.exchange.service.EasService } U=0: not found
04-30 11:17:04.976  2510  3675 I ActivityManager: Start proc 7306:com.android.chrome/u0a88 for service com.android.chrome/org.chromium.chrome.browser.customtabs.CustomTabsConnectionService
04-30 11:17:05.320  2510  3676 I ActivityManager: Start proc 7354:com.google.android.ims/u0a11 for broadcast com.google.android.ims/.receivers.BootCompletedReceiver
04-30 11:17:05.447  2510  4398 I ActivityManager: Start proc 7377:com.google.android.gms.ui/u0a29 for service com.google.android.gms/.chimera.UiIntentOperationService
04-30 11:17:05.794  1160  1269 I SFPerfTracer:      triggers: (rate: 0:0) (0 sw vsyncs) (0 skipped) (146:1673 vsyncs) (148:1779)
04-30 11:17:05.796  1160  1160 I SFPerfTracer:      triggers: (rate: 4:518) (compose: 0:0) (post: 0:0) (render: 0:0) (115:1053 frames) (116:1163)
04-30 11:17:05.796  1160  1160 D SFPerfTracer:        layers: (2:5) (StatusBar#0 (0x7f78cac000): 2:292) (com.android.systemui.ImageWallpaper#0 (0x7f78c0d000): 0:18)* (DimLayerController/Stack=0#0 (0x7f78d11000): 0:25)* (com.speedsoftware.rootexplorer/com.speedsoftware.rootexplorer.RootExplorer#0 (0x7f78ceb000): 116:179) (Toast#0 (0x7f78d0e000): 0:64)- 
04-30 11:17:06.066  6404  6451 E ActivityThread: Failed to find provider info for com.huawei.android.launcher.settings
04-30 11:17:06.067  6404  6451 E ActivityThread: Failed to find provider info for com.android.badge
04-30 11:17:06.209  2510  3675 I ActivityManager: Killing 5378:com.android.sdm.plugins.sprintdm/1001 (adj 906): empty #22
04-30 11:17:06.289  2510  4398 I ActivityManager: Killing 6145:com.google.android.apps.inputmethod.hindi/u0a101 (adj 906): empty #22
04-30 11:17:06.856  2510  3675 D ConnectivityService: requestNetwork for uid/pid:10011/7354 NetworkRequest [ TRACK_DEFAULT id=26, [ Capabilities: INTERNET&NOT_RESTRICTED&TRUSTED&NOT_VPN] ]
04-30 11:17:07.038  2510  2680 D ConnectivityService: NetworkAgentInfo [WIFI () - 100] validation failed
04-30 11:17:07.808  2510  4398 I ActivityManager: Start proc 7596:com.google.android.inputmethod.japanese/u0a108 for broadcast com.google.android.inputmethod.japanese/com.google.android.apps.inputmethod.libs.framework.core.LauncherIconVisibilityInitializer
04-30 11:17:08.603  2510  3675 I ActivityManager: Start proc 7642:com.google.android.inputmethod.korean/u0a110 for broadcast com.google.android.inputmethod.korean/com.google.android.apps.inputmethod.libs.framework.core.LauncherIconVisibilityInitializer
04-30 11:17:09.262  2510  4398 I ActivityManager: Start proc 7675:com.google.android.inputmethod.latin/u0a111 for broadcast com.google.android.inputmethod.latin/com.google.android.apps.inputmethod.libs.framework.core.LauncherIconVisibilityInitializer
04-30 11:17:09.859  1160  1269 I SFPerfTracer:      triggers: (rate: 0:0) (0 sw vsyncs) (0 skipped) (201:1874 vsyncs) (203:1982)
04-30 11:17:09.861  1160  1160 I SFPerfTracer:      triggers: (rate: 4:518) (compose: 0:0) (post: 0:0) (render: 0:0) (202:1255 frames) (203:1366)
04-30 11:17:09.861  1160  1160 D SFPerfTracer:        layers: (2:4) (StatusBar#0 (0x7f78cac000): 0:292) (com.android.systemui.ImageWallpaper#0 (0x7f78c0d000): 0:18)* (DimLayerController/Stack=0#0 (0x7f78d11000): 0:25)* (com.speedsoftware.rootexplorer/com.speedsoftware.rootexplorer.RootExplorer#0 (0x7f78ceb000): 203:382) 
04-30 11:17:11.048  4325  6290 W PackageParser: Ignoring duplicate uses-permissions/uses-permissions-sdk-m: android.permission.MODIFY_AUDIO_SETTINGS in package: com.baidu.tieba at: Binary XML file line #103
04-30 11:17:11.048  4325  6290 W PackageParser: Ignoring duplicate uses-permissions/uses-permissions-sdk-m: android.permission.WRITE_EXTERNAL_STORAGE in package: com.baidu.tieba at: Binary XML file line #104
04-30 11:17:11.048  4325  6290 W PackageParser: Ignoring duplicate uses-permissions/uses-permissions-sdk-m: android.permission.WRITE_SETTINGS in package: com.baidu.tieba at: Binary XML file line #105
04-30 11:17:11.048  4325  6290 W PackageParser: Ignoring duplicate uses-permissions/uses-permissions-sdk-m: android.permission.WRITE_SETTINGS in package: com.baidu.tieba at: Binary XML file line #108
04-30 11:17:11.049  4325  6290 W PackageParser: Ignoring duplicate uses-permissions/uses-permissions-sdk-m: android.permission.WRITE_EXTERNAL_STORAGE in package: com.baidu.tieba at: Binary XML file line #109
04-30 11:17:11.049  4325  6290 W PackageParser: Ignoring duplicate uses-permissions/uses-permissions-sdk-m: android.permission.WAKE_LOCK in package: com.baidu.tieba at: Binary XML file line #110
04-30 11:17:11.049  4325  6290 W PackageParser: Ignoring duplicate uses-permissions/uses-permissions-sdk-m: android.permission.MOUNT_UNMOUNT_FILESYSTEMS in package: com.baidu.tieba at: Binary XML file line #111
04-30 11:17:11.049  4325  6290 W PackageParser: Ignoring duplicate uses-permissions/uses-permissions-sdk-m: android.permission.CALL_PHONE in package: com.baidu.tieba at: Binary XML file line #112
04-30 11:17:11.049  4325  6290 W PackageParser: Ignoring duplicate uses-permissions/uses-permissions-sdk-m: android.permission.VIBRATE in package: com.baidu.tieba at: Binary XML file line #113
04-30 11:17:11.049  4325  6290 W PackageParser: Ignoring duplicate uses-permissions/uses-permissions-sdk-m: android.permission.ACCESS_DOWNLOAD_MANAGER in package: com.baidu.tieba at: Binary XML file line #114
04-30 11:17:11.049  4325  6290 W PackageParser: Ignoring duplicate uses-permissions/uses-permissions-sdk-m: android.permission.DOWNLOAD_WITHOUT_NOTIFICATION in package: com.baidu.tieba at: Binary XML file line #115
04-30 11:17:11.049  4325  6290 W PackageParser: Ignoring duplicate uses-permissions/uses-permissions-sdk-m: android.permission.DISABLE_KEYGUARD in package: com.baidu.tieba at: Binary XML file line #116
04-30 11:17:11.049  4325  6290 W PackageParser: Ignoring duplicate uses-permissions/uses-permissions-sdk-m: android.permission.BROADCAST_STICKY in package: com.baidu.tieba at: Binary XML file line #117
04-30 11:17:11.049  4325  6290 W PackageParser: Ignoring duplicate uses-permissions/uses-permissions-sdk-m: android.permission.WRITE_SETTINGS in package: com.baidu.tieba at: Binary XML file line #122
04-30 11:17:11.049  4325  6290 W PackageParser: Ignoring duplicate uses-permissions/uses-permissions-sdk-m: android.permission.READ_EXTERNAL_STORAGE in package: com.baidu.tieba at: Binary XML file line #123
04-30 11:17:11.049  4325  6290 W PackageParser: Ignoring duplicate uses-permissions/uses-permissions-sdk-m: android.permission.WRITE_EXTERNAL_STORAGE in package: com.baidu.tieba at: Binary XML file line #124
04-30 11:17:11.049  4325  6290 W PackageParser: Ignoring duplicate uses-permissions/uses-permissions-sdk-m: android.permission.ACCESS_COARSE_LOCATION in package: com.baidu.tieba at: Binary XML file line #125
04-30 11:17:11.049  4325  6290 W PackageParser: Ignoring duplicate uses-permissions/uses-permissions-sdk-m: android.permission.WAKE_LOCK in package: com.baidu.tieba at: Binary XML file line #126
04-30 11:17:11.049  4325  6290 W PackageParser: Ignoring duplicate uses-permissions/uses-permissions-sdk-m: android.permission.READ_PHONE_STATE in package: com.baidu.tieba at: Binary XML file line #127
04-30 11:17:11.049  4325  6290 W PackageParser: Ignoring duplicate uses-permissions/uses-permissions-sdk-m: android.permission.ACCESS_NETWORK_STATE in package: com.baidu.tieba at: Binary XML file line #128
04-30 11:17:11.049  4325  6290 W PackageParser: Ignoring duplicate uses-permissions/uses-permissions-sdk-m: android.permission.INTERNET in package: com.baidu.tieba at: Binary XML file line #129
04-30 11:17:11.049  4325  6290 W PackageParser: Ignoring duplicate uses-permissions/uses-permissions-sdk-m: android.permission.ACCESS_WIFI_STATE in package: com.baidu.tieba at: Binary XML file line #130
04-30 11:17:11.050  4325  6290 W PackageParser: Ignoring duplicate uses-permissions/uses-permissions-sdk-m: android.permission.WRITE_SYNC_SETTINGS in package: com.baidu.tieba at: Binary XML file line #168
04-30 11:17:11.435  2510  2820 I ActivityManager: Start proc 7749:com.google.android.onetimeinitializer/u0a31 for broadcast com.google.android.onetimeinitializer/.OneTimeInitializerReceiver
04-30 11:17:11.631  2510  3684 I ActivityManager: Start proc 7767:com.google.android.packageinstaller/u0a32 for broadcast com.google.android.packageinstaller/com.android.packageinstaller.TemporaryFileManager
04-30 11:17:11.632  2510  3684 I ActivityManager: Killing 6201:com.google.android.apps.inputmethod.zhuyin/u0a130 (adj 906): empty #22
04-30 11:17:11.815  2510  3684 I ActivityManager: Start proc 7785:com.google.android.partnersetup/u0a33 for broadcast com.google.android.partnersetup/.GooglePartnerSetup
04-30 11:17:11.815  2510  3684 I ActivityManager: Killing 6193:com.google.android.ext.services/u0a28 (adj 906): empty #22
04-30 11:17:12.093  1160  1269 I SFPerfTracer:      triggers: (rate: 0:0) (0 sw vsyncs) (0 skipped) (50:1992 vsyncs) (52:2104)
04-30 11:17:12.095  1160  1160 I SFPerfTracer:      triggers: (rate: 4:518) (compose: 0:0) (post: 0:0) (render: 0:0) (51:1375 frames) (52:1488)
04-30 11:17:12.095  1160  1160 D SFPerfTracer:        layers: (2:4) (StatusBar#0 (0x7f78cac000): 0:292) (com.android.systemui.ImageWallpaper#0 (0x7f78c0d000): 0:18)* (DimLayerController/Stack=0#0 (0x7f78d11000): 0:25)* (com.speedsoftware.rootexplorer/com.speedsoftware.rootexplorer.RootExplorer#0 (0x7f78ceb000): 52:504) 
04-30 11:17:12.207  2510  3675 W ActivityManager: Unable to start service Intent { cmp=com.google.android.partnersetup/.RlzPing } U=0: not found
04-30 11:17:12.221  2510  3675 I ActivityManager: Start proc 7817:com.google.process.gapps/u0a96 for broadcast com.google.android.syncadapters.contacts/.ContactsSyncAdapterBroadcastReceiver
04-30 11:17:12.221  2510  3675 I ActivityManager: Killing 6327:com.android.keychain/1000 (adj 906): empty #22
04-30 11:17:12.427  2510  2798 I ActivityManager: Start proc 7835:com.google.android.videos/u0a128 for broadcast com.google.android.videos/com.google.android.apps.play.movies.common.service.drm.RefreshLicenseTaskService$Initializer
04-30 11:17:12.452  2510  2820 I ActivityManager: Killing 6173:com.tencent.mm:support/u0a156 (adj 906): empty #22
04-30 11:17:13.103  2510  2820 D ConnectivityService: ConnectivityService NetworkRequestInfo binderDied(NetworkRequest [ LISTEN id=23, [ Capabilities: INTERNET&NOT_RESTRICTED&TRUSTED&FOREGROUND] ], android.os.BinderProxy@ec7e8ee)
04-30 11:17:13.106  2510  2680 E ConnectivityService: RemoteException caught trying to send a callback msg for NetworkRequest [ LISTEN id=23, [ Capabilities: INTERNET&NOT_RESTRICTED&TRUSTED&FOREGROUND] ]
04-30 11:17:13.236  2510  3663 I ActivityManager: Start proc 7877:com.google.vr.vrcore/u0a34 for service com.google.vr.vrcore/.common.VrCoreSdkService
04-30 11:17:13.352  2510  3679 I ActivityManager: Start proc 7898:com.google.android.youtube/u0a131 for broadcast com.google.android.youtube/com.google.android.libraries.youtube.mdx.background.MdxBackgroundScanBootReceiver
04-30 11:17:13.353  2510  3663 I ActivityManager: Killing 6294:com.google.android.apps.maps/u0a113 (adj 906): empty #22
04-30 11:17:13.354  2510  3663 I ActivityManager: Killing 6404:com.tencent.mm/u0a156 (adj 906): empty #23
04-30 11:17:13.400  2510  4398 D ConnectivityService: ConnectivityService NetworkRequestInfo binderDied(NetworkRequest [ LISTEN id=24, [ Capabilities: INTERNET&NOT_RESTRICTED&TRUSTED&FOREGROUND] ], android.os.BinderProxy@9480e76)
04-30 11:17:13.402  2510  2680 E ConnectivityService: RemoteException caught trying to send a callback msg for NetworkRequest [ LISTEN id=24, [ Capabilities: INTERNET&NOT_RESTRICTED&TRUSTED&FOREGROUND] ]
04-30 11:17:13.546  2510  3686 W ActivityManager: Permission Denial: opening provider com.google.android.gsf.gservices.GservicesProvider from ProcessRecord{a18536f 7877:com.google.vr.vrcore/u0a34} (pid=7877, uid=10034) requires com.google.android.providers.gsf.permission.READ_GSERVICES or com.google.android.providers.gsf.permission.WRITE_GSERVICES
04-30 11:17:13.552  2510  3686 W ActivityManager: Permission Denial: opening provider com.google.android.gsf.gservices.GservicesProvider from ProcessRecord{a18536f 7877:com.google.vr.vrcore/u0a34} (pid=7877, uid=10034) requires com.google.android.providers.gsf.permission.READ_GSERVICES or com.google.android.providers.gsf.permission.WRITE_GSERVICES
04-30 11:17:13.591  2510  2893 W ActivityManager: Background start not allowed: service Intent { cmp=com.google.vr.vrcore/.common.VrCoreSdkService } to com.google.vr.vrcore/.common.VrCoreSdkService from pid=7877 uid=10034 pkg=com.google.vr.vrcore
04-30 11:17:13.593  2510  7915 I ActivityManager: Killing 6661:com.google.android.apps.tachyon/u0a92 (adj 906): empty #22
04-30 11:17:13.618  2510  7915 D ConnectivityService: ConnectivityService NetworkRequestInfo binderDied(NetworkRequest [ LISTEN id=25, [ Capabilities: INTERNET&NOT_RESTRICTED&TRUSTED] ], android.os.BinderProxy@ae06b14)
04-30 11:17:13.621  2510  2680 E ConnectivityService: RemoteException caught trying to send a callback msg for NetworkRequest [ LISTEN id=25, [ Capabilities: INTERNET&NOT_RESTRICTED&TRUSTED] ]
04-30 11:17:14.720  2510  6785 I ActivityManager: Killing 5189:com.tencent.mm:exdevice/u0a156 (adj 906): empty #22
04-30 11:17:14.749  2510  6785 I ActivityManager: Start proc 8031:com.motorola.android.provisioning/u0a55 for broadcast com.motorola.android.provisioning/.MsgReceiver
04-30 11:17:14.924  2510  3685 I ActivityManager: Killing 6772:com.google.android.apps.translate/u0a127 (adj 906): empty #22
04-30 11:17:14.963  3656  3656 W ContextImpl: Calling a method in the system process without a qualified user: android.app.ContextImpl.startService:1487 android.content.ContextWrapper.startService:644 android.content.ContextWrapper.startService:644 com.motorola.bach.modemstats.ModemStatsReceiver.startDataStallDetectService:124 com.motorola.bach.modemstats.ModemStatsReceiver.onReceive:76 
04-30 11:17:14.972  3656  3656 W ContextImpl: Calling a method in the system process without a qualified user: android.app.ContextImpl.startService:1487 android.content.ContextWrapper.startService:644 android.content.ContextWrapper.startService:644 com.motorola.bach.modemstats.ModemStatsReceiver.startWifiStatsService:138 com.motorola.bach.modemstats.ModemStatsReceiver.onReceive:82 
04-30 11:17:14.977  3656  3656 W ContextImpl: Calling a method in the system process without a qualified user: android.app.ContextImpl.startService:1487 android.content.ContextWrapper.startService:644 android.content.ContextWrapper.startService:644 com.motorola.bach.modemstats.ModemStatsReceiver.startModemStatsService:113 com.motorola.bach.modemstats.ModemStatsReceiver.onReceive:98 
04-30 11:17:14.991  2510  6785 I ActivityManager: Start proc 8059:com.motorola.camera2/u0a49 for broadcast com.motorola.camera2/com.motorola.camera.BootReceiver
04-30 11:17:15.228  2510  6307 I ActivityManager: Start proc 8084:com.motorola.cameramod/u0a115 for broadcast com.motorola.cameramod/.BootReceiver
04-30 11:17:15.229  2510  6307 I ActivityManager: Killing 6815:eu.chainfire.supersu/u0a135 (adj 906): empty #22
04-30 11:17:15.249  2510  2610 W ActivityManager: setHasOverlayUi called on unknown pid: 6815
04-30 11:17:15.380  2510  6307 I ActivityManager: Start proc 8100:com.motorola.ccc/u0a2 for broadcast com.motorola.ccc.checkin/com.motorola.blur.service.blur.StartupReceiver
04-30 11:17:15.383  2510  6307 I ActivityManager: Killing 6879:com.google.android.apps.wallpaper/u0a106 (adj 906): empty #22
04-30 11:17:15.410  3616  3616 E ActivityThread: Failed to find provider info for com.motorola.motoalexa.provider
04-30 11:17:16.151  2510  2786 I ActivityManager: Start proc 8127:com.google.android.music:main/u0a119 for service com.google.android.music/.browse.MediaBrowserService
04-30 11:17:16.309  2860  2860 W ContextImpl: Calling a method in the system process without a qualified user: android.app.ContextImpl.startService:1487 android.content.ContextWrapper.startService:644 android.content.ContextWrapper.startService:644 com.motorola.ccc.plm.launchmanager.LaunchManagerReceiver.onReceive:18 android.app.ActivityThread.handleReceiver:3327 
04-30 11:17:16.331  2510  2510 I TelecomService: DefaultDialerCache: Refreshing default dialer for user 0: now com.android.dialer: DDC.oR@AEA
04-30 11:17:16.350  2510  2602 I ActivityManager: Start proc 8154:com.android.printspooler/u0a124 for service com.android.printspooler/.model.PrintSpoolerService
04-30 11:17:16.358  2860  2860 W ContextImpl: Calling a method in the system process without a qualified user: android.app.ContextImpl.sendBroadcast:980 android.content.ContextWrapper.sendBroadcast:436 com.motorola.blur.service.blur.BSUtils.sendBroadcast:151 com.motorola.blur.service.blur.BSUtils.sendBroadcast:146 com.motorola.ccc.plm.pollingmanager.PollingManagerService$MyConnectivityReceiver.sendConnectivityIntent:599 
04-30 11:17:17.017  2510  7912 I ActivityManager: Killing 6912:com.google.android.calendar/u0a89 (adj 906): empty #22
04-30 11:17:17.046  2510  2786 W BroadcastQueue: Permission Denial: receiving Intent { act=android.intent.action.BOOT_COMPLETED flg=0x9000010 (has extras) } to com.motorola.colorprofiles/.checkin.ColorProfileCheckinReceiver requires android.permission.RECEIVE_BOOT_COMPLETED due to sender null (uid 1000)
04-30 11:17:17.060  2510  2603 I ActivityManager: Start proc 8222:com.motorola.modservice:ui/u0a47 for broadcast com.motorola.modservice/.ui.ModMgrPublicReceiver
04-30 11:17:17.115  2510  2603 V ActivityManager: Attempted to start a foreground service (ComponentInfo{com.zhihu.android/com.zhihu.android.player.walkman.player.AudioPlayService}) with a broken notification (no icon: Notification(channel=null pri=0 contentView=null vibrate=null sound=null defaults=0x0 flags=0x40 color=0x00000000 vis=PRIVATE))
04-30 11:17:17.254  2510  3684 I ActivityManager: Start proc 8245:com.motorola.moto/u0a51 for broadcast com.motorola.moto/com.motorola.assist.engine.ModeUpdateReceiver
04-30 11:17:17.398  2510  3684 I ActivityManager: Start proc 8267:com.motorola.moto:context_engine/u0a51 for broadcast com.motorola.moto/com.motorola.context.receiver.BootComplete
04-30 11:17:17.449  2510  2592 W ActivityManager: Unable to start service Intent { act=com.motorola.android.fota.FOTA_INITIALIZATION pkg=com.motorola.android.fota } U=0: not found
04-30 11:17:17.450  2510  2592 I ActivityManager: Killing 6971:com.google.android.configupdater/u0a15 (adj 906): empty #22
04-30 11:17:17.559  2510  2592 I ActivityManager: Start proc 8294:com.motorola.motocare/u0a48 for broadcast com.motorola.motocare/.MotoCareReceiver
04-30 11:17:17.606  2510  2592 I ActivityManager: Killing 7045:com.google.android.deskclock/u0a90 (adj 906): empty #22
04-30 11:17:17.674  2510  2591 I ActivityManager: Start proc 8311:com.motorola.motocit/u0a10 for broadcast com.motorola.motocit/.CQATestBootReceiver
04-30 11:17:17.676  2510  2591 I ActivityManager: Killing 6608:com.google.android.apps.photos/u0a122 (adj 906): empty #22
04-30 11:17:17.703  1160  1269 I SFPerfTracer:      triggers: (rate: 0:0) (0 sw vsyncs) (0 skipped) (150:2212 vsyncs) (152:2339)
04-30 11:17:17.815  2510  2591 I ActivityManager: Start proc 8327:com.motorola.motodisplay/u0a53 for broadcast com.motorola.motodisplay/.events.EventReceiver
